Component: ARM Compiler 5.06 update 7 (build 960) Tool: armlink [4d3601]

==============================================================================

Section Cross References

    startup_stm32f413xx.o(STACK) refers (Special) to heapauxi.o(.text) for __use_two_region_memory
    startup_stm32f413xx.o(HEAP) refers (Special) to heapauxi.o(.text) for __use_two_region_memory
    startup_stm32f413xx.o(RESET) refers (Special) to heapauxi.o(.text) for __use_two_region_memory
    startup_stm32f413xx.o(RESET) refers to startup_stm32f413xx.o(STACK) for __initial_sp
    startup_stm32f413xx.o(RESET) refers to startup_stm32f413xx.o(.text) for Reset_Handler
    startup_stm32f413xx.o(RESET) refers to stm32f4xx_it.o(i.NMI_Handler) for NMI_Handler
    startup_stm32f413xx.o(RESET) refers to stm32f4xx_it.o(i.HardFault_Handler) for HardFault_Handler
    startup_stm32f413xx.o(RESET) refers to stm32f4xx_it.o(i.MemManage_Handler) for MemManage_Handler
    startup_stm32f413xx.o(RESET) refers to stm32f4xx_it.o(i.BusFault_Handler) for BusFault_Handler
    startup_stm32f413xx.o(RESET) refers to stm32f4xx_it.o(i.UsageFault_Handler) for UsageFault_Handler
    startup_stm32f413xx.o(RESET) refers to stm32f4xx_it.o(i.SVC_Handler) for SVC_Handler
    startup_stm32f413xx.o(RESET) refers to stm32f4xx_it.o(i.DebugMon_Handler) for DebugMon_Handler
    startup_stm32f413xx.o(RESET) refers to stm32f4xx_it.o(i.PendSV_Handler) for PendSV_Handler
    startup_stm32f413xx.o(RESET) refers to stm32f4xx_it.o(i.SysTick_Handler) for SysTick_Handler
    startup_stm32f413xx.o(RESET) refers to stm32f4xx_it.o(i.EXTI1_IRQHandler) for EXTI1_IRQHandler
    startup_stm32f413xx.o(RESET) refers to stm32f4xx_it.o(i.DMA1_Stream0_IRQHandler) for DMA1_Stream0_IRQHandler
    startup_stm32f413xx.o(RESET) refers to stm32f4xx_it.o(i.DMA1_Stream1_IRQHandler) for DMA1_Stream1_IRQHandler
    startup_stm32f413xx.o(RESET) refers to stm32f4xx_it.o(i.DMA1_Stream2_IRQHandler) for DMA1_Stream2_IRQHandler
    startup_stm32f413xx.o(RESET) refers to stm32f4xx_it.o(i.DMA1_Stream3_IRQHandler) for DMA1_Stream3_IRQHandler
    startup_stm32f413xx.o(RESET) refers to stm32f4xx_it.o(i.DMA1_Stream5_IRQHandler) for DMA1_Stream5_IRQHandler
    startup_stm32f413xx.o(RESET) refers to stm32f4xx_it.o(i.TIM1_UP_TIM10_IRQHandler) for TIM1_UP_TIM10_IRQHandler
    startup_stm32f413xx.o(RESET) refers to stm32f4xx_it.o(i.USART1_IRQHandler) for USART1_IRQHandler
    startup_stm32f413xx.o(RESET) refers to stm32f4xx_it.o(i.USART2_IRQHandler) for USART2_IRQHandler
    startup_stm32f413xx.o(RESET) refers to stm32f4xx_it.o(i.USART3_IRQHandler) for USART3_IRQHandler
    startup_stm32f413xx.o(RESET) refers to stm32f4xx_it.o(i.EXTI15_10_IRQHandler) for EXTI15_10_IRQHandler
    startup_stm32f413xx.o(RESET) refers to stm32f4xx_it.o(i.TIM8_TRG_COM_TIM14_IRQHandler) for TIM8_TRG_COM_TIM14_IRQHandler
    startup_stm32f413xx.o(RESET) refers to stm32f4xx_it.o(i.UART4_IRQHandler) for UART4_IRQHandler
    startup_stm32f413xx.o(RESET) refers to stm32f4xx_it.o(i.UART5_IRQHandler) for UART5_IRQHandler
    startup_stm32f413xx.o(RESET) refers to stm32f4xx_it.o(i.TIM6_DAC_IRQHandler) for TIM6_DAC_IRQHandler
    startup_stm32f413xx.o(RESET) refers to stm32f4xx_it.o(i.DMA2_Stream1_IRQHandler) for DMA2_Stream1_IRQHandler
    startup_stm32f413xx.o(RESET) refers to stm32f4xx_it.o(i.DMA2_Stream2_IRQHandler) for DMA2_Stream2_IRQHandler
    startup_stm32f413xx.o(RESET) refers to stm32f4xx_it.o(i.USART6_IRQHandler) for USART6_IRQHandler
    startup_stm32f413xx.o(RESET) refers to stm32f4xx_it.o(i.UART7_IRQHandler) for UART7_IRQHandler
    startup_stm32f413xx.o(.text) refers (Special) to heapauxi.o(.text) for __use_two_region_memory
    startup_stm32f413xx.o(.text) refers to system_stm32f4xx.o(i.SystemInit) for SystemInit
    startup_stm32f413xx.o(.text) refers to __main.o(!!!main) for __main
    startup_stm32f413xx.o(.text) refers to startup_stm32f413xx.o(HEAP) for Heap_Mem
    startup_stm32f413xx.o(.text) refers to startup_stm32f413xx.o(STACK) for Stack_Mem
    main.o(i.HAL_TIM_PeriodElapsedCallback) refers to stm32f4xx_hal.o(i.HAL_IncTick) for HAL_IncTick
    main.o(i.HAL_TIM_PeriodElapsedCallback) refers to cola_os.o(i.cola_timer_ticker) for cola_timer_ticker
    main.o(i.HAL_TIM_PeriodElapsedCallback) refers to beep.o(i.Beep_RunStatus) for Beep_RunStatus
    main.o(i.HAL_TIM_PeriodElapsedCallback) refers to data.o(.data) for SysRunData
    main.o(i.MX_DMA_Init) refers to stm32f4xx_hal_cortex.o(i.HAL_NVIC_SetPriority) for HAL_NVIC_SetPriority
    main.o(i.MX_DMA_Init) refers to stm32f4xx_hal_cortex.o(i.HAL_NVIC_EnableIRQ) for HAL_NVIC_EnableIRQ
    main.o(i.MX_GPIO_Init) refers to rt_memclr_w.o(.text) for __aeabi_memclr4
    main.o(i.MX_GPIO_Init) refers to stm32f4xx_hal_gpio.o(i.HAL_GPIO_Init) for HAL_GPIO_Init
    main.o(i.MX_IWDG_Init) refers to stm32f4xx_hal_iwdg.o(i.HAL_IWDG_Init) for HAL_IWDG_Init
    main.o(i.MX_IWDG_Init) refers to main.o(i.Error_Handler) for Error_Handler
[...]
    FreqContril                              0x08002b55   Thumb Code    76  screen.o(i.FreqContril)
    HAL_DMA_Abort                            0x08002ba9   Thumb Code   172  stm32f4xx_hal_dma.o(i.HAL_DMA_Abort)
    HAL_DMA_Abort_IT                         0x08002c55   Thumb Code    40  stm32f4xx_hal_dma.o(i.HAL_DMA_Abort_IT)
    HAL_DMA_IRQHandler                       0x08002c7d   Thumb Code   570  stm32f4xx_hal_dma.o(i.HAL_DMA_IRQHandler)
    HAL_DMA_Init                             0x08002ebd   Thumb Code   232  stm32f4xx_hal_dma.o(i.HAL_DMA_Init)
    HAL_DMA_Start_IT                         0x08002fa9   Thumb Code   146  stm32f4xx_hal_dma.o(i.HAL_DMA_Start_IT)
    HAL_FLASHEx_Erase                        0x0800303d   Thumb Code   164  stm32f4xx_hal_flash_ex.o(i.HAL_FLASHEx_Erase)
    HAL_FLASH_Lock                           0x080030e9   Thumb Code    16  stm32f4xx_hal_flash.o(i.HAL_FLASH_Lock)
    HAL_FLASH_Program                        0x080030fd   Thumb Code   142  stm32f4xx_hal_flash.o(i.HAL_FLASH_Program)
    HAL_FLASH_Unlock                         0x08003195   Thumb Code    38  stm32f4xx_hal_flash.o(i.HAL_FLASH_Unlock)
    HAL_GPIO_EXTI_Callback                   0x080031c9   Thumb Code    54  handlekey.o(i.HAL_GPIO_EXTI_Callback)
    HAL_GPIO_EXTI_IRQHandler                 0x08003205   Thumb Code    24  stm32f4xx_hal_gpio.o(i.HAL_GPIO_EXTI_IRQHandler)
    HAL_GPIO_Init                            0x08003221   Thumb Code   444  stm32f4xx_hal_gpio.o(i.HAL_GPIO_Init)
    HAL_GPIO_ReadPin                         0x08003405   Thumb Code    16  stm32f4xx_hal_gpio.o(i.HAL_GPIO_ReadPin)
    HAL_GPIO_TogglePin                       0x08003415   Thumb Code    20  stm32f4xx_hal_gpio.o(i.HAL_GPIO_TogglePin)
    HAL_GPIO_WritePin                        0x08003429   Thumb Code    12  stm32f4xx_hal_gpio.o(i.HAL_GPIO_WritePin)
    HAL_GetTick                              0x08003435   Thumb Code     6  stm32f4xx_hal.o(i.HAL_GetTick)
    HAL_IncTick                              0x08003441   Thumb Code    16  stm32f4xx_hal.o(i.HAL_IncTick)
    HAL_Init                                 0x08003459   Thumb Code    54  stm32f4xx_hal.o(i.HAL_Init)
    HAL_InitTick                             0x08003495   Thumb Code   160  stm32f4xx_hal_timebase_tim.o(i.HAL_InitTick)
    HAL_MspInit                              0x08003549   Thumb Code    68  stm32f4xx_hal_msp.o(i.HAL_MspInit)
    HAL_NVIC_EnableIRQ                       0x08003591   Thumb Code    40  stm32f4xx_hal_cortex.o(i.HAL_NVIC_EnableIRQ)
    HAL_NVIC_SetPriority                     0x080035b9   Thumb Code   124  stm32f4xx_hal_cortex.o(i.HAL_NVIC_SetPriority)
    HAL_NVIC_SetPriorityGrouping             0x08003635   Thumb Code    32  stm32f4xx_hal_cortex.o(i.HAL_NVIC_SetPriorityGrouping)
    HAL_RCC_ClockConfig                      0x0800365d   Thumb Code   368  stm32f4xx_hal_rcc.o(i.HAL_RCC_ClockConfig)
    HAL_RCC_GetClockConfig                   0x080037e1   Thumb Code    58  stm32f4xx_hal_rcc.o(i.HAL_RCC_GetClockConfig)
    HAL_RCC_GetHCLKFreq                      0x08003825   Thumb Code     6  stm32f4xx_hal_rcc.o(i.HAL_RCC_GetHCLKFreq)
    HAL_RCC_GetPCLK1Freq                     0x08003831   Thumb Code    22  stm32f4xx_hal_rcc.o(i.HAL_RCC_GetPCLK1Freq)
    HAL_RCC_GetPCLK2Freq                     0x08003851   Thumb Code    22  stm32f4xx_hal_rcc.o(i.HAL_RCC_GetPCLK2Freq)
    HAL_RCC_GetSysClockFreq                  0x08003871   Thumb Code   162  stm32f4xx_hal_rcc.o(i.HAL_RCC_GetSysClockFreq)
    HAL_RCC_OscConfig                        0x08003921   Thumb Code  1192  stm32f4xx_hal_rcc_ex.o(i.HAL_RCC_OscConfig)
    HAL_TIMEx_BreakCallback                  0x08003dd1   Thumb Code     2  stm32f4xx_hal_tim_ex.o(i.HAL_TIMEx_BreakCallback)
    HAL_TIMEx_CommutCallback                 0x08003dd3   Thumb Code     2  stm32f4xx_hal_tim_ex.o(i.HAL_TIMEx_CommutCallback)
    HAL_TIMEx_MasterConfigSynchronization    0x08003dd5   Thumb Code   150  stm32f4xx_hal_tim_ex.o(i.HAL_TIMEx_MasterConfigSynchronization)
    HAL_TIM_Base_Init                        0x08003e89   Thumb Code   102  stm32f4xx_hal_tim.o(i.HAL_TIM_Base_Init)
    HAL_TIM_Base_MspInit                     0x08003ef1   Thumb Code   164  stm32f4xx_hal_msp.o(i.HAL_TIM_Base_MspInit)
    HAL_TIM_Base_Start                       0x08003fa5   Thumb Code   126  stm32f4xx_hal_tim.o(i.HAL_TIM_Base_Start)
    HAL_TIM_Base_Start_IT                    0x08004041   Thumb Code   138  stm32f4xx_hal_tim.o(i.HAL_TIM_Base_Start_IT)
    HAL_TIM_IC_CaptureCallback               0x080040e9   Thumb Code     2  stm32f4xx_hal_tim.o(i.HAL_TIM_IC_CaptureCallback)
    HAL_TIM_IRQHandler                       0x080040eb   Thumb Code   364  stm32f4xx_hal_tim.o(i.HAL_TIM_IRQHandler)
    HAL_TIM_OC_DelayElapsedCallback          0x08004257   Thumb Code     2  stm32f4xx_hal_tim.o(i.HAL_TIM_OC_DelayElapsedCallback)
    HAL_TIM_PWM_PulseFinishedCallback        0x08004259   Thumb Code     2  stm32f4xx_hal_tim.o(i.HAL_TIM_PWM_PulseFinishedCallback)
    HAL_TIM_PeriodElapsedCallback            0x0800425d   Thumb Code    64  main.o(i.HAL_TIM_PeriodElapsedCallback)
    HAL_TIM_TriggerCallback                  0x080042ad   Thumb Code     2  stm32f4xx_hal_tim.o(i.HAL_TIM_TriggerCallback)
    HAL_UARTEx_RxEventCallback               0x080042af   Thumb Code     2  stm32f4xx_hal_uart.o(i.HAL_UARTEx_RxEventCallback)
    HAL_UART_DMAStop                         0x080042b1   Thumb Code   138  stm32f4xx_hal_uart.o(i.HAL_UART_DMAStop)
    HAL_UART_ErrorCallback                   0x0800433b   Thumb Code     2  stm32f4xx_hal_uart.o(i.HAL_UART_ErrorCallback)
    HAL_UART_IRQHandler                      0x0800433d   Thumb Code   740  stm32f4xx_hal_uart.o(i.HAL_UART_IRQHandler)
    HAL_UART_Init                            0x08004625   Thumb Code   118  stm32f4xx_hal_uart.o(i.HAL_UART_Init)
    HAL_UART_MspInit                         0x0800469d   Thumb Code  1408  stm32f4xx_hal_msp.o(i.HAL_UART_MspInit)
    HAL_UART_Receive_DMA                     0x08004c3d   Thumb Code    44  stm32f4xx_hal_uart.o(i.HAL_UART_Receive_DMA)
    HAL_UART_RxCpltCallback                  0x08004c69   Thumb Code     2  stm32f4xx_hal_uart.o(i.HAL_UART_RxCpltCallback)
    HAL_UART_RxHalfCpltCallback              0x08004c6b   Thumb Code     2  stm32f4xx_hal_uart.o(i.HAL_UART_RxHalfCpltCallback)
    HAL_UART_Transmit                        0x08004c6d   Thumb Code   190  stm32f4xx_hal_uart.o(i.HAL_UART_Transmit)
    HAL_UART_TxCpltCallback                  0x08004d2b   Thumb Code     2  stm32f4xx_hal_uart.o(i.HAL_UART_TxCpltCallback)
    HANDLEKEYTaskFunc                        0x08004d2d   Thumb Code    26  handlekey.o(i.HANDLEKEYTaskFunc)
    HANDLESCANTaskFunc                       0x08004d4d   Thumb Code    10  handlescan.o(i.HANDLESCANTaskFunc)
    HMIMotorControlSSC                       0x08004d59   Thumb Code    66  drivectrl.o(i.HMIMotorControlSSC)
    HandleKeyScan_Init                       0x08004da5   Thumb Code    22  handlekey.o(i.HandleKeyScan_Init)
    HandleKey_Scan0SSC                       0x08004dc5   Thumb Code   288  handlekey.o(i.HandleKey_Scan0SSC)
    HandleKey_Scan1SSC                       0x08004efd   Thumb Code   296  handlekey.o(i.HandleKey_Scan1SSC)
    HandlescanA_Fun_SSC                      0x0800503d   Thumb Code   364  handlescan.o(i.HandlescanA_Fun_SSC)
    HandlescanB_Fun_SSC                      0x080051c9   Thumb Code   368  handlescan.o(i.HandlescanB_Fun_SSC)
    HandlescanTaskInit                       0x08005355   Thumb Code    22  handlescan.o(i.HandlescanTaskInit)
    HandlescanY_AFun_SSC                     0x08005375   Thumb Code   292  handlescan.o(i.HandlescanY_AFun_SSC)
    HandlescanY_BFun_SSC                     0x080054b1   Thumb Code   292  handlescan.o(i.HandlescanY_BFun_SSC)
    Handlescan_Fun                           0x080055ed   Thumb Code    20  handlescan.o(i.Handlescan_Fun)
    HardFault_Handler                        0x08005601   Thumb Code     4  stm32f4xx_it.o(i.HardFault_Handler)
    IIC_AT24CXX_ReadOneByte                  0x08005605   Thumb Code    94  iic.o(i.IIC_AT24CXX_ReadOneByte)
    IIC_AT24CXX_WriteOneByte                 0x08005663   Thumb Code    80  iic.o(i.IIC_AT24CXX_WriteOneByte)
    IIC_Ack                                  0x080056b5   Thumb Code    48  iic.o(i.IIC_Ack)
    IIC_Init                                 0x080056e9   Thumb Code    12  iic.o(i.IIC_Init)
    IIC_NAck                                 0x080056f9   Thumb Code    48  iic.o(i.IIC_NAck)
    IIC_WaitAck                              0x0800572d   Thumb Code    70  iic.o(i.IIC_WaitAck)
    Infusiondisplay                          0x08005779   Thumb Code   306  screen.o(i.Infusiondisplay)
    InjectionContril                         0x080058ad   Thumb Code   324  screen.o(i.InjectionContril)
    Injectionsign                            0x080059fd   Thumb Code   224  screen.o(i.Injectionsign)
    InsertExtractFootControl                 0x08005af5   Thumb Code    12  screen.o(i.InsertExtractFootControl)
    InsertHandControl                        0x08005b01   Thumb Code    24  screen.o(i.InsertHandControl)
    InterfaceSuppression                     0x08005b19   Thumb Code    94  screen.o(i.InterfaceSuppression)
    IrrigateContril                          0x08005b79   Thumb Code   300  screen.o(i.IrrigateContril)
    Irrigatesign                             0x08005cbd   Thumb Code    48  screen.o(i.Irrigatesign)
    Irrndisplay                              0x08005cf5   Thumb Code    52  screen.o(i.Irrndisplay)
    IwdgTaskFunc                             0x08005d29   Thumb Code     8  iwdg.o(i.IwdgTaskFunc)
    IwdgTaskInit                             0x08005d31   Thumb Code    24  iwdg.o(i.IwdgTaskInit)
    Iwdg_Reset                               0x08005d51   Thumb Code     2  iwdg.o(i.Iwdg_Reset)
    KeyBehavior                              0x08005d55   Thumb Code   936  screen.o(i.KeyBehavior)
    KeyBehaviorTask                          0x08006105   Thumb Code    16  screen.o(i.KeyBehaviorTask)
    LCD_Disappear_Number                     0x08006119   Thumb Code    46  lcd.o(i.LCD_Disappear_Number)
    LCD_Disappear_Picture                    0x0800614d   Thumb Code   166  lcd.o(i.LCD_Disappear_Picture)
    LCD_IntegratedCutterData_Update          0x080061fd   Thumb Code   580  lcd.o(i.LCD_IntegratedCutterData_Update)
    LCD_Show_2byte_Number                    0x08006451   Thumb Code    48  lcd.o(i.LCD_Show_2byte_Number)
    LCD_Show_4byte_Number                    0x08006485   Thumb Code    60  lcd.o(i.LCD_Show_4byte_Number)
    LCD_Show_Number                          0x080064c5   Thumb Code    48  lcd.o(i.LCD_Show_Number)
    LCD_Show_Picture                         0x080064f9   Thumb Code   538  lcd.o(i.LCD_Show_Picture)
    LCD_Show_Which_Map                       0x0800671d   Thumb Code    76  lcd.o(i.LCD_Show_Which_Map)
    LEDTaskFunc                              0x08006775   Thumb Code    16  sysrunled.o(i.LEDTaskFunc)
    LEDTaskInit                              0x08006789   Thumb Code    22  sysrunled.o(i.LEDTaskInit)
    MOTOR123TaskFunc                         0x080067a9   Thumb Code    10  drivectrl.o(i.MOTOR123TaskFunc)
    MOTORHMITaskFunc                         0x080067b3   Thumb Code    10  drivectrl.o(i.MOTORHMITaskFunc)
    MOTORUARTTaskFunc                        0x080067bd   Thumb Code    14  motoruartdata.o(i.MOTORUARTTaskFunc)
    MemManage_Handler                        0x08006c01   Thumb Code     4  stm32f4xx_it.o(i.MemManage_Handler)
    MotoPaoDaoSelectControl                  0x08006c05   Thumb Code   210  screen.o(i.MotoPaoDaoSelectControl)
    MotorControlSSC                          0x08006ce5   Thumb Code  3578  drivectrl.o(i.MotorControlSSC)
    MotorUartData_Init                       0x08007af5   Thumb Code    22  motoruartdata.o(i.MotorUartData_Init)
    Motor_ErrorEmergencyStop_Ctrl            0x08007b15   Thumb Code    76  motor.o(i.Motor_ErrorEmergencyStop_Ctrl)
    NMI_Handler                              0x08007b61   Thumb Code     4  stm32f4xx_it.o(i.NMI_Handler)
    OPENpostionDisplay                       0x08007b65   Thumb Code    30  screen.o(i.OPENpostionDisplay)
    OSCdiplay                                0x08007b83   Thumb Code    52  screen.o(i.OSCdiplay)
    OneWireII_DS2431_ReadMemory              0x08007bb9   Thumb Code   100  onewireii.o(i.OneWireII_DS2431_ReadMemory)
    OneWireII_ReceiveBit                     0x08007c21   Thumb Code    60  onewireii.o(i.OneWireII_ReceiveBit)
    OneWireII_ReceiveByte                    0x08007c61   Thumb Code    40  onewireii.o(i.OneWireII_ReceiveByte)
    OneWireII_Reset                          0x08007c89   Thumb Code    64  onewireii.o(i.OneWireII_Reset)
    OneWireII_SendBit0                       0x08007ccd   Thumb Code    32  onewireii.o(i.OneWireII_SendBit0)
    OneWireII_SendBit1                       0x08007cf1   Thumb Code    32  onewireii.o(i.OneWireII_SendBit1)
    OneWireII_SendByte                       0x08007d15   Thumb Code    40  onewireii.o(i.OneWireII_SendByte)
    OneWireI_DS2431_ReadMemory               0x08007d3d   Thumb Code   100  onewirei.o(i.OneWireI_DS2431_ReadMemory)
    OneWireI_ReceiveBit                      0x08007da5   Thumb Code    60  onewirei.o(i.OneWireI_ReceiveBit)
    OneWireI_ReceiveByte                     0x08007de5   Thumb Code    40  onewirei.o(i.OneWireI_ReceiveByte)
    OneWireI_Reset                           0x08007e0d   Thumb Code    64  onewirei.o(i.OneWireI_Reset)
    OneWireI_SendBit0                        0x08007e51   Thumb Code    32  onewirei.o(i.OneWireI_SendBit0)
    OneWireI_SendBit1                        0x08007e75   Thumb Code    32  onewirei.o(i.OneWireI_SendBit1)
    OneWireI_SendByte                        0x08007e99   Thumb Code    40  onewirei.o(i.OneWireI_SendByte)
    OpenPositionControl                      0x08007ec1   Thumb Code    76  screen.o(i.OpenPositionControl)
    PAOORMODisplay                           0x08007f15   Thumb Code    98  screen.o(i.PAOORMODisplay)
    PEDALRECVTaskFunc                        0x08007f79   Thumb Code    22  pedal.o(i.PEDALRECVTaskFunc)
    PUMPBBehaviorTask                        0x08007f95   Thumb Code     8  screen.o(i.PUMPBBehaviorTask)
    PUMPBTask_Init                           0x08007f9d   Thumb Code    22  screen.o(i.PUMPBTask_Init)
    PUMPBehavior                             0x08007fbd   Thumb Code   112  screen.o(i.PUMPBehavior)
    PedalRecvTask_Init                       0x08008041   Thumb Code    22  pedal.o(i.PedalRecvTask_Init)
    PedalRecv_Scan                           0x08008061   Thumb Code   974  pedal.o(i.PedalRecv_Scan)
    Pedal_ReadHValue                         0x08008441   Thumb Code    12  pedal.o(i.Pedal_ReadHValue)
    Pedal_ReadHValue_Left                    0x08008451   Thumb Code    12  pedal.o(i.Pedal_ReadHValue_Left)
    Pedal_ReadLValue                         0x08008461   Thumb Code    12  pedal.o(i.Pedal_ReadLValue)
    Pedal_ReadLValue_Left                    0x08008471   Thumb Code    12  pedal.o(i.Pedal_ReadLValue_Left)
    Pedal_ReadMValue                         0x08008481   Thumb Code    12  pedal.o(i.Pedal_ReadMValue)
    Pedal_ReadMValue_Left                    0x08008491   Thumb Code    12  pedal.o(i.Pedal_ReadMValue_Left)
    Pedal_StorageHValue                      0x080084a1   Thumb Code    12  pedal.o(i.Pedal_StorageHValue)
    Pedal_StorageHValue_Left                 0x080084b1   Thumb Code    12  pedal.o(i.Pedal_StorageHValue_Left)
    Pedal_StorageLValue                      0x080084c1   Thumb Code    12  pedal.o(i.Pedal_StorageLValue)
    Pedal_StorageLValue_Left                 0x080084d1   Thumb Code    12  pedal.o(i.Pedal_StorageLValue_Left)
    Pedal_StorageMValue                      0x080084e1   Thumb Code    12  pedal.o(i.Pedal_StorageMValue)
    Pedal_StorageMValue_Left                 0x080084f1   Thumb Code    12  pedal.o(i.Pedal_StorageMValue_Left)
    PendSV_Handler                           0x08008501   Thumb Code     2  stm32f4xx_it.o(i.PendSV_Handler)
    PoweronInit                              0x08008505   Thumb Code   180  screen.o(i.PoweronInit)
    Pump_SetSpeed_A                          0x080085bd   Thumb Code   114  pump.o(i.Pump_SetSpeed_A)
    Pump_SetSpeed_B                          0x0800863d   Thumb Code   100  pump.o(i.Pump_SetSpeed_B)
    RadioFreq_Analysiss                      0x080086a9   Thumb Code   224  radiofreq.o(i.RadioFreq_Analysiss)
    RadioFreq_CRC                            0x08008789   Thumb Code    44  radiofreq.o(i.RadioFreq_CRC)
    RadioFreq_Init                           0x080087b5   Thumb Code    46  radiofreq.o(i.RadioFreq_Init)
    SCREENKEYTaskFunc                        0x0800884d   Thumb Code    10  screenkey.o(i.SCREENKEYTaskFunc)
    STMFLASH_ReadWord                        0x08008857   Thumb Code     6  flash.o(i.STMFLASH_ReadWord)
    SVC_Handler                              0x0800885d   Thumb Code     2  stm32f4xx_it.o(i.SVC_Handler)
    ScreenKeyTask_Init                       0x08008861   Thumb Code    22  screen.o(i.ScreenKeyTask_Init)
    ScreenKey_Scan                           0x08008881   Thumb Code   934  screenkey.o(i.ScreenKey_Scan)
    ScreenKey_ScanInit                       0x08008c35   Thumb Code    22  screenkey.o(i.ScreenKey_ScanInit)
    Screen_TipInfo_Update                    0x08008c55   Thumb Code   212  screen.o(i.Screen_TipInfo_Update)
    SpeedControl                             0x08008d95   Thumb Code  3704  screen.o(i.SpeedControl)
    SplitType_AutoModeDataRead_Task          0x08009c1d   Thumb Code   238  splittype.o(i.SplitType_AutoModeDataRead_Task)
    SplitType_AutoModeGetData_Init           0x08009d21   Thumb Code    22  splittype.o(i.SplitType_AutoModeGetData_Init)
    SplitType_AutoModeGetData_Task           0x08009d41   Thumb Code   250  splittype.o(i.SplitType_AutoModeGetData_Task)
    Storage_HandleMode_init                  0x08009e69   Thumb Code    40  userparser.o(i.Storage_HandleMode_init)
    Storage_PumpFlow_init                    0x08009e99   Thumb Code   192  userparser.o(i.Storage_PumpFlow_init)
    SwitchChanelassignment_s                 0x08009f5d   Thumb Code  4730  screen.o(i.SwitchChanelassignment_s)
    SwitchChanell_A_B_Control                0x0800b1f1   Thumb Code    48  screen.o(i.SwitchChanell_A_B_Control)
    SysTick_Handler                          0x0800b225   Thumb Code     2  stm32f4xx_it.o(i.SysTick_Handler)
    SystemClock_Config                       0x0800b229   Thumb Code   174  main.o(i.SystemClock_Config)
    SystemInit                               0x0800b2e1   Thumb Code    14  system_stm32f4xx.o(i.SystemInit)
    TIM1_UP_TIM10_IRQHandler                 0x0800b2f5   Thumb Code    10  stm32f4xx_it.o(i.TIM1_UP_TIM10_IRQHandler)
    TIM6_DAC_IRQHandler                      0x0800b305   Thumb Code    10  stm32f4xx_it.o(i.TIM6_DAC_IRQHandler)
    TIM8_TRG_COM_TIM14_IRQHandler            0x0800b315   Thumb Code    10  stm32f4xx_it.o(i.TIM8_TRG_COM_TIM14_IRQHandler)
    TIM_Base_SetConfig                       0x0800b325   Thumb Code   186  stm32f4xx_hal_tim.o(i.TIM_Base_SetConfig)
    Tooldisplay                              0x0800b40d   Thumb Code    64  screen.o(i.Tooldisplay)
    UART4_IRQHandler                         0x0800b44d   Thumb Code    10  stm32f4xx_it.o(i.UART4_IRQHandler)
    UART5_IRQHandler                         0x0800b45d   Thumb Code    10  stm32f4xx_it.o(i.UART5_IRQHandler)
    UART7_IRQHandler                         0x0800b46d   Thumb Code    10  stm32f4xx_it.o(i.UART7_IRQHandler)
    UART_Start_Receive_DMA                   0x0800b9ad   Thumb Code   186  stm32f4xx_hal_uart.o(i.UART_Start_Receive_DMA)
    UI_FootPedalCalibration_Fun              0x0800bb61   Thumb Code   902  ui_footpedalcalibration.o(i.UI_FootPedalCalibration_Fun)
    UI_Start_Fun                             0x0800bf09   Thumb Code   110  ui_start.o(i.UI_Start_Fun)
    USART1_IRQHandler                        0x0800bf7d   Thumb Code    10  stm32f4xx_it.o(i.USART1_IRQHandler)
    USART2_IRQHandler                        0x0800bf8d   Thumb Code    10  stm32f4xx_it.o(i.USART2_IRQHandler)
    USART3_IRQHandler                        0x0800bf9d   Thumb Code    10  stm32f4xx_it.o(i.USART3_IRQHandler)
    USART6_IRQHandler                        0x0800bfad   Thumb Code    10  stm32f4xx_it.o(i.USART6_IRQHandler)
    Uart1_DMARecvDataPeek                    0x0800bfd5   Thumb Code    86  uart1.o(i.Uart1_DMARecvDataPeek)
    Uart1_Init                               0x0800c075   Thumb Code     8  uart1.o(i.Uart1_Init)
    Uart1_SendPacket                         0x0800c07d   Thumb Code    20  uart1.o(i.Uart1_SendPacket)
    Uart2_DMARecvDataPeek                    0x0800c0ad   Thumb Code    86  uart2.o(i.Uart2_DMARecvDataPeek)
    Uart2_Init                               0x0800c14d   Thumb Code     8  uart2.o(i.Uart2_Init)
    Uart3_DMARecvDataPeek                    0x0800c16d   Thumb Code    50  uart3.o(i.Uart3_DMARecvDataPeek)
    Uart3_Init                               0x0800c1e5   Thumb Code     8  uart3.o(i.Uart3_Init)
    Uart3_SendPacket                         0x0800c1ed   Thumb Code    20  uart3.o(i.Uart3_SendPacket)
    Uart4_DMARecvDataPeek                    0x0800c21d   Thumb Code    86  uart4.o(i.Uart4_DMARecvDataPeek)
    Uart4_Init                               0x0800c2bd   Thumb Code     8  uart4.o(i.Uart4_Init)
    Uart4_SendPacket                         0x0800c2c5   Thumb Code    20  uart4.o(i.Uart4_SendPacket)
    Uart5_Init                               0x0800c2f5   Thumb Code     8  uart5.o(i.Uart5_Init)
    Uart5_SendPacket                         0x0800c2fd   Thumb Code    20  uart5.o(i.Uart5_SendPacket)
    Uart6_DMARecvDataPeek                    0x0800c32d   Thumb Code    86  uart6.o(i.Uart6_DMARecvDataPeek)
    Uart6_Init                               0x0800c3cd   Thumb Code     8  uart6.o(i.Uart6_Init)
    Uart6_SendPacket                         0x0800c3d5   Thumb Code    20  uart6.o(i.Uart6_SendPacket)
    Uart7_Init                               0x0800c405   Thumb Code     8  uart7.o(i.Uart7_Init)
    Uart7_SendPacket                         0x0800c40d   Thumb Code    20  uart7.o(i.Uart7_SendPacket)
    UsageFault_Handler                       0x0800c425   Thumb Code     4  stm32f4xx_it.o(i.UsageFault_Handler)
    Userparser_Init                          0x0800c429   Thumb Code   218  userparser.o(i.Userparser_Init)
    WayContril                               0x0800c511   Thumb Code   312  screen.o(i.WayContril)
    anticlockwisedisplay                     0x0800c6e5   Thumb Code    52  screen.o(i.anticlockwisedisplay)
    clockwisedisplay                         0x0800c719   Thumb Code    52  screen.o(i.clockwisedisplay)
    cola_task_loop                           0x0800c771   Thumb Code   110  cola_os.o(i.cola_task_loop)
    cola_timer_create                        0x0800c7e5   Thumb Code   158  cola_os.o(i.cola_timer_create)
    cola_timer_start                         0x0800c88d   Thumb Code    86  cola_os.o(i.cola_timer_start)
    cola_timer_ticker                        0x0800c8e9   Thumb Code    74  cola_os.o(i.cola_timer_ticker)
    disable_irq                              0x0800c939   Thumb Code     4  cola_os.o(i.disable_irq)
    draindisplay                             0x0800c93d   Thumb Code    52  screen.o(i.draindisplay)
    freqdisplay                              0x0800c971   Thumb Code    62  screen.o(i.freqdisplay)
    get_pri                                  0x0800c9af   Thumb Code     8  cola_os.o(i.get_pri)
    injectiondisplay                         0x0800c9b7   Thumb Code   288  screen.o(i.injectiondisplay)
    main                                     0x0800cad7   Thumb Code    68  main.o(i.main)
    set_pri                                  0x0800cb1b   Thumb Code    10  cola_os.o(i.set_pri)
    specidisplay                             0x0800cb25   Thumb Code    54  screen.o(i.specidisplay)
    speeddisplay                             0x0800cb5d   Thumb Code    76  screen.o(i.speeddisplay)
    ssc_Connectfootpedal                     0x0800cbad   Thumb Code    56  screen.o(i.ssc_Connectfootpedal)
    ssc_Connecthandel                        0x0800cbe5   Thumb Code    56  screen.o(i.ssc_Connecthandel)
    ssc_Connecttouch                         0x0800cc1d   Thumb Code    34  screen.o(i.ssc_Connecttouch)
    __aeabi_dadd                             0x0800cc41   Thumb Code     0  daddsub_clz.o(x$fpl$dadd)
    _dadd                                    0x0800cc41   Thumb Code   332  daddsub_clz.o(x$fpl$dadd)
    __aeabi_ddiv                             0x0800cd91   Thumb Code     0  ddiv.o(x$fpl$ddiv)
    _ddiv                                    0x0800cd91   Thumb Code   552  ddiv.o(x$fpl$ddiv)
    __aeabi_d2uiz                            0x0800d041   Thumb Code     0  dfixu.o(x$fpl$dfixu)
    _dfixu                                   0x0800d041   Thumb Code    90  dfixu.o(x$fpl$dfixu)
    __aeabi_ui2d                             0x0800d09b   Thumb Code     0  dflt_clz.o(x$fpl$dfltu)
    _dfltu                                   0x0800d09b   Thumb Code    38  dflt_clz.o(x$fpl$dfltu)
    __aeabi_dmul                             0x0800d0c1   Thumb Code     0  dmul.o(x$fpl$dmul)
    _dmul                                    0x0800d0c1   Thumb Code   332  dmul.o(x$fpl$dmul)
    __fpl_dnaninf                            0x0800d215   Thumb Code   156  dnaninf.o(x$fpl$dnaninf)
    __fpl_dretinf                            0x0800d2b1   Thumb Code    12  dretinf.o(x$fpl$dretinf)
    __aeabi_dsub                             0x0800d2bd   Thumb Code     0  daddsub_clz.o(x$fpl$dsub)
    _dsub                                    0x0800d2bd   Thumb Code   464  daddsub_clz.o(x$fpl$dsub)
    _fp_init                                 0x0800d491   Thumb Code    10  fpinit.o(x$fpl$fpinit)
    __fplib_config_fpu_vfp                   0x0800d499   Thumb Code     0  fpinit.o(x$fpl$fpinit)
    __fplib_config_pureend_doubles           0x0800d499   Thumb Code     0  fpinit.o(x$fpl$fpinit)
    __I$use$fp                               0x0800d49a   Number         0  usenofp.o(x$fpl$usenofp)
    AHBPrescTable                            0x0800d4a2   Data          16  system_stm32f4xx.o(.constdata)
    APBPrescTable                            0x0800d4b2   Data           8  system_stm32f4xx.o(.constdata)
    Region$$Table$$Base                      0x0800d520   Number         0  anon$$obj.o(Region$$Table)
    Region$$Table$$Limit                     0x0800d540   Number         0  anon$$obj.o(Region$$Table)
    uwTick                                   0x20000000   Data           4  stm32f4xx_hal.o(.data)
    uwTickPrio                               0x20000004   Data           4  stm32f4xx_hal.o(.data)
    uwTickFreq                               0x20000008   Data           1  stm32f4xx_hal.o(.data)
    SystemCoreClock                          0x2000000c   Data           4  system_stm32f4xx.o(.data)
    pum_close_flag_A                         0x200002b8   Data           1  pump.o(.data)
    pum_close_flag_B                         0x200002b9   Data           1  pump.o(.data)
    PumpStartUp                              0x200002ba   Data          50  pump.o(.data)
    hop_ch                                   0x20000300   Data           8  radiofreq.o(.data)
    hop_return                               0x20000308   Data           8  radiofreq.o(.data)
    stop_hop_ch                              0x20000310   Data           8  radiofreq.o(.data)
    pa_gain20                                0x20000318   Data           9  radiofreq.o(.data)
    pa_gain10                                0x20000321   Data           9  radiofreq.o(.data)
    pa_gain3                                 0x2000032a   Data           9  radiofreq.o(.data)
    pa_gain0                                 0x20000333   Data           9  radiofreq.o(.data)
    pa_gain5                                 0x2000033c   Data           9  radiofreq.o(.data)
    stop_distinguish                         0x20000345   Data           7  radiofreq.o(.data)
    more_distinguish                         0x2000034c   Data          10  radiofreq.o(.data)
    region_set_europe                        0x20000356   Data           8  radiofreq.o(.data)
    region_set_us                            0x2000035e   Data           8  radiofreq.o(.data)
    region_set_CHAIN                         0x20000366   Data           8  radiofreq.o(.data)
    region_set_CHAINS                        0x2000036e   Data           8  radiofreq.o(.data)
    region_set_K                             0x20000376   Data           8  radiofreq.o(.data)
    channel_number                           0x2000037e   Data           8  radiofreq.o(.data)
    write_data_return_error                  0x20000386   Data           8  radiofreq.o(.data)
    read_second_data_return_error            0x2000038e   Data           8  radiofreq.o(.data)
    read_frist_data_return_error             0x20000396   Data           8  radiofreq.o(.data)
    set_gain_return                          0x2000039e   Data           8  radiofreq.o(.data)
    set_region_return                        0x200003a6   Data           8  radiofreq.o(.data)
    ReadTID                                  0x200003ae   Data          16  radiofreq.o(.data)
    EPC_NO_MASK1                             0x200003be   Data          16  radiofreq.o(.data)
    Check_need_MASK2                         0x200003ce   Data          16  radiofreq.o(.data)
    NO_MASK3_WRITE_USER                      0x200003de   Data          32  radiofreq.o(.data)
    no_mask_model                            0x200003fe   Data          14  radiofreq.o(.data)
    BaudRate9600                             0x2000040c   Data           9  radiofreq.o(.data)
    KeyBeep_flag                             0x20000416   Data           1  screen.o(.data)
    Memorytools_S                            0x20000417   Data           4  screen.o(.data)
    SysInterface                             0x20000450   Data          18  data.o(.data)
    SysRunData                               0x20000464   Data         124  data.o(.data)
    SysSetParam                              0x200004e0   Data         220  data.o(.data)
    hiwdg                                    0x200005e8   Data          12  main.o(.bss)
    htim7                                    0x200005f4   Data          72  main.o(.bss)
    htim10                                   0x2000063c   Data          72  main.o(.bss)
    htim14                                   0x20000684   Data          72  main.o(.bss)
    huart4                                   0x200006cc   Data          72  main.o(.bss)
    huart5                                   0x20000714   Data          72  main.o(.bss)
    huart7                                   0x2000075c   Data          72  main.o(.bss)
    huart1                                   0x200007a4   Data          72  main.o(.bss)
    huart2                                   0x200007ec   Data          72  main.o(.bss)
    huart3                                   0x20000834   Data          72  main.o(.bss)
    huart6                                   0x2000087c   Data          72  main.o(.bss)
    hdma_uart4_rx                            0x200008c4   Data          96  main.o(.bss)
    hdma_uart5_rx                            0x20000924   Data          96  main.o(.bss)
    hdma_uart7_rx                            0x20000984   Data          96  main.o(.bss)
    hdma_usart1_rx                           0x200009e4   Data          96  main.o(.bss)
    hdma_usart2_rx                           0x20000a44   Data          96  main.o(.bss)
    hdma_usart3_rx                           0x20000aa4   Data          96  main.o(.bss)
    hdma_usart6_rx                           0x20000b04   Data          96  main.o(.bss)
    htim6                                    0x20000b64   Data          72  stm32f4xx_hal_timebase_tim.o(.bss)
    pFlash                                   0x20000bac   Data          32  stm32f4xx_hal_flash.o(.bss)
    MOTORCURRENTTaskHandle                   0x20000bcc   Data          32  drivectrl.o(.bss)
    UIREFRESHDATATaskHandle                  0x20000bec   Data          32  drivectrl.o(.bss)
    MOTOR123TaskHandle                       0x20000c0c   Data          32  drivectrl.o(.bss)
    MOTORJMITaskHandle                       0x20000c2c   Data          32  drivectrl.o(.bss)
    FOOTPEDALTaskHandle                      0x20000c4c   Data          32  footpedal.o(.bss)
    FootThrottleHandle                       0x20000c6c   Data          32  footpedal.o(.bss)
    HANDLEKEYTaskHandle                      0x20000c8c   Data          32  handlekey.o(.bss)
    HANDLESCANTaskHandle                     0x20000cac   Data          32  handlescan.o(.bss)
    MOTORUARTTaskHandle                      0x20000ccc   Data          32  motoruartdata.o(.bss)
    PEDALRECVTaskHandle                      0x20000cec   Data          32  pedal.o(.bss)
    KeyBehaviorHandle                        0x20000d0c   Data          32  screen.o(.bss)
    PUMPBBehaviorHandle                      0x20000d2c   Data          32  screen.o(.bss)
    FootKeyHandle                            0x20000d4c   Data          32  screen.o(.bss)
    BeepHandle                               0x20000d6c   Data          32  screen.o(.bss)
    paoxueSpeciValue_A                       0x20000d8c   Data          16  screen.o(.bss)
    paoxueSpeciValue_B                       0x20000d9c   Data          16  screen.o(.bss)
    paoxueSpeciValue_F                       0x20000dac   Data          16  screen.o(.bss)
    Defaultvalue_s                           0x20000dbc   Data          60  screen.o(.bss)
    Foot_memory_value_s                      0x20000df8   Data          12  screen.o(.bss)
    Workvalue_s                              0x20000e04   Data          60  screen.o(.bss)
    ChannelValue_s                           0x20000e40   Data          16  screen.o(.bss)
    FTValue_s                                0x20000e50   Data          32  screen.o(.bss)
    UIdata_s                                 0x20000e70   Data          13  screen.o(.bss)
    UIStateControl_s                         0x20000e7d   Data          12  screen.o(.bss)
    UIShow_s                                 0x20000e89   Data          19  screen.o(.bss)
    SCREENKEYLONGTaskHandle                  0x20000e9c   Data          32  screenkey.o(.bss)
    SCREENKEYTaskHandle                      0x20000ebc   Data          32  screenkey.o(.bss)
    AUTOMODEGETDATATaskHandle                0x20000edc   Data          32  splittype.o(.bss)
    AUTOMODEREADDATATaskHandle               0x20000efc   Data          32  splittype.o(.bss)
    CUTTERSCANTaskHandle                     0x20000f1c   Data          32  splittype.o(.bss)
    LEDTaskHandle                            0x20000f50   Data          32  sysrunled.o(.bss)
    SysModelConfig                           0x20000f70   Data          18  data.o(.bss)
    SysHandleData                            0x20000f82   Data          82  data.o(.bss)
    SysFootPedalData                         0x20000fd4   Data          30  data.o(.bss)
    SysUIDisplayData                         0x20000ff2   Data          13  data.o(.bss)
    IWDGTaskHandle                           0x20001000   Data          32  iwdg.o(.bss)
    __libspace_start                         0x200014a4   Data          96  libspace.o(.bss)
    __temporary_stack_top$libspace           0x20001504   Data           0  libspace.o(.bss)



==============================================================================

Memory Map of the image

  Image Entry point : 0x080001d9

  Load Region LR_IROM1 (Base: 0x08000000, Size: 0x0000db28, Max: 0x00100000, ABSOLUTE, COMPRESSED[0x0000d7d0])

    Execution Region ER_IROM1 (Exec base: 0x08000000, Load base: 0x08000000, Size: 0x0000d540, Max: 0x00100000, ABSOLUTE)

    Exec Addr    Load Addr    Size         Type   Attr      Idx    E Section Name        Object

    0x08000000   0x08000000   0x000001d8   Data   RO            3    RESET               startup_stm32f413xx.o
    0x080001d8   0x080001d8   0x00000008   Code   RO         6462  * !!!main             c_w.l(__main.o)
    0x080001e0   0x080001e0   0x00000034   Code   RO         6668    !!!scatter          c_w.l(__scatter.o)
    0x08000214   0x08000214   0x0000005a   Code   RO         6666    !!dczerorl2         c_w.l(__dczerorl2.o)
    0x0800026e   0x0800026e   0x00000002   PAD
    0x08000270   0x08000270   0x0000001c   Code   RO         6670    !!handler_zi        c_w.l(__scatter_zi.o)
    0x0800028c   0x0800028c   0x00000002   Code   RO         6534    .ARM.Collect$$libinit$$00000000  c_w.l(libinit.o)
    0x0800028e   0x0800028e   0x00000004   Code   RO         6546    .ARM.Collect$$libinit$$00000001  c_w.l(libinit2.o)
    0x08000292   0x08000292   0x00000000   Code   RO         6549    .ARM.Collect$$libinit$$00000004  c_w.l(libinit2.o)
    0x08000292   0x08000292   0x00000000   Code   RO         6552    .ARM.Collect$$libinit$$0000000A  c_w.l(libinit2.o)
    0x08000292   0x08000292   0x00000000   Code   RO         6554    .ARM.Collect$$libinit$$0000000C  c_w.l(libinit2.o)
    0x08000292   0x08000292   0x00000000   Code   RO         6556    .ARM.Collect$$libinit$$0000000E  c_w.l(libinit2.o)
    0x08000292   0x08000292   0x00000000   Code   RO         6559    .ARM.Collect$$libinit$$00000011  c_w.l(libinit2.o)
    0x08000292   0x08000292   0x00000000   Code   RO         6561    .ARM.Collect$$libinit$$00000013  c_w.l(libinit2.o)
    0x08000292   0x08000292   0x00000000   Code   RO         6563    .ARM.Collect$$libinit$$00000015  c_w.l(libinit2.o)
    0x08000292   0x08000292   0x00000000   Code   RO         6565    .ARM.Collect$$libinit$$00000017  c_w.l(libinit2.o)
    0x08000292   0x08000292   0x00000000   Code   RO         6567    .ARM.Collect$$libinit$$00000019  c_w.l(libinit2.o)
    0x08000292   0x08000292   0x00000000   Code   RO         6569    .ARM.Collect$$libinit$$0000001B  c_w.l(libinit2.o)
    0x08000292   0x08000292   0x00000000   Code   RO         6571    .ARM.Collect$$libinit$$0000001D  c_w.l(libinit2.o)
    0x08000292   0x08000292   0x00000000   Code   RO         6573    .ARM.Collect$$libinit$$0000001F  c_w.l(libinit2.o)
    0x08000292   0x08000292   0x00000000   Code   RO         6575    .ARM.Collect$$libinit$$00000021  c_w.l(libinit2.o)
    0x08000292   0x08000292   0x00000000   Code   RO         6577    .ARM.Collect$$libinit$$00000023  c_w.l(libinit2.o)
    0x08000292   0x08000292   0x00000000   Code   RO         6579    .ARM.Collect$$libinit$$00000025  c_w.l(libinit2.o)
    0x08000292   0x08000292   0x00000000   Code   RO         6583    .ARM.Collect$$libinit$$0000002C  c_w.l(libinit2.o)
    0x08000292   0x08000292   0x00000000   Code   RO         6585    .ARM.Collect$$libinit$$0000002E  c_w.l(libinit2.o)
    0x08000292   0x08000292   0x00000000   Code   RO         6587    .ARM.Collect$$libinit$$00000030  c_w.l(libinit2.o)
    0x08000292   0x08000292   0x00000000   Code   RO         6589    .ARM.Collect$$libinit$$00000032  c_w.l(libinit2.o)
    0x08000292   0x08000292   0x00000002   Code   RO         6590    .ARM.Collect$$libinit$$00000033  c_w.l(libinit2.o)
    0x08000294   0x08000294   0x00000002   Code   RO         6621    .ARM.Collect$$libshutdown$$00000000  c_w.l(libshutdown.o)
    0x08000296   0x08000296   0x00000000   Code   RO         6647    .ARM.Collect$$libshutdown$$00000002  c_w.l(libshutdown2.o)
    0x08000296   0x08000296   0x00000000   Code   RO         6649    .ARM.Collect$$libshutdown$$00000004  c_w.l(libshutdown2.o)
    0x08000296   0x08000296   0x00000000   Code   RO         6651    .ARM.Collect$$libshutdown$$00000006  c_w.l(libshutdown2.o)
    0x08000296   0x08000296   0x00000000   Code   RO         6654    .ARM.Collect$$libshutdown$$00000009  c_w.l(libshutdown2.o)
    0x08000296   0x08000296   0x00000000   Code   RO         6657    .ARM.Collect$$libshutdown$$0000000C  c_w.l(libshutdown2.o)
    0x08000296   0x08000296   0x00000000   Code   RO         6659    .ARM.Collect$$libshutdown$$0000000E  c_w.l(libshutdown2.o)
    0x08000296   0x08000296   0x00000000   Code   RO         6662    .ARM.Collect$$libshutdown$$00000011  c_w.l(libshutdown2.o)
    0x08000296   0x08000296   0x00000002   Code   RO         6663    .ARM.Collect$$libshutdown$$00000012  c_w.l(libshutdown2.o)
    0x08000298   0x08000298   0x00000000   Code   RO         6490    .ARM.Collect$$rtentry$$00000000  c_w.l(__rtentry.o)
    0x08000298   0x08000298   0x00000000   Code   RO         6505    .ARM.Collect$$rtentry$$00000002  c_w.l(__rtentry2.o)
    0x08000298   0x08000298   0x00000006   Code   RO         6517    .ARM.Collect$$rtentry$$00000004  c_w.l(__rtentry4.o)
    0x0800029e   0x0800029e   0x00000000   Code   RO         6507    .ARM.Collect$$rtentry$$00000009  c_w.l(__rtentry2.o)
    0x0800029e   0x0800029e   0x00000004   Code   RO         6508    .ARM.Collect$$rtentry$$0000000A  c_w.l(__rtentry2.o)
    0x080002a2   0x080002a2   0x00000000   Code   RO         6510    .ARM.Collect$$rtentry$$0000000C  c_w.l(__rtentry2.o)
    0x080002a2   0x080002a2   0x00000008   Code   RO         6511    .ARM.Collect$$rtentry$$0000000D  c_w.l(__rtentry2.o)
    0x080002aa   0x080002aa   0x00000002   Code   RO         6538    .ARM.Collect$$rtexit$$00000000  c_w.l(rtexit.o)
    0x080002ac   0x080002ac   0x00000000   Code   RO         6594    .ARM.Collect$$rtexit$$00000002  c_w.l(rtexit2.o)
    0x080002ac   0x080002ac   0x00000004   Code   RO         6595    .ARM.Collect$$rtexit$$00000003  c_w.l(rtexit2.o)
    0x080002b0   0x080002b0   0x00000006   Code   RO         6596    .ARM.Collect$$rtexit$$00000004  c_w.l(rtexit2.o)
    0x080002b6   0x080002b6   0x00000002   PAD
    0x080002b8   0x080002b8   0x00000040   Code   RO            4    .text               startup_stm32f413xx.o
    0x080002f8   0x080002f8   0x000000ee   Code   RO         6454    .text               c_w.l(lludivv7m.o)
    0x080003e6   0x080003e6   0x00000044   Code   RO         6456    .text               c_w.l(rt_memclr.o)
    0x0800042a   0x0800042a   0x0000004e   Code   RO         6458    .text               c_w.l(rt_memclr_w.o)
    0x08000478   0x08000478   0x00000006   Code   RO         6460    .text               c_w.l(heapauxi.o)
    0x0800047e   0x0800047e   0x0000004a   Code   RO         6521    .text               c_w.l(sys_stackheap_outer.o)
    0x080004c8   0x080004c8   0x00000012   Code   RO         6523    .text               c_w.l(exit.o)
    0x080004da   0x080004da   0x00000002   PAD
    0x080004dc   0x080004dc   0x00000008   Code   RO         6535    .text               c_w.l(libspace.o)
    0x080004e4   0x080004e4   0x0000000c   Code   RO         6591    .text               c_w.l(sys_exit.o)
    0x080004f0   0x080004f0   0x00000002   Code   RO         6610    .text               c_w.l(use_no_semi.o)
    0x080004f2   0x080004f2   0x00000000   Code   RO         6612    .text               c_w.l(indicate_semi.o)
    0x080004f2   0x080004f2   0x00000002   PAD
    0x080004f4   0x080004f4   0x00000078   Code   RO         4210    i.ALARMdisplay      screen.o
    0x0800056c   0x0800056c   0x000001b0   Code   RO         4211    i.APump             screen.o
    0x0800071c   0x0800071c   0x0000000a   Code   RO         4913    i.AUTOMODEGETDATATaskFunc  splittype.o
    0x08000726   0x08000726   0x00000086   Code   RO         4212    i.Ahandeldisplay    screen.o
    0x080007ac   0x080007ac   0x000000b4   Code   RO         4213    i.AutomaticAxtion   screen.o
    0x08000860   0x08000860   0x0000006c   Code   RO         4214    i.AutomaticDisplay  screen.o
    0x080008cc   0x080008cc   0x00000118   Code   RO         4215    i.BeepControl       screen.o
    0x080009e4   0x080009e4   0x00000008   Code   RO         4216    i.BeepControlTask   screen.o
    0x080009ec   0x080009ec   0x00000020   Code   RO         4217    i.BeepControlTask_Init  screen.o
    0x08000a0c   0x08000a0c   0x0000002c   Code   RO         3206    i.Beep_OnOffCtrl    beep.o
    0x08000a38   0x08000a38   0x00000158   Code   RO         3207    i.Beep_RunStatus    beep.o
    0x08000b90   0x08000b90   0x00000086   Code   RO         4218    i.Bhandeldisplay    screen.o
    0x08000c16   0x08000c16   0x00000002   PAD
    0x08000c18   0x08000c18   0x00000180   Code   RO         5272    i.Board_GPIOConfiguration  board.o
    0x08000d98   0x08000d98   0x000001cc   Code   RO         3907    i.BrushedMotorUartData_ReceiveData  motoruartdata.o
    0x08000f64   0x08000f64   0x00000108   Code   RO         3908    i.BrushlessMotorUartData_ReceiveData  motoruartdata.o
    0x0800106c   0x0800106c   0x00000088   Code   RO         3857    i.BrushlessMotor_Run  motor.o
    0x080010f4   0x080010f4   0x00000068   Code   RO         3858    i.BrushlessMotor_SetPosition  motor.o
    0x0800115c   0x0800115c   0x0000005c   Code   RO         3859    i.BrushlessMotor_Stop  motor.o
    0x080011b8   0x080011b8   0x00000004   Code   RO          239    i.BusFault_Handler  stm32f4xx_it.o
    0x080011bc   0x080011bc   0x0000001c   Code   RO         3246    i.Common_CopyData   common.o
    0x080011d8   0x080011d8   0x0000003c   Code   RO         3247    i.Common_Crc16      common.o
    0x08001214   0x08001214   0x0000001a   Code   RO         3250    i.Common_Memset     common.o
    0x0800122e   0x0800122e   0x00000002   PAD
    0x08001230   0x08001230   0x00000010   Code   RO          240    i.DMA1_Stream0_IRQHandler  stm32f4xx_it.o
    0x08001240   0x08001240   0x00000010   Code   RO          241    i.DMA1_Stream1_IRQHandler  stm32f4xx_it.o
    0x08001250   0x08001250   0x00000010   Code   RO          242    i.DMA1_Stream2_IRQHandler  stm32f4xx_it.o
    0x08001260   0x08001260   0x00000010   Code   RO          243    i.DMA1_Stream3_IRQHandler  stm32f4xx_it.o
    0x08001270   0x08001270   0x00000010   Code   RO          244    i.DMA1_Stream5_IRQHandler  stm32f4xx_it.o
    0x08001280   0x08001280   0x00000010   Code   RO          245    i.DMA2_Stream1_IRQHandler  stm32f4xx_it.o
    0x08001290   0x08001290   0x00000010   Code   RO          246    i.DMA2_Stream2_IRQHandler  stm32f4xx_it.o
    0x080012a0   0x080012a0   0x00000034   Code   RO         1103    i.DMA_CalcBaseAndBitshift  stm32f4xx_hal_dma.o
    0x080012d4   0x080012d4   0x000000aa   Code   RO         1104    i.DMA_CheckFifoParam  stm32f4xx_hal_dma.o
    0x0800137e   0x0800137e   0x0000002c   Code   RO         1105    i.DMA_SetConfig     stm32f4xx_hal_dma.o
    0x080013aa   0x080013aa   0x00000002   Code   RO          247    i.DebugMon_Handler  stm32f4xx_it.o
    0x080013ac   0x080013ac   0x0000001e   Code   RO         5526    i.Delay_ms          delay.o
    0x080013ca   0x080013ca   0x00000002   PAD
    0x080013cc   0x080013cc   0x00000020   Code   RO         5527    i.Delay_us          delay.o
    0x080013ec   0x080013ec   0x000001fc   Code   RO         4219    i.DirectionControl  screen.o
    0x080015e8   0x080015e8   0x00000020   Code   RO         3356    i.DriveCtrl_HMITask_Init  drivectrl.o
    0x08001608   0x08001608   0x00000020   Code   RO         3358    i.DriveCtrl_Motor123Task_Init  drivectrl.o
    0x08001628   0x08001628   0x00000008   Code   RO         5554    i.EEPROM_AT24CXX_Init  eeprom.o
    0x08001630   0x08001630   0x00000022   Code   RO         5555    i.EEPROM_AT24CXX_Read  eeprom.o
    0x08001652   0x08001652   0x00000022   Code   RO         5556    i.EEPROM_AT24CXX_Write  eeprom.o
    0x08001674   0x08001674   0x00000014   Code   RO          248    i.EXTI15_10_IRQHandler  stm32f4xx_it.o
    0x08001688   0x08001688   0x00000002   Code   RO          249    i.EXTI1_IRQHandler  stm32f4xx_it.o
    0x0800168a   0x0800168a   0x00000006   Code   RO           13    i.Error_Handler     main.o
    0x08001690   0x08001690   0x00000022   Code   RO         4220    i.ExtractHandControl  screen.o
    0x080016b2   0x080016b2   0x00000002   PAD
    0x080016b4   0x080016b4   0x0000005c   Code   RO          839    i.FLASH_Erase_Sector  stm32f4xx_hal_flash_ex.o
    0x08001710   0x08001710   0x00000078   Code   RO          840    i.FLASH_FlushCaches  stm32f4xx_hal_flash_ex.o
    0x08001788   0x08001788   0x00000030   Code   RO          841    i.FLASH_MassErase   stm32f4xx_hal_flash_ex.o
    0x080017b8   0x080017b8   0x00000024   Code   RO          721    i.FLASH_Program_Byte  stm32f4xx_hal_flash.o
    0x080017dc   0x080017dc   0x00000030   Code   RO          722    i.FLASH_Program_DoubleWord  stm32f4xx_hal_flash.o
    0x0800180c   0x0800180c   0x00000028   Code   RO          723    i.FLASH_Program_HalfWord  stm32f4xx_hal_flash.o
    0x08001834   0x08001834   0x00000028   Code   RO          724    i.FLASH_Program_Word  stm32f4xx_hal_flash.o
    0x0800185c   0x0800185c   0x000000b4   Code   RO          725    i.FLASH_SetErrorCode  stm32f4xx_hal_flash.o
    0x08001910   0x08001910   0x00000064   Code   RO          726    i.FLASH_WaitForLastOperation  stm32f4xx_hal_flash.o
    0x08001974   0x08001974   0x00000028   Code   RO         3552    i.FOOTPEDALTaskFunc  footpedal.o
    0x0800199c   0x0800199c   0x000000a0   Code   RO         5581    i.Flash_GetSector_Index  flash.o
    0x08001a3c   0x08001a3c   0x00000026   Code   RO         5582    i.Flash_Read        flash.o
    0x08001a62   0x08001a62   0x000000a2   Code   RO         5583    i.Flash_Write       flash.o
    0x08001b04   0x08001b04   0x000000ac   Code   RO         4222    i.FootKeyControl_s  screen.o
    0x08001bb0   0x08001bb0   0x00000018   Code   RO         4223    i.FootKeyTask       screen.o
    0x08001bc8   0x08001bc8   0x00000020   Code   RO         4224    i.FootKeyTask_Init  screen.o
    0x08001be8   0x08001be8   0x00000020   Code   RO         3553    i.FootPedalTask_Init  footpedal.o
    0x08001c08   0x08001c08   0x00000440   Code   RO         3555    i.FootPedal_ConnectScanSSC  footpedal.o
    0x08002048   0x08002048   0x0000004c   Code   RO         3559    i.FootPedal_KeyScanSSC  footpedal.o
    0x08002094   0x08002094   0x00000aa0   Code   RO         3561    i.FootThrottleTask  footpedal.o
    0x08002b34   0x08002b34   0x00000020   Code   RO         3562    i.FootThrottleTask_Init  footpedal.o
    0x08002b54   0x08002b54   0x00000054   Code   RO         4225    i.FreqContril       screen.o
    0x08002ba8   0x08002ba8   0x000000ac   Code   RO         1106    i.HAL_DMA_Abort     stm32f4xx_hal_dma.o
    0x08002c54   0x08002c54   0x00000028   Code   RO         1107    i.HAL_DMA_Abort_IT  stm32f4xx_hal_dma.o
    0x08002c7c   0x08002c7c   0x00000240   Code   RO         1111    i.HAL_DMA_IRQHandler  stm32f4xx_hal_dma.o
    0x08002ebc   0x08002ebc   0x000000ec   Code   RO         1112    i.HAL_DMA_Init      stm32f4xx_hal_dma.o
    0x08002fa8   0x08002fa8   0x00000092   Code   RO         1116    i.HAL_DMA_Start_IT  stm32f4xx_hal_dma.o
    0x0800303a   0x0800303a   0x00000002   PAD
    0x0800303c   0x0800303c   0x000000ac   Code   RO          855    i.HAL_FLASHEx_Erase  stm32f4xx_hal_flash_ex.o
    0x080030e8   0x080030e8   0x00000014   Code   RO          730    i.HAL_FLASH_Lock    stm32f4xx_hal_flash.o
    0x080030fc   0x080030fc   0x00000098   Code   RO          735    i.HAL_FLASH_Program  stm32f4xx_hal_flash.o
    0x08003194   0x08003194   0x00000034   Code   RO          737    i.HAL_FLASH_Unlock  stm32f4xx_hal_flash.o
    0x080031c8   0x080031c8   0x0000003c   Code   RO         3676    i.HAL_GPIO_EXTI_Callback  handlekey.o
    0x08003204   0x08003204   0x0000001c   Code   RO          998    i.HAL_GPIO_EXTI_IRQHandler  stm32f4xx_hal_gpio.o
    0x08003220   0x08003220   0x000001e4   Code   RO          999    i.HAL_GPIO_Init     stm32f4xx_hal_gpio.o
    0x08003404   0x08003404   0x00000010   Code   RO         1001    i.HAL_GPIO_ReadPin  stm32f4xx_hal_gpio.o
    0x08003414   0x08003414   0x00000014   Code   RO         1002    i.HAL_GPIO_TogglePin  stm32f4xx_hal_gpio.o
    0x08003428   0x08003428   0x0000000c   Code   RO         1003    i.HAL_GPIO_WritePin  stm32f4xx_hal_gpio.o
    0x08003434   0x08003434   0x0000000c   Code   RO         1566    i.HAL_GetTick       stm32f4xx_hal.o
    0x08003440   0x08003440   0x00000018   Code   RO         1572    i.HAL_IncTick       stm32f4xx_hal.o
    0x08003458   0x08003458   0x0000003c   Code   RO         1573    i.HAL_Init          stm32f4xx_hal.o
    0x08003494   0x08003494   0x000000b4   Code   RO          478    i.HAL_InitTick      stm32f4xx_hal_timebase_tim.o
    0x08003548   0x08003548   0x00000048   Code   RO          429    i.HAL_MspInit       stm32f4xx_hal_msp.o
    0x08003590   0x08003590   0x00000028   Code   RO         1413    i.HAL_NVIC_EnableIRQ  stm32f4xx_hal_cortex.o
    0x080035b8   0x080035b8   0x0000007c   Code   RO         1419    i.HAL_NVIC_SetPriority  stm32f4xx_hal_cortex.o
    0x08003634   0x08003634   0x00000028   Code   RO         1420    i.HAL_NVIC_SetPriorityGrouping  stm32f4xx_hal_cortex.o
    0x0800365c   0x0800365c   0x00000184   Code   RO          548    i.HAL_RCC_ClockConfig  stm32f4xx_hal_rcc.o
    0x080037e0   0x080037e0   0x00000044   Code   RO          552    i.HAL_RCC_GetClockConfig  stm32f4xx_hal_rcc.o
    0x08003824   0x08003824   0x0000000c   Code   RO          553    i.HAL_RCC_GetHCLKFreq  stm32f4xx_hal_rcc.o
    0x08003830   0x08003830   0x00000020   Code   RO          555    i.HAL_RCC_GetPCLK1Freq  stm32f4xx_hal_rcc.o
    0x08003850   0x08003850   0x00000020   Code   RO          556    i.HAL_RCC_GetPCLK2Freq  stm32f4xx_hal_rcc.o
    0x08003870   0x08003870   0x000000b0   Code   RO          557    i.HAL_RCC_GetSysClockFreq  stm32f4xx_hal_rcc.o
    0x08003920   0x08003920   0x000004b0   Code   RO          657    i.HAL_RCC_OscConfig  stm32f4xx_hal_rcc_ex.o
    0x08003dd0   0x08003dd0   0x00000002   Code   RO         2528    i.HAL_TIMEx_BreakCallback  stm32f4xx_hal_tim_ex.o
    0x08003dd2   0x08003dd2   0x00000002   Code   RO         2529    i.HAL_TIMEx_CommutCallback  stm32f4xx_hal_tim_ex.o
    0x08003dd4   0x08003dd4   0x000000b4   Code   RO         2547    i.HAL_TIMEx_MasterConfigSynchronization  stm32f4xx_hal_tim_ex.o
    0x08003e88   0x08003e88   0x00000066   Code   RO         1813    i.HAL_TIM_Base_Init  stm32f4xx_hal_tim.o
    0x08003eee   0x08003eee   0x00000002   PAD
    0x08003ef0   0x08003ef0   0x000000b4   Code   RO          431    i.HAL_TIM_Base_MspInit  stm32f4xx_hal_msp.o
    0x08003fa4   0x08003fa4   0x0000009c   Code   RO         1816    i.HAL_TIM_Base_Start  stm32f4xx_hal_tim.o
    0x08004040   0x08004040   0x000000a8   Code   RO         1818    i.HAL_TIM_Base_Start_IT  stm32f4xx_hal_tim.o
    0x080040e8   0x080040e8   0x00000002   Code   RO         1847    i.HAL_TIM_IC_CaptureCallback  stm32f4xx_hal_tim.o
    0x080040ea   0x080040ea   0x0000016c   Code   RO         1861    i.HAL_TIM_IRQHandler  stm32f4xx_hal_tim.o
    0x08004256   0x08004256   0x00000002   Code   RO         1864    i.HAL_TIM_OC_DelayElapsedCallback  stm32f4xx_hal_tim.o
    0x08004258   0x08004258   0x00000002   Code   RO         1891    i.HAL_TIM_PWM_PulseFinishedCallback  stm32f4xx_hal_tim.o
    0x0800425a   0x0800425a   0x00000002   PAD
    0x0800425c   0x0800425c   0x00000050   Code   RO           14    i.HAL_TIM_PeriodElapsedCallback  main.o
    0x080042ac   0x080042ac   0x00000002   Code   RO         1904    i.HAL_TIM_TriggerCallback  stm32f4xx_hal_tim.o
    0x080042ae   0x080042ae   0x00000002   Code   RO         2807    i.HAL_UARTEx_RxEventCallback  stm32f4xx_hal_uart.o
    0x080042b0   0x080042b0   0x0000008a   Code   RO         2819    i.HAL_UART_DMAStop  stm32f4xx_hal_uart.o
    0x0800433a   0x0800433a   0x00000002   Code   RO         2821    i.HAL_UART_ErrorCallback  stm32f4xx_hal_uart.o
    0x0800433c   0x0800433c   0x000002e8   Code   RO         2824    i.HAL_UART_IRQHandler  stm32f4xx_hal_uart.o
    0x08004624   0x08004624   0x00000076   Code   RO         2825    i.HAL_UART_Init     stm32f4xx_hal_uart.o
    0x0800469a   0x0800469a   0x00000002   PAD
    0x0800469c   0x0800469c   0x000005a0   Code   RO          433    i.HAL_UART_MspInit  stm32f4xx_hal_msp.o
    0x08004c3c   0x08004c3c   0x0000002c   Code   RO         2829    i.HAL_UART_Receive_DMA  stm32f4xx_hal_uart.o
    0x08004c68   0x08004c68   0x00000002   Code   RO         2831    i.HAL_UART_RxCpltCallback  stm32f4xx_hal_uart.o
    0x08004c6a   0x08004c6a   0x00000002   Code   RO         2832    i.HAL_UART_RxHalfCpltCallback  stm32f4xx_hal_uart.o
    0x08004c6c   0x08004c6c   0x000000be   Code   RO         2833    i.HAL_UART_Transmit  stm32f4xx_hal_uart.o
    0x08004d2a   0x08004d2a   0x00000002   Code   RO         2836    i.HAL_UART_TxCpltCallback  stm32f4xx_hal_uart.o
    0x08004d2c   0x08004d2c   0x00000020   Code   RO         3677    i.HANDLEKEYTaskFunc  handlekey.o
    0x08004d4c   0x08004d4c   0x0000000a   Code   RO         3749    i.HANDLESCANTaskFunc  handlescan.o
    0x08004d56   0x08004d56   0x00000002   PAD
    0x08004d58   0x08004d58   0x0000004c   Code   RO         3369    i.HMIMotorControlSSC  drivectrl.o
    0x08004da4   0x08004da4   0x00000020   Code   RO         3678    i.HandleKeyScan_Init  handlekey.o
    0x08004dc4   0x08004dc4   0x00000138   Code   RO         3681    i.HandleKey_Scan0SSC  handlekey.o
    0x08004efc   0x08004efc   0x00000140   Code   RO         3683    i.HandleKey_Scan1SSC  handlekey.o
    0x0800503c   0x0800503c   0x0000018c   Code   RO         3755    i.HandlescanA_Fun_SSC  handlescan.o
    0x080051c8   0x080051c8   0x0000018c   Code   RO         3757    i.HandlescanB_Fun_SSC  handlescan.o
    0x08005354   0x08005354   0x00000020   Code   RO         3758    i.HandlescanTaskInit  handlescan.o
    0x08005374   0x08005374   0x0000013c   Code   RO         3759    i.HandlescanY_AFun_SSC  handlescan.o
    0x080054b0   0x080054b0   0x0000013c   Code   RO         3760    i.HandlescanY_BFun_SSC  handlescan.o
    0x080055ec   0x080055ec   0x00000014   Code   RO         3761    i.Handlescan_Fun    handlescan.o
    0x08005600   0x08005600   0x00000004   Code   RO          250    i.HardFault_Handler  stm32f4xx_it.o
    0x08005604   0x08005604   0x0000005e   Code   RO         5296    i.IIC_AT24CXX_ReadOneByte  iic.o
    0x08005662   0x08005662   0x00000050   Code   RO         5297    i.IIC_AT24CXX_WriteOneByte  iic.o
    0x080056b2   0x080056b2   0x00000002   PAD
    0x080056b4   0x080056b4   0x00000034   Code   RO         5298    i.IIC_Ack           iic.o
    0x080056e8   0x080056e8   0x00000010   Code   RO         5299    i.IIC_Init          iic.o
    0x080056f8   0x080056f8   0x00000034   Code   RO         5300    i.IIC_NAck          iic.o
    0x0800572c   0x0800572c   0x0000004c   Code   RO         5302    i.IIC_WaitAck       iic.o
    0x08005778   0x08005778   0x00000132   Code   RO         4229    i.Infusiondisplay   screen.o
    0x080058aa   0x080058aa   0x00000002   PAD
    0x080058ac   0x080058ac   0x00000150   Code   RO         4230    i.InjectionContril  screen.o
    0x080059fc   0x080059fc   0x000000f8   Code   RO         4232    i.Injectionsign     screen.o
    0x08005af4   0x08005af4   0x0000000c   Code   RO         4233    i.InsertExtractFootControl  screen.o
    0x08005b00   0x08005b00   0x00000018   Code   RO         4234    i.InsertHandControl  screen.o
    0x08005b18   0x08005b18   0x0000005e   Code   RO         4235    i.InterfaceSuppression  screen.o
    0x08005b76   0x08005b76   0x00000002   PAD
    0x08005b78   0x08005b78   0x00000144   Code   RO         4236    i.IrrigateContril   screen.o
    0x08005cbc   0x08005cbc   0x00000038   Code   RO         4237    i.Irrigatesign      screen.o
    0x08005cf4   0x08005cf4   0x00000034   Code   RO         4238    i.Irrndisplay       screen.o
    0x08005d28   0x08005d28   0x00000008   Code   RO         5623    i.IwdgTaskFunc      iwdg.o
    0x08005d30   0x08005d30   0x00000020   Code   RO         5624    i.IwdgTaskInit      iwdg.o
    0x08005d50   0x08005d50   0x00000002   Code   RO         5626    i.Iwdg_Reset        iwdg.o
    0x08005d52   0x08005d52   0x00000002   PAD
    0x08005d54   0x08005d54   0x000003b0   Code   RO         4239    i.KeyBehavior       screen.o
    0x08006104   0x08006104   0x00000014   Code   RO         4240    i.KeyBehaviorTask   screen.o
    0x08006118   0x08006118   0x00000034   Code   RO         5666    i.LCD_Disappear_Number  lcd.o
    0x0800614c   0x0800614c   0x000000b0   Code   RO         5667    i.LCD_Disappear_Picture  lcd.o
    0x080061fc   0x080061fc   0x00000254   Code   RO         5669    i.LCD_IntegratedCutterData_Update  lcd.o
    0x08006450   0x08006450   0x00000034   Code   RO         5670    i.LCD_Show_2byte_Number  lcd.o
    0x08006484   0x08006484   0x00000040   Code   RO         5671    i.LCD_Show_4byte_Number  lcd.o
    0x080064c4   0x080064c4   0x00000034   Code   RO         5672    i.LCD_Show_Number   lcd.o
    0x080064f8   0x080064f8   0x00000224   Code   RO         5673    i.LCD_Show_Picture  lcd.o
    0x0800671c   0x0800671c   0x00000058   Code   RO         5674    i.LCD_Show_Which_Map  lcd.o
    0x08006774   0x08006774   0x00000014   Code   RO         5137    i.LEDTaskFunc       sysrunled.o
    0x08006788   0x08006788   0x00000020   Code   RO         5138    i.LEDTaskInit       sysrunled.o
    0x080067a8   0x080067a8   0x0000000a   Code   RO         3370    i.MOTOR123TaskFunc  drivectrl.o
    0x080067b2   0x080067b2   0x0000000a   Code   RO         3372    i.MOTORHMITaskFunc  drivectrl.o
    0x080067bc   0x080067bc   0x0000000e   Code   RO         3909    i.MOTORUARTTaskFunc  motoruartdata.o
    0x080067ca   0x080067ca   0x00000002   PAD
    0x080067cc   0x080067cc   0x000000b8   Code   RO           15    i.MX_DMA_Init       main.o
    0x08006884   0x08006884   0x000000f8   Code   RO           16    i.MX_GPIO_Init      main.o
    0x0800697c   0x0800697c   0x0000004c   Code   RO           18    i.MX_TIM10_Init     main.o
    0x080069c8   0x080069c8   0x0000004c   Code   RO           19    i.MX_TIM14_Init     main.o
    0x08006a14   0x08006a14   0x00000058   Code   RO           20    i.MX_TIM7_Init      main.o
    0x08006a6c   0x08006a6c   0x0000003c   Code   RO           21    i.MX_UART4_Init     main.o
    0x08006aa8   0x08006aa8   0x00000038   Code   RO           22    i.MX_UART5_Init     main.o
    0x08006ae0   0x08006ae0   0x00000038   Code   RO           23    i.MX_UART7_Init     main.o
    0x08006b18   0x08006b18   0x00000038   Code   RO           24    i.MX_USART1_UART_Init  main.o
    0x08006b50   0x08006b50   0x00000038   Code   RO           25    i.MX_USART2_UART_Init  main.o
    0x08006b88   0x08006b88   0x0000003c   Code   RO           26    i.MX_USART3_UART_Init  main.o
    0x08006bc4   0x08006bc4   0x0000003c   Code   RO           27    i.MX_USART6_UART_Init  main.o
    0x08006c00   0x08006c00   0x00000004   Code   RO          251    i.MemManage_Handler  stm32f4xx_it.o
    0x08006c04   0x08006c04   0x000000e0   Code   RO         4242    i.MotoPaoDaoSelectControl  screen.o
    0x08006ce4   0x08006ce4   0x00000e10   Code   RO         3373    i.MotorControlSSC   drivectrl.o
    0x08007af4   0x08007af4   0x00000020   Code   RO         3910    i.MotorUartData_Init  motoruartdata.o
    0x08007b14   0x08007b14   0x0000004c   Code   RO         3860    i.Motor_ErrorEmergencyStop_Ctrl  motor.o
    0x08007b60   0x08007b60   0x00000004   Code   RO          252    i.NMI_Handler       stm32f4xx_it.o
    0x08007b64   0x08007b64   0x0000001e   Code   RO         4245    i.OPENpostionDisplay  screen.o
    0x08007b82   0x08007b82   0x00000034   Code   RO         4246    i.OSCdiplay         screen.o
    0x08007bb6   0x08007bb6   0x00000002   PAD
    0x08007bb8   0x08007bb8   0x00000068   Code   RO         5454    i.OneWireII_DS2431_ReadMemory  onewireii.o
    0x08007c20   0x08007c20   0x00000040   Code   RO         5457    i.OneWireII_ReceiveBit  onewireii.o
    0x08007c60   0x08007c60   0x00000028   Code   RO         5458    i.OneWireII_ReceiveByte  onewireii.o
    0x08007c88   0x08007c88   0x00000044   Code   RO         5459    i.OneWireII_Reset   onewireii.o
    0x08007ccc   0x08007ccc   0x00000024   Code   RO         5460    i.OneWireII_SendBit0  onewireii.o
    0x08007cf0   0x08007cf0   0x00000024   Code   RO         5461    i.OneWireII_SendBit1  onewireii.o
    0x08007d14   0x08007d14   0x00000028   Code   RO         5462    i.OneWireII_SendByte  onewireii.o
    0x08007d3c   0x08007d3c   0x00000068   Code   RO         5382    i.OneWireI_DS2431_ReadMemory  onewirei.o
    0x08007da4   0x08007da4   0x00000040   Code   RO         5385    i.OneWireI_ReceiveBit  onewirei.o
    0x08007de4   0x08007de4   0x00000028   Code   RO         5386    i.OneWireI_ReceiveByte  onewirei.o
    0x08007e0c   0x08007e0c   0x00000044   Code   RO         5387    i.OneWireI_Reset    onewirei.o
    0x08007e50   0x08007e50   0x00000024   Code   RO         5388    i.OneWireI_SendBit0  onewirei.o
    0x08007e74   0x08007e74   0x00000024   Code   RO         5389    i.OneWireI_SendBit1  onewirei.o
    0x08007e98   0x08007e98   0x00000028   Code   RO         5390    i.OneWireI_SendByte  onewirei.o
    0x08007ec0   0x08007ec0   0x00000054   Code   RO         4247    i.OpenPositionControl  screen.o
    0x08007f14   0x08007f14   0x00000062   Code   RO         4248    i.PAOORMODisplay    screen.o
    0x08007f76   0x08007f76   0x00000002   PAD
    0x08007f78   0x08007f78   0x0000001c   Code   RO         3958    i.PEDALRECVTaskFunc  pedal.o
    0x08007f94   0x08007f94   0x00000008   Code   RO         4249    i.PUMPBBehaviorTask  screen.o
    0x08007f9c   0x08007f9c   0x00000020   Code   RO         4250    i.PUMPBTask_Init    screen.o
    0x08007fbc   0x08007fbc   0x00000084   Code   RO         4251    i.PUMPBehavior      screen.o
    0x08008040   0x08008040   0x00000020   Code   RO         3959    i.PedalRecvTask_Init  pedal.o
    0x08008060   0x08008060   0x000003e0   Code   RO         3960    i.PedalRecv_Scan    pedal.o
    0x08008440   0x08008440   0x00000010   Code   RO         3961    i.Pedal_ReadHValue  pedal.o
    0x08008450   0x08008450   0x00000010   Code   RO         3962    i.Pedal_ReadHValue_Left  pedal.o
    0x08008460   0x08008460   0x00000010   Code   RO         3963    i.Pedal_ReadLValue  pedal.o
    0x08008470   0x08008470   0x00000010   Code   RO         3964    i.Pedal_ReadLValue_Left  pedal.o
    0x08008480   0x08008480   0x00000010   Code   RO         3965    i.Pedal_ReadMValue  pedal.o
    0x08008490   0x08008490   0x00000010   Code   RO         3966    i.Pedal_ReadMValue_Left  pedal.o
    0x080084a0   0x080084a0   0x00000010   Code   RO         3968    i.Pedal_StorageHValue  pedal.o
    0x080084b0   0x080084b0   0x00000010   Code   RO         3969    i.Pedal_StorageHValue_Left  pedal.o
    0x080084c0   0x080084c0   0x00000010   Code   RO         3970    i.Pedal_StorageLValue  pedal.o
    0x080084d0   0x080084d0   0x00000010   Code   RO         3971    i.Pedal_StorageLValue_Left  pedal.o
    0x080084e0   0x080084e0   0x00000010   Code   RO         3972    i.Pedal_StorageMValue  pedal.o
    0x080084f0   0x080084f0   0x00000010   Code   RO         3973    i.Pedal_StorageMValue_Left  pedal.o
    0x08008500   0x08008500   0x00000002   Code   RO          253    i.PendSV_Handler    stm32f4xx_it.o
    0x08008502   0x08008502   0x00000002   PAD
    0x08008504   0x08008504   0x000000b8   Code   RO         4252    i.PoweronInit       screen.o
    0x080085bc   0x080085bc   0x00000080   Code   RO         4086    i.Pump_SetSpeed_A   pump.o
    0x0800863c   0x0800863c   0x0000006c   Code   RO         4087    i.Pump_SetSpeed_B   pump.o
    0x080086a8   0x080086a8   0x000000e0   Code   RO         4163    i.RadioFreq_Analysiss  radiofreq.o
    0x08008788   0x08008788   0x0000002c   Code   RO         4164    i.RadioFreq_CRC     radiofreq.o
    0x080087b4   0x080087b4   0x0000003c   Code   RO         4165    i.RadioFreq_Init    radiofreq.o
    0x080087f0   0x080087f0   0x0000005c   Code   RO         5304    i.Read_Byte         iic.o
    0x0800884c   0x0800884c   0x0000000a   Code   RO         4850    i.SCREENKEYTaskFunc  screenkey.o
    0x08008856   0x08008856   0x00000006   Code   RO         5584    i.STMFLASH_ReadWord  flash.o
    0x0800885c   0x0800885c   0x00000002   Code   RO          254    i.SVC_Handler       stm32f4xx_it.o
    0x0800885e   0x0800885e   0x00000002   PAD
    0x08008860   0x08008860   0x00000020   Code   RO         4253    i.ScreenKeyTask_Init  screen.o
    0x08008880   0x08008880   0x000003b4   Code   RO         4854    i.ScreenKey_Scan    screenkey.o
    0x08008c34   0x08008c34   0x00000020   Code   RO         4855    i.ScreenKey_ScanInit  screenkey.o
    0x08008c54   0x08008c54   0x000000d8   Code   RO         4264    i.Screen_TipInfo_Update  screen.o
    0x08008d2c   0x08008d2c   0x00000034   Code   RO         5305    i.Signal_Start      iic.o
    0x08008d60   0x08008d60   0x00000034   Code   RO         5306    i.Signal_Stop       iic.o
    0x08008d94   0x08008d94   0x00000e88   Code   RO         4266    i.SpeedControl      screen.o
    0x08009c1c   0x08009c1c   0x00000104   Code   RO         4917    i.SplitType_AutoModeDataRead_Task  splittype.o
    0x08009d20   0x08009d20   0x00000020   Code   RO         4918    i.SplitType_AutoModeGetData_Init  splittype.o
    0x08009d40   0x08009d40   0x00000128   Code   RO         4919    i.SplitType_AutoModeGetData_Task  splittype.o
    0x08009e68   0x08009e68   0x00000030   Code   RO         5016    i.Storage_HandleMode_init  userparser.o
    0x08009e98   0x08009e98   0x000000c4   Code   RO         5017    i.Storage_PumpFlow_init  userparser.o
    0x08009f5c   0x08009f5c   0x00001294   Code   RO         4270    i.SwitchChanelassignment_s  screen.o
    0x0800b1f0   0x0800b1f0   0x00000034   Code   RO         4271    i.SwitchChanell_A_B_Control  screen.o
    0x0800b224   0x0800b224   0x00000002   Code   RO          255    i.SysTick_Handler   stm32f4xx_it.o
    0x0800b226   0x0800b226   0x00000002   PAD
    0x0800b228   0x0800b228   0x000000b8   Code   RO           28    i.SystemClock_Config  main.o
    0x0800b2e0   0x0800b2e0   0x00000014   Code   RO         3169    i.SystemInit        system_stm32f4xx.o
    0x0800b2f4   0x0800b2f4   0x00000010   Code   RO          256    i.TIM1_UP_TIM10_IRQHandler  stm32f4xx_it.o
    0x0800b304   0x0800b304   0x00000010   Code   RO          257    i.TIM6_DAC_IRQHandler  stm32f4xx_it.o
    0x0800b314   0x0800b314   0x00000010   Code   RO          258    i.TIM8_TRG_COM_TIM14_IRQHandler  stm32f4xx_it.o
    0x0800b324   0x0800b324   0x000000e8   Code   RO         1906    i.TIM_Base_SetConfig  stm32f4xx_hal_tim.o
    0x0800b40c   0x0800b40c   0x00000040   Code   RO         4272    i.Tooldisplay       screen.o
    0x0800b44c   0x0800b44c   0x00000010   Code   RO          259    i.UART4_IRQHandler  stm32f4xx_it.o
    0x0800b45c   0x0800b45c   0x00000010   Code   RO          260    i.UART5_IRQHandler  stm32f4xx_it.o
    0x0800b46c   0x0800b46c   0x00000010   Code   RO          261    i.UART7_IRQHandler  stm32f4xx_it.o
    0x0800b47c   0x0800b47c   0x00000014   Code   RO         2838    i.UART_DMAAbortOnError  stm32f4xx_hal_uart.o
    0x0800b490   0x0800b490   0x00000050   Code   RO         2839    i.UART_DMAError     stm32f4xx_hal_uart.o
    0x0800b4e0   0x0800b4e0   0x000000b4   Code   RO         2840    i.UART_DMAReceiveCplt  stm32f4xx_hal_uart.o
    0x0800b594   0x0800b594   0x00000024   Code   RO         2842    i.UART_DMARxHalfCplt  stm32f4xx_hal_uart.o
    0x0800b5b8   0x0800b5b8   0x0000006c   Code   RO         2848    i.UART_EndRxTransfer  stm32f4xx_hal_uart.o
    0x0800b624   0x0800b624   0x00000020   Code   RO         2849    i.UART_EndTransmit_IT  stm32f4xx_hal_uart.o
    0x0800b644   0x0800b644   0x00000026   Code   RO         2850    i.UART_EndTxTransfer  stm32f4xx_hal_uart.o
    0x0800b66a   0x0800b66a   0x000000fc   Code   RO         2851    i.UART_Receive_IT   stm32f4xx_hal_uart.o
    0x0800b766   0x0800b766   0x00000002   PAD
    0x0800b768   0x0800b768   0x00000244   Code   RO         2852    i.UART_SetConfig    stm32f4xx_hal_uart.o
    0x0800b9ac   0x0800b9ac   0x000000c8   Code   RO         2853    i.UART_Start_Receive_DMA  stm32f4xx_hal_uart.o
    0x0800ba74   0x0800ba74   0x00000060   Code   RO         2855    i.UART_Transmit_IT  stm32f4xx_hal_uart.o
    0x0800bad4   0x0800bad4   0x0000008c   Code   RO         2856    i.UART_WaitOnFlagUntilTimeout  stm32f4xx_hal_uart.o
    0x0800bb60   0x0800bb60   0x000003a8   Code   RO         6169    i.UI_FootPedalCalibration_Fun  ui_footpedalcalibration.o
    0x0800bf08   0x0800bf08   0x00000074   Code   RO         6320    i.UI_Start_Fun      ui_start.o
    0x0800bf7c   0x0800bf7c   0x00000010   Code   RO          262    i.USART1_IRQHandler  stm32f4xx_it.o
    0x0800bf8c   0x0800bf8c   0x00000010   Code   RO          263    i.USART2_IRQHandler  stm32f4xx_it.o
    0x0800bf9c   0x0800bf9c   0x00000010   Code   RO          264    i.USART3_IRQHandler  stm32f4xx_it.o
    0x0800bfac   0x0800bfac   0x00000010   Code   RO          265    i.USART6_IRQHandler  stm32f4xx_it.o
    0x0800bfbc   0x0800bfbc   0x00000018   Code   RO         5732    i.Uart1_DMAConfiguration  uart1.o
    0x0800bfd4   0x0800bfd4   0x00000068   Code   RO         5733    i.Uart1_DMARecvDataPeek  uart1.o
    0x0800c03c   0x0800c03c   0x00000038   Code   RO         5734    i.Uart1_DMAReset    uart1.o
    0x0800c074   0x0800c074   0x00000008   Code   RO         5736    i.Uart1_Init        uart1.o
    0x0800c07c   0x0800c07c   0x00000018   Code   RO         5737    i.Uart1_SendPacket  uart1.o
    0x0800c094   0x0800c094   0x00000018   Code   RO         5798    i.Uart2_DMAConfiguration  uart2.o
    0x0800c0ac   0x0800c0ac   0x00000068   Code   RO         5799    i.Uart2_DMARecvDataPeek  uart2.o
    0x0800c114   0x0800c114   0x00000038   Code   RO         5800    i.Uart2_DMAReset    uart2.o
    0x0800c14c   0x0800c14c   0x00000008   Code   RO         5802    i.Uart2_Init        uart2.o
    0x0800c154   0x0800c154   0x00000018   Code   RO         5860    i.Uart3_DMAConfiguration  uart3.o
    0x0800c16c   0x0800c16c   0x00000040   Code   RO         5861    i.Uart3_DMARecvDataPeek  uart3.o
    0x0800c1ac   0x0800c1ac   0x00000038   Code   RO         5862    i.Uart3_DMAReset    uart3.o
    0x0800c1e4   0x0800c1e4   0x00000008   Code   RO         5864    i.Uart3_Init        uart3.o
    0x0800c1ec   0x0800c1ec   0x00000018   Code   RO         5865    i.Uart3_SendPacket  uart3.o
    0x0800c204   0x0800c204   0x00000018   Code   RO         5922    i.Uart4_DMAConfiguration  uart4.o
    0x0800c21c   0x0800c21c   0x00000068   Code   RO         5923    i.Uart4_DMARecvDataPeek  uart4.o
    0x0800c284   0x0800c284   0x00000038   Code   RO         5924    i.Uart4_DMAReset    uart4.o
    0x0800c2bc   0x0800c2bc   0x00000008   Code   RO         5926    i.Uart4_Init        uart4.o
    0x0800c2c4   0x0800c2c4   0x00000018   Code   RO         5927    i.Uart4_SendPacket  uart4.o
    0x0800c2dc   0x0800c2dc   0x00000018   Code   RO         5984    i.Uart5_DMAConfiguration  uart5.o
    0x0800c2f4   0x0800c2f4   0x00000008   Code   RO         5988    i.Uart5_Init        uart5.o
    0x0800c2fc   0x0800c2fc   0x00000018   Code   RO         5989    i.Uart5_SendPacket  uart5.o
    0x0800c314   0x0800c314   0x00000018   Code   RO         6046    i.Uart6_DMAConfiguration  uart6.o
    0x0800c32c   0x0800c32c   0x00000068   Code   RO         6047    i.Uart6_DMARecvDataPeek  uart6.o
    0x0800c394   0x0800c394   0x00000038   Code   RO         6048    i.Uart6_DMAReset    uart6.o
    0x0800c3cc   0x0800c3cc   0x00000008   Code   RO         6050    i.Uart6_Init        uart6.o
    0x0800c3d4   0x0800c3d4   0x00000018   Code   RO         6051    i.Uart6_SendPacket  uart6.o
    0x0800c3ec   0x0800c3ec   0x00000018   Code   RO         6108    i.Uart7_DMAConfiguration  uart7.o
    0x0800c404   0x0800c404   0x00000008   Code   RO         6112    i.Uart7_Init        uart7.o
    0x0800c40c   0x0800c40c   0x00000018   Code   RO         6113    i.Uart7_SendPacket  uart7.o
    0x0800c424   0x0800c424   0x00000004   Code   RO          266    i.UsageFault_Handler  stm32f4xx_it.o
    0x0800c428   0x0800c428   0x000000e8   Code   RO         5018    i.Userparser_Init   userparser.o
    0x0800c510   0x0800c510   0x00000140   Code   RO         4274    i.WayContril        screen.o
    0x0800c650   0x0800c650   0x0000005c   Code   RO         5307    i.Write_Byte        iic.o
    0x0800c6ac   0x0800c6ac   0x00000010   Code   RO         1426    i.__NVIC_GetPriorityGrouping  stm32f4xx_hal_cortex.o
    0x0800c6bc   0x0800c6bc   0x00000028   Code   RO         1427    i.__NVIC_SetPriority  stm32f4xx_hal_cortex.o
    0x0800c6e4   0x0800c6e4   0x00000034   Code   RO         4275    i.anticlockwisedisplay  screen.o
    0x0800c718   0x0800c718   0x00000034   Code   RO         4276    i.clockwisedisplay  screen.o
    0x0800c74c   0x0800c74c   0x00000024   Code   RO         6353    i.cola_task_is_exists  cola_os.o
    0x0800c770   0x0800c770   0x00000074   Code   RO         6354    i.cola_task_loop    cola_os.o
    0x0800c7e4   0x0800c7e4   0x000000a8   Code   RO         6355    i.cola_timer_create  cola_os.o
    0x0800c88c   0x0800c88c   0x0000005c   Code   RO         6356    i.cola_timer_start  cola_os.o
    0x0800c8e8   0x0800c8e8   0x00000050   Code   RO         6358    i.cola_timer_ticker  cola_os.o
    0x0800c938   0x0800c938   0x00000004   Code   RO         6359    i.disable_irq       cola_os.o
    0x0800c93c   0x0800c93c   0x00000034   Code   RO         4277    i.draindisplay      screen.o
    0x0800c970   0x0800c970   0x0000003e   Code   RO         4278    i.freqdisplay       screen.o
    0x0800c9ae   0x0800c9ae   0x00000008   Code   RO         6361    i.get_pri           cola_os.o
    0x0800c9b6   0x0800c9b6   0x00000120   Code   RO         4279    i.injectiondisplay  screen.o
    0x0800cad6   0x0800cad6   0x00000044   Code   RO           29    i.main              main.o
    0x0800cb1a   0x0800cb1a   0x0000000a   Code   RO         6362    i.set_pri           cola_os.o
    0x0800cb24   0x0800cb24   0x00000036   Code   RO         4280    i.specidisplay      screen.o
    0x0800cb5a   0x0800cb5a   0x00000002   PAD
    0x0800cb5c   0x0800cb5c   0x00000050   Code   RO         4281    i.speeddisplay      screen.o
    0x0800cbac   0x0800cbac   0x00000038   Code   RO         4282    i.ssc_Connectfootpedal  screen.o
    0x0800cbe4   0x0800cbe4   0x00000038   Code   RO         4283    i.ssc_Connecthandel  screen.o
    0x0800cc1c   0x0800cc1c   0x00000022   Code   RO         4284    i.ssc_Connecttouch  screen.o
    0x0800cc3e   0x0800cc3e   0x00000002   PAD
    0x0800cc40   0x0800cc40   0x00000150   Code   RO         6466    x$fpl$dadd          fz_wm.l(daddsub_clz.o)
    0x0800cd90   0x0800cd90   0x000002b0   Code   RO         6473    x$fpl$ddiv          fz_wm.l(ddiv.o)
    0x0800d040   0x0800d040   0x0000005a   Code   RO         6476    x$fpl$dfixu         fz_wm.l(dfixu.o)
    0x0800d09a   0x0800d09a   0x00000026   Code   RO         6480    x$fpl$dfltu         fz_wm.l(dflt_clz.o)
    0x0800d0c0   0x0800d0c0   0x00000154   Code   RO         6486    x$fpl$dmul          fz_wm.l(dmul.o)
    0x0800d214   0x0800d214   0x0000009c   Code   RO         6495    x$fpl$dnaninf       fz_wm.l(dnaninf.o)
    0x0800d2b0   0x0800d2b0   0x0000000c   Code   RO         6497    x$fpl$dretinf       fz_wm.l(dretinf.o)
    0x0800d2bc   0x0800d2bc   0x000001d4   Code   RO         6468    x$fpl$dsub          fz_wm.l(daddsub_clz.o)
    0x0800d490   0x0800d490   0x0000000a   Code   RO         6606    x$fpl$fpinit        fz_wm.l(fpinit.o)
    0x0800d49a   0x0800d49a   0x00000000   Code   RO         6503    x$fpl$usenofp       fz_wm.l(usenofp.o)
    0x0800d49a   0x0800d49a   0x00000008   Data   RO         1118    .constdata          stm32f4xx_hal_dma.o
    0x0800d4a2   0x0800d4a2   0x00000018   Data   RO         3170    .constdata          system_stm32f4xx.o
    0x0800d4ba   0x0800d4ba   0x00000002   PAD
    0x0800d4bc   0x0800d4bc   0x0000000c   Data   RO         3861    .constdata          motor.o
    0x0800d4c8   0x0800d4c8   0x00000056   Data   RO         5675    .constdata          lcd.o
    0x0800d51e   0x0800d51e   0x00000002   PAD
    0x0800d520   0x0800d520   0x00000020   Data   RO         6664    Region$$Table       anon$$obj.o


    Execution Region RW_IRAM1 (Exec base: 0x20000000, Load base: 0x0800d540, Size: 0x00001b08, Max: 0x00050000, ABSOLUTE, COMPRESSED[0x00000290])

    Exec Addr    Load Addr    Size         Type   Attr      Idx    E Section Name        Object

    0x20000000   COMPRESSED   0x00000009   Data   RW         1580    .data               stm32f4xx_hal.o
    0x20000009   COMPRESSED   0x00000003   PAD
    0x2000000c   COMPRESSED   0x00000004   Data   RW         3171    .data               system_stm32f4xx.o
    0x20000010   COMPRESSED   0x00000003   Data   RW         3208    .data               beep.o
    0x20000013   COMPRESSED   0x00000200   Data   RW         3251    .data               common.o
    0x20000213   COMPRESSED   0x0000000c   Data   RW         3376    .data               drivectrl.o
    0x2000021f   COMPRESSED   0x00000001   PAD
    0x20000220   COMPRESSED   0x00000017   Data   RW         3564    .data               footpedal.o
    0x20000237   COMPRESSED   0x0000000e   Data   RW         3685    .data               handlekey.o
    0x20000245   COMPRESSED   0x00000012   Data   RW         3763    .data               handlescan.o
    0x20000257   COMPRESSED   0x00000061   Data   RW         3975    .data               pedal.o
    0x200002b8   COMPRESSED   0x00000048   Data   RW         4089    .data               pump.o
    0x20000300   COMPRESSED   0x00000115   Data   RW         4167    .data               radiofreq.o
    0x20000415   COMPRESSED   0x00000001   PAD
    0x20000416   COMPRESSED   0x0000002a   Data   RW         4286    .data               screen.o
    0x20000440   COMPRESSED   0x00000003   Data   RW         4857    .data               screenkey.o
    0x20000443   COMPRESSED   0x0000000b   Data   RW         4927    .data               splittype.o
    0x2000044e   COMPRESSED   0x00000002   PAD
    0x20000450   COMPRESSED   0x0000016c   Data   RW         5252    .data               data.o
    0x200005bc   COMPRESSED   0x00000006   Data   RW         5676    .data               lcd.o
    0x200005c2   COMPRESSED   0x00000004   Data   RW         5739    .data               uart1.o
    0x200005c6   COMPRESSED   0x00000004   Data   RW         5805    .data               uart2.o
    0x200005ca   COMPRESSED   0x00000004   Data   RW         5867    .data               uart3.o
    0x200005ce   COMPRESSED   0x00000004   Data   RW         5929    .data               uart4.o
    0x200005d2   COMPRESSED   0x00000004   Data   RW         6053    .data               uart6.o
    0x200005d6   COMPRESSED   0x00000007   Data   RW         6170    .data               ui_footpedalcalibration.o
    0x200005dd   COMPRESSED   0x00000003   PAD
    0x200005e0   COMPRESSED   0x00000005   Data   RW         6363    .data               cola_os.o
    0x200005e5   COMPRESSED   0x00000003   PAD
    0x200005e8        -       0x0000057c   Zero   RW           30    .bss                main.o
    0x20000b64        -       0x00000048   Zero   RW          481    .bss                stm32f4xx_hal_timebase_tim.o
    0x20000bac        -       0x00000020   Zero   RW          738    .bss                stm32f4xx_hal_flash.o
    0x20000bcc        -       0x00000080   Zero   RW         3375    .bss                drivectrl.o
    0x20000c4c        -       0x00000040   Zero   RW         3563    .bss                footpedal.o
    0x20000c8c        -       0x00000020   Zero   RW         3684    .bss                handlekey.o
    0x20000cac        -       0x00000020   Zero   RW         3762    .bss                handlescan.o
    0x20000ccc        -       0x00000020   Zero   RW         3911    .bss                motoruartdata.o
    0x20000cec        -       0x00000020   Zero   RW         3974    .bss                pedal.o
    0x20000d0c        -       0x00000190   Zero   RW         4285    .bss                screen.o
    0x20000e9c        -       0x00000040   Zero   RW         4856    .bss                screenkey.o
    0x20000edc        -       0x00000074   Zero   RW         4926    .bss                splittype.o
    0x20000f50        -       0x00000020   Zero   RW         5139    .bss                sysrunled.o
    0x20000f70        -       0x0000008f   Zero   RW         5251    .bss                data.o
    0x20000fff   COMPRESSED   0x00000001   PAD
    0x20001000        -       0x00000020   Zero   RW         5627    .bss                iwdg.o
    0x20001020        -       0x000000ff   Zero   RW         5738    .bss                uart1.o
    0x2000111f        -       0x00000096   Zero   RW         5804    .bss                uart2.o
    0x200011b5        -       0x00000096   Zero   RW         5866    .bss                uart3.o
    0x2000124b        -       0x00000096   Zero   RW         5928    .bss                uart4.o
    0x200012e1        -       0x00000096   Zero   RW         5990    .bss                uart5.o
    0x20001377        -       0x00000096   Zero   RW         6052    .bss                uart6.o
    0x2000140d        -       0x00000096   Zero   RW         6114    .bss                uart7.o
    0x200014a3   COMPRESSED   0x00000001   PAD
    0x200014a4        -       0x00000060   Zero   RW         6536    .bss                c_w.l(libspace.o)
    0x20001504   COMPRESSED   0x00000004   PAD
    0x20001508        -       0x00000200   Zero   RW            2    HEAP                startup_stm32f413xx.o
    0x20001708        -       0x00000400   Zero   RW            1    STACK               startup_stm32f413xx.o


==============================================================================

Image component sizes


      Code (inc. data)   RO Data    RW Data    ZI Data      Debug   Object Name

       388         22          0          3          0       1350   beep.o
       384         20          0          0          0        826   board.o
       514         34          0          5          0      11242   cola_os.o
       114         10          0        512          0       2697   common.o
         0          0          0        364        143       7737   data.o
        62          6          0          0          0       1118   delay.o
      3760        186          0         12        128       6980   drivectrl.o
        76          0          0          0          0       2239   eeprom.o
       366         44          0          0          0       3599   flash.o
      3988        132          0         23         64       9543   footpedal.o
       756         70          0         14         32       5326   handlekey.o
      1486        134          0         18         32       8248   handlescan.o
       658         36          0          0          0       5699   iic.o
        42          8          0          0         32       1752   iwdg.o
      1628         66         86          6          0       6267   lcd.o
      1414        130          0          0       1404     722623   main.o
       408         32         12          0          0       3100   motor.o
       770         48          0          0         32       3551   motoruartdata.o
       388         20          0          0          0       4899   onewirei.o
       388         20          0          0          0       4930   onewireii.o
      1244         82          0         97         32      10068   pedal.o
       236         22          0         72          0       4400   pump.o
       328         14          0        277          0       5937   radiofreq.o
     15488        686          0         42        400      56679   screen.o
       990         46          0          3         64       3778   screenkey.o
       598         78          0         11        116       4788   splittype.o
        64         26        472          0       1536        852   startup_stm32f413xx.o
        96         20          0          9          0       8254   stm32f4xx_hal.o
       260         22          0          0          0      33606   stm32f4xx_hal_cortex.o
      1436         16          8          0          0       7102   stm32f4xx_hal_dma.o
       668         62          0          0         32       6062   stm32f4xx_hal_flash.o
       432         26          0          0          0       3310   stm32f4xx_hal_flash_ex.o
       560         44          0          0          0       4107   stm32f4xx_hal_gpio.o
      1692        124          0          0          0       3732   stm32f4xx_hal_msp.o
       708         70          0          0          0       4753   stm32f4xx_hal_rcc.o
      1200         24          0          0          0       2000   stm32f4xx_hal_rcc_ex.o
      1030        106          0          0          0       6880   stm32f4xx_hal_tim.o
       184         30          0          0          0       2565   stm32f4xx_hal_tim_ex.o
       180         20          0          0         72       1467   stm32f4xx_hal_timebase_tim.o
      3006         34          0          0          0      17685   stm32f4xx_hal_uart.o
       322        102          0          0          0      13684   stm32f4xx_it.o
        52         14          0          0         32       1316   sysrunled.o
        20          6         24          4          0       1131   system_stm32f4xx.o
       216         48          0          4        255       3541   uart1.o
       192         44          0          4        150       2926   uart2.o
       176         44          0          4        150       3517   uart3.o
       216         48          0          4        150       3537   uart4.o
        56         14          0          0        150       2381   uart5.o
       216         48          0          4        150       3537   uart6.o
        56         14          0          0        150       2381   uart7.o
       936         34          0          7          0       1342   ui_footpedalcalibration.o
       116          6          0          0          0        675   ui_start.o
       476         26          0          0          0       1920   userparser.o

    ----------------------------------------------------------------------
     51084       3018        638       1512       5308    1043639   Object Totals
         0          0         32          0          0          0   (incl. Generated)
        44          0          4         13          2          0   (incl. Padding)

    ----------------------------------------------------------------------

      Code (inc. data)   RO Data    RW Data    ZI Data      Debug   Library Member Name

        90          0          0          0          0          0   __dczerorl2.o
         8          0          0          0          0         68   __main.o
         0          0          0          0          0          0   __rtentry.o
        12          0          0          0          0          0   __rtentry2.o
         6          0          0          0          0          0   __rtentry4.o
        52          8          0          0          0          0   __scatter.o
        28          0          0          0          0          0   __scatter_zi.o
        18          0          0          0          0         80   exit.o
         6          0          0          0          0        152   heapauxi.o
         0          0          0          0          0          0   indicate_semi.o
         2          0          0          0          0          0   libinit.o
         6          0          0          0          0          0   libinit2.o
         2          0          0          0          0          0   libshutdown.o
         2          0          0          0          0          0   libshutdown2.o
         8          4          0          0         96         68   libspace.o
       238          0          0          0          0        100   lludivv7m.o
        68          0          0          0          0         68   rt_memclr.o
        78          0          0          0          0         80   rt_memclr_w.o
         2          0          0          0          0          0   rtexit.o
        10          0          0          0          0          0   rtexit2.o
        12          4          0          0          0         68   sys_exit.o
        74          0          0          0          0         80   sys_stackheap_outer.o
         2          0          0          0          0         68   use_no_semi.o
       804         16          0          0          0        368   daddsub_clz.o
       688        140          0          0          0        256   ddiv.o
        90          4          0          0          0        140   dfixu.o
        38          0          0          0          0        116   dflt_clz.o
       340         12          0          0          0        152   dmul.o
       156          4          0          0          0        140   dnaninf.o
        12          0          0          0          0        116   dretinf.o
        10          0          0          0          0        116   fpinit.o
         0          0          0          0          0          0   usenofp.o

    ----------------------------------------------------------------------
      2870        192          0          0        100       2236   Library Totals
         8          0          0          0          4          0   (incl. Padding)

    ----------------------------------------------------------------------

      Code (inc. data)   RO Data    RW Data    ZI Data      Debug   Library Name

       724         16          0          0         96        832   c_w.l
      2138        176          0          0          0       1404   fz_wm.l

    ----------------------------------------------------------------------
      2870        192          0          0        100       2236   Library Totals

    ----------------------------------------------------------------------

==============================================================================


      Code (inc. data)   RO Data    RW Data    ZI Data      Debug   

     53954       3210        638       1512       5408    1012463   Grand Totals
     53954       3210        638        656       5408    1012463   ELF Image Totals (compressed)
     53954       3210        638        656          0          0   ROM Totals

==============================================================================

    Total RO  Size (Code + RO Data)                54592 (  53.31kB)
    Total RW  Size (RW Data + ZI Data)              6920 (   6.76kB)
    Total ROM Size (Code + RO Data + RW Data)      55248 (  53.95kB)

==============================================================================

