<html>
<body>
<pre>
<h1>�Vision Build Log</h1>
<h2>Tool Versions:</h2>
IDE-Version: ��Vision V5.25.2.0
Copyright (C) 2018 ARM Ltd and ARM Germany GmbH. All rights reserved.
License Information: ssc Dell, zrkj, LIC=LSNXV-PT3A1-RA6DM-XNCI6-L12VQ-Z1P0Q
 
Tool Versions:
Toolchain:       MDK-ARM Plus  Version: 5.25.2.0
Toolchain Path:  C:\Keil_v5\ARM\ARMCC\Bin
C Compiler:      Armcc.exe V5.06 update 6 (build 750)
Assembler:       Armasm.exe V5.06 update 6 (build 750)
Linker/Locator:  ArmLink.exe V5.06 update 6 (build 750)
Library Manager: ArmAr.exe V5.06 update 6 (build 750)
Hex Converter:   FromElf.exe V5.06 update 6 (build 750)
CPU DLL:         SARMCM3.DLL V5.25.2.0
Dialog DLL:      DCM.DLL V1.17.1.0
Target DLL:      STLink\ST-LINKIII-KEIL_SWO.dll V3.0.1.0
Dialog DLL:      TCM.DLL V1.35.1.0
 
<h2>Project:</h2>
D:\EH_main\soft\F413EXOsSSCH_RTOSV1.5-EH_mainReconstructV1\F413EXOsSSCH_RTOSV1.5-EH_mainReconstruct\MDK-ARM\MainCtrlF413MXOs.uvprojx
Project File Date:  04/23/2026

<h2>Output:</h2>
*** Using Compiler 'V5.06 update 6 (build 750)', folder: 'C:\Keil_v5\ARM\ARMCC\Bin'
Build target 'MainCtrlF413MXOs'
assembling startup_stm32f413xx.s...
compiling gpio.c...
compiling stm32f4xx_hal_timebase_tim.c...
compiling stm32f4xx_it.c...
compiling tim.c...
compiling stm32f4xx_hal_msp.c...
compiling iwdg.c...
compiling dma.c...
compiling stm32f4xx_hal_tim_ex.c...
compiling usart.c...
compiling freertos.c...
compiling main.c...
compiling stm32f4xx_hal_rcc.c...
compiling app_task.c...
compiling stm32f4xx_hal_flash.c...
compiling stm32f4xx_hal_tim.c...
compiling stm32f4xx_hal_rcc_ex.c...
compiling stm32f4xx_hal_pwr.c...
compiling stm32f4xx_hal_flash_ex.c...
compiling stm32f4xx_hal_pwr_ex.c...
compiling stm32f4xx_hal_flash_ramfunc.c...
compiling stm32f4xx_hal_dma.c...
compiling stm32f4xx_hal.c...
compiling app_bootstrap.c...
compiling stm32f4xx_hal_gpio.c...
compiling kernel_entry.c...
compiling stm32f4xx_hal_cortex.c...
compiling kernel_scheduler.c...
compiling stm32f4xx_hal_exti.c...
compiling common.c...
compiling connectscan.c...
compiling stm32f4xx_hal_dma_ex.c...
compiling dircurrent.c...
compiling stm32f4xx_hal_i2c.c...
compiling handledata.c...
compiling stm32f4xx_hal_uart.c...
compiling system_stm32f4xx.c...
compiling beep.c...
compiling stm32f4xx_hal_i2c_ex.c...
compiling bsp_uart.c...
compiling footpedal.c...
../User/Application/include/screen.h(544): warning:  #1295-D: Deprecated declaration ALARMdisplay - give arg types
  void ALARMdisplay();
../User/Application/include/screen.h(547): warning:  #1295-D: Deprecated declaration PoweronInit - give arg types
  void PoweronInit();//上电初始�?
../User/Application/include/screen.h(566): warning:  #1295-D: Deprecated declaration SscDisplayInit - give arg types
  void SscDisplayInit();
../User/Application/include/screen.h(577): warning:  #1295-D: Deprecated declaration SscDisplayManage - give arg types
  void SscDisplayManage();
..\User\Application\FootPedal\footpedal.c: 4 warnings, 0 errors
compiling hw_bootstrap.c...
compiling encryption.c...
compiling drivectrl.c...
../User/Application/include/screen.h(544): warning:  #1295-D: Deprecated declaration ALARMdisplay - give arg types
  void ALARMdisplay();
../User/Application/include/screen.h(547): warning:  #1295-D: Deprecated declaration PoweronInit - give arg types
  void PoweronInit();//上电初始�?
../User/Application/include/screen.h(566): warning:  #1295-D: Deprecated declaration SscDisplayInit - give arg types
  void SscDisplayInit();
../User/Application/include/screen.h(577): warning:  #1295-D: Deprecated declaration SscDisplayManage - give arg types
  void SscDisplayManage();
..\User\Application\DriveCtrl\drivectrl.c(384): warning:  #111-D: statement is unreachable
  				break;
..\User\Application\DriveCtrl\drivectrl.c(388): warning:  #111-D: statement is unreachable
  				break;
..\User\Application\DriveCtrl\drivectrl.c(395): warning:  #111-D: statement is unreachable
  				break;
..\User\Application\DriveCtrl\drivectrl.c(399): warning:  #111-D: statement is unreachable
  				break;
..\User\Application\DriveCtrl\drivectrl.c(400): warning:  #111-D: statement is unreachable
  			break;
..\User\Application\DriveCtrl\drivectrl.c(406): warning:  #111-D: statement is unreachable
  			break;
..\User\Application\DriveCtrl\drivectrl.c(440): warning:  #111-D: statement is unreachable
  					break;
..\User\Application\DriveCtrl\drivectrl.c(450): warning:  #111-D: statement is unreachable
  					break;
..\User\Application\DriveCtrl\drivectrl.c(496): warning:  #111-D: statement is unreachable
  				break;
..\User\Application\DriveCtrl\drivectrl.c(499): warning:  #111-D: statement is unreachable
  				break;
..\User\Application\DriveCtrl\drivectrl.c(509): warning:  #111-D: statement is unreachable
  				break;
..\User\Application\DriveCtrl\drivectrl.c(510): warning:  #111-D: statement is unreachable
  			break;
..\User\Application\DriveCtrl\drivectrl.c(518): warning:  #111-D: statement is unreachable
  			break;
..\User\Application\DriveCtrl\drivectrl.c(552): warning:  #111-D: statement is unreachable
  			  break;
..\User\Application\DriveCtrl\drivectrl.c: 18 warnings, 0 errors
compiling stm32f4xx_hal_iwdg.c...
compiling radiofreq.c...
compiling screen.c...
../User/Application/include/screen.h(544): warning:  #1295-D: Deprecated declaration ALARMdisplay - give arg types
  void ALARMdisplay();
../User/Application/include/screen.h(547): warning:  #1295-D: Deprecated declaration PoweronInit - give arg types
  void PoweronInit();//上电初始�?
../User/Application/include/screen.h(566): warning:  #1295-D: Deprecated declaration SscDisplayInit - give arg types
  void SscDisplayInit();
../User/Application/include/screen.h(577): warning:  #1295-D: Deprecated declaration SscDisplayManage - give arg types
  void SscDisplayManage();
..\User\Application\Screen\screen.c: 4 warnings, 0 errors
compiling motor.c...
compiling motoruartdata.c...
../User/Application/include/screen.h(544): warning:  #1295-D: Deprecated declaration ALARMdisplay - give arg types
  void ALARMdisplay();
../User/Application/include/screen.h(547): warning:  #1295-D: Deprecated declaration PoweronInit - give arg types
  void PoweronInit();//上电初始�?
../User/Application/include/screen.h(566): warning:  #1295-D: Deprecated declaration SscDisplayInit - give arg types
  void SscDisplayInit();
../User/Application/include/screen.h(577): warning:  #1295-D: Deprecated declaration SscDisplayManage - give arg types
  void SscDisplayManage();
..\User\Application\MotorUartData\motoruartdata.c: 4 warnings, 0 errors
compiling param.c...
../User/Application/include/screen.h(544): warning:  #1295-D: Deprecated declaration ALARMdisplay - give arg types
  void ALARMdisplay();
../User/Application/include/screen.h(547): warning:  #1295-D: Deprecated declaration PoweronInit - give arg types
  void PoweronInit();//上电初始�?
../User/Application/include/screen.h(566): warning:  #1295-D: Deprecated declaration SscDisplayInit - give arg types
  void SscDisplayInit();
../User/Application/include/screen.h(577): warning:  #1295-D: Deprecated declaration SscDisplayManage - give arg types
  void SscDisplayManage();
..\User\Application\ScreenKey\param.c: 4 warnings, 0 errors
compiling screenkey.c...
../User/Application/include/screen.h(544): warning:  #1295-D: Deprecated declaration ALARMdisplay - give arg types
  void ALARMdisplay();
../User/Application/include/screen.h(547): warning:  #1295-D: Deprecated declaration PoweronInit - give arg types
  void PoweronInit();//上电初始�?
../User/Application/include/screen.h(566): warning:  #1295-D: Deprecated declaration SscDisplayInit - give arg types
  void SscDisplayInit();
../User/Application/include/screen.h(577): warning:  #1295-D: Deprecated declaration SscDisplayManage - give arg types
  void SscDisplayManage();
..\User\Application\ScreenKey\screenkey.c: 4 warnings, 0 errors
compiling pedal.c...
../User/Application/include/screen.h(544): warning:  #1295-D: Deprecated declaration ALARMdisplay - give arg types
  void ALARMdisplay();
../User/Application/include/screen.h(547): warning:  #1295-D: Deprecated declaration PoweronInit - give arg types
  void PoweronInit();//上电初始�?
../User/Application/include/screen.h(566): warning:  #1295-D: Deprecated declaration SscDisplayInit - give arg types
  void SscDisplayInit();
../User/Application/include/screen.h(577): warning:  #1295-D: Deprecated declaration SscDisplayManage - give arg types
  void SscDisplayManage();
..\User\Application\Pedal\pedal.c: 4 warnings, 0 errors
compiling data.c...
compiling splittype.c...
../User/Application/include/screen.h(544): warning:  #1295-D: Deprecated declaration ALARMdisplay - give arg types
  void ALARMdisplay();
../User/Application/include/screen.h(547): warning:  #1295-D: Deprecated declaration PoweronInit - give arg types
  void PoweronInit();//上电初始�?
../User/Application/include/screen.h(566): warning:  #1295-D: Deprecated declaration SscDisplayInit - give arg types
  void SscDisplayInit();
../User/Application/include/screen.h(577): warning:  #1295-D: Deprecated declaration SscDisplayManage - give arg types
  void SscDisplayManage();
..\User\Application\SplitType\splittype.c: 4 warnings, 0 errors
compiling handlescan.c...
../User/Application/include/screen.h(544): warning:  #1295-D: Deprecated declaration ALARMdisplay - give arg types
  void ALARMdisplay();
../User/Application/include/screen.h(547): warning:  #1295-D: Deprecated declaration PoweronInit - give arg types
  void PoweronInit();//上电初始�?
../User/Application/include/screen.h(566): warning:  #1295-D: Deprecated declaration SscDisplayInit - give arg types
  void SscDisplayInit();
../User/Application/include/screen.h(577): warning:  #1295-D: Deprecated declaration SscDisplayManage - give arg types
  void SscDisplayManage();
..\User\Application\Handle\handlescan.c: 4 warnings, 0 errors
compiling handlekey.c...
../User/Application/include/screen.h(544): warning:  #1295-D: Deprecated declaration ALARMdisplay - give arg types
  void ALARMdisplay();
../User/Application/include/screen.h(547): warning:  #1295-D: Deprecated declaration PoweronInit - give arg types
  void PoweronInit();//上电初始�?
../User/Application/include/screen.h(566): warning:  #1295-D: Deprecated declaration SscDisplayInit - give arg types
  void SscDisplayInit();
../User/Application/include/screen.h(577): warning:  #1295-D: Deprecated declaration SscDisplayManage - give arg types
  void SscDisplayManage();
..\User\Application\Handle\handlekey.c: 4 warnings, 0 errors
compiling userparser.c...
../User/Application/include/screen.h(544): warning:  #1295-D: Deprecated declaration ALARMdisplay - give arg types
  void ALARMdisplay();
../User/Application/include/screen.h(547): warning:  #1295-D: Deprecated declaration PoweronInit - give arg types
  void PoweronInit();//上电初始�?
../User/Application/include/screen.h(566): warning:  #1295-D: Deprecated declaration SscDisplayInit - give arg types
  void SscDisplayInit();
../User/Application/include/screen.h(577): warning:  #1295-D: Deprecated declaration SscDisplayManage - give arg types
  void SscDisplayManage();
..\User\Application\Src\userparser.c: 4 warnings, 0 errors
compiling warn.c...
../User/Application/include/screen.h(544): warning:  #1295-D: Deprecated declaration ALARMdisplay - give arg types
  void ALARMdisplay();
../User/Application/include/screen.h(547): warning:  #1295-D: Deprecated declaration PoweronInit - give arg types
  void PoweronInit();//上电初始�?
../User/Application/include/screen.h(566): warning:  #1295-D: Deprecated declaration SscDisplayInit - give arg types
  void SscDisplayInit();
../User/Application/include/screen.h(577): warning:  #1295-D: Deprecated declaration SscDisplayManage - give arg types
  void SscDisplayManage();
..\User\Application\Warn\warn.c: 4 warnings, 0 errors
compiling Serialportpro.c...
..\User\Application\SerialPortPro\Serialportpro.c(2): warning:  #1-D: last line of file ends without a newline
  #include "Serialportpro.h"
..\User\Application\SerialPortPro\Serialportpro.c: 1 warning, 0 errors
compiling iic.c...
compiling eeprom.c...
compiling pump.c...
compiling sysrunled.c...
compiling datahand.c...
../User/Application/include/screen.h(544): warning:  #1295-D: Deprecated declaration ALARMdisplay - give arg types
  void ALARMdisplay();
../User/Application/include/screen.h(547): warning:  #1295-D: Deprecated declaration PoweronInit - give arg types
  void PoweronInit();//上电初始�?
../User/Application/include/screen.h(566): warning:  #1295-D: Deprecated declaration SscDisplayInit - give arg types
  void SscDisplayInit();
../User/Application/include/screen.h(577): warning:  #1295-D: Deprecated declaration SscDisplayManage - give arg types
  void SscDisplayManage();
..\User\Application\DataHand\datahand.c: 4 warnings, 0 errors
compiling lcd.c...
compiling board.c...
compiling led.c...
compiling i2c.c...
compiling OneWireII.c...
compiling OneWireI.c...
compiling delay.c...
compiling iwdg.c...
compiling uart3.c...
compiling at24cs32_crc_verify.c...
compiling flash.c...
compiling uart4.c...
compiling at24cs32.c...
compiling uart2.c...
compiling uart1.c...
compiling uart5.c...
compiling uart6.c...
compiling UI_FootPedalCalibration.c...
../User/Application/include/screen.h(544): warning:  #1295-D: Deprecated declaration ALARMdisplay - give arg types
  void ALARMdisplay();
../User/Application/include/screen.h(547): warning:  #1295-D: Deprecated declaration PoweronInit - give arg types
  void PoweronInit();//上电初始�?
../User/Application/include/screen.h(566): warning:  #1295-D: Deprecated declaration SscDisplayInit - give arg types
  void SscDisplayInit();
../User/Application/include/screen.h(577): warning:  #1295-D: Deprecated declaration SscDisplayManage - give arg types
  void SscDisplayManage();
..\User\UI\src\UI_FootPedalCalibration.c: 4 warnings, 0 errors
compiling uart7.c...
compiling UI_ModelConfiguration.c...
compiling UI_Main.c...
../User/Application/include/screen.h(544): warning:  #1295-D: Deprecated declaration ALARMdisplay - give arg types
  void ALARMdisplay();
../User/Application/include/screen.h(547): warning:  #1295-D: Deprecated declaration PoweronInit - give arg types
  void PoweronInit();//上电初始�?
../User/Application/include/screen.h(566): warning:  #1295-D: Deprecated declaration SscDisplayInit - give arg types
  void SscDisplayInit();
../User/Application/include/screen.h(577): warning:  #1295-D: Deprecated declaration SscDisplayManage - give arg types
  void SscDisplayManage();
..\User\UI\src\UI_Main.c: 4 warnings, 0 errors
compiling UI_Start.c...
../User/Application/include/screen.h(544): warning:  #1295-D: Deprecated declaration ALARMdisplay - give arg types
  void ALARMdisplay();
../User/Application/include/screen.h(547): warning:  #1295-D: Deprecated declaration PoweronInit - give arg types
  void PoweronInit();//上电初始�?
../User/Application/include/screen.h(566): warning:  #1295-D: Deprecated declaration SscDisplayInit - give arg types
  void SscDisplayInit();
../User/Application/include/screen.h(577): warning:  #1295-D: Deprecated declaration SscDisplayManage - give arg types
  void SscDisplayManage();
..\User\UI\src\UI_Start.c: 4 warnings, 0 errors
compiling UI_Password.c...
../User/Application/include/screen.h(544): warning:  #1295-D: Deprecated declaration ALARMdisplay - give arg types
  void ALARMdisplay();
../User/Application/include/screen.h(547): warning:  #1295-D: Deprecated declaration PoweronInit - give arg types
  void PoweronInit();//上电初始�?
../User/Application/include/screen.h(566): warning:  #1295-D: Deprecated declaration SscDisplayInit - give arg types
  void SscDisplayInit();
../User/Application/include/screen.h(577): warning:  #1295-D: Deprecated declaration SscDisplayManage - give arg types
  void SscDisplayManage();
..\User\UI\src\UI_Password.c: 4 warnings, 0 errors
compiling tracealyzer_recorder.c...
compiling soft_uart.c...
compiling trcAssert.c...
compiling trcCounter.c...
compiling trcEntryTable.c...
compiling trcDiagnostics.c...
compiling trcDependency.c...
..\User\Tracealyzer\TraceRecorder\trcDependency.c(40): warning:  #111-D: statement is unreachable
  		break;
..\User\Tracealyzer\TraceRecorder\trcDependency.c: 1 warning, 0 errors
compiling trcError.c...
..\User\Tracealyzer\TraceRecorder\trcError.c(171): warning:  #111-D: statement is unreachable
  		break;
..\User\Tracealyzer\TraceRecorder\trcError.c(178): warning:  #111-D: statement is unreachable
  		break;
..\User\Tracealyzer\TraceRecorder\trcError.c(194): warning:  #111-D: statement is unreachable
  		break;
..\User\Tracealyzer\TraceRecorder\trcError.c: 3 warnings, 0 errors
compiling trcEventBuffer.c...
..\User\Tracealyzer\TraceRecorder\trcEventBuffer.c(392): warning:  #111-D: statement is unreachable
  			break;
..\User\Tracealyzer\TraceRecorder\trcEventBuffer.c: 1 warning, 0 errors
compiling trcExtension.c...
compiling trcHardwarePort.c...
compiling trcHeap.c...
compiling trcEvent.c...
compiling trcInterval.c...
compiling trcInternalEventBuffer.c...
compiling trcKernelPort.c...
compiling trcMultiCoreEventBuffer.c...
compiling trcStackMonitor.c...
compiling trcISR.c...
compiling trcStateMachine.c...
compiling SEGGER_RTT.c...
compiling trcRunnable.c...
compiling trcStaticBuffer.c...
compiling trcObject.c...
compiling trcString.c...
compiling trcPrint.c...
compiling trcStreamingRecorder.c...
compiling trcTask.c...
..\User\Tracealyzer\TraceRecorder\trcTask.c(55): warning:  #174-D: expression has no effect
  	xTraceStackMonitorRemove(pvTask);
..\User\Tracealyzer\TraceRecorder\trcTask.c: 1 warning, 0 errors
compiling trcTimestamp.c...
compiling croutine.c...
compiling trcStreamPort.c...
compiling list.c...
compiling queue.c...
compiling stream_buffer.c...
compiling timers.c...
compiling event_groups.c...
compiling cmsis_os2.c...
compiling tasks.c...
../Middlewares/Third_Party/FreeRTOS/Source/tasks.c(1132): warning:  #174-D: expression has no effect
  		traceTASK_CREATE( pxNewTCB );
../Middlewares/Third_Party/FreeRTOS/Source/tasks.c(1214): warning:  #174-D: expression has no effect
  				traceTASK_DELETE( pxTCB );
../Middlewares/Third_Party/FreeRTOS/Source/tasks.c(1226): warning:  #174-D: expression has no effect
  				traceTASK_DELETE( pxTCB );
../Middlewares/Third_Party/FreeRTOS/Source/tasks.c: 3 warnings, 0 errors
compiling heap_4.c...
compiling port.c...
linking...
Program Size: Code=83650 RO-data=826 RW-data=2392 ZI-data=51464  
FromELF: creating hex file...
".\MainCtrlF413MXOs\MainCtrlF413MXOs.axf" - 0 Error(s), 92 Warning(s).

<h2>Software Packages used:</h2>

Package Vendor: ARM
                http://www.keil.com/pack/ARM.CMSIS.5.3.0.pack
                ARM.CMSIS.5.3.0
                CMSIS (Cortex Microcontroller Software Interface Standard)
   * Component: CORE Version: 5.1.1

Package Vendor: Keil
                http://www.keil.com/pack/Keil.STM32F4xx_DFP.2.15.0.pack
                Keil.STM32F4xx_DFP.2.15.0
                STMicroelectronics STM32F4 Series Device Support, Drivers and Examples

<h2>Collection of Component include folders:</h2>
  .\RTE\_MainCtrlF413MXOs
  C:\Keil_v5\ARM\PACK\ARM\CMSIS\5.3.0\CMSIS\Include
  C:\Keil_v5\ARM\PACK\Keil\STM32F4xx_DFP\2.15.0\Drivers\CMSIS\Device\ST\STM32F4xx\Include

<h2>Collection of Component Files used:</h2>

   * Component: ARM::CMSIS:CORE:5.1.1
Build Time Elapsed:  00:01:31
</pre>
</body>
</html>
