<html>
<body>
<pre>
<h1>�Vision Build Log</h1>
<h2>Tool Versions:</h2>
IDE-Version: ��Vision V5.36.0.0
Copyright (C) 2021 ARM Ltd and ARM Germany GmbH. All rights reserved.
License Information: ssc lenovo, ssc, LIC=03C6R-KGFIQ-UHQ8H-WGHRR-PF18K-KNIBJ
 
Tool Versions:
Toolchain:       MDK-ARM Plus  Version: 5.36.0.0
Toolchain Path:  C:\Keil_v5\ARM\ARMCC\Bin
C Compiler:      Armcc.exe V5.06 update 7 (build 960)
Assembler:       Armasm.exe V5.06 update 7 (build 960)
Linker/Locator:  ArmLink.exe V5.06 update 7 (build 960)
Library Manager: ArmAr.exe V5.06 update 7 (build 960)
Hex Converter:   FromElf.exe V5.06 update 7 (build 960)
CPU DLL:         SARMCM3.DLL V5.36.0.0
Dialog DLL:      DCM.DLL V1.17.3.0
Target DLL:      STLink\ST-LINKIII-KEIL_SWO.dll V3.0.9.0
Dialog DLL:      TCM.DLL V1.53.0.0
 
<h2>Project:</h2>
D:\sourcecode\F413EXOsSSCHDW0917\F413EXOsSSCH\MDK-ARM\MainCtrlF413MXOs.uvprojx
Project File Date:  02/27/2026

<h2>Output:</h2>
*** Using Compiler 'V5.06 update 7 (build 960)', folder: 'C:\Keil_v5\ARM\ARMCC\Bin'
Rebuild target 'MainCtrlF413MXOs'
assembling startup_stm32f413xx.s...
compiling main.c...
../Src/main.c(203): warning:  #177-D: function "MX_IWDG_Init"  was declared but never referenced
  static void MX_IWDG_Init(void)
../Src/main.c: 1 warning, 0 errors
compiling stm32f4xx_it.c...
compiling stm32f4xx_hal_timebase_tim.c...
compiling stm32f4xx_hal_msp.c...
compiling stm32f4xx_hal_iwdg.c...
compiling stm32f4xx_hal_rcc.c...
compiling stm32f4xx_hal_rcc_ex.c...
compiling stm32f4xx_hal_flash.c...
compiling stm32f4xx_hal_flash_ramfunc.c...
compiling stm32f4xx_hal_flash_ex.c...
compiling stm32f4xx_hal_gpio.c...
compiling stm32f4xx_hal_dma_ex.c...
compiling stm32f4xx_hal_dma.c...
compiling stm32f4xx_hal_pwr.c...
compiling stm32f4xx_hal_pwr_ex.c...
compiling stm32f4xx_hal_cortex.c...
compiling stm32f4xx_hal_exti.c...
compiling stm32f4xx_hal.c...
compiling stm32f4xx_hal_tim_ex.c...
compiling stm32f4xx_hal_tim.c...
compiling stm32f4xx_hal_uart.c...
compiling system_stm32f4xx.c...
compiling common.c...
..\User\Application\Common\common.c(162): warning:  #1035-D: single-precision operand implicitly converted to double-precision
  				temp1=(uint32_t )(temp*0.58);//灌注
..\User\Application\Common\common.c(167): warning:  #1035-D: single-precision operand implicitly converted to double-precision
  				temp1=(uint32_t )temp*(temp*0.02+2.1);//注水
..\User\Application\Common\common.c(170): warning:  #1035-D: single-precision operand implicitly converted to double-precision
  				temp1=(uint32_t )(temp-10)*(temp*0.02+2.1);
..\User\Application\Common\common.c(173): warning:  #1035-D: single-precision operand implicitly converted to double-precision
  				temp1=(uint32_t )(temp-5)*(temp*0.02+2.1);
..\User\Application\Common\common.c(176): warning:  #1035-D: single-precision operand implicitly converted to double-precision
  				temp1=(uint32_t )(temp-3)*(temp*0.02+2.3);
..\User\Application\Common\common.c(179): warning:  #1035-D: single-precision operand implicitly converted to double-precision
  					temp1 = (uint32_t )(temp*2.5);	
..\User\Application\Common\common.c: 6 warnings, 0 errors
compiling connectscan.c...
compiling dircurrent.c...
compiling beep.c...
compiling drivectrl.c...
../User/Application/include/screen.h(544): warning:  #1295-D: Deprecated declaration ALARMdisplay - give arg types
  void ALARMdisplay();
../User/Application/include/screen.h(547): warning:  #1295-D: Deprecated declaration PoweronInit - give arg types
  void PoweronInit();//上电初始�?
../User/Application/include/screen.h(566): warning:  #1295-D: Deprecated declaration SscDisplayInit - give arg types
  void SscDisplayInit();
../User/Application/include/screen.h(577): warning:  #1295-D: Deprecated declaration SscDisplayManage - give arg types
  void SscDisplayManage();
..\User\Application\DriveCtrl\drivectrl.c(390): warning:  #111-D: statement is unreachable
  				break;
..\User\Application\DriveCtrl\drivectrl.c(394): warning:  #111-D: statement is unreachable
  				break;
..\User\Application\DriveCtrl\drivectrl.c(401): warning:  #111-D: statement is unreachable
  				break;
..\User\Application\DriveCtrl\drivectrl.c(405): warning:  #111-D: statement is unreachable
  				break;
..\User\Application\DriveCtrl\drivectrl.c(406): warning:  #111-D: statement is unreachable
  			break;
..\User\Application\DriveCtrl\drivectrl.c(412): warning:  #111-D: statement is unreachable
  			break;
..\User\Application\DriveCtrl\drivectrl.c(446): warning:  #111-D: statement is unreachable
  					break;
..\User\Application\DriveCtrl\drivectrl.c(456): warning:  #111-D: statement is unreachable
  					break;
..\User\Application\DriveCtrl\drivectrl.c(502): warning:  #111-D: statement is unreachable
  				break;
..\User\Application\DriveCtrl\drivectrl.c(505): warning:  #111-D: statement is unreachable
  				break;
..\User\Application\DriveCtrl\drivectrl.c(515): warning:  #111-D: statement is unreachable
  				break;
..\User\Application\DriveCtrl\drivectrl.c(516): warning:  #111-D: statement is unreachable
  			break;
..\User\Application\DriveCtrl\drivectrl.c(524): warning:  #111-D: statement is unreachable
  			break;
..\User\Application\DriveCtrl\drivectrl.c(558): warning:  #111-D: statement is unreachable
  			  break;
..\User\Application\DriveCtrl\drivectrl.c(305): warning:  #550-D: variable "stop_channel"  was set but never used
  	static uint8_t stop_channel=0;
..\User\Application\DriveCtrl\drivectrl.c(308): warning:  #177-D: variable "MX_YIM_play_speed"  was declared but never referenced
  	uint32_t MX_YIM_play_speed=0;
..\User\Application\DriveCtrl\drivectrl.c(311): warning:  #550-D: variable "stop_counts"  was set but never used
  	static uint8_t stop_counts=0;
..\User\Application\DriveCtrl\drivectrl.c: 21 warnings, 0 errors
compiling encryption.c...
compiling handledata.c...
compiling footpedal.c...
../User/Application/include/screen.h(544): warning:  #1295-D: Deprecated declaration ALARMdisplay - give arg types
  void ALARMdisplay();
../User/Application/include/screen.h(547): warning:  #1295-D: Deprecated declaration PoweronInit - give arg types
  void PoweronInit();//上电初始�?
../User/Application/include/screen.h(566): warning:  #1295-D: Deprecated declaration SscDisplayInit - give arg types
  void SscDisplayInit();
../User/Application/include/screen.h(577): warning:  #1295-D: Deprecated declaration SscDisplayManage - give arg types
  void SscDisplayManage();
..\User\Application\FootPedal\footpedal.c(454): warning:  #177-D: variable "Memory_times"  was declared but never referenced
  	static uint8_t Memory_times=0;
..\User\Application\FootPedal\footpedal.c(1487): warning:  #167-D: argument of type "void (*)()" is incompatible with parameter of type "cbFunc"
  	cola_timer_create(&FootThrottleHandle, FootThrottleTask);
..\User\Application\FootPedal\footpedal.c: 6 warnings, 0 errors
compiling handlekey.c...
../User/Application/include/screen.h(544): warning:  #1295-D: Deprecated declaration ALARMdisplay - give arg types
  void ALARMdisplay();
../User/Application/include/screen.h(547): warning:  #1295-D: Deprecated declaration PoweronInit - give arg types
  void PoweronInit();//上电初始�?
../User/Application/include/screen.h(566): warning:  #1295-D: Deprecated declaration SscDisplayInit - give arg types
  void SscDisplayInit();
../User/Application/include/screen.h(577): warning:  #1295-D: Deprecated declaration SscDisplayManage - give arg types
  void SscDisplayManage();
..\User\Application\Handle\handlekey.c: 4 warnings, 0 errors
compiling motor.c...
..\User\Application\Motor\motor.c(114): warning:  #177-D: variable "MotorCRC"  was declared but never referenced
  	uint16_t MotorCRC;
..\User\Application\Motor\motor.c: 1 warning, 0 errors
compiling handlescan.c...
../User/Application/include/screen.h(544): warning:  #1295-D: Deprecated declaration ALARMdisplay - give arg types
  void ALARMdisplay();
../User/Application/include/screen.h(547): warning:  #1295-D: Deprecated declaration PoweronInit - give arg types
  void PoweronInit();//上电初始�?
../User/Application/include/screen.h(566): warning:  #1295-D: Deprecated declaration SscDisplayInit - give arg types
  void SscDisplayInit();
../User/Application/include/screen.h(577): warning:  #1295-D: Deprecated declaration SscDisplayManage - give arg types
  void SscDisplayManage();
..\User\Application\Handle\handlescan.c(32): warning:  #177-D: variable "old_IDNum1"  was declared but never referenced
  		static uint8_t old_IDNum1=8;
..\User\Application\Handle\handlescan.c(33): warning:  #550-D: variable "paincha"  was set but never used
  	static uint8_t paincha=0;
..\User\Application\Handle\handlescan.c(134): warning:  #177-D: variable "old_IDNum1"  was declared but never referenced
  	static uint8_t old_IDNum1=8;
..\User\Application\Handle\handlescan.c(137): warning:  #550-D: variable "paincha"  was set but never used
  	 static uint8_t paincha=0;
..\User\Application\Handle\handlescan.c(240): warning:  #177-D: variable "IDNum1"  was declared but never referenced
  		uint8_t IDNum1 = 0;
..\User\Application\Handle\handlescan.c(314): warning:  #177-D: variable "IDNum1"  was declared but never referenced
  		uint8_t IDNum1 = 0;
..\User\Application\Handle\handlescan.c: 10 warnings, 0 errors
compiling motoruartdata.c...
../User/Application/include/screen.h(544): warning:  #1295-D: Deprecated declaration ALARMdisplay - give arg types
  void ALARMdisplay();
../User/Application/include/screen.h(547): warning:  #1295-D: Deprecated declaration PoweronInit - give arg types
  void PoweronInit();//上电初始�?
../User/Application/include/screen.h(566): warning:  #1295-D: Deprecated declaration SscDisplayInit - give arg types
  void SscDisplayInit();
../User/Application/include/screen.h(577): warning:  #1295-D: Deprecated declaration SscDisplayManage - give arg types
  void SscDisplayManage();
..\User\Application\MotorUartData\motoruartdata.c(26): warning:  #177-D: variable "CRC_Check_Vaule"  was declared but never referenced
  	uint16_t CRC_Check_Vaule=0;
..\User\Application\MotorUartData\motoruartdata.c: 5 warnings, 0 errors
compiling pedal.c...
../User/Application/include/screen.h(544): warning:  #1295-D: Deprecated declaration ALARMdisplay - give arg types
  void ALARMdisplay();
../User/Application/include/screen.h(547): warning:  #1295-D: Deprecated declaration PoweronInit - give arg types
  void PoweronInit();//上电初始�?
../User/Application/include/screen.h(566): warning:  #1295-D: Deprecated declaration SscDisplayInit - give arg types
  void SscDisplayInit();
../User/Application/include/screen.h(577): warning:  #1295-D: Deprecated declaration SscDisplayManage - give arg types
  void SscDisplayManage();
..\User\Application\Pedal\pedal.c(201): warning:  #550-D: variable "cleanr_M_value"  was set but never used
  	static uint8_t cleanr_M_value=0;
..\User\Application\Pedal\pedal.c: 5 warnings, 0 errors
compiling radiofreq.c...
compiling pump.c...
compiling screen.c...
../User/Application/include/screen.h(544): warning:  #1295-D: Deprecated declaration ALARMdisplay - give arg types
  void ALARMdisplay();
../User/Application/include/screen.h(547): warning:  #1295-D: Deprecated declaration PoweronInit - give arg types
  void PoweronInit();//上电初始�?
../User/Application/include/screen.h(566): warning:  #1295-D: Deprecated declaration SscDisplayInit - give arg types
  void SscDisplayInit();
../User/Application/include/screen.h(577): warning:  #1295-D: Deprecated declaration SscDisplayManage - give arg types
  void SscDisplayManage();
..\User\Application\Screen\screen.c(694): warning:  #111-D: statement is unreachable
  			break;
..\User\Application\Screen\screen.c(1521): warning:  #550-D: variable "temp1"  was set but never used
  		uint32_t temp1 = 0;
..\User\Application\Screen\screen.c(1644): warning:  #177-D: variable "temp1"  was declared but never referenced
  			uint32_t temp1 = 0;
..\User\Application\Screen\screen.c(1668): warning:  #186-D: pointless comparison of unsigned integer with zero
  	if(pump_data<0)pump_data=0;
..\User\Application\Screen\screen.c(3456): warning:  #177-D: variable "negation_flag"  was declared but never referenced
  	static uint8_t negation_flag=1;
..\User\Application\Screen\screen.c(3510): warning:  #167-D: argument of type "void (*)()" is incompatible with parameter of type "cbFunc"
  	cola_timer_create(&BeepHandle, BeepControlTask);
..\User\Application\Screen\screen.c(3635): warning:  #167-D: argument of type "void (*)()" is incompatible with parameter of type "cbFunc"
  	cola_timer_create(&FootKeyHandle, FootKeyTask);
..\User\Application\Screen\screen.c(3649): warning:  #167-D: argument of type "void (*)()" is incompatible with parameter of type "cbFunc"
  	cola_timer_create(&KeyBehaviorHandle, KeyBehaviorTask);
..\User\Application\Screen\screen.c(3662): warning:  #167-D: argument of type "void (*)()" is incompatible with parameter of type "cbFunc"
  	cola_timer_create(&PUMPBBehaviorHandle, PUMPBBehaviorTask);
..\User\Application\Screen\screen.c(4059): warning:  #177-D: variable "ui_interOperation_sign_compare"  was declared but never referenced
  	static	uint8_t ui_interOperation_sign_compare=0;
..\User\Application\Screen\screen.c(6030): warning:  #177-D: variable "Temp0"  was declared but never referenced
    uint16_t Temp0 = 0;
..\User\Application\Screen\screen.c: 15 warnings, 0 errors
compiling param.c...
../User/Application/include/screen.h(544): warning:  #1295-D: Deprecated declaration ALARMdisplay - give arg types
  void ALARMdisplay();
../User/Application/include/screen.h(547): warning:  #1295-D: Deprecated declaration PoweronInit - give arg types
  void PoweronInit();//上电初始�?
../User/Application/include/screen.h(566): warning:  #1295-D: Deprecated declaration SscDisplayInit - give arg types
  void SscDisplayInit();
../User/Application/include/screen.h(577): warning:  #1295-D: Deprecated declaration SscDisplayManage - give arg types
  void SscDisplayManage();
..\User\Application\ScreenKey\param.c: 4 warnings, 0 errors
compiling screenkey.c...
../User/Application/include/screen.h(544): warning:  #1295-D: Deprecated declaration ALARMdisplay - give arg types
  void ALARMdisplay();
../User/Application/include/screen.h(547): warning:  #1295-D: Deprecated declaration PoweronInit - give arg types
  void PoweronInit();//上电初始�?
../User/Application/include/screen.h(566): warning:  #1295-D: Deprecated declaration SscDisplayInit - give arg types
  void SscDisplayInit();
../User/Application/include/screen.h(577): warning:  #1295-D: Deprecated declaration SscDisplayManage - give arg types
  void SscDisplayManage();
..\User\Application\ScreenKey\screenkey.c(130): warning:  #177-D: variable "OnLineCnt"  was declared but never referenced
    uint8_t OnLineCnt = 0, index = 0;
..\User\Application\ScreenKey\screenkey.c: 5 warnings, 0 errors
compiling splittype.c...
../User/Application/include/screen.h(544): warning:  #1295-D: Deprecated declaration ALARMdisplay - give arg types
  void ALARMdisplay();
../User/Application/include/screen.h(547): warning:  #1295-D: Deprecated declaration PoweronInit - give arg types
  void PoweronInit();//上电初始�?
../User/Application/include/screen.h(566): warning:  #1295-D: Deprecated declaration SscDisplayInit - give arg types
  void SscDisplayInit();
../User/Application/include/screen.h(577): warning:  #1295-D: Deprecated declaration SscDisplayManage - give arg types
  void SscDisplayManage();
..\User\Application\SplitType\splittype.c(32): warning:  #177-D: variable "InterfaceSwitchNo2Last"  was declared but never referenced
    static uint8_t InterfaceSwitchNo2Last = 0;
..\User\Application\SplitType\splittype.c(227): warning:  #940-D: missing return statement at end of non-void function "SplitType_AutoModeDataRead_Task" 
  }
..\User\Application\SplitType\splittype.c(174): warning:  #550-D: variable "index"  was set but never used
    uint8_t EPCresult = 0, index = 0;
..\User\Application\SplitType\splittype.c(22): warning:  #550-D: variable "ssc_shoudong_uiflag"  was set but never used
  static uint8_t ssc_shoudong_uiflag=0;
..\User\Application\SplitType\splittype.c: 8 warnings, 0 errors
compiling userparser.c...
../User/Application/include/screen.h(544): warning:  #1295-D: Deprecated declaration ALARMdisplay - give arg types
  void ALARMdisplay();
../User/Application/include/screen.h(547): warning:  #1295-D: Deprecated declaration PoweronInit - give arg types
  void PoweronInit();//上电初始�?
../User/Application/include/screen.h(566): warning:  #1295-D: Deprecated declaration SscDisplayInit - give arg types
  void SscDisplayInit();
../User/Application/include/screen.h(577): warning:  #1295-D: Deprecated declaration SscDisplayManage - give arg types
  void SscDisplayManage();
..\User\Application\Src\userparser.c: 4 warnings, 0 errors
compiling warn.c...
../User/Application/include/screen.h(544): warning:  #1295-D: Deprecated declaration ALARMdisplay - give arg types
  void ALARMdisplay();
../User/Application/include/screen.h(547): warning:  #1295-D: Deprecated declaration PoweronInit - give arg types
  void PoweronInit();//上电初始�?
../User/Application/include/screen.h(566): warning:  #1295-D: Deprecated declaration SscDisplayInit - give arg types
  void SscDisplayInit();
../User/Application/include/screen.h(577): warning:  #1295-D: Deprecated declaration SscDisplayManage - give arg types
  void SscDisplayManage();
..\User\Application\Warn\warn.c: 4 warnings, 0 errors
compiling sysrunled.c...
compiling led.c...
compiling Serialportpro.c...
..\User\Application\SerialPortPro\Serialportpro.c(2): warning:  #1-D: last line of file ends without a newline
  #include "Serialportpro.h"
..\User\Application\SerialPortPro\Serialportpro.c: 1 warning, 0 errors
compiling data.c...
compiling datahand.c...
../User/Application/include/screen.h(544): warning:  #1295-D: Deprecated declaration ALARMdisplay - give arg types
  void ALARMdisplay();
../User/Application/include/screen.h(547): warning:  #1295-D: Deprecated declaration PoweronInit - give arg types
  void PoweronInit();//上电初始�?
../User/Application/include/screen.h(566): warning:  #1295-D: Deprecated declaration SscDisplayInit - give arg types
  void SscDisplayInit();
../User/Application/include/screen.h(577): warning:  #1295-D: Deprecated declaration SscDisplayManage - give arg types
  void SscDisplayManage();
..\User\Application\DataHand\datahand.c: 4 warnings, 0 errors
compiling board.c...
compiling iic.c...
compiling OneWireI.c...
compiling OneWireII.c...
compiling eeprom.c...
compiling delay.c...
compiling flash.c...
compiling lcd.c...
compiling iwdg.c...
compiling uart1.c...
compiling uart2.c...
compiling uart3.c...
..\User\Peripheral\uart\uart3.c(13): warning:  #550-D: variable "Uart3_Flag_Last"  was set but never used
  static uint8_t Uart3_Flag_Last = 0;
..\User\Peripheral\uart\uart3.c(14): warning:  #550-D: variable "Uart3_RecvWaitTimeCnt"  was set but never used
  static uint16_t Uart3_RecvWaitTimeCnt = 0;
..\User\Peripheral\uart\uart3.c: 2 warnings, 0 errors
compiling uart4.c...
compiling uart5.c...
compiling uart6.c...
compiling uart7.c...
compiling UI_FootPedalCalibration.c...
../User/Application/include/screen.h(544): warning:  #1295-D: Deprecated declaration ALARMdisplay - give arg types
  void ALARMdisplay();
../User/Application/include/screen.h(547): warning:  #1295-D: Deprecated declaration PoweronInit - give arg types
  void PoweronInit();//上电初始�?
../User/Application/include/screen.h(566): warning:  #1295-D: Deprecated declaration SscDisplayInit - give arg types
  void SscDisplayInit();
../User/Application/include/screen.h(577): warning:  #1295-D: Deprecated declaration SscDisplayManage - give arg types
  void SscDisplayManage();
..\User\UI\src\UI_FootPedalCalibration.c(27): warning:  #177-D: variable "ReadHLValueFlag"  was declared but never referenced
    uint8_t ReadHLValueFlag = 0;
..\User\UI\src\UI_FootPedalCalibration.c(28): warning:  #177-D: variable "temp"  was declared but never referenced
    uint8_t temp = 0, TimeCnt = 0;
..\User\UI\src\UI_FootPedalCalibration.c(28): warning:  #177-D: variable "TimeCnt"  was declared but never referenced
    uint8_t temp = 0, TimeCnt = 0;
..\User\UI\src\UI_FootPedalCalibration.c(29): warning:  #177-D: variable "KEY1Flag"  was declared but never referenced
  	uint8_t KEY1Flag = 0,KEY2Flag = 0,KEY3Flag = 0 ;
..\User\UI\src\UI_FootPedalCalibration.c(29): warning:  #177-D: variable "KEY2Flag"  was declared but never referenced
  	uint8_t KEY1Flag = 0,KEY2Flag = 0,KEY3Flag = 0 ;
..\User\UI\src\UI_FootPedalCalibration.c(29): warning:  #177-D: variable "KEY3Flag"  was declared but never referenced
  	uint8_t KEY1Flag = 0,KEY2Flag = 0,KEY3Flag = 0 ;
..\User\UI\src\UI_FootPedalCalibration.c: 10 warnings, 0 errors
compiling UI_ModelConfiguration.c...
compiling UI_Main.c...
../User/Application/include/screen.h(544): warning:  #1295-D: Deprecated declaration ALARMdisplay - give arg types
  void ALARMdisplay();
../User/Application/include/screen.h(547): warning:  #1295-D: Deprecated declaration PoweronInit - give arg types
  void PoweronInit();//上电初始�?
../User/Application/include/screen.h(566): warning:  #1295-D: Deprecated declaration SscDisplayInit - give arg types
  void SscDisplayInit();
../User/Application/include/screen.h(577): warning:  #1295-D: Deprecated declaration SscDisplayManage - give arg types
  void SscDisplayManage();
..\User\UI\src\UI_Main.c: 4 warnings, 0 errors
compiling UI_Password.c...
../User/Application/include/screen.h(544): warning:  #1295-D: Deprecated declaration ALARMdisplay - give arg types
  void ALARMdisplay();
../User/Application/include/screen.h(547): warning:  #1295-D: Deprecated declaration PoweronInit - give arg types
  void PoweronInit();//上电初始�?
../User/Application/include/screen.h(566): warning:  #1295-D: Deprecated declaration SscDisplayInit - give arg types
  void SscDisplayInit();
../User/Application/include/screen.h(577): warning:  #1295-D: Deprecated declaration SscDisplayManage - give arg types
  void SscDisplayManage();
..\User\UI\src\UI_Password.c: 4 warnings, 0 errors
compiling UI_Start.c...
../User/Application/include/screen.h(544): warning:  #1295-D: Deprecated declaration ALARMdisplay - give arg types
  void ALARMdisplay();
../User/Application/include/screen.h(547): warning:  #1295-D: Deprecated declaration PoweronInit - give arg types
  void PoweronInit();//上电初始�?
../User/Application/include/screen.h(566): warning:  #1295-D: Deprecated declaration SscDisplayInit - give arg types
  void SscDisplayInit();
../User/Application/include/screen.h(577): warning:  #1295-D: Deprecated declaration SscDisplayManage - give arg types
  void SscDisplayManage();
..\User\UI\src\UI_Start.c(25): warning:  #177-D: variable "AllowNextStep"  was declared but never referenced
    uint8_t TimeCnt = 0, AllowNextStep = 0, retWhile = 1;
..\User\UI\src\UI_Start.c(25): warning:  #177-D: variable "retWhile"  was declared but never referenced
    uint8_t TimeCnt = 0, AllowNextStep = 0, retWhile = 1;
..\User\UI\src\UI_Start.c: 6 warnings, 0 errors
compiling cola_os.c...
linking...
Program Size: Code=53954 RO-data=638 RW-data=1512 ZI-data=5408  
FromELF: creating hex file...
".\MainCtrlF413MXOs\MainCtrlF413MXOs.axf" - 0 Error(s), 130 Warning(s).

<h2>Software Packages used:</h2>

Package Vendor: ARM
                http://www.keil.com/pack/ARM.CMSIS.5.8.0.pack
                ARM.CMSIS.5.8.0
                CMSIS (Common Microcontroller Software Interface Standard)
   * Component: CORE Version: 5.5.0

Package Vendor: Keil
                https://www.keil.com/pack/Keil.STM32F4xx_DFP.3.1.0.pack
                Keil.STM32F4xx_DFP.3.1.0
                STMicroelectronics STM32F4 Series Device Support

<h2>Collection of Component include folders:</h2>
  .\RTE\_MainCtrlF413MXOs
  C:\Users\lenovo\AppData\Local\Arm\Packs\ARM\CMSIS\5.8.0\CMSIS\Core\Include

<h2>Collection of Component Files used:</h2>

   * Component: ARM::CMSIS:CORE:5.5.0
Build Time Elapsed:  00:00:46
</pre>
</body>
</html>
