Component: ARM Compiler 5.06 update 6 (build 750) Tool: armlink [4d35ed]

==============================================================================

Section Cross References

    startup_stm32f413xx.o(STACK) refers (Special) to heapauxi.o(.text) for __use_two_region_memory
    startup_stm32f413xx.o(HEAP) refers (Special) to heapauxi.o(.text) for __use_two_region_memory
    startup_stm32f413xx.o(RESET) refers (Special) to heapauxi.o(.text) for __use_two_region_memory
    startup_stm32f413xx.o(RESET) refers to startup_stm32f413xx.o(STACK) for __initial_sp
    startup_stm32f413xx.o(RESET) refers to startup_stm32f413xx.o(.text) for Reset_Handler
    startup_stm32f413xx.o(RESET) refers to stm32f4xx_it.o(i.NMI_Handler) for NMI_Handler
    startup_stm32f413xx.o(RESET) refers to stm32f4xx_it.o(i.HardFault_Handler) for HardFault_Handler
    startup_stm32f413xx.o(RESET) refers to stm32f4xx_it.o(i.MemManage_Handler) for MemManage_Handler
    startup_stm32f413xx.o(RESET) refers to stm32f4xx_it.o(i.BusFault_Handler) for BusFault_Handler
    startup_stm32f413xx.o(RESET) refers to stm32f4xx_it.o(i.UsageFault_Handler) for UsageFault_Handler
    startup_stm32f413xx.o(RESET) refers to port.o(.emb_text) for SVC_Handler
    startup_stm32f413xx.o(RESET) refers to stm32f4xx_it.o(i.DebugMon_Handler) for DebugMon_Handler
    startup_stm32f413xx.o(RESET) refers to cmsis_os2.o(i.SysTick_Handler) for SysTick_Handler
    startup_stm32f413xx.o(RESET) refers to stm32f4xx_it.o(i.EXTI1_IRQHandler) for EXTI1_IRQHandler
    startup_stm32f413xx.o(RESET) refers to stm32f4xx_it.o(i.EXTI4_IRQHandler) for EXTI4_IRQHandler
    startup_stm32f413xx.o(RESET) refers to stm32f4xx_it.o(i.DMA1_Stream0_IRQHandler) for DMA1_Stream0_IRQHandler
    startup_stm32f413xx.o(RESET) refers to stm32f4xx_it.o(i.DMA1_Stream1_IRQHandler) for DMA1_Stream1_IRQHandler
    startup_stm32f413xx.o(RESET) refers to stm32f4xx_it.o(i.DMA1_Stream2_IRQHandler) for DMA1_Stream2_IRQHandler
    startup_stm32f413xx.o(RESET) refers to stm32f4xx_it.o(i.DMA1_Stream3_IRQHandler) for DMA1_Stream3_IRQHandler
    startup_stm32f413xx.o(RESET) refers to stm32f4xx_it.o(i.DMA1_Stream5_IRQHandler) for DMA1_Stream5_IRQHandler
    startup_stm32f413xx.o(RESET) refers to stm32f4xx_it.o(i.EXTI9_5_IRQHandler) for EXTI9_5_IRQHandler
    startup_stm32f413xx.o(RESET) refers to stm32f4xx_it.o(i.TIM1_UP_TIM10_IRQHandler) for TIM1_UP_TIM10_IRQHandler
    startup_stm32f413xx.o(RESET) refers to stm32f4xx_it.o(i.TIM1_TRG_COM_TIM11_IRQHandler) for TIM1_TRG_COM_TIM11_IRQHandler
    startup_stm32f413xx.o(RESET) refers to stm32f4xx_it.o(i.USART1_IRQHandler) for USART1_IRQHandler
    startup_stm32f413xx.o(RESET) refers to stm32f4xx_it.o(i.USART2_IRQHandler) for USART2_IRQHandler
    startup_stm32f413xx.o(RESET) refers to stm32f4xx_it.o(i.USART3_IRQHandler) for USART3_IRQHandler
    startup_stm32f413xx.o(RESET) refers to stm32f4xx_it.o(i.EXTI15_10_IRQHandler) for EXTI15_10_IRQHandler
    startup_stm32f413xx.o(RESET) refers to stm32f4xx_it.o(i.TIM8_TRG_COM_TIM14_IRQHandler) for TIM8_TRG_COM_TIM14_IRQHandler
    startup_stm32f413xx.o(RESET) refers to stm32f4xx_it.o(i.UART4_IRQHandler) for UART4_IRQHandler
    startup_stm32f413xx.o(RESET) refers to stm32f4xx_it.o(i.UART5_IRQHandler) for UART5_IRQHandler
    startup_stm32f413xx.o(RESET) refers to stm32f4xx_it.o(i.TIM6_DAC_IRQHandler) for TIM6_DAC_IRQHandler
    startup_stm32f413xx.o(RESET) refers to stm32f4xx_it.o(i.DMA2_Stream1_IRQHandler) for DMA2_Stream1_IRQHandler
    startup_stm32f413xx.o(RESET) refers to stm32f4xx_it.o(i.DMA2_Stream2_IRQHandler) for DMA2_Stream2_IRQHandler
    startup_stm32f413xx.o(RESET) refers to stm32f4xx_it.o(i.USART6_IRQHandler) for USART6_IRQHandler
    startup_stm32f413xx.o(RESET) refers to stm32f4xx_it.o(i.UART7_IRQHandler) for UART7_IRQHandler
    startup_stm32f413xx.o(.text) refers (Special) to heapauxi.o(.text) for __use_two_region_memory
    startup_stm32f413xx.o(.text) refers to system_stm32f4xx.o(i.SystemInit) for SystemInit
    startup_stm32f413xx.o(.text) refers to __main.o(!!!main) for __main
    startup_stm32f413xx.o(.text) refers to startup_stm32f413xx.o(HEAP) for Heap_Mem
    startup_stm32f413xx.o(.text) refers to startup_stm32f413xx.o(STACK) for Stack_Mem
    main.o(i.HAL_TIM_PeriodElapsedCallback) refers to stm32f4xx_hal.o(i.HAL_IncTick) for HAL_IncTick
    main.o(i.HAL_TIM_PeriodElapsedCallback) refers to data.o(.data) for SysRunData
    main.o(i.SystemClock_Config) refers to rt_memclr_w.o(.text) for __aeabi_memclr4
    main.o(i.SystemClock_Config) refers to stm32f4xx_hal_rcc_ex.o(i.HAL_RCC_OscConfig) for HAL_RCC_OscConfig
    main.o(i.SystemClock_Config) refers to main.o(i.Error_Handler) for Error_Handler
    main.o(i.SystemClock_Config) refers to stm32f4xx_hal_rcc.o(i.HAL_RCC_ClockConfig) for HAL_RCC_ClockConfig
    main.o(i.main) refers to stm32f4xx_hal.o(i.HAL_Init) for HAL_Init
    main.o(i.main) refers to main.o(i.SystemClock_Config) for SystemClock_Config
[...]
    0x0800236e   0x0800236e   0x00000002   Code   RO          625    i.DebugMon_Handler  stm32f4xx_it.o
    0x08002370   0x08002370   0x0000001e   Code   RO         7741    i.Delay_ms          delay.o
    0x0800238e   0x0800238e   0x00000002   PAD
    0x08002390   0x08002390   0x00000020   Code   RO         7742    i.Delay_us          delay.o
    0x080023b0   0x080023b0   0x000000f4   Code   RO         6323    i.DirActive         pubinterface.o
    0x080024a4   0x080024a4   0x00000008   Code   RO         7769    i.EEPROM_AT24CXX_Init  eeprom.o
    0x080024ac   0x080024ac   0x00000022   Code   RO         7770    i.EEPROM_AT24CXX_Read  eeprom.o
    0x080024ce   0x080024ce   0x00000022   Code   RO         7771    i.EEPROM_AT24CXX_Write  eeprom.o
    0x080024f0   0x080024f0   0x0000000c   Code   RO          626    i.EXTI15_10_IRQHandler  stm32f4xx_it.o
    0x080024fc   0x080024fc   0x0000000a   Code   RO          627    i.EXTI1_IRQHandler  stm32f4xx_it.o
    0x08002506   0x08002506   0x0000000a   Code   RO          628    i.EXTI4_IRQHandler  stm32f4xx_it.o
    0x08002510   0x08002510   0x0000000a   Code   RO          629    i.EXTI9_5_IRQHandler  stm32f4xx_it.o
    0x0800251a   0x0800251a   0x00000006   Code   RO           13    i.Error_Handler     main.o
    0x08002520   0x08002520   0x00000028   Code   RO         4995    i.ExternalCommProtocol_BuildAck  external_comm_protocol.o
    0x08002548   0x08002548   0x000000a4   Code   RO         4996    i.ExternalCommProtocol_BuildFrame  external_comm_protocol.o
    0x080025ec   0x080025ec   0x00000030   Code   RO         4997    i.ExternalCommProtocol_BuildHeartbeat  external_comm_protocol.o
    0x0800261c   0x0800261c   0x000000f4   Code   RO         4998    i.ExternalCommProtocol_Parse  external_comm_protocol.o
    0x08002710   0x08002710   0x0000002c   Code   RO         5048    i.ExternalCommTaskFunc  external_comm_task.o
    0x0800273c   0x0800273c   0x0000017c   Code   RO         5049    i.ExternalComm_ApplyControlCommand  external_comm_task.o
    0x080028b8   0x080028b8   0x00000048   Code   RO         5050    i.ExternalComm_ApplyExternalAuth  external_comm_task.o
    0x08002900   0x08002900   0x00000020   Code   RO         5051    i.ExternalComm_ApplyFixedUart5PumpIdentity  external_comm_task.o
    0x08002920   0x08002920   0x0000002c   Code   RO         5052    i.ExternalComm_ApplyPermission  external_comm_task.o
    0x0800294c   0x0800294c   0x000000f8   Code   RO         5053    i.ExternalComm_ApplySetting  external_comm_task.o
    0x08002a44   0x08002a44   0x00000120   Code   RO         5054    i.ExternalComm_ApplySwitchSetting  external_comm_task.o
    0x08002b64   0x08002b64   0x00000030   Code   RO         5055    i.ExternalComm_CurrentBusIsI2C3  external_comm_task.o
    0x08002b94   0x08002b94   0x00000020   Code   RO         5056    i.ExternalComm_CurrentHandleRunStatus  external_comm_task.o
    0x08002bb4   0x08002bb4   0x000000ae   Code   RO         5057    i.ExternalComm_DispatchFrame  external_comm_task.o
    0x08002c62   0x08002c62   0x00000002   PAD
    0x08002c64   0x08002c64   0x00000020   Code   RO         5058    i.ExternalComm_EnsureActiveForRun  external_comm_task.o
    0x08002c84   0x08002c84   0x0000001c   Code   RO         5059    i.ExternalComm_FootPedalOnlineStatus  external_comm_task.o
    0x08002ca0   0x08002ca0   0x0000002c   Code   RO         5060    i.ExternalComm_HeartbeatAppendBE16  external_comm_task.o
    0x08002ccc   0x08002ccc   0x0000003c   Code   RO         5061    i.ExternalComm_HeartbeatAppendHandle  external_comm_task.o
    0x08002d08   0x08002d08   0x00000052   Code   RO         5062    i.ExternalComm_HeartbeatAppendPump  external_comm_task.o
    0x08002d5a   0x08002d5a   0x0000009a   Code   RO         5063    i.ExternalComm_HeartbeatAppendPumpPressure  external_comm_task.o
    0x08002df4   0x08002df4   0x0000001a   Code   RO         5064    i.ExternalComm_HeartbeatAppendU8  external_comm_task.o
    0x08002e0e   0x08002e0e   0x00000002   PAD
    0x08002e10   0x08002e10   0x00000038   Code   RO         5065    i.ExternalComm_Init  external_comm_task.o
    0x08002e48   0x08002e48   0x0000000e   Code   RO         5066    i.ExternalComm_IsAuthorizedCode  external_comm_task.o
    0x08002e56   0x08002e56   0x00000002   PAD
    0x08002e58   0x08002e58   0x00000068   Code   RO         5067    i.ExternalComm_LoadChannelMemory  external_comm_task.o
    0x08002ec0   0x08002ec0   0x00000060   Code   RO         5068    i.ExternalComm_MapAreaToPageIndex  external_comm_task.o
    0x08002f20   0x08002f20   0x0000002c   Code   RO         5069    i.ExternalComm_MapNavPageToIndex  external_comm_task.o
    0x08002f4c   0x08002f4c   0x00000022   Code   RO         4999    i.ExternalComm_MatchBytes  external_comm_protocol.o
    0x08002f6e   0x08002f6e   0x00000002   PAD
    0x08002f70   0x08002f70   0x0000002c   Code   RO         5070    i.ExternalComm_ProcessReceive  external_comm_task.o
    0x08002f9c   0x08002f9c   0x0000000c   Code   RO         5000    i.ExternalComm_ReadBE16  external_comm_protocol.o
    0x08002fa8   0x08002fa8   0x0000000c   Code   RO         5071    i.ExternalComm_ReadBE16  external_comm_task.o
    0x08002fb4   0x08002fb4   0x0000004c   Code   RO         5072    i.ExternalComm_ReadBusinessPage  external_comm_task.o
    0x08003000   0x08003000   0x0000002c   Code   RO         5073    i.ExternalComm_ReadCurrentPage  external_comm_task.o
    0x0800302c   0x0800302c   0x0000004c   Code   RO         5074    i.ExternalComm_ReadNavPage  external_comm_task.o
    0x08003078   0x08003078   0x0000002c   Code   RO         5075    i.ExternalComm_SaveCurrentFreq  external_comm_task.o
    0x080030a4   0x080030a4   0x00000060   Code   RO         5076    i.ExternalComm_SaveCurrentSpeed  external_comm_task.o
    0x08003104   0x08003104   0x00000034   Code   RO         5077    i.ExternalComm_SelectedHandleOnline  external_comm_task.o
    0x08003138   0x08003138   0x0000002c   Code   RO         5078    i.ExternalComm_SelectedHandleStatus  external_comm_task.o
    0x08003164   0x08003164   0x00000034   Code   RO         5079    i.ExternalComm_SendAck  external_comm_task.o
    0x08003198   0x08003198   0x00000058   Code   RO         5080    i.ExternalComm_SendAlarmInfoIfChanged  external_comm_task.o
    0x080031f0   0x080031f0   0x0000001c   Code   RO         5081    i.ExternalComm_SendFailAck  external_comm_task.o
    0x0800320c   0x0800320c   0x00000048   Code   RO         5082    i.ExternalComm_SendFrame  external_comm_task.o
    0x08003254   0x08003254   0x000000e8   Code   RO         5083    i.ExternalComm_SendHeartbeat  external_comm_task.o
    0x0800333c   0x0800333c   0x00000090   Code   RO         5084    i.ExternalComm_SetDirection  external_comm_task.o
    0x080033cc   0x080033cc   0x0000003c   Code   RO         5085    i.ExternalComm_SetUart5InjectPumpFollow  external_comm_task.o
    0x08003408   0x08003408   0x00000034   Code   RO         5086    i.ExternalComm_StopAllWork  external_comm_task.o
    0x0800343c   0x0800343c   0x00000008   Code   RO         5001    i.ExternalComm_WriteBE16  external_comm_protocol.o
    0x08003444   0x08003444   0x00000008   Code   RO         5087    i.ExternalComm_WriteBE16  external_comm_task.o
    0x0800344c   0x0800344c   0x0000006c   Code   RO         5088    i.ExternalComm_WriteBusinessPage  external_comm_task.o
    0x080034b8   0x080034b8   0x0000002c   Code   RO         5089    i.ExternalComm_WriteCurrentPage  external_comm_task.o
    0x080034e4   0x080034e4   0x0000006c   Code   RO         5090    i.ExternalComm_WriteNavPage  external_comm_task.o
    0x08003550   0x08003550   0x0000005c   Code   RO         2284    i.FLASH_Erase_Sector  stm32f4xx_hal_flash_ex.o
    0x080035ac   0x080035ac   0x00000078   Code   RO         2285    i.FLASH_FlushCaches  stm32f4xx_hal_flash_ex.o
    0x08003624   0x08003624   0x00000030   Code   RO         2286    i.FLASH_MassErase   stm32f4xx_hal_flash_ex.o
    0x08003654   0x08003654   0x00000024   Code   RO         2166    i.FLASH_Program_Byte  stm32f4xx_hal_flash.o
    0x08003678   0x08003678   0x00000030   Code   RO         2167    i.FLASH_Program_DoubleWord  stm32f4xx_hal_flash.o
    0x080036a8   0x080036a8   0x00000028   Code   RO         2168    i.FLASH_Program_HalfWord  stm32f4xx_hal_flash.o
    0x080036d0   0x080036d0   0x00000028   Code   RO         2169    i.FLASH_Program_Word  stm32f4xx_hal_flash.o
    0x080036f8   0x080036f8   0x000000b4   Code   RO         2170    i.FLASH_SetErrorCode  stm32f4xx_hal_flash.o
    0x080037ac   0x080037ac   0x00000064   Code   RO         2171    i.FLASH_WaitForLastOperation  stm32f4xx_hal_flash.o
    0x08003810   0x08003810   0x000000a0   Code   RO         8034    i.Flash_GetSector_Index  flash.o
    0x080038b0   0x080038b0   0x00000026   Code   RO         8035    i.Flash_Read        flash.o
    0x080038d6   0x080038d6   0x000000a2   Code   RO         8036    i.Flash_Write       flash.o
    0x08003978   0x08003978   0x00000124   Code   RO         6555    i.FootControlTask   sscfoot.o
    0x08003a9c   0x08003a9c   0x000003a0   Code   RO         6556    i.Foot_ParseDataS   sscfoot.o
    0x08003e3c   0x08003e3c   0x00000028   Code   RO         6557    i.Foot_Queue_Init   sscfoot.o
    0x08003e64   0x08003e64   0x00000030   Code   RO         6558    i.Foot_SendMessage  sscfoot.o
    0x08003e94   0x08003e94   0x000000e0   Code   RO         6324    i.FreqActive        pubinterface.o
    0x08003f74   0x08003f74   0x000000ac   Code   RO         2551    i.HAL_DMA_Abort     stm32f4xx_hal_dma.o
    0x08004020   0x08004020   0x00000028   Code   RO         2552    i.HAL_DMA_Abort_IT  stm32f4xx_hal_dma.o
    0x08004048   0x08004048   0x00000070   Code   RO         2553    i.HAL_DMA_DeInit    stm32f4xx_hal_dma.o
    0x080040b8   0x080040b8   0x00000006   Code   RO         2554    i.HAL_DMA_GetError  stm32f4xx_hal_dma.o
    0x080040be   0x080040be   0x00000002   PAD
    0x080040c0   0x080040c0   0x00000240   Code   RO         2556    i.HAL_DMA_IRQHandler  stm32f4xx_hal_dma.o
    0x08004300   0x08004300   0x000000ec   Code   RO         2557    i.HAL_DMA_Init      stm32f4xx_hal_dma.o
    0x080043ec   0x080043ec   0x00000092   Code   RO         2561    i.HAL_DMA_Start_IT  stm32f4xx_hal_dma.o
    0x0800447e   0x0800447e   0x00000002   PAD
    0x08004480   0x08004480   0x00000028   Code   RO         3005    i.HAL_Delay         stm32f4xx_hal.o
    0x080044a8   0x080044a8   0x000000ac   Code   RO         2300    i.HAL_FLASHEx_Erase  stm32f4xx_hal_flash_ex.o
    0x08004554   0x08004554   0x00000014   Code   RO         2175    i.HAL_FLASH_Lock    stm32f4xx_hal_flash.o
    0x08004568   0x08004568   0x00000098   Code   RO         2180    i.HAL_FLASH_Program  stm32f4xx_hal_flash.o
    0x08004600   0x08004600   0x00000034   Code   RO         2182    i.HAL_FLASH_Unlock  stm32f4xx_hal_flash.o
    0x08004634   0x08004634   0x0000015c   Code   RO         2441    i.HAL_GPIO_DeInit   stm32f4xx_hal_gpio.o
    0x08004790   0x08004790   0x00000044   Code   RO         4559    i.HAL_GPIO_EXTI_Callback  handlekey.o
    0x080047d4   0x080047d4   0x0000001c   Code   RO         2443    i.HAL_GPIO_EXTI_IRQHandler  stm32f4xx_hal_gpio.o
    0x080047f0   0x080047f0   0x000001e4   Code   RO         2444    i.HAL_GPIO_Init     stm32f4xx_hal_gpio.o
    0x080049d4   0x080049d4   0x00000010   Code   RO         2446    i.HAL_GPIO_ReadPin  stm32f4xx_hal_gpio.o
    0x080049e4   0x080049e4   0x00000014   Code   RO         2447    i.HAL_GPIO_TogglePin  stm32f4xx_hal_gpio.o
    0x080049f8   0x080049f8   0x0000000c   Code   RO         2448    i.HAL_GPIO_WritePin  stm32f4xx_hal_gpio.o
    0x08004a04   0x08004a04   0x0000000c   Code   RO         3011    i.HAL_GetTick       stm32f4xx_hal.o
    0x08004a10   0x08004a10   0x0000003c   Code   RO         3661    i.HAL_I2C_DeInit    stm32f4xx_hal_i2c.o
    0x08004a4c   0x08004a4c   0x00000006   Code   RO         3667    i.HAL_I2C_GetError  stm32f4xx_hal_i2c.o
    0x08004a52   0x08004a52   0x00000008   Code   RO         3669    i.HAL_I2C_GetState  stm32f4xx_hal_i2c.o
    0x08004a5a   0x08004a5a   0x00000002   PAD
    0x08004a5c   0x08004a5c   0x000001d0   Code   RO         3670    i.HAL_I2C_Init      stm32f4xx_hal_i2c.o
    0x08004c2c   0x08004c2c   0x000001b8   Code   RO         3671    i.HAL_I2C_IsDeviceReady  stm32f4xx_hal_i2c.o
    0x08004de4   0x08004de4   0x00000308   Code   RO         3688    i.HAL_I2C_Mem_Read  stm32f4xx_hal_i2c.o
    0x080050ec   0x080050ec   0x00000164   Code   RO         3691    i.HAL_I2C_Mem_Write  stm32f4xx_hal_i2c.o
    0x08005250   0x08005250   0x0000006c   Code   RO         7463    i.HAL_I2C_MspDeInit  i2c.o
    0x080052bc   0x080052bc   0x0000013c   Code   RO         7464    i.HAL_I2C_MspInit   i2c.o
    0x080053f8   0x080053f8   0x00000018   Code   RO         3017    i.HAL_IncTick       stm32f4xx_hal.o
    0x08005410   0x08005410   0x0000003c   Code   RO         3018    i.HAL_Init          stm32f4xx_hal.o
    0x0800544c   0x0800544c   0x000000b4   Code   RO          834    i.HAL_InitTick      stm32f4xx_hal_timebase_tim.o
    0x08005500   0x08005500   0x00000054   Code   RO          810    i.HAL_MspInit       stm32f4xx_hal_msp.o
    0x08005554   0x08005554   0x0000002c   Code   RO         2857    i.HAL_NVIC_DisableIRQ  stm32f4xx_hal_cortex.o
    0x08005580   0x08005580   0x00000028   Code   RO         2858    i.HAL_NVIC_EnableIRQ  stm32f4xx_hal_cortex.o
    0x080055a8   0x080055a8   0x0000007c   Code   RO         2864    i.HAL_NVIC_SetPriority  stm32f4xx_hal_cortex.o
    0x08005624   0x08005624   0x00000028   Code   RO         2865    i.HAL_NVIC_SetPriorityGrouping  stm32f4xx_hal_cortex.o
    0x0800564c   0x0800564c   0x00000184   Code   RO         1993    i.HAL_RCC_ClockConfig  stm32f4xx_hal_rcc.o
    0x080057d0   0x080057d0   0x00000044   Code   RO         1997    i.HAL_RCC_GetClockConfig  stm32f4xx_hal_rcc.o
    0x08005814   0x08005814   0x0000000c   Code   RO         1998    i.HAL_RCC_GetHCLKFreq  stm32f4xx_hal_rcc.o
    0x08005820   0x08005820   0x00000020   Code   RO         2000    i.HAL_RCC_GetPCLK1Freq  stm32f4xx_hal_rcc.o
    0x08005840   0x08005840   0x00000020   Code   RO         2001    i.HAL_RCC_GetPCLK2Freq  stm32f4xx_hal_rcc.o
    0x08005860   0x08005860   0x000000b0   Code   RO         2002    i.HAL_RCC_GetSysClockFreq  stm32f4xx_hal_rcc.o
    0x08005910   0x08005910   0x000004b0   Code   RO         2102    i.HAL_RCC_OscConfig  stm32f4xx_hal_rcc_ex.o
    0x08005dc0   0x08005dc0   0x00000002   Code   RO         1725    i.HAL_TIMEx_BreakCallback  stm32f4xx_hal_tim_ex.o
    0x08005dc2   0x08005dc2   0x00000002   Code   RO         1726    i.HAL_TIMEx_CommutCallback  stm32f4xx_hal_tim_ex.o
    0x08005dc4   0x08005dc4   0x000000b4   Code   RO         1744    i.HAL_TIMEx_MasterConfigSynchronization  stm32f4xx_hal_tim_ex.o
    0x08005e78   0x08005e78   0x00000066   Code   RO         1010    i.HAL_TIM_Base_Init  stm32f4xx_hal_tim.o
    0x08005ede   0x08005ede   0x00000002   PAD
    0x08005ee0   0x08005ee0   0x000000b4   Code   RO          468    i.HAL_TIM_Base_MspInit  tim.o
    0x08005f94   0x08005f94   0x0000009c   Code   RO         1013    i.HAL_TIM_Base_Start  stm32f4xx_hal_tim.o
    0x08006030   0x08006030   0x000000a8   Code   RO         1015    i.HAL_TIM_Base_Start_IT  stm32f4xx_hal_tim.o
    0x080060d8   0x080060d8   0x00000002   Code   RO         1044    i.HAL_TIM_IC_CaptureCallback  stm32f4xx_hal_tim.o
    0x080060da   0x080060da   0x0000016c   Code   RO         1058    i.HAL_TIM_IRQHandler  stm32f4xx_hal_tim.o
    0x08006246   0x08006246   0x00000002   Code   RO         1061    i.HAL_TIM_OC_DelayElapsedCallback  stm32f4xx_hal_tim.o
    0x08006248   0x08006248   0x00000002   Code   RO         1088    i.HAL_TIM_PWM_PulseFinishedCallback  stm32f4xx_hal_tim.o
    0x0800624a   0x0800624a   0x00000002   PAD
    0x0800624c   0x0800624c   0x00000048   Code   RO           14    i.HAL_TIM_PeriodElapsedCallback  main.o
    0x08006294   0x08006294   0x00000002   Code   RO         1101    i.HAL_TIM_TriggerCallback  stm32f4xx_hal_tim.o
    0x08006296   0x08006296   0x00000002   Code   RO         3298    i.HAL_UARTEx_RxEventCallback  stm32f4xx_hal_uart.o
    0x08006298   0x08006298   0x0000011a   Code   RO         3299    i.HAL_UART_Abort    stm32f4xx_hal_uart.o
    0x080063b2   0x080063b2   0x0000008a   Code   RO         3310    i.HAL_UART_DMAStop  stm32f4xx_hal_uart.o
    0x0800643c   0x0800643c   0x0000003e   Code   RO         3311    i.HAL_UART_DeInit   stm32f4xx_hal_uart.o
    0x0800647a   0x0800647a   0x00000002   Code   RO         3312    i.HAL_UART_ErrorCallback  stm32f4xx_hal_uart.o
    0x0800647c   0x0800647c   0x000002e8   Code   RO         3315    i.HAL_UART_IRQHandler  stm32f4xx_hal_uart.o
    0x08006764   0x08006764   0x00000076   Code   RO         3316    i.HAL_UART_Init     stm32f4xx_hal_uart.o
    0x080067da   0x080067da   0x00000002   PAD
    0x080067dc   0x080067dc   0x000001b4   Code   RO          521    i.HAL_UART_MspDeInit  usart.o
    0x08006990   0x08006990   0x000007e8   Code   RO          522    i.HAL_UART_MspInit  usart.o
    0x08007178   0x08007178   0x0000002c   Code   RO         3320    i.HAL_UART_Receive_DMA  stm32f4xx_hal_uart.o
    0x080071a4   0x080071a4   0x00000002   Code   RO         3322    i.HAL_UART_RxCpltCallback  stm32f4xx_hal_uart.o
    0x080071a6   0x080071a6   0x00000002   Code   RO         3323    i.HAL_UART_RxHalfCpltCallback  stm32f4xx_hal_uart.o
    0x080071a8   0x080071a8   0x000000be   Code   RO         3324    i.HAL_UART_Transmit  stm32f4xx_hal_uart.o
    0x08007266   0x08007266   0x00000002   Code   RO         3327    i.HAL_UART_TxCpltCallback  stm32f4xx_hal_uart.o
    0x08007268   0x08007268   0x0000001c   Code   RO         4560    i.HANDLEKEYTaskFunc  handlekey.o
    0x08007284   0x08007284   0x00000060   Code   RO         6605    i.HANDLEKeyBehavior  ssckeybh.o
    0x080072e4   0x080072e4   0x0000000a   Code   RO         4671    i.HANDLESCANTaskFunc  handlescan.o
    0x080072ee   0x080072ee   0x000000c0   Code   RO         6606    i.HMIkeyBehanior    ssckeybh.o
    0x080073ae   0x080073ae   0x00000002   PAD
    0x080073b0   0x080073b0   0x00000034   Code   RO         4561    i.HandleKeyScan_Init  handlekey.o
    0x080073e4   0x080073e4   0x00000020   Code   RO         4562    i.HandleKey_ClearAlarm  handlekey.o
    0x08007404   0x08007404   0x0000012c   Code   RO         4565    i.HandleKey_Scan0SSC  handlekey.o
    0x08007530   0x08007530   0x00000134   Code   RO         4567    i.HandleKey_Scan1SSC  handlekey.o
    0x08007664   0x08007664   0x0000001c   Code   RO         4568    i.HandleKey_SetAlarm  handlekey.o
    0x08007680   0x08007680   0x00000028   Code   RO         4569    i.HandleKey_SetMotorRun  handlekey.o
    0x080076a8   0x080076a8   0x00000134   Code   RO         6325    i.HandleSwitchActive  pubinterface.o
    0x080077dc   0x080077dc   0x0000036c   Code   RO         4672    i.HandlescanA_Fun_SSC  handlescan.o
    0x08007b48   0x08007b48   0x0000036c   Code   RO         4673    i.HandlescanB_Fun_SSC  handlescan.o
    0x08007eb4   0x08007eb4   0x00000034   Code   RO         4674    i.HandlescanTaskInit  handlescan.o
    0x08007ee8   0x08007ee8   0x0000001c   Code   RO         4675    i.Handlescan_ClearActiveWorkIfNoOnlineHandle  handlescan.o
    0x08007f04   0x08007f04   0x0000006c   Code   RO         4676    i.Handlescan_ClearChannelAlarm  handlescan.o
    0x08007f70   0x08007f70   0x0000004c   Code   RO         4677    i.Handlescan_ClearChannelState  handlescan.o
    0x08007fbc   0x08007fbc   0x00000018   Code   RO         4678    i.Handlescan_ClearRecognizeMessage  handlescan.o
    0x08007fd4   0x08007fd4   0x0000000c   Code   RO         4679    i.Handlescan_ClearToolSpecValues  handlescan.o
    0x08007fe0   0x08007fe0   0x0000005c   Code   RO         4680    i.Handlescan_DebugTrace  handlescan.o
    0x0800803c   0x0800803c   0x00000074   Code   RO         4681    i.Handlescan_DebugTraceHandleName  handlescan.o
    0x080080b0   0x080080b0   0x0000006c   Code   RO         4682    i.Handlescan_DebugTraceI2cDetail  handlescan.o
    0x0800811c   0x0800811c   0x00000050   Code   RO         4683    i.Handlescan_DebugTraceToolInfo  handlescan.o
    0x0800816c   0x0800816c   0x00000018   Code   RO         4684    i.Handlescan_FindHandleTypeConfig  handlescan.o
    0x08008184   0x08008184   0x00000018   Code   RO         4685    i.Handlescan_FindToolTypeConfig  handlescan.o
    0x0800819c   0x0800819c   0x0000002c   Code   RO         4686    i.Handlescan_FindTypeConfig  handlescan.o
    0x080081c8   0x080081c8   0x0000000c   Code   RO         4687    i.Handlescan_Fun    handlescan.o
    0x080081d4   0x080081d4   0x00000050   Code   RO         4688    i.Handlescan_GetPeerActiveHandleAlarm  handlescan.o
    0x08008224   0x08008224   0x00000020   Code   RO         4689    i.Handlescan_HandleRunningPlugAlarm  handlescan.o
    0x08008244   0x08008244   0x00000012   Code   RO         4690    i.Handlescan_IsHandleVerifyAlarm  handlescan.o
    0x08008256   0x08008256   0x00000026   Code   RO         4691    i.Handlescan_MapVerifyStatusToAlarm  handlescan.o
    0x0800827c   0x0800827c   0x00000030   Code   RO         4692    i.Handlescan_RaiseAlarm  handlescan.o
    0x080082ac   0x080082ac   0x0000000e   Code   RO         4693    i.Handlescan_ReadUint16BE  handlescan.o
    0x080082ba   0x080082ba   0x00000002   PAD
    0x080082bc   0x080082bc   0x000000b4   Code   RO         4694    i.Handlescan_ReleaseHandleAlarmBeep  handlescan.o
    0x08008370   0x08008370   0x00000038   Code   RO         4695    i.Handlescan_ShouldSyncGlobalHandModel  handlescan.o
    0x080083a8   0x080083a8   0x00000048   Code   RO         4696    i.Handlescan_StartAlarmBeepRelease  handlescan.o
    0x080083f0   0x080083f0   0x00000034   Code   RO         4697    i.Handlescan_StopAlarmBeepRelease  handlescan.o
    0x08008424   0x08008424   0x00000012   Code   RO         4698    i.Handlescan_TenthToUint8  handlescan.o
    0x08008436   0x08008436   0x0000003a   Code   RO         4699    i.Handlescan_UpdateRecognizeMessage  handlescan.o
    0x08008470   0x08008470   0x00000014   Code   RO         4700    i.Handlescan_UpdateToolSpecValues  handlescan.o
    0x08008484   0x08008484   0x00000004   Code   RO          630    i.HardFault_Handler  stm32f4xx_it.o
    0x08008488   0x08008488   0x00000008   Code   RO         4291    i.Hardware_BoardGpioInit  hw_bootstrap.o
    0x08008490   0x08008490   0x00000008   Code   RO         4292    i.Hardware_PostInit  hw_bootstrap.o
    0x08008498   0x08008498   0x00000014   Code   RO         6326    i.HmiExitActive     pubinterface.o
    0x080084ac   0x080084ac   0x0000003e   Code   RO         3714    i.I2C_IsAcknowledgeFailed  stm32f4xx_hal_i2c.o
    0x080084ea   0x080084ea   0x00000002   PAD
    0x080084ec   0x080084ec   0x00000160   Code   RO         3725    i.I2C_RequestMemoryRead  stm32f4xx_hal_i2c.o
    0x0800864c   0x0800864c   0x000000e0   Code   RO         3726    i.I2C_RequestMemoryWrite  stm32f4xx_hal_i2c.o
    0x0800872c   0x0800872c   0x00000066   Code   RO         3734    i.I2C_WaitOnBTFFlagUntilTimeout  stm32f4xx_hal_i2c.o
    0x08008792   0x08008792   0x000000be   Code   RO         3735    i.I2C_WaitOnFlagUntilTimeout  stm32f4xx_hal_i2c.o
    0x08008850   0x08008850   0x000000fa   Code   RO         3736    i.I2C_WaitOnMasterAddressFlagUntilTimeout  stm32f4xx_hal_i2c.o
    0x0800894a   0x0800894a   0x0000008a   Code   RO         3737    i.I2C_WaitOnRXNEFlagUntilTimeout  stm32f4xx_hal_i2c.o
    0x080089d4   0x080089d4   0x00000066   Code   RO         3740    i.I2C_WaitOnTXEFlagUntilTimeout  stm32f4xx_hal_i2c.o
    0x08008a3a   0x08008a3a   0x0000005e   Code   RO         7366    i.IIC_AT24CXX_ReadOneByte  iic.o
    0x08008a98   0x08008a98   0x00000050   Code   RO         7367    i.IIC_AT24CXX_WriteOneByte  iic.o
    0x08008ae8   0x08008ae8   0x00000044   Code   RO         7368    i.IIC_Ack           iic.o
    0x08008b2c   0x08008b2c   0x0000001c   Code   RO         7369    i.IIC_Init          iic.o
    0x08008b48   0x08008b48   0x00000044   Code   RO         7370    i.IIC_NAck          iic.o
    0x08008b8c   0x08008b8c   0x00000050   Code   RO         7372    i.IIC_WaitAck       iic.o
    0x08008bdc   0x08008bdc   0x000000be   Code   RO         5548    i.Infusiondisplay   screen_adapter.o
    0x08008c9a   0x08008c9a   0x00000008   Code   RO         8076    i.IwdgTaskFunc      iwdg_1.o
    0x08008ca2   0x08008ca2   0x00000002   PAD
    0x08008ca4   0x08008ca4   0x00000034   Code   RO         8077    i.IwdgTaskInit      iwdg_1.o
    0x08008cd8   0x08008cd8   0x00000002   Code   RO         8079    i.Iwdg_Reset        iwdg_1.o
    0x08008cda   0x08008cda   0x00000042   Code   RO         6607    i.JTKeyBehavior     ssckeybh.o
    0x08008d1c   0x08008d1c   0x00000044   Code   RO         4337    i.Kernel_QueueCreateNamed  kernel_scheduler.o
    0x08008d60   0x08008d60   0x0000003c   Code   RO         4338    i.Kernel_QueueReceiveNamed  kernel_scheduler.o
    0x08008d9c   0x08008d9c   0x00000040   Code   RO         4339    i.Kernel_QueueSendNamed  kernel_scheduler.o
    0x08008ddc   0x08008ddc   0x00000008   Code   RO         4318    i.Kernel_Scheduler_Start  kernel_entry.o
    0x08008de4   0x08008de4   0x00000014   Code   RO         4340    i.Kernel_TaskCreateNamed  kernel_scheduler.o
    0x08008df8   0x08008df8   0x00000014   Code   RO         4341    i.Kernel_TaskStart  kernel_scheduler.o
    0x08008e0c   0x08008e0c   0x000000e4   Code   RO         4343    i.Kernel_TraceEnsureQueueFormats  kernel_scheduler.o
    0x08008ef0   0x08008ef0   0x00000034   Code   RO         4344    i.Kernel_TraceNameQueue  kernel_scheduler.o
    0x08008f24   0x08008f24   0x00000054   Code   RO         4345    i.Kernel_TraceQueueEvent  kernel_scheduler.o
    0x08008f78   0x08008f78   0x00000080   Code   RO         6608    i.KeyBehaviors      ssckeybh.o
    0x08008ff8   0x08008ff8   0x0000000a   Code   RO         6609    i.KeyBehaviorsTask  ssckeybh.o
    0x08009002   0x08009002   0x00000002   PAD
    0x08009004   0x08009004   0x00000028   Code   RO         6610    i.KeyBehivQueue_Init  ssckeybh.o
    0x0800902c   0x0800902c   0x00000034   Code   RO         8118    i.LCD_Disappear_Number  lcd.o
    0x08009060   0x08009060   0x000000b0   Code   RO         8119    i.LCD_Disappear_Picture  lcd.o
    0x08009110   0x08009110   0x00000254   Code   RO         8121    i.LCD_IntegratedCutterData_Update  lcd.o
    0x08009364   0x08009364   0x00000034   Code   RO         8122    i.LCD_Show_2byte_Number  lcd.o
    0x08009398   0x08009398   0x00000040   Code   RO         8123    i.LCD_Show_4byte_Number  lcd.o
    0x080093d8   0x080093d8   0x00000034   Code   RO         8124    i.LCD_Show_Number   lcd.o
    0x0800940c   0x0800940c   0x00000224   Code   RO         8125    i.LCD_Show_Picture  lcd.o
    0x08009630   0x08009630   0x00000058   Code   RO         8126    i.LCD_Show_Which_Map  lcd.o
    0x08009688   0x08009688   0x00000018   Code   RO         6216    i.LEDTaskFunc       sysrunled.o
    0x080096a0   0x080096a0   0x0000002c   Code   RO         6217    i.LEDTaskInit       sysrunled.o
    0x080096cc   0x080096cc   0x00000138   Code   RO         6497    i.MOTORRUN          sscdrive.o
    0x08009804   0x08009804   0x0000000a   Code   RO         6498    i.MOTORRUNTask      sscdrive.o
    0x0800980e   0x0800980e   0x0000000a   Code   RO         4935    i.MOTORUARTTaskFunc  motoruartdata.o
    0x08009818   0x08009818   0x000000b8   Code   RO          413    i.MX_DMA_Init       dma.o
    0x080098d0   0x080098d0   0x00000008   Code   RO          378    i.MX_FREERTOS_Init  freertos.o
    0x080098d8   0x080098d8   0x00000134   Code   RO          354    i.MX_GPIO_Init      gpio.o
    0x08009a0c   0x08009a0c   0x0000003c   Code   RO         7475    i.MX_I2C2_Init      i2c.o
    0x08009a48   0x08009a48   0x0000003c   Code   RO         7476    i.MX_I2C3_Init      i2c.o
    0x08009a84   0x08009a84   0x0000000c   Code   RO         7477    i.MX_I2C_Init       i2c.o
    0x08009a90   0x08009a90   0x0000004c   Code   RO          469    i.MX_TIM10_Init     tim.o
    0x08009adc   0x08009adc   0x0000004c   Code   RO          470    i.MX_TIM14_Init     tim.o
    0x08009b28   0x08009b28   0x00000058   Code   RO          471    i.MX_TIM7_Init      tim.o
    0x08009b80   0x08009b80   0x00000038   Code   RO          523    i.MX_UART10_Init    usart.o
    0x08009bb8   0x08009bb8   0x0000003c   Code   RO          524    i.MX_UART4_Init     usart.o
    0x08009bf4   0x08009bf4   0x00000038   Code   RO          525    i.MX_UART5_Init     usart.o
    0x08009c2c   0x08009c2c   0x00000038   Code   RO          526    i.MX_UART7_Init     usart.o
    0x08009c64   0x08009c64   0x00000038   Code   RO          527    i.MX_UART8_Init     usart.o
    0x08009c9c   0x08009c9c   0x00000038   Code   RO          528    i.MX_USART1_UART_Init  usart.o
    0x08009cd4   0x08009cd4   0x00000038   Code   RO          529    i.MX_USART2_UART_Init  usart.o
    0x08009d0c   0x08009d0c   0x0000003c   Code   RO          530    i.MX_USART3_UART_Init  usart.o
    0x08009d48   0x08009d48   0x0000003c   Code   RO          531    i.MX_USART6_UART_Init  usart.o
    0x08009d84   0x08009d84   0x00000004   Code   RO          631    i.MemManage_Handler  stm32f4xx_it.o
    0x08009d88   0x08009d88   0x0000006c   Code   RO         6499    i.MotorStart        sscdrive.o
    0x08009df4   0x08009df4   0x00000010   Code   RO         6500    i.MotorStops        sscdrive.o
    0x08009e04   0x08009e04   0x00000034   Code   RO         4936    i.MotorUartData_Init  motoruartdata.o
    0x08009e38   0x08009e38   0x00000020   Code   RO         4937    i.MotorUart_SetAlarm  motoruartdata.o
    0x08009e58   0x08009e58   0x00000030   Code   RO         4938    i.MotorUart_StopAllWork  motoruartdata.o
    0x08009e88   0x08009e88   0x0000004c   Code   RO         4875    i.Motor_ErrorEmergencyStop_Ctrl  motor.o
    0x08009ed4   0x08009ed4   0x00000004   Code   RO          632    i.NMI_Handler       stm32f4xx_it.o
    0x08009ed8   0x08009ed8   0x0000000a   Code   RO         6963    i.PUMPABehaviorTask  sscpumpa.o
    0x08009ee2   0x08009ee2   0x00000002   PAD
    0x08009ee4   0x08009ee4   0x00000028   Code   RO         6964    i.PUMPAQueue_Init   sscpumpa.o
    0x08009f0c   0x08009f0c   0x0000001e   Code   RO         6965    i.PUMPA_ApplyPressureClosedLoop  sscpumpa.o
    0x08009f2a   0x08009f2a   0x00000002   PAD
    0x08009f2c   0x08009f2c   0x00000008   Code   RO         6966    i.PUMPA_GetPressureSource  sscpumpa.o
    0x08009f34   0x08009f34   0x00000550   Code   RO         6327    i.PUMPActive        pubinterface.o
    0x0800a484   0x0800a484   0x00000180   Code   RO         6967    i.PUMPAehaviors     sscpumpa.o
    0x0800a604   0x0800a604   0x0000000a   Code   RO         7030    i.PUMPBBehaviorTask  sscpumpb.o
    0x0800a60e   0x0800a60e   0x00000002   PAD
    0x0800a610   0x0800a610   0x00000028   Code   RO         7031    i.PUMPBQueue_Init   sscpumpb.o
    0x0800a638   0x0800a638   0x0000001e   Code   RO         7032    i.PUMPB_ApplyPressureClosedLoop  sscpumpb.o
    0x0800a656   0x0800a656   0x00000002   PAD
    0x0800a658   0x0800a658   0x00000008   Code   RO         7033    i.PUMPB_GetPressureSource  sscpumpb.o
    0x0800a660   0x0800a660   0x00000180   Code   RO         7034    i.PUMPBehaviors     sscpumpb.o
    0x0800a7e0   0x0800a7e0   0x000003c8   Code   RO         5296    i.PedalRecv_Scan    pedal.o
    0x0800aba8   0x0800aba8   0x00000010   Code   RO         5298    i.Pedal_ReadHValue  pedal.o
    0x0800abb8   0x0800abb8   0x00000010   Code   RO         5299    i.Pedal_ReadHValue_Left  pedal.o
    0x0800abc8   0x0800abc8   0x00000010   Code   RO         5300    i.Pedal_ReadLValue  pedal.o
    0x0800abd8   0x0800abd8   0x00000010   Code   RO         5301    i.Pedal_ReadLValue_Left  pedal.o
    0x0800abe8   0x0800abe8   0x00000010   Code   RO         5302    i.Pedal_ReadMValue  pedal.o
    0x0800abf8   0x0800abf8   0x00000010   Code   RO         5303    i.Pedal_ReadMValue_Left  pedal.o
    0x0800ac08   0x0800ac08   0x00000010   Code   RO         5305    i.Pedal_StorageHValue  pedal.o
    0x0800ac18   0x0800ac18   0x00000010   Code   RO         5306    i.Pedal_StorageHValue_Left  pedal.o
    0x0800ac28   0x0800ac28   0x00000010   Code   RO         5307    i.Pedal_StorageLValue  pedal.o
    0x0800ac38   0x0800ac38   0x00000010   Code   RO         5308    i.Pedal_StorageLValue_Left  pedal.o
    0x0800ac48   0x0800ac48   0x00000010   Code   RO         5309    i.Pedal_StorageMValue  pedal.o
    0x0800ac58   0x0800ac58   0x00000010   Code   RO         5310    i.Pedal_StorageMValue_Left  pedal.o
    0x0800ac68   0x0800ac68   0x00000154   Code   RO         6328    i.PlanerGridH       pubinterface.o
    0x0800adbc   0x0800adbc   0x000002c4   Code   RO         6329    i.PlugORunPLUGActive  pubinterface.o
    0x0800b080   0x0800b080   0x00000028   Code   RO         6611    i.PlugunPLUGActive  ssckeybh.o
    0x0800b0a8   0x0800b0a8   0x00000036   Code   RO         5555    i.PoweronInit       screen_adapter.o
    0x0800b0de   0x0800b0de   0x00000160   Code   RO         7176    i.PumpGeardisplay   sscuidp.o
    0x0800b23e   0x0800b23e   0x00000064   Code   RO         5519    i.PumpPressureControl_Apply  pump_pressure_control.o
    0x0800b2a2   0x0800b2a2   0x00000026   Code   RO         5429    i.PumpTaskDelayMs   pump.o
    0x0800b2c8   0x0800b2c8   0x00000050   Code   RO         6968    i.Pump_SetSpeedS_A  sscpumpa.o
    0x0800b318   0x0800b318   0x00000050   Code   RO         7035    i.Pump_SetSpeedS_B  sscpumpb.o
    0x0800b368   0x0800b368   0x00000080   Code   RO         5435    i.Pump_SetSpeed_A   pump.o
    0x0800b3e8   0x0800b3e8   0x00000028   Code   RO         7094    i.RFIDQueue_Init    sscrfid.o
    0x0800b410   0x0800b410   0x0000002c   Code   RO         7095    i.RadioFreq_CRC     sscrfid.o
    0x0800b43c   0x0800b43c   0x00000064   Code   RO         7374    i.Read_Byte         iic.o
    0x0800b4a0   0x0800b4a0   0x00000214   Code   RO         7096    i.RfidHandle        sscrfid.o
    0x0800b6b4   0x0800b6b4   0x0000000a   Code   RO         5996    i.SCREENKEYTaskFunc  screenkey.o
    0x0800b6be   0x0800b6be   0x000000b0   Code   RO         6612    i.SCREENKeyBehanior  ssckeybh.o
    0x0800b76e   0x0800b76e   0x00000002   PAD
    0x0800b770   0x0800b770   0x000000a8   Code   RO        10540    i.SEGGER_RTT_ConfigDownBuffer  segger_rtt.o
    0x0800b818   0x0800b818   0x000000a8   Code   RO        10541    i.SEGGER_RTT_ConfigUpBuffer  segger_rtt.o
    0x0800b8c0   0x0800b8c0   0x00000038   Code   RO        10546    i.SEGGER_RTT_Read   segger_rtt.o
    0x0800b8f8   0x0800b8f8   0x00000098   Code   RO        10547    i.SEGGER_RTT_ReadNoLock  segger_rtt.o
    0x0800b990   0x0800b990   0x00000048   Code   RO        10555    i.SEGGER_RTT_Write  segger_rtt.o
    0x0800b9d8   0x0800b9d8   0x00000084   Code   RO        10556    i.SEGGER_RTT_WriteNoLock  segger_rtt.o
    0x0800ba5c   0x0800ba5c   0x00000006   Code   RO         8037    i.STMFLASH_ReadWord  flash.o
    0x0800ba62   0x0800ba62   0x000000c6   Code   RO         6000    i.ScreenKey_PostLegacyAction  screenkey.o
    0x0800bb28   0x0800bb28   0x00000354   Code   RO         6001    i.ScreenKey_Scan    screenkey.o
    0x0800be7c   0x0800be7c   0x00000034   Code   RO         6002    i.ScreenKey_ScanInit  screenkey.o
    0x0800beb0   0x0800beb0   0x00000026   Code   RO         5564    i.Screen_PumpGear_FromValue  screen_adapter.o
    0x0800bed6   0x0800bed6   0x00000002   PAD
    0x0800bed8   0x0800bed8   0x00000028   Code   RO         5567    i.Screen_TipInfo_Update  screen_adapter.o
    0x0800bf00   0x0800bf00   0x00000044   Code   RO         6446    i.SendAlarmMessage  sscbeep.o
    0x0800bf44   0x0800bf44   0x00000044   Code   RO         6447    i.SendKeyBeepMessage  sscbeep.o
    0x0800bf88   0x0800bf88   0x0000003c   Code   RO         6613    i.SendKeyBehMessage  ssckeybh.o
    0x0800bfc4   0x0800bfc4   0x00000044   Code   RO         7375    i.Signal_Start      iic.o
    0x0800c008   0x0800c008   0x00000044   Code   RO         7376    i.Signal_Stop       iic.o
    0x0800c04c   0x0800c04c   0x00000090   Code   RO         8616    i.SimUartTaskFunc   soft_uart.o
    0x0800c0dc   0x0800c0dc   0x00000048   Code   RO         8617    i.SimUartTask_Init  soft_uart.o
    0x0800c124   0x0800c124   0x00000098   Code   RO         8624    i.SimUart_HandleExti  soft_uart.o
    0x0800c1bc   0x0800c1bc   0x00000108   Code   RO         8625    i.SimUart_InitAll   soft_uart.o
    0x0800c2c4   0x0800c2c4   0x0000003c   Code   RO         8630    i.SimUart_TimerIrqHandler  soft_uart.o
    0x0800c300   0x0800c300   0x00000010   Code   RO         8631    i.SoftUart_ChannelValid  soft_uart.o
    0x0800c310   0x0800c310   0x0000002c   Code   RO         8632    i.SoftUart_DisableExti  soft_uart.o
    0x0800c33c   0x0800c33c   0x00000034   Code   RO         8633    i.SoftUart_EnableExti  soft_uart.o
    0x0800c370   0x0800c370   0x00000038   Code   RO         8634    i.SoftUart_FinishReceive  soft_uart.o
    0x0800c3a8   0x0800c3a8   0x00000020   Code   RO         8635    i.SoftUart_GetChannel  soft_uart.o
    0x0800c3c8   0x0800c3c8   0x00000028   Code   RO         8636    i.SoftUart_GetTimerClockHz  soft_uart.o
    0x0800c3f0   0x0800c3f0   0x00000060   Code   RO         8637    i.SoftUart_InitChannelGpio  soft_uart.o
    0x0800c450   0x0800c450   0x0000009c   Code   RO         8638    i.SoftUart_InitRxTimer  soft_uart.o
    0x0800c4ec   0x0800c4ec   0x000000a4   Code   RO         8639    i.SoftUart_InitTimingBase  soft_uart.o
    0x0800c590   0x0800c590   0x000000c4   Code   RO         8640    i.SoftUart_ProcessSample  soft_uart.o
    0x0800c654   0x0800c654   0x0000000e   Code   RO         8641    i.SoftUart_ReadRx   soft_uart.o
    0x0800c662   0x0800c662   0x00000014   Code   RO         8642    i.SoftUart_RearmExtiLines  soft_uart.o
    0x0800c676   0x0800c676   0x00000054   Code   RO         8643    i.SoftUart_RingPopTask  soft_uart.o
    0x0800c6ca   0x0800c6ca   0x00000052   Code   RO         8644    i.SoftUart_RingPushFromIsr  soft_uart.o
    0x0800c71c   0x0800c71c   0x00000038   Code   RO         8645    i.SoftUart_StartSampleTimer  soft_uart.o
    0x0800c754   0x0800c754   0x00000020   Code   RO         8646    i.SoftUart_StopSampleTimer  soft_uart.o
    0x0800c774   0x0800c774   0x0000002c   Code   RO         8647    i.SoftUart_TestForwardChannelSelected  soft_uart.o
    0x0800c7a0   0x0800c7a0   0x00000028   Code   RO         8648    i.SoftUart_TestForwardFrame  soft_uart.o
    0x0800c7c8   0x0800c7c8   0x00000012   Code   RO         8649    i.SoftUart_WriteTx  soft_uart.o
    0x0800c7da   0x0800c7da   0x00000002   PAD
    0x0800c7dc   0x0800c7dc   0x000001f8   Code   RO         6330    i.SpeedActive       pubinterface.o
    0x0800c9d4   0x0800c9d4   0x000000b8   Code   RO         7101    i.SplitType_AutoModeGetData_Task  sscrfid.o
    0x0800ca8c   0x0800ca8c   0x00000034   Code   RO         6448    i.SscBeepControlTask_Init  sscbeep.o
    0x0800cac0   0x0800cac0   0x00000030   Code   RO         6501    i.SscDriveMotorTask_Init  sscdrive.o
    0x0800caf0   0x0800caf0   0x00000060   Code   RO         6559    i.SscFootControlTask_Init  sscfoot.o
    0x0800cb50   0x0800cb50   0x00000038   Code   RO         6614    i.SscKeyBehaviorTask_Init  ssckeybh.o
    0x0800cb88   0x0800cb88   0x00000038   Code   RO         6970    i.SscPumpATask_Init  sscpumpa.o
    0x0800cbc0   0x0800cbc0   0x00000038   Code   RO         7037    i.SscPumpBTask_Init  sscpumpb.o
    0x0800cbf8   0x0800cbf8   0x0000003c   Code   RO         7102    i.SscRadioFreq_Init  sscrfid.o
    0x0800cc34   0x0800cc34   0x0000003c   Code   RO         7103    i.SscSplitTypeAutoModeGetData_Init  sscrfid.o
    0x0800cc70   0x0800cc70   0x0000003c   Code   RO         7178    i.SscUIDisplayTask_Init  sscuidp.o
    0x0800ccac   0x0800ccac   0x00000030   Code   RO         6067    i.Storage_HandleMode_init  userparser.o
    0x0800ccdc   0x0800ccdc   0x000000c4   Code   RO         6068    i.Storage_PumpFlow_init  userparser.o
    0x0800cda0   0x0800cda0   0x00000016   Code   RO        11953    i.SysTick_Handler   cmsis_os2.o
    0x0800cdb6   0x0800cdb6   0x00000002   PAD
    0x0800cdb8   0x0800cdb8   0x000000b8   Code   RO           15    i.SystemClock_Config  main.o
    0x0800ce70   0x0800ce70   0x00000014   Code   RO         4167    i.SystemInit        system_stm32f4xx.o
    0x0800ce84   0x0800ce84   0x00000008   Code   RO          633    i.TIM1_TRG_COM_TIM11_IRQHandler  stm32f4xx_it.o
    0x0800ce8c   0x0800ce8c   0x00000010   Code   RO          634    i.TIM1_UP_TIM10_IRQHandler  stm32f4xx_it.o
    0x0800ce9c   0x0800ce9c   0x00000010   Code   RO          635    i.TIM6_DAC_IRQHandler  stm32f4xx_it.o
    0x0800ceac   0x0800ceac   0x00000010   Code   RO          636    i.TIM8_TRG_COM_TIM14_IRQHandler  stm32f4xx_it.o
    0x0800cebc   0x0800cebc   0x000000e8   Code   RO         1103    i.TIM_Base_SetConfig  stm32f4xx_hal_tim.o
    0x0800cfa4   0x0800cfa4   0x00000074   Code   RO         6331    i.ToolPosActive     pubinterface.o
    0x0800d018   0x0800d018   0x00000050   Code   RO         6502    i.ToolPosMay        sscdrive.o
    0x0800d068   0x0800d068   0x000000b0   Code   RO         9092    i.Tracealyzer_RecorderInit  tracealyzer_recorder.o
    0x0800d118   0x0800d118   0x00000080   Code   RO         9096    i.Tracealyzer_RecorderTryStartStreaming  tracealyzer_recorder.o
    0x0800d198   0x0800d198   0x0000000e   Code   RO         9886    i.TzCtrl            trckernelport.o
    0x0800d1a6   0x0800d1a6   0x00000002   PAD
    0x0800d1a8   0x0800d1a8   0x00000010   Code   RO          637    i.UART4_IRQHandler  stm32f4xx_it.o
    0x0800d1b8   0x0800d1b8   0x00000010   Code   RO          638    i.UART5_IRQHandler  stm32f4xx_it.o
    0x0800d1c8   0x0800d1c8   0x00000010   Code   RO          639    i.UART7_IRQHandler  stm32f4xx_it.o
    0x0800d1d8   0x0800d1d8   0x00000014   Code   RO         3329    i.UART_DMAAbortOnError  stm32f4xx_hal_uart.o
    0x0800d1ec   0x0800d1ec   0x00000050   Code   RO         3330    i.UART_DMAError     stm32f4xx_hal_uart.o
    0x0800d23c   0x0800d23c   0x000000b4   Code   RO         3331    i.UART_DMAReceiveCplt  stm32f4xx_hal_uart.o
    0x0800d2f0   0x0800d2f0   0x00000024   Code   RO         3333    i.UART_DMARxHalfCplt  stm32f4xx_hal_uart.o
    0x0800d314   0x0800d314   0x0000006c   Code   RO         3339    i.UART_EndRxTransfer  stm32f4xx_hal_uart.o
    0x0800d380   0x0800d380   0x00000020   Code   RO         3340    i.UART_EndTransmit_IT  stm32f4xx_hal_uart.o
    0x0800d3a0   0x0800d3a0   0x00000026   Code   RO         3341    i.UART_EndTxTransfer  stm32f4xx_hal_uart.o
    0x0800d3c6   0x0800d3c6   0x000000fc   Code   RO         3342    i.UART_Receive_IT   stm32f4xx_hal_uart.o
    0x0800d4c2   0x0800d4c2   0x00000002   PAD
    0x0800d4c4   0x0800d4c4   0x00000244   Code   RO         3343    i.UART_SetConfig    stm32f4xx_hal_uart.o
    0x0800d708   0x0800d708   0x000000c8   Code   RO         3344    i.UART_Start_Receive_DMA  stm32f4xx_hal_uart.o
    0x0800d7d0   0x0800d7d0   0x00000060   Code   RO         3346    i.UART_Transmit_IT  stm32f4xx_hal_uart.o
    0x0800d830   0x0800d830   0x0000008c   Code   RO         3347    i.UART_WaitOnFlagUntilTimeout  stm32f4xx_hal_uart.o
    0x0800d8bc   0x0800d8bc   0x000000b6   Code   RO         7179    i.UIAIARMDP         sscuidp.o
    0x0800d972   0x0800d972   0x000000c8   Code   RO         7180    i.UICONTROLDP       sscuidp.o
    0x0800da3a   0x0800da3a   0x000000b2   Code   RO         7181    i.UIDIRDP           sscuidp.o
    0x0800daec   0x0800daec   0x000001d0   Code   RO         7182    i.UIDISPLAYBehavior  sscuidp.o
    0x0800dcbc   0x0800dcbc   0x0000000a   Code   RO         7183    i.UIDISPLAYBehaviorTask  sscuidp.o
    0x0800dcc6   0x0800dcc6   0x00000002   PAD
    0x0800dcc8   0x0800dcc8   0x00000028   Code   RO         7184    i.UIDPQueue_Init    sscuidp.o
    0x0800dcf0   0x0800dcf0   0x00000042   Code   RO         7185    i.UIFREQDP          sscuidp.o
    0x0800dd32   0x0800dd32   0x00000160   Code   RO         7186    i.UIHANDLEDP        sscuidp.o
    0x0800de92   0x0800de92   0x00000050   Code   RO         7187    i.UIMANUALBUTTONDP  sscuidp.o
    0x0800dee2   0x0800dee2   0x0000001e   Code   RO         7188    i.UIORALDP          sscuidp.o
    0x0800df00   0x0800df00   0x00000060   Code   RO         7189    i.UIPUMPABUTTONDP   sscuidp.o
    0x0800df60   0x0800df60   0x00000108   Code   RO         7190    i.UIPUMPADP         sscuidp.o
    0x0800e068   0x0800e068   0x00000060   Code   RO         7191    i.UIPUMPBBUTTONDP   sscuidp.o
    0x0800e0c8   0x0800e0c8   0x00000108   Code   RO         7192    i.UIPUMPBDP         sscuidp.o
    0x0800e1d0   0x0800e1d0   0x0000006a   Code   RO         7193    i.UISPEEDDP         sscuidp.o
    0x0800e23a   0x0800e23a   0x00000032   Code   RO         7194    i.UITOOLDP          sscuidp.o
    0x0800e26c   0x0800e26c   0x00000036   Code   RO         7195    i.UITOOLSPECDP      sscuidp.o
    0x0800e2a2   0x0800e2a2   0x00000002   PAD
    0x0800e2a4   0x0800e2a4   0x00000384   Code   RO         8897    i.UI_FootPedalCalibration_Fun  ui_footpedalcalibration.o
    0x0800e628   0x0800e628   0x0000006c   Code   RO         9060    i.UI_Start_Fun      ui_start.o
    0x0800e694   0x0800e694   0x00000010   Code   RO          640    i.USART1_IRQHandler  stm32f4xx_it.o
    0x0800e6a4   0x0800e6a4   0x00000010   Code   RO          641    i.USART2_IRQHandler  stm32f4xx_it.o
    0x0800e6b4   0x0800e6b4   0x00000010   Code   RO          642    i.USART3_IRQHandler  stm32f4xx_it.o
    0x0800e6c4   0x0800e6c4   0x00000010   Code   RO          643    i.USART6_IRQHandler  stm32f4xx_it.o
    0x0800e6d4   0x0800e6d4   0x00000014   Code   RO         8184    i.Uart1_DMAConfiguration  uart1.o
    0x0800e6e8   0x0800e6e8   0x00000064   Code   RO         8185    i.Uart1_DMARecvDataPeek  uart1.o
    0x0800e74c   0x0800e74c   0x00000034   Code   RO         8186    i.Uart1_DMAReset    uart1.o
    0x0800e780   0x0800e780   0x00000008   Code   RO         8188    i.Uart1_Init        uart1.o
    0x0800e788   0x0800e788   0x00000014   Code   RO         8189    i.Uart1_SendPacket  uart1.o
    0x0800e79c   0x0800e79c   0x00000014   Code   RO         8249    i.Uart2_DMAConfiguration  uart2.o
    0x0800e7b0   0x0800e7b0   0x00000064   Code   RO         8250    i.Uart2_DMARecvDataPeek  uart2.o
    0x0800e814   0x0800e814   0x00000034   Code   RO         8251    i.Uart2_DMAReset    uart2.o
    0x0800e848   0x0800e848   0x00000008   Code   RO         8253    i.Uart2_Init        uart2.o
    0x0800e850   0x0800e850   0x00000014   Code   RO         8254    i.Uart2_SendPacket  uart2.o
    0x0800e864   0x0800e864   0x00000014   Code   RO         8310    i.Uart3_DMAConfiguration  uart3.o
    0x0800e878   0x0800e878   0x00000030   Code   RO         8311    i.Uart3_DMARecvDataPeek  uart3.o
    0x0800e8a8   0x0800e8a8   0x00000020   Code   RO         8312    i.Uart3_DMAReset    uart3.o
    0x0800e8c8   0x0800e8c8   0x00000008   Code   RO         8314    i.Uart3_Init        uart3.o
    0x0800e8d0   0x0800e8d0   0x00000014   Code   RO         8315    i.Uart3_SendPacket  uart3.o
    0x0800e8e4   0x0800e8e4   0x00000014   Code   RO         8370    i.Uart4_DMAConfiguration  uart4.o
    0x0800e8f8   0x0800e8f8   0x00000064   Code   RO         8371    i.Uart4_DMARecvDataPeek  uart4.o
    0x0800e95c   0x0800e95c   0x00000034   Code   RO         8372    i.Uart4_DMAReset    uart4.o
    0x0800e990   0x0800e990   0x00000008   Code   RO         8374    i.Uart4_Init        uart4.o
    0x0800e998   0x0800e998   0x00000014   Code   RO         8375    i.Uart4_SendPacket  uart4.o
    0x0800e9ac   0x0800e9ac   0x00000014   Code   RO         8431    i.Uart5_DMAConfiguration  uart5.o
    0x0800e9c0   0x0800e9c0   0x00000008   Code   RO         8435    i.Uart5_Init        uart5.o
    0x0800e9c8   0x0800e9c8   0x00000014   Code   RO         8436    i.Uart5_SendPacket  uart5.o
    0x0800e9dc   0x0800e9dc   0x00000014   Code   RO         8492    i.Uart6_DMAConfiguration  uart6.o
    0x0800e9f0   0x0800e9f0   0x00000064   Code   RO         8493    i.Uart6_DMARecvDataPeek  uart6.o
    0x0800ea54   0x0800ea54   0x00000034   Code   RO         8494    i.Uart6_DMAReset    uart6.o
    0x0800ea88   0x0800ea88   0x00000008   Code   RO         8496    i.Uart6_Init        uart6.o
    0x0800ea90   0x0800ea90   0x00000014   Code   RO         8497    i.Uart6_SendPacket  uart6.o
    0x0800eaa4   0x0800eaa4   0x00000018   Code   RO         8556    i.Uart7_Init        uart7.o
    0x0800eabc   0x0800eabc   0x00000050   Code   RO         8557    i.Uart7_SendPacket  uart7.o
    0x0800eb0c   0x0800eb0c   0x00000004   Code   RO          644    i.UsageFault_Handler  stm32f4xx_it.o
    0x0800eb10   0x0800eb10   0x000000e0   Code   RO         6069    i.Userparser_Init   userparser.o
    0x0800ebf0   0x0800ebf0   0x00000018   Code   RO         6070    i.Userparser_PubinterfaceInit  userparser.o
    0x0800ec08   0x0800ec08   0x00000010   Code   RO         6332    i.WorkMessageInit   pubinterface.o
    0x0800ec18   0x0800ec18   0x0000006c   Code   RO         7377    i.Write_Byte        iic.o
    0x0800ec84   0x0800ec84   0x0000006c   Code   RO        10560    i._DoInit           segger_rtt.o
    0x0800ecf0   0x0800ecf0   0x0000001c   Code   RO        10561    i._GetAvailWriteSpace  segger_rtt.o
    0x0800ed0c   0x0800ed0c   0x00000072   Code   RO        10563    i._WriteBlocking    segger_rtt.o
    0x0800ed7e   0x0800ed7e   0x0000004c   Code   RO        10564    i._WriteNoCheck     segger_rtt.o
    0x0800edca   0x0800edca   0x00000002   PAD
    0x0800edcc   0x0800edcc   0x00000010   Code   RO         2871    i.__NVIC_GetPriorityGrouping  stm32f4xx_hal_cortex.o
    0x0800eddc   0x0800eddc   0x00000028   Code   RO         2872    i.__NVIC_SetPriority  stm32f4xx_hal_cortex.o
    0x0800ee04   0x0800ee04   0x00000006   Code   RO         9473    i.__get_PRIMASK     trcevent.o
    0x0800ee0a   0x0800ee0a   0x00000006   Code   RO        10029    i.__get_PRIMASK     trcobject.o
    0x0800ee10   0x0800ee10   0x00000006   Code   RO         9327    i.__set_PRIMASK     trcentrytable.o
    0x0800ee16   0x0800ee16   0x00000006   Code   RO         9474    i.__set_PRIMASK     trcevent.o
    0x0800ee1c   0x0800ee1c   0x00000006   Code   RO        10030    i.__set_PRIMASK     trcobject.o
    0x0800ee22   0x0800ee22   0x00000006   Code   RO        10290    i.__set_PRIMASK     trcstreamingrecorder.o
    0x0800ee28   0x0800ee28   0x0000000e   Code   RO        12686    i._is_digit         c_w.l(__printf_wp.o)
    0x0800ee36   0x0800ee36   0x00000002   PAD
    0x0800ee38   0x0800ee38   0x00000084   Code   RO          888    i.app_task_create_named  app_task.o
    0x0800eebc   0x0800eebc   0x0000002e   Code   RO          889    i.app_task_start    app_task.o
    0x0800eeea   0x0800eeea   0x0000001c   Code   RO         5574    i.draindisplay      screen_adapter.o
    0x0800ef06   0x0800ef06   0x0000003e   Code   RO         5575    i.freqdisplay       screen_adapter.o
    0x0800ef44   0x0800ef44   0x000000b0   Code   RO         5576    i.injectiondisplay  screen_adapter.o
    0x0800eff4   0x0800eff4   0x00000058   Code   RO           16    i.main              main.o
    0x0800f04c   0x0800f04c   0x0000007c   Code   RO        11381    i.prvAddCurrentTaskToDelayedList  tasks.o
    0x0800f0c8   0x0800f0c8   0x000000d8   Code   RO        11382    i.prvAddNewTaskToReadyList  tasks.o
    0x0800f1a0   0x0800f1a0   0x00000074   Code   RO        11769    i.prvCheckForValidListAndQueue  timers.o
    0x0800f214   0x0800f214   0x00000048   Code   RO        11383    i.prvCheckTasksWaitingTermination  tasks.o
    0x0800f25c   0x0800f25c   0x0000002a   Code   RO        10948    i.prvCopyDataFromQueue  queue.o
    0x0800f286   0x0800f286   0x0000007e   Code   RO        10949    i.prvCopyDataToQueue  queue.o
    0x0800f304   0x0800f304   0x00000050   Code   RO        11384    i.prvDeleteTCB      tasks.o
    0x0800f354   0x0800f354   0x00000020   Code   RO         9328    i.prvEntryIndexInitialize  trcentrytable.o
    0x0800f374   0x0800f374   0x00000050   Code   RO         9329    i.prvEntryIndexTake  trcentrytable.o
    0x0800f3c4   0x0800f3c4   0x00000028   Code   RO        11770    i.prvGetNextExpireTime  timers.o
    0x0800f3ec   0x0800f3ec   0x0000007c   Code   RO        12486    i.prvHeapInit       heap_4.o
    0x0800f468   0x0800f468   0x00000028   Code   RO        11385    i.prvIdleTask       tasks.o
    0x0800f490   0x0800f490   0x0000007c   Code   RO        10952    i.prvInitialiseNewQueue  queue.o
    0x0800f50c   0x0800f50c   0x000000be   Code   RO        11386    i.prvInitialiseNewTask  tasks.o
    0x0800f5ca   0x0800f5ca   0x00000002   PAD
    0x0800f5cc   0x0800f5cc   0x00000068   Code   RO        11387    i.prvInitialiseTaskLists  tasks.o
    0x0800f634   0x0800f634   0x00000068   Code   RO        12487    i.prvInsertBlockIntoFreeList  heap_4.o
    0x0800f69c   0x0800f69c   0x00000058   Code   RO        11772    i.prvInsertTimerInActiveList  timers.o
    0x0800f6f4   0x0800f6f4   0x00000004   Code   RO        10291    i.prvIs64bit        trcstreamingrecorder.o
    0x0800f6f8   0x0800f6f8   0x0000001a   Code   RO        10953    i.prvIsQueueEmpty   queue.o
    0x0800f712   0x0800f712   0x0000001e   Code   RO        10954    i.prvIsQueueFull    queue.o
    0x0800f730   0x0800f730   0x00000046   Code   RO        10292    i.prvIsValidCommand  trcstreamingrecorder.o
    0x0800f776   0x0800f776   0x00000022   Code   RO        10293    i.prvProcessCommand  trcstreamingrecorder.o
    0x0800f798   0x0800f798   0x0000007c   Code   RO        11773    i.prvProcessExpiredTimer  timers.o
    0x0800f814   0x0800f814   0x0000016c   Code   RO        11774    i.prvProcessReceivedCommands  timers.o
    0x0800f980   0x0800f980   0x00000074   Code   RO        11775    i.prvProcessTimerOrBlockTask  timers.o
    0x0800f9f4   0x0800f9f4   0x00000034   Code   RO        11389    i.prvResetNextTaskUnblockTime  tasks.o
    0x0800fa28   0x0800fa28   0x0000002c   Code   RO        11776    i.prvSampleTimeNow  timers.o
    0x0800fa54   0x0800fa54   0x00000030   Code   RO        10294    i.prvSetRecorderDisabled  trcstreamingrecorder.o
    0x0800fa84   0x0800fa84   0x00000084   Code   RO        10295    i.prvSetRecorderEnabled  trcstreamingrecorder.o
    0x0800fb08   0x0800fb08   0x000000ac   Code   RO        11777    i.prvSwitchTimerLists  timers.o
    0x0800fbb4   0x0800fbb4   0x00000040   Code   RO        12554    i.prvTaskExitError  port.o
    0x0800fbf4   0x0800fbf4   0x0000001a   Code   RO        11778    i.prvTimerTask      timers.o
    0x0800fc0e   0x0800fc0e   0x00000002   PAD
    0x0800fc10   0x0800fc10   0x00000218   Code   RO         9413    i.prvTraceErrorGetDescription  trcerror.o
    0x0800fe28   0x0800fe28   0x000000ac   Code   RO         9414    i.prvTraceErrorPrint  trcerror.o
    0x0800fed4   0x0800fed4   0x00000120   Code   RO        10031    i.prvTraceObjectSendNameEvent  trcobject.o
    0x0800fff4   0x0800fff4   0x0000009c   Code   RO        10296    i.prvTraceStoreEntryTable  trcstreamingrecorder.o
    0x08010090   0x08010090   0x00000024   Code   RO        10297    i.prvTraceStoreHeader  trcstreamingrecorder.o
    0x080100b4   0x080100b4   0x000000c4   Code   RO        10298    i.prvTraceStoreStartEvent  trcstreamingrecorder.o
    0x08010178   0x08010178   0x0000002c   Code   RO        10299    i.prvTraceStoreTimestampInfo  trcstreamingrecorder.o
    0x080101a4   0x080101a4   0x000001b4   Code   RO        10117    i.prvTraceVPrintF   trcprint.o
    0x08010358   0x08010358   0x0000007e   Code   RO        10955    i.prvUnlockQueue    queue.o
    0x080103d6   0x080103d6   0x00000010   Code   RO        10300    i.prvVerifySizeAlignment  trcstreamingrecorder.o
    0x080103e6   0x080103e6   0x00000002   PAD
    0x080103e8   0x080103e8   0x0000001c   Code   RO         6333    i.pumpMessageInit   pubinterface.o
    0x08010404   0x08010404   0x00000174   Code   RO        12488    i.pvPortMalloc      heap_4.o
    0x08010578   0x08010578   0x0000002c   Code   RO        12555    i.pxPortInitialiseStack  port.o
    0x080105a4   0x080105a4   0x00000042   Code   RO         5578    i.speeddisplay      screen_adapter.o
    0x080105e6   0x080105e6   0x00000028   Code   RO        10895    i.uxListRemove      list.o
    0x0801060e   0x0801060e   0x00000002   PAD
    0x08010610   0x08010610   0x00000018   Code   RO        12027    i.vApplicationGetIdleTaskMemory  cmsis_os2.o
    0x08010628   0x08010628   0x00000018   Code   RO        12028    i.vApplicationGetTimerTaskMemory  cmsis_os2.o
    0x08010640   0x08010640   0x0000001a   Code   RO        10896    i.vListInitialise   list.o
    0x0801065a   0x0801065a   0x00000006   Code   RO        10897    i.vListInitialiseItem  list.o
    0x08010660   0x08010660   0x00000034   Code   RO        10898    i.vListInsert       list.o
    0x08010694   0x08010694   0x00000018   Code   RO        10899    i.vListInsertEnd    list.o
    0x080106ac   0x080106ac   0x00000054   Code   RO        12557    i.vPortEnterCritical  port.o
    0x08010700   0x08010700   0x0000003c   Code   RO        12558    i.vPortExitCritical  port.o
    0x0801073c   0x0801073c   0x000000d0   Code   RO        12489    i.vPortFree         heap_4.o
    0x0801080c   0x0801080c   0x00000028   Code   RO        12559    i.vPortSetupTimerInterrupt  port.o
    0x08010834   0x08010834   0x00000078   Code   RO        12560    i.vPortValidateInterruptPriority  port.o
    0x080108ac   0x080108ac   0x00000038   Code   RO        10961    i.vQueueAddToRegistry  queue.o
    0x080108e4   0x080108e4   0x0000004a   Code   RO        10965    i.vQueueWaitForMessageRestricted  queue.o
    0x0801092e   0x0801092e   0x00000002   PAD
    0x08010930   0x08010930   0x00000064   Code   RO        11402    i.vTaskDelay        tasks.o
    0x08010994   0x08010994   0x000000dc   Code   RO        11403    i.vTaskDelayUntil   tasks.o
    0x08010a70   0x08010a70   0x00000018   Code   RO        11407    i.vTaskInternalSetTimeOutState  tasks.o
    0x08010a88   0x08010a88   0x0000000c   Code   RO        11408    i.vTaskMissedYield  tasks.o
    0x08010a94   0x08010a94   0x00000038   Code   RO        11410    i.vTaskPlaceOnEventList  tasks.o
    0x08010acc   0x08010acc   0x00000050   Code   RO        11411    i.vTaskPlaceOnEventListRestricted  tasks.o
    0x08010b1c   0x08010b1c   0x000000cc   Code   RO        11419    i.vTaskStartScheduler  tasks.o
    0x08010be8   0x08010be8   0x00000010   Code   RO        11421    i.vTaskSuspendAll   tasks.o
    0x08010bf8   0x08010bf8   0x0000009c   Code   RO        11422    i.vTaskSwitchContext  tasks.o
    0x08010c94   0x08010c94   0x00000190   Code   RO        12561    i.xPortStartScheduler  port.o
    0x08010e24   0x08010e24   0x00000034   Code   RO        12562    i.xPortSysTickHandler  port.o
    0x08010e58   0x08010e58   0x0000009e   Code   RO        10970    i.xQueueGenericCreate  queue.o
    0x08010ef6   0x08010ef6   0x00000132   Code   RO        10971    i.xQueueGenericCreateStatic  queue.o
    0x08011028   0x08011028   0x00000098   Code   RO        10972    i.xQueueGenericReset  queue.o
    0x080110c0   0x080110c0   0x000002c4   Code   RO        10973    i.xQueueGenericSend  queue.o
    0x08011384   0x08011384   0x00000168   Code   RO        10974    i.xQueueGenericSendFromISR  queue.o
    0x080114ec   0x080114ec   0x000002a0   Code   RO        10983    i.xQueueReceive     queue.o
    0x0801178c   0x0801178c   0x0000008c   Code   RO        11424    i.xTaskCheckForTimeOut  tasks.o
    0x08011818   0x08011818   0x00000064   Code   RO        11425    i.xTaskCreate       tasks.o
    0x0801187c   0x0801187c   0x000000ba   Code   RO        11426    i.xTaskCreateStatic  tasks.o
    0x08011936   0x08011936   0x00000002   PAD
    0x08011938   0x08011938   0x00000020   Code   RO        11430    i.xTaskGetSchedulerState  tasks.o
    0x08011958   0x08011958   0x0000000c   Code   RO        11431    i.xTaskGetTickCount  tasks.o
    0x08011964   0x08011964   0x00000180   Code   RO        11433    i.xTaskIncrementTick  tasks.o
    0x08011ae4   0x08011ae4   0x000000b8   Code   RO        11436    i.xTaskPriorityDisinherit  tasks.o
    0x08011b9c   0x08011b9c   0x000000a0   Code   RO        11438    i.xTaskRemoveFromEventList  tasks.o
    0x08011c3c   0x08011c3c   0x0000010c   Code   RO        11439    i.xTaskResumeAll    tasks.o
    0x08011d48   0x08011d48   0x00000078   Code   RO        11787    i.xTimerCreateTimerTask  timers.o
    0x08011dc0   0x08011dc0   0x0000015c   Code   RO        11788    i.xTimerGenericCommand  timers.o
    0x08011f1c   0x08011f1c   0x00000028   Code   RO         9186    i.xTraceCounterInitialize  trccounter.o
    0x08011f44   0x08011f44   0x0000001c   Code   RO         9253    i.xTraceDiagnosticsAdd  trcdiagnostics.o
    0x08011f60   0x08011f60   0x0000007c   Code   RO         9254    i.xTraceDiagnosticsCheckStatus  trcdiagnostics.o
    0x08011fdc   0x08011fdc   0x0000000e   Code   RO         9257    i.xTraceDiagnosticsIncrease  trcdiagnostics.o
    0x08011fea   0x08011fea   0x00000002   PAD
    0x08011fec   0x08011fec   0x00000034   Code   RO         9258    i.xTraceDiagnosticsInitialize  trcdiagnostics.o
    0x08012020   0x08012020   0x00000020   Code   RO         9260    i.xTraceDiagnosticsSetIfHigher  trcdiagnostics.o
    0x08012040   0x08012040   0x0000000a   Code   RO        10303    i.xTraceDisable     trcstreamingrecorder.o
    0x0801204a   0x0801204a   0x00000002   PAD
    0x0801204c   0x0801204c   0x000000a4   Code   RO        10304    i.xTraceEnable      trcstreamingrecorder.o
    0x080120f0   0x080120f0   0x00000078   Code   RO         9330    i.xTraceEntryCreate  trcentrytable.o
    0x08012168   0x08012168   0x00000060   Code   RO         9331    i.xTraceEntryDelete  trcentrytable.o
    0x080121c8   0x080121c8   0x00000034   Code   RO         9332    i.xTraceEntryFind   trcentrytable.o
    0x080121fc   0x080121fc   0x0000001c   Code   RO         9333    i.xTraceEntryGetAtIndex  trcentrytable.o
    0x08012218   0x08012218   0x00000018   Code   RO         9334    i.xTraceEntryGetCount  trcentrytable.o
    0x08012230   0x08012230   0x00000014   Code   RO         9335    i.xTraceEntryIndexTableInitialize  trcentrytable.o
    0x08012244   0x08012244   0x00000048   Code   RO         9336    i.xTraceEntrySetSymbol  trcentrytable.o
    0x0801228c   0x0801228c   0x00000088   Code   RO         9337    i.xTraceEntryTableInitialize  trcentrytable.o
    0x08012314   0x08012314   0x0000008c   Code   RO         9415    i.xTraceError       trcerror.o
    0x080123a0   0x080123a0   0x00000028   Code   RO         9417    i.xTraceErrorGetLast  trcerror.o
    0x080123c8   0x080123c8   0x00000034   Code   RO         9418    i.xTraceErrorInitialize  trcerror.o
    0x080123fc   0x080123fc   0x00000028   Code   RO         9475    i.xTraceEventAddData  trcevent.o
    0x08012424   0x08012424   0x00000098   Code   RO         9476    i.xTraceEventBeginRawOffline  trcevent.o
    0x080124bc   0x080124bc   0x000000a0   Code   RO         9477    i.xTraceEventBeginRawOfflineBlocking  trcevent.o
    0x0801255c   0x0801255c   0x000000c4   Code   RO         9479    i.xTraceEventCreate1  trcevent.o
    0x08012620   0x08012620   0x000000c8   Code   RO         9480    i.xTraceEventCreate2  trcevent.o
    0x080126e8   0x080126e8   0x000000cc   Code   RO         9481    i.xTraceEventCreate3  trcevent.o
    0x080127b4   0x080127b4   0x000000d8   Code   RO         9483    i.xTraceEventCreate5  trcevent.o
    0x0801288c   0x0801288c   0x000000e4   Code   RO         9484    i.xTraceEventCreate6  trcevent.o
    0x08012970   0x08012970   0x00000038   Code   RO         9485    i.xTraceEventEndOffline  trcevent.o
    0x080129a8   0x080129a8   0x0000004c   Code   RO         9486    i.xTraceEventEndOfflineBlocking  trcevent.o
    0x080129f4   0x080129f4   0x00000064   Code   RO         9487    i.xTraceEventInitialize  trcevent.o
    0x08012a58   0x08012a58   0x00000028   Code   RO         9662    i.xTraceExtensionInitialize  trcextension.o
    0x08012a80   0x08012a80   0x0000005c   Code   RO         9703    i.xTraceHardwarePortInitCortexM  trchardwareport.o
    0x08012adc   0x08012adc   0x000000e4   Code   RO        10306    i.xTraceHeaderInitialize  trcstreamingrecorder.o
    0x08012bc0   0x08012bc0   0x0000003e   Code   RO         9727    i.xTraceHeapAlloc   trcheap.o
    0x08012bfe   0x08012bfe   0x00000036   Code   RO         9728    i.xTraceHeapCreate  trcheap.o
    0x08012c34   0x08012c34   0x00000032   Code   RO         9729    i.xTraceHeapFree    trcheap.o
    0x08012c66   0x08012c66   0x00000002   PAD
    0x08012c68   0x08012c68   0x00000050   Code   RO         9826    i.xTraceISRInitialize  trcisr.o
    0x08012cb8   0x08012cb8   0x00000180   Code   RO        10307    i.xTraceInitialize  trcstreamingrecorder.o
    0x08012e38   0x08012e38   0x00000080   Code   RO         9894    i.xTraceKernelPortEnable  trckernelport.o
    0x08012eb8   0x08012eb8   0x0000000c   Code   RO         9895    i.xTraceKernelPortGetSystemHeapHandle  trckernelport.o
    0x08012ec4   0x08012ec4   0x00000024   Code   RO         9896    i.xTraceKernelPortInitialize  trckernelport.o
    0x08012ee8   0x08012ee8   0x00000026   Code   RO        10032    i.xTraceObjectRegister  trcobject.o
    0x08012f0e   0x08012f0e   0x00000002   PAD
    0x08012f10   0x08012f10   0x000001ac   Code   RO        10033    i.xTraceObjectRegisterInternal  trcobject.o
    0x080130bc   0x080130bc   0x00000020   Code   RO        10034    i.xTraceObjectRegisterWithoutHandle  trcobject.o
    0x080130dc   0x080130dc   0x00000040   Code   RO        10035    i.xTraceObjectSetName  trcobject.o
    0x0801311c   0x0801311c   0x00000052   Code   RO        10036    i.xTraceObjectSetNameWithoutHandle  trcobject.o
    0x0801316e   0x0801316e   0x00000028   Code   RO        10039    i.xTraceObjectUnregister  trcobject.o
    0x08013196   0x08013196   0x00000044   Code   RO        10040    i.xTraceObjectUnregisterWithoutHandle  trcobject.o
    0x080131da   0x080131da   0x00000002   PAD
    0x080131dc   0x080131dc   0x00000044   Code   RO        10119    i.xTracePrint       trcprint.o
    0x08013220   0x08013220   0x00000034   Code   RO        10121    i.xTracePrintF      trcprint.o
    0x08013254   0x08013254   0x0000002c   Code   RO        10122    i.xTracePrintInitialize  trcprint.o
    0x08013280   0x08013280   0x00000020   Code   RO        10256    i.xTraceStaticBufferInitialize  trcstaticbuffer.o
    0x080132a0   0x080132a0   0x00000014   Code   RO        10711    i.xTraceStreamPortInitialize  trcstreamport.o
    0x080132b4   0x080132b4   0x00000058   Code   RO        10712    i.xTraceStreamPortOnEnable  trcstreamport.o
    0x0801330c   0x0801330c   0x00000154   Code   RO        10420    i.xTraceStringRegister  trcstring.o
    0x08013460   0x08013460   0x00000034   Code   RO        10449    i.xTraceTaskInitialize  trctask.o
    0x08013494   0x08013494   0x00000084   Code   RO        10452    i.xTraceTaskSwitch  trctask.o
    0x08013518   0x08013518   0x00000054   Code   RO        10507    i.xTraceTimestampInitialize  trctimestamp.o
    0x0801356c   0x0801356c   0x0000008c   Code   RO        10308    i.xTraceTzCtrl      trcstreamingrecorder.o
    0x080135f8   0x080135f8   0x00000068   Code   RO        10123    i.xTraceVPrintF     trcprint.o
    0x08013660   0x08013660   0x00000048   Code   RO         9419    i.xTraceWarning     trcerror.o
    0x080136a8   0x080136a8   0x00000150   Code   RO        12724    x$fpl$dadd          fz_wm.l(daddsub_clz.o)
    0x080137f8   0x080137f8   0x0000005a   Code   RO        12734    x$fpl$dfixu         fz_wm.l(dfixu.o)
    0x08013852   0x08013852   0x00000026   Code   RO        12738    x$fpl$dfltu         fz_wm.l(dflt_clz.o)
    0x08013878   0x08013878   0x00000154   Code   RO        12744    x$fpl$dmul          fz_wm.l(dmul.o)
    0x080139cc   0x080139cc   0x0000009c   Code   RO        12762    x$fpl$dnaninf       fz_wm.l(dnaninf.o)
    0x08013a68   0x08013a68   0x0000000c   Code   RO        12764    x$fpl$dretinf       fz_wm.l(dretinf.o)
    0x08013a74   0x08013a74   0x000001d4   Code   RO        12726    x$fpl$dsub          fz_wm.l(daddsub_clz.o)
    0x08013c48   0x08013c48   0x0000000a   Code   RO        12873    x$fpl$fpinit        fz_wm.l(fpinit.o)
    0x08013c52   0x08013c52   0x00000000   Code   RO        12768    x$fpl$usenofp       fz_wm.l(usenofp.o)
    0x08013c52   0x08013c52   0x00000008   Data   RO         2563    .constdata          stm32f4xx_hal_dma.o
    0x08013c5a   0x08013c5a   0x00000018   Data   RO         4168    .constdata          system_stm32f4xx.o
    0x08013c72   0x08013c72   0x00000002   PAD
    0x08013c74   0x08013c74   0x00000060   Data   RO         4702    .constdata          handlescan.o
    0x08013cd4   0x08013cd4   0x0000000c   Data   RO         4876    .constdata          motor.o
    0x08013ce0   0x08013ce0   0x00000008   Data   RO         5002    .constdata          external_comm_protocol.o
    0x08013ce8   0x08013ce8   0x00000036   Data   RO         5583    .constdata          screen_adapter.o
    0x08013d1e   0x08013d1e   0x00000002   PAD
    0x08013d20   0x08013d20   0x00000056   Data   RO         8127    .constdata          lcd.o
    0x08013d76   0x08013d76   0x00000028   Data   RO        12659    .constdata          c_w.l(_printf_hex_int.o)
    0x08013d9e   0x08013d9e   0x00000011   Data   RO        12694    .constdata          c_w.l(__printf_flags_ss_wp.o)
    0x08013daf   0x08013daf   0x00000001   PAD
    0x08013db0   0x08013db0   0x000000fe   Data   RO         4703    .conststring        handlescan.o
    0x08013eae   0x08013eae   0x00000002   PAD
    0x08013eb0   0x08013eb0   0x00000020   Data   RO        12929    Region$$Table       anon$$obj.o


    Execution Region RW_IRAM1 (Exec base: 0x20000000, Load base: 0x08013ed0, Size: 0x0000d490, Max: 0x00050000, ABSOLUTE, COMPRESSED[0x00000260])

    Exec Addr    Load Addr    Size         Type   Attr      Idx    E Section Name        Object

    0x20000000   COMPRESSED   0x00000010   Data   RW          891    .data               app_task.o
    0x20000010   COMPRESSED   0x00000009   Data   RW         3025    .data               stm32f4xx_hal.o
    0x20000019   COMPRESSED   0x00000003   PAD
    0x2000001c   COMPRESSED   0x00000004   Data   RW         4169    .data               system_stm32f4xx.o
    0x20000020   COMPRESSED   0x00000010   Data   RW         4346    .data               kernel_scheduler.o
    0x20000030   COMPRESSED   0x00000200   Data   RW         4417    .data               common.o
    0x20000230   COMPRESSED   0x0000000e   Data   RW         4571    .data               handlekey.o
    0x2000023e   COMPRESSED   0x00000010   Data   RW         4704    .data               handlescan.o
    0x2000024e   COMPRESSED   0x00000004   Data   RW         5092    .data               external_comm_task.o
    0x20000252   COMPRESSED   0x00000060   Data   RW         5312    .data               pedal.o
    0x200002b2   COMPRESSED   0x00000048   Data   RW         5438    .data               pump.o
    0x200002fa   COMPRESSED   0x00000003   Data   RW         6004    .data               screenkey.o
    0x200002fd   COMPRESSED   0x0000000c   Data   RW         6335    .data               pubinterface.o
    0x20000309   COMPRESSED   0x00000003   PAD
    0x2000030c   COMPRESSED   0x00000007   Data   RW         6450    .data               sscbeep.o
    0x20000313   COMPRESSED   0x00000013   Data   RW         6504    .data               sscdrive.o
    0x20000326   COMPRESSED   0x00000002   PAD
    0x20000328   COMPRESSED   0x00000023   Data   RW         6561    .data               sscfoot.o
    0x2000034b   COMPRESSED   0x00000001   PAD
    0x2000034c   COMPRESSED   0x00000004   Data   RW         6616    .data               ssckeybh.o
    0x20000350   COMPRESSED   0x00000005   Data   RW         6972    .data               sscpumpa.o
    0x20000355   COMPRESSED   0x00000003   PAD
    0x20000358   COMPRESSED   0x00000005   Data   RW         7039    .data               sscpumpb.o
    0x2000035d   COMPRESSED   0x00000003   PAD
    0x20000360   COMPRESSED   0x0000008c   Data   RW         7105    .data               sscrfid.o
    0x200003ec   COMPRESSED   0x00000004   Data   RW         7197    .data               sscuidp.o
    0x200003f0   COMPRESSED   0x0000016c   Data   RW         7316    .data               data.o
    0x2000055c   COMPRESSED   0x00000006   Data   RW         8128    .data               lcd.o
    0x20000562   COMPRESSED   0x00000004   Data   RW         8191    .data               uart1.o
    0x20000566   COMPRESSED   0x00000004   Data   RW         8256    .data               uart2.o
    0x2000056a   COMPRESSED   0x00000004   Data   RW         8377    .data               uart4.o
    0x2000056e   COMPRESSED   0x00000004   Data   RW         8499    .data               uart6.o
    0x20000572   COMPRESSED   0x00000002   PAD
    0x20000574   COMPRESSED   0x00000008   Data   RW         8559    .data               uart7.o
    0x2000057c   COMPRESSED   0x000002a1   Data   RW         8658    .data               soft_uart.o
    0x2000081d   COMPRESSED   0x00000001   PAD
    0x2000081e   COMPRESSED   0x00000007   Data   RW         8898    .data               ui_footpedalcalibration.o
    0x20000825   COMPRESSED   0x00000003   PAD
    0x20000828   COMPRESSED   0x00000010   Data   RW         9097    .data               tracealyzer_recorder.o
    0x20000838   COMPRESSED   0x00000004   Data   RW         9189    .data               trccounter.o
    0x2000083c   COMPRESSED   0x00000004   Data   RW         9262    .data               trcdiagnostics.o
    0x20000840   COMPRESSED   0x00000008   Data   RW         9338    .data               trcentrytable.o
    0x20000848   COMPRESSED   0x00000004   Data   RW         9420    .data               trcerror.o
    0x2000084c   COMPRESSED   0x00000004   Data   RW         9488    .data               trcevent.o
    0x20000850   COMPRESSED   0x00000004   Data   RW         9663    .data               trcextension.o
    0x20000854   COMPRESSED   0x00000004   Data   RW         9829    .data               trcisr.o
    0x20000858   COMPRESSED   0x00000004   Data   RW         9899    .data               trckernelport.o
    0x2000085c   COMPRESSED   0x00000004   Data   RW        10124    .data               trcprint.o
    0x20000860   COMPRESSED   0x00000004   Data   RW        10257    .data               trcstaticbuffer.o
    0x20000864   COMPRESSED   0x0000000c   Data   RW        10310    .data               trcstreamingrecorder.o
    0x20000870   COMPRESSED   0x00000004   Data   RW        10454    .data               trctask.o
    0x20000874   COMPRESSED   0x00000004   Data   RW        10508    .data               trctimestamp.o
    0x20000878   COMPRESSED   0x00000004   Data   RW        10713    .data               trcstreamport.o
    0x2000087c   COMPRESSED   0x0000003c   Data   RW        11442    .data               tasks.o
    0x200008b8   COMPRESSED   0x00000014   Data   RW        11796    .data               timers.o
    0x200008cc   COMPRESSED   0x00000020   Data   RW        12495    .data               heap_4.o
    0x200008ec   COMPRESSED   0x0000000c   Data   RW        12563    .data               port.o
    0x200008f8        -       0x000000d8   Zero   RW          472    .bss                tim.o
    0x200009d0        -       0x000005e8   Zero   RW          532    .bss                usart.o
    0x20000fb8        -       0x00000048   Zero   RW          837    .bss                stm32f4xx_hal_timebase_tim.o
    0x20001000        -       0x00000020   Zero   RW         2183    .bss                stm32f4xx_hal_flash.o
    0x20001020        -       0x00000030   Zero   RW         4570    .bss                handlekey.o
    0x20001050        -       0x00000070   Zero   RW         4701    .bss                handlescan.o
    0x200010c0        -       0x00000030   Zero   RW         4939    .bss                motoruartdata.o
    0x200010f0        -       0x0000017c   Zero   RW         5091    .bss                external_comm_task.o
    0x2000126c        -       0x00000030   Zero   RW         5582    .bss                screen_adapter.o
    0x2000129c        -       0x00000060   Zero   RW         6003    .bss                screenkey.o
    0x200012fc        -       0x00000030   Zero   RW         6218    .bss                sysrunled.o
    0x2000132c        -       0x00000110   Zero   RW         6334    .bss                pubinterface.o
    0x2000143c        -       0x00000030   Zero   RW         6449    .bss                sscbeep.o
    0x2000146c        -       0x00000030   Zero   RW         6503    .bss                sscdrive.o
    0x2000149c        -       0x0000006e   Zero   RW         6560    .bss                sscfoot.o
    0x2000150a   COMPRESSED   0x00000002   PAD
    0x2000150c        -       0x00000030   Zero   RW         6615    .bss                ssckeybh.o
    0x2000153c        -       0x00000030   Zero   RW         6971    .bss                sscpumpa.o
    0x2000156c        -       0x00000030   Zero   RW         7038    .bss                sscpumpb.o
    0x2000159c        -       0x00000078   Zero   RW         7104    .bss                sscrfid.o
    0x20001614        -       0x00000030   Zero   RW         7196    .bss                sscuidp.o
    0x20001644        -       0x0000008f   Zero   RW         7315    .bss                data.o
    0x200016d3   COMPRESSED   0x00000001   PAD
    0x200016d4        -       0x000000a8   Zero   RW         7478    .bss                i2c.o
    0x2000177c        -       0x00000018   Zero   RW         7824    .bss                at24cs32.o
    0x20001794        -       0x000001f0   Zero   RW         7978    .bss                at24cs32_crc_verify.o
    0x20001984        -       0x00000030   Zero   RW         8080    .bss                iwdg_1.o
    0x200019b4        -       0x000000ff   Zero   RW         8190    .bss                uart1.o
    0x20001ab3        -       0x00000096   Zero   RW         8255    .bss                uart2.o
    0x20001b49        -       0x00000096   Zero   RW         8316    .bss                uart3.o
    0x20001bdf        -       0x00000096   Zero   RW         8376    .bss                uart4.o
    0x20001c75        -       0x00000096   Zero   RW         8437    .bss                uart5.o
    0x20001d0b        -       0x00000096   Zero   RW         8498    .bss                uart6.o
    0x20001da1   COMPRESSED   0x00000003   PAD
    0x20001da4        -       0x0000005c   Zero   RW         8657    .bss                soft_uart.o
    0x20001e00        -       0x0000105c   Zero   RW         9898    .bss                trckernelport.o
    0x20002e5c        -       0x00005604   Zero   RW        10309    .bss                trcstreamingrecorder.o
    0x20008460        -       0x000000f8   Zero   RW        10565    .bss                segger_rtt.o
    0x20008558        -       0x00000040   Zero   RW        10987    .bss                queue.o
    0x20008598        -       0x000004c4   Zero   RW        11441    .bss                tasks.o
    0x20008a5c        -       0x00000118   Zero   RW        11795    .bss                timers.o
    0x20008b74        -       0x000006b8   Zero   RW        12029    .bss                cmsis_os2.o
    0x2000922c        -       0x00003c00   Zero   RW        12494    .bss                heap_4.o
    0x2000ce2c        -       0x00000060   Zero   RW        12803    .bss                c_w.l(libspace.o)
    0x2000ce8c   COMPRESSED   0x00000004   PAD
    0x2000ce90        -       0x00000200   Zero   RW            2    HEAP                startup_stm32f413xx.o
    0x2000d090        -       0x00000400   Zero   RW            1    STACK               startup_stm32f413xx.o


==============================================================================

Image component sizes


      Code (inc. data)   RO Data    RW Data    ZI Data      Debug   Object Name

         8          0          0          0          0        577   app_bootstrap.o
      1404        172          0         16          0      26154   app_task.o
      1366         82          0          0         24      19720   at24cs32.o
       494         12          0          0        496       5872   at24cs32_crc_verify.o
       588         26          0          0          0       2211   board.o
       310         46          0          0          0       7056   bsp_uart.o
        70         18          0          0       1720      22931   cmsis_os2.o
       114         10          0        512          0       2969   common.o
         0          0          0        364        143       7905   data.o
        62          6          0          0          0       1230   delay.o
       184          6          0          0          0        954   dma.o
         0          0          0          0          0       5968   drivectrl_adapter.o
        76          0          0          0          0       2455   eeprom.o
         0          0          0          0          0      16304   event_groups.o
       550         18          8          0          0       9633   external_comm_protocol.o
      3586        288          0          4        380      33864   external_comm_task.o
       366         44          0          0          0       3875   flash.o
         8          0          0          0          0        543   freertos.o
       308         12          0          0          0       1191   gpio.o
       872        106          0         14         48       8886   handlekey.o
      3264        342        350         16        112      28382   handlescan.o
       808         90          0         32      15360       5271   heap_4.o
        16          0          0          0          0       1161   hw_bootstrap.o
       556         74          0          0        168       4324   i2c.o
       798         46          0          0          0       8027   iic.o
        62         26          0          0         48       1968   iwdg_1.o
         8          0          0          0          0       1458   kernel_entry.o
       596        186          0         16          0      10829   kernel_scheduler.o
      1628         66         86          6          0       6695   lcd.o
       148          0          0          0          0       3942   list.o
       350         28          0          0          0     805641   main.o
       168          4         12          0          0       1466   motor.o
       394         66          0          0         48       4204   motoruartdata.o
      1160         56          0         96          0      10327   pedal.o
      1054         90          0         12          0      12525   port.o
      4188        254          0         12        272      19078   pubinterface.o
       166         14          0         72          0       4798   pump.o
       100          0          0          0          0       1144   pump_pressure_control.o
      2960         76          0          0         64      19758   queue.o
       654          4         54          0         48       8092   screen_adapter.o
      1112        104          0          3         96       4730   screenkey.o
      1074         58          0          0        248      13258   segger_rtt.o
      2492        170          0        673         92      25388   soft_uart.o
       446        126          0          7         48       4786   sscbeep.o
       574         68          0         19         48       5143   sscdrive.o
      1404        170          0         35        110       5332   sscfoot.o
       864        184          0          4         48      17252   ssckeybh.o
       608        116          0          5         48       5859   sscpumpa.o
       608        116          0          5         48       5680   sscpumpb.o
       930        118          0        140        120       7492   sscrfid.o
      2944        118          0          4         48      15877   sscuidp.o
        64         26        472          0       1536        908   startup_stm32f413xx.o
       136         24          0          9          0       9278   stm32f4xx_hal.o
       304         28          0          0          0      34724   stm32f4xx_hal_cortex.o
      1554         16          8          0          0       9070   stm32f4xx_hal_dma.o
       668         62          0          0         32       6610   stm32f4xx_hal_flash.o
       432         26          0          0          0       3570   stm32f4xx_hal_flash_ex.o
       908         82          0          0          0       5377   stm32f4xx_hal_gpio.o
      3530         58          0          0          0      16013   stm32f4xx_hal_i2c.o
        84          6          0          0          0        958   stm32f4xx_hal_msp.o
       708         70          0          0          0       5125   stm32f4xx_hal_rcc.o
      1200         24          0          0          0       2108   stm32f4xx_hal_rcc_ex.o
      1030        106          0          0          0       7420   stm32f4xx_hal_tim.o
       184         30          0          0          0       2781   stm32f4xx_hal_tim_ex.o
       180         20          0          0         72       1635   stm32f4xx_hal_timebase_tim.o
      3350         34          0          0          0      20756   stm32f4xx_hal_uart.o
       344        102          0          0          0      16339   stm32f4xx_it.o
        68         24          0          0         48       2132   sysrunled.o
        20          6         24          4          0       1295   system_stm32f4xx.o
      3212        374          0         60       1220      30572   tasks.o
       420         42          0          0        216       3128   tim.o
      1558        128          0         20        280      20027   timers.o
       304         88          0         16          0       3406   tracealyzer_recorder.o
        40         10          0          4          0       1378   trccounter.o
       250         28          0          4          0       4295   trcdiagnostics.o
       666         66          0          8          0      15242   trcentrytable.o
      1012        562          0          4          0       5363   trcerror.o
      1640        198          0          4          0      19492   trcevent.o
        40         10          0          4          0       1700   trcextension.o
        92         16          0          0          0        688   trchardwareport.o
       166          0          0          0          0       3174   trcheap.o
        80          8          0          4          0       2863   trcisr.o
       190         48          0          4       4188       3764   trckernelport.o
      1052         46          0          0          0       9444   trcobject.o
       704         64          0          4          0       5461   trcprint.o
        32         10          0          4          0       2278   trcstaticbuffer.o
      1668        102          0         12      22020      18193   trcstreamingrecorder.o
       108         26          0          4          0       2300   trcstreamport.o
       340         22          0          0          0       1491   trcstring.o
       184         24          0          4          0       4836   trctask.o
        84          8          0          4          0       3263   trctimestamp.o
       200         30          0          4        255       3932   uart1.o
       200         30          0          4        150       3928   uart2.o
       128         14          0          0        150       3832   uart3.o
       200         30          0          4        150       3928   uart4.o
        48          6          0          0        150       2660   uart5.o
       200         30          0          4        150       3928   uart6.o
       104         16          0          8          0       2224   uart7.o
       900         30          0          7          0       1278   ui_footpedalcalibration.o
       108          6          0          0          0        675   ui_start.o
      2976        260          0          0       1512       9498   usart.o
       492         22          0          0          0       2640   userparser.o

    ----------------------------------------------------------------------
     76760       6714       1052       2296      52020    1597165   Object Totals
         0          0         32          0          0          0   (incl. Generated)
        98          0          6         21          6          0   (incl. Padding)

    ----------------------------------------------------------------------

      Code (inc. data)   RO Data    RW Data    ZI Data      Debug   Library Member Name

        56          6          0          0          0         88   __2snprintf.o
        90          0          0          0          0          0   __dczerorl2.o
         8          0          0          0          0         68   __main.o
       392          4         17          0          0         92   __printf_flags_ss_wp.o
        14          0          0          0          0         68   __printf_wp.o
         0          0          0          0          0          0   __rtentry.o
        12          0          0          0          0          0   __rtentry2.o
         6          0          0          0          0          0   __rtentry4.o
        52          8          0          0          0          0   __scatter.o
        28          0          0          0          0          0   __scatter_zi.o
        44          0          0          0          0        108   _printf_char.o
        48          6          0          0          0         96   _printf_char_common.o
       120         16          0          0          0         92   _printf_dec.o
        88          4         40          0          0         88   _printf_hex_int.o
       178          0          0          0          0         88   _printf_intcommon.o
        78          0          0          0          0        108   _printf_pad.o
         0          0          0          0          0          0   _printf_percent.o
         4          0          0          0          0          0   _printf_percent_end.o
         6          0          0          0          0          0   _printf_s.o
        82          0          0          0          0         80   _printf_str.o
         6          0          0          0          0          0   _printf_u.o
         6          0          0          0          0          0   _printf_x.o
        16          0          0          0          0         68   _snputc.o
        10          0          0          0          0         68   _sputc.o
        16          0          0          0          0         68   aeabi_memset.o
        18          0          0          0          0         80   exit.o
         6          0          0          0          0        152   heapauxi.o
         0          0          0          0          0          0   indicate_semi.o
         2          0          0          0          0          0   libinit.o
         6          0          0          0          0          0   libinit2.o
         2          0          0          0          0          0   libshutdown.o
         2          0          0          0          0          0   libshutdown2.o
         8          4          0          0         96         68   libspace.o
       238          0          0          0          0        100   lludivv7m.o
        88          0          0          0          0         76   memcmp.o
        68          0          0          0          0         68   rt_memclr.o
        78          0          0          0          0         80   rt_memclr_w.o
       138          0          0          0          0         68   rt_memcpy_v6.o
       100          0          0          0          0         80   rt_memcpy_w.o
         2          0          0          0          0          0   rtexit.o
        10          0          0          0          0          0   rtexit2.o
        72          0          0          0          0         80   strcpy.o
        12          4          0          0          0         68   sys_exit.o
        74          0          0          0          0         80   sys_stackheap_outer.o
         2          0          0          0          0         68   use_no_semi.o
       804         16          0          0          0        368   daddsub_clz.o
        90          4          0          0          0        140   dfixu.o
        38          0          0          0          0        116   dflt_clz.o
       340         12          0          0          0        152   dmul.o
       156          4          0          0          0        140   dnaninf.o
        12          0          0          0          0        116   dretinf.o
        10          0          0          0          0        116   fpinit.o
         0          0          0          0          0          0   usenofp.o

    ----------------------------------------------------------------------
      3746         88         58          0        100       3396   Library Totals
        10          0          1          0          4          0   (incl. Padding)

    ----------------------------------------------------------------------

      Code (inc. data)   RO Data    RW Data    ZI Data      Debug   Library Name

      2286         52         57          0         96       2248   c_w.l
      1450         36          0          0          0       1148   fz_wm.l

    ----------------------------------------------------------------------
      3746         88         58          0        100       3396   Library Totals

    ----------------------------------------------------------------------

==============================================================================


      Code (inc. data)   RO Data    RW Data    ZI Data      Debug   

     80506       6802       1110       2296      52120    1529065   Grand Totals
     80506       6802       1110        608      52120    1529065   ELF Image Totals (compressed)
     80506       6802       1110        608          0          0   ROM Totals

==============================================================================

    Total RO  Size (Code + RO Data)                81616 (  79.70kB)
    Total RW  Size (RW Data + ZI Data)             54416 (  53.14kB)
    Total ROM Size (Code + RO Data + RW Data)      82224 (  80.30kB)

==============================================================================

