Component: ARM Compiler 5.06 update 6 (build 750) Tool: armlink [4d35ed]

==============================================================================

Section Cross References

    stm32f4xx_hal.o(i.HAL_DeInit) refers to stm32f4xx_hal.o(i.HAL_MspDeInit) for HAL_MspDeInit
    stm32f4xx_hal.o(i.HAL_Delay) refers to stm32f4xx_hal.o(i.HAL_GetTick) for HAL_GetTick
    stm32f4xx_hal.o(i.HAL_Delay) refers to stm32f4xx_hal.o(.data) for uwTickFreq
    stm32f4xx_hal.o(i.HAL_GetTick) refers to stm32f4xx_hal.o(.data) for uwTick
    stm32f4xx_hal.o(i.HAL_GetTickFreq) refers to stm32f4xx_hal.o(.data) for uwTickFreq
    stm32f4xx_hal.o(i.HAL_GetTickPrio) refers to stm32f4xx_hal.o(.data) for uwTickPrio
    stm32f4xx_hal.o(i.HAL_IncTick) refers to stm32f4xx_hal.o(.data) for uwTick
    stm32f4xx_hal.o(i.HAL_Init) refers to stm32f4xx_hal_cortex.o(i.HAL_NVIC_SetPriorityGrouping) for HAL_NVIC_SetPriorityGrouping
    stm32f4xx_hal.o(i.HAL_Init) refers to stm32f4xx_hal_timebase_tim.o(i.HAL_InitTick) for HAL_InitTick
    stm32f4xx_hal.o(i.HAL_Init) refers to stm32f4xx_hal_msp.o(i.HAL_MspInit) for HAL_MspInit
    stm32f4xx_hal.o(i.HAL_InitTick) refers to stm32f4xx_hal_cortex.o(i.HAL_SYSTICK_Config) for HAL_SYSTICK_Config
    stm32f4xx_hal.o(i.HAL_InitTick) refers to stm32f4xx_hal_cortex.o(i.HAL_NVIC_SetPriority) for HAL_NVIC_SetPriority
    stm32f4xx_hal.o(i.HAL_InitTick) refers to stm32f4xx_hal.o(.data) for uwTickFreq
    stm32f4xx_hal.o(i.HAL_InitTick) refers to system_stm32f4xx.o(.data) for SystemCoreClock
    stm32f4xx_hal.o(i.HAL_SetTickFreq) refers to stm32f4xx_hal_timebase_tim.o(i.HAL_InitTick) for HAL_InitTick
    stm32f4xx_hal.o(i.HAL_SetTickFreq) refers to stm32f4xx_hal.o(.data) for uwTickFreq
    stm32f4xx_hal_cortex.o(i.HAL_NVIC_GetPriorityGrouping) refers to stm32f4xx_hal_cortex.o(i.__NVIC_GetPriorityGrouping) for __NVIC_GetPriorityGrouping
    stm32f4xx_hal_cortex.o(i.HAL_NVIC_SetPriority) refers to stm32f4xx_hal_cortex.o(i.__NVIC_GetPriorityGrouping) for __NVIC_GetPriorityGrouping
    stm32f4xx_hal_cortex.o(i.HAL_NVIC_SetPriority) refers to stm32f4xx_hal_cortex.o(i.__NVIC_SetPriority) for __NVIC_SetPriority
    stm32f4xx_hal_cortex.o(i.HAL_SYSTICK_Config) refers to stm32f4xx_hal_cortex.o(i.__NVIC_SetPriority) for __NVIC_SetPriority
    stm32f4xx_hal_cortex.o(i.HAL_SYSTICK_IRQHandler) refers to stm32f4xx_hal_cortex.o(i.HAL_SYSTICK_Callback) for HAL_SYSTICK_Callback
    stm32f4xx_hal_dma.o(i.DMA_CalcBaseAndBitshift) refers to stm32f4xx_hal_dma.o(.constdata) for flagBitshiftOffset
    stm32f4xx_hal_dma.o(i.HAL_DMA_Abort) refers to stm32f4xx_hal.o(i.HAL_GetTick) for HAL_GetTick
    stm32f4xx_hal_dma.o(i.HAL_DMA_DeInit) refers to stm32f4xx_hal_dma.o(i.DMA_CalcBaseAndBitshift) for DMA_CalcBaseAndBitshift
    stm32f4xx_hal_dma.o(i.HAL_DMA_IRQHandler) refers to system_stm32f4xx.o(.data) for SystemCoreClock
    stm32f4xx_hal_dma.o(i.HAL_DMA_Init) refers to stm32f4xx_hal.o(i.HAL_GetTick) for HAL_GetTick
    stm32f4xx_hal_dma.o(i.HAL_DMA_Init) refers to stm32f4xx_hal_dma.o(i.DMA_CheckFifoParam) for DMA_CheckFifoParam
    stm32f4xx_hal_dma.o(i.HAL_DMA_Init) refers to stm32f4xx_hal_dma.o(i.DMA_CalcBaseAndBitshift) for DMA_CalcBaseAndBitshift
    stm32f4xx_hal_dma.o(i.HAL_DMA_PollForTransfer) refers to stm32f4xx_hal.o(i.HAL_GetTick) for HAL_GetTick
    stm32f4xx_hal_dma.o(i.HAL_DMA_PollForTransfer) refers to stm32f4xx_hal_dma.o(i.HAL_DMA_Abort) for HAL_DMA_Abort
    stm32f4xx_hal_dma.o(i.HAL_DMA_Start) refers to stm32f4xx_hal_dma.o(i.DMA_SetConfig) for DMA_SetConfig
    stm32f4xx_hal_dma.o(i.HAL_DMA_Start_IT) refers to stm32f4xx_hal_dma.o(i.DMA_SetConfig) for DMA_SetConfig
    stm32f4xx_hal_dma_ex.o(i.HAL_DMAEx_MultiBufferStart) refers to stm32f4xx_hal_dma_ex.o(i.DMA_MultiBufferSetConfig) for DMA_MultiBufferSetConfig
    stm32f4xx_hal_dma_ex.o(i.HAL_DMAEx_MultiBufferStart_IT) refers to stm32f4xx_hal_dma_ex.o(i.DMA_MultiBufferSetConfig) for DMA_MultiBufferSetConfig
    stm32f4xx_hal_flash.o(i.FLASH_SetErrorCode) refers to stm32f4xx_hal_flash.o(.bss) for pFlash
    stm32f4xx_hal_flash.o(i.FLASH_WaitForLastOperation) refers to stm32f4xx_hal.o(i.HAL_GetTick) for HAL_GetTick
    stm32f4xx_hal_flash.o(i.FLASH_WaitForLastOperation) refers to stm32f4xx_hal_flash.o(i.FLASH_SetErrorCode) for FLASH_SetErrorCode
    stm32f4xx_hal_flash.o(i.FLASH_WaitForLastOperation) refers to stm32f4xx_hal_flash.o(.bss) for pFlash
    stm32f4xx_hal_flash.o(i.HAL_FLASH_GetError) refers to stm32f4xx_hal_flash.o(.bss) for pFlash
    stm32f4xx_hal_flash.o(i.HAL_FLASH_IRQHandler) refers to stm32f4xx_hal_flash.o(i.FLASH_SetErrorCode) for FLASH_SetErrorCode
    stm32f4xx_hal_flash.o(i.HAL_FLASH_IRQHandler) refers to stm32f4xx_hal_flash.o(i.HAL_FLASH_OperationErrorCallback) for HAL_FLASH_OperationErrorCallback
    stm32f4xx_hal_flash.o(i.HAL_FLASH_IRQHandler) refers to stm32f4xx_hal_flash.o(i.HAL_FLASH_EndOfOperationCallback) for HAL_FLASH_EndOfOperationCallback
[...]
    0x080024e6   0x00000002   Code   RO         5757    i.DebugMon_Handler  stm32f4xx_it.o
    0x080024e8   0x0000001e   Code   RO         9804    i.Delay_ms          delay.o
    0x08002506   0x00000002   PAD
    0x08002508   0x00000020   Code   RO         9805    i.Delay_us          delay.o
    0x08002528   0x0000011c   Code   RO         8348    i.DirActive         Pubinterface.o
    0x08002644   0x00000008   Code   RO         9400    i.EEPROM_AT24CXX_Init  eeprom.o
    0x0800264c   0x0000000c   Code   RO         5758    i.EXTI15_10_IRQHandler  stm32f4xx_it.o
    0x08002658   0x0000000a   Code   RO         5759    i.EXTI1_IRQHandler  stm32f4xx_it.o
    0x08002662   0x0000000a   Code   RO         5760    i.EXTI4_IRQHandler  stm32f4xx_it.o
    0x0800266c   0x0000000a   Code   RO         5761    i.EXTI9_5_IRQHandler  stm32f4xx_it.o
    0x08002676   0x00000006   Code   RO         5610    i.Error_Handler     main.o
    0x0800267c   0x00000028   Code   RO         7098    i.ExternalCommProtocol_BuildAck  external_comm_protocol.o
    0x080026a4   0x000000a4   Code   RO         7099    i.ExternalCommProtocol_BuildFrame  external_comm_protocol.o
    0x08002748   0x00000030   Code   RO         7100    i.ExternalCommProtocol_BuildHeartbeat  external_comm_protocol.o
    0x08002778   0x000000f4   Code   RO         7101    i.ExternalCommProtocol_Parse  external_comm_protocol.o
    0x0800286c   0x00000030   Code   RO         7151    i.ExternalCommTaskFunc  external_comm_task.o
    0x0800289c   0x00000178   Code   RO         7152    i.ExternalComm_ApplyControlCommand  external_comm_task.o
    0x08002a14   0x00000044   Code   RO         7153    i.ExternalComm_ApplyExternalAuth  external_comm_task.o
    0x08002a58   0x0000001a   Code   RO         7154    i.ExternalComm_ApplyHostExit  external_comm_task.o
    0x08002a72   0x0000002c   Code   RO         7155    i.ExternalComm_ApplyPermission  external_comm_task.o
    0x08002a9e   0x00000002   PAD
    0x08002aa0   0x00000110   Code   RO         7156    i.ExternalComm_ApplySetting  external_comm_task.o
    0x08002bb0   0x00000134   Code   RO         7157    i.ExternalComm_ApplySwitchSetting  external_comm_task.o
    0x08002ce4   0x00000064   Code   RO         7158    i.ExternalComm_CheckLinkWatchdog  external_comm_task.o
    0x08002d48   0x00000014   Code   RO         7159    i.ExternalComm_ClearUart5PumpRunRequests  external_comm_task.o
    0x08002d5c   0x00000030   Code   RO         7160    i.ExternalComm_CurrentBusIsI2C3  external_comm_task.o
    0x08002d8c   0x00000038   Code   RO         7161    i.ExternalComm_CurrentHandleMode  external_comm_task.o
    0x08002dc4   0x00000020   Code   RO         7162    i.ExternalComm_CurrentHandleRunStatus  external_comm_task.o
    0x08002de4   0x000000b2   Code   RO         7163    i.ExternalComm_DispatchFrame  external_comm_task.o
    0x08002e96   0x00000002   PAD
    0x08002e98   0x00000028   Code   RO         7164    i.ExternalComm_EnsureActiveForRun  external_comm_task.o
    0x08002ec0   0x00000014   Code   RO         7165    i.ExternalComm_FootPedalOnlineStatus  external_comm_task.o
    0x08002ed4   0x0000001a   Code   RO         7166    i.ExternalComm_GetHandleToolSource  external_comm_task.o
    0x08002eee   0x00000002   PAD
    0x08002ef0   0x0000003c   Code   RO         7167    i.ExternalComm_HandleLinkReleaseTimeout  external_comm_task.o
    0x08002f2c   0x0000002c   Code   RO         7168    i.ExternalComm_HeartbeatAppendBE16  external_comm_task.o
    0x08002f58   0x00000042   Code   RO         7169    i.ExternalComm_HeartbeatAppendDWordBE  external_comm_task.o
    0x08002f9a   0x0000003c   Code   RO         7170    i.ExternalComm_HeartbeatAppendHandle  external_comm_task.o
    0x08002fd6   0x000000b0   Code   RO         7171    i.ExternalComm_HeartbeatAppendOneToolBlock  external_comm_task.o
    0x08003086   0x00000060   Code   RO         7172    i.ExternalComm_HeartbeatAppendPump  external_comm_task.o
    0x080030e6   0x0000009a   Code   RO         7173    i.ExternalComm_HeartbeatAppendPumpPressure  external_comm_task.o
    0x08003180   0x000000c4   Code   RO         7174    i.ExternalComm_HeartbeatAppendToolInfo  external_comm_task.o
    0x08003244   0x0000001a   Code   RO         7175    i.ExternalComm_HeartbeatAppendU8  external_comm_task.o
    0x0800325e   0x00000028   Code   RO         7176    i.ExternalComm_HeartbeatToolDefaultSpeed  external_comm_task.o
    0x08003286   0x0000001c   Code   RO         7177    i.ExternalComm_HeartbeatToolDirection  external_comm_task.o
    0x080032a2   0x00000052   Code   RO         7178    i.ExternalComm_HeartbeatToolInfoValid  external_comm_task.o
    0x080032f4   0x0000003c   Code   RO         7179    i.ExternalComm_Init  external_comm_task.o
    0x08003330   0x0000000e   Code   RO         7180    i.ExternalComm_IsAuthorizedCode  external_comm_task.o
    0x0800333e   0x00000060   Code   RO         7181    i.ExternalComm_MapAreaToPageIndex  external_comm_task.o
    0x0800339e   0x0000002c   Code   RO         7182    i.ExternalComm_MapNavPageToIndex  external_comm_task.o
    0x080033ca   0x00000022   Code   RO         7102    i.ExternalComm_MatchBytes  external_comm_protocol.o
    0x080033ec   0x00000020   Code   RO         7183    i.ExternalComm_ProcessReceive  external_comm_task.o
    0x0800340c   0x0000001a   Code   RO         7184    i.ExternalComm_ProcessRxFifo  external_comm_task.o
    0x08003426   0x00000002   PAD
    0x08003428   0x000000d4   Code   RO         7185    i.ExternalComm_ProcessRxFifoFrame  external_comm_task.o
    0x080034fc   0x0000000c   Code   RO         7103    i.ExternalComm_ReadBE16  external_comm_protocol.o
    0x08003508   0x0000000c   Code   RO         7186    i.ExternalComm_ReadBE16  external_comm_task.o
    0x08003514   0x0000004c   Code   RO         7187    i.ExternalComm_ReadBusinessPage  external_comm_task.o
    0x08003560   0x0000002c   Code   RO         7188    i.ExternalComm_ReadCurrentPage  external_comm_task.o
    0x0800358c   0x0000004c   Code   RO         7189    i.ExternalComm_ReadNavPage  external_comm_task.o
    0x080035d8   0x00000050   Code   RO         7190    i.ExternalComm_RefreshIdleLinkDisplay  external_comm_task.o
    0x08003628   0x00000044   Code   RO         7191    i.ExternalComm_RefreshUart5PumpRunState  external_comm_task.o
    0x0800366c   0x00000038   Code   RO         7192    i.ExternalComm_ResetLinkWatchdog  external_comm_task.o
    0x080036a4   0x00000082   Code   RO         7193    i.ExternalComm_RxFifoFind  external_comm_task.o
    0x08003726   0x00000010   Code   RO         7194    i.ExternalComm_RxFifoFree  external_comm_task.o
    0x08003736   0x00000002   PAD
    0x08003738   0x00000030   Code   RO         7195    i.ExternalComm_RxFifoFull  external_comm_task.o
    0x08003768   0x0000001c   Code   RO         7196    i.ExternalComm_RxFifoInit  external_comm_task.o
    0x08003784   0x0000006c   Code   RO         7197    i.ExternalComm_RxFifoPeek  external_comm_task.o
    0x080037f0   0x00000010   Code   RO         7198    i.ExternalComm_RxFifoReset  external_comm_task.o
    0x08003800   0x00000038   Code   RO         7199    i.ExternalComm_RxFifoSkip  external_comm_task.o
    0x08003838   0x00000058   Code   RO         7200    i.ExternalComm_RxFifoWrite  external_comm_task.o
    0x08003890   0x0000002c   Code   RO         7201    i.ExternalComm_SaveCurrentFreq  external_comm_task.o
    0x080038bc   0x00000060   Code   RO         7202    i.ExternalComm_SaveCurrentSpeed  external_comm_task.o
    0x0800391c   0x00000034   Code   RO         7203    i.ExternalComm_SelectedHandleOnline  external_comm_task.o
    0x08003950   0x0000002c   Code   RO         7204    i.ExternalComm_SelectedHandleStatus  external_comm_task.o
    0x0800397c   0x00000034   Code   RO         7205    i.ExternalComm_SendAck  external_comm_task.o
    0x080039b0   0x00000094   Code   RO         7206    i.ExternalComm_SendAlarmInfoIfChanged  external_comm_task.o
    0x08003a44   0x0000001c   Code   RO         7207    i.ExternalComm_SendFailAck  external_comm_task.o
    0x08003a60   0x00000048   Code   RO         7208    i.ExternalComm_SendFrame  external_comm_task.o
    0x08003aa8   0x000000fc   Code   RO         7209    i.ExternalComm_SendHeartbeat  external_comm_task.o
    0x08003ba4   0x00000024   Code   RO         7210    i.ExternalComm_SendTransientAlarm  external_comm_task.o
    0x08003bc8   0x00000090   Code   RO         7211    i.ExternalComm_SetDirection  external_comm_task.o
    0x08003c58   0x00000028   Code   RO         7212    i.ExternalComm_SetUart5InjectPumpFollow  external_comm_task.o
    0x08003c80   0x0000001c   Code   RO         7213    i.ExternalComm_SetUart5PumpManualRun  external_comm_task.o
    0x08003c9c   0x00000058   Code   RO         7214    i.ExternalComm_ShouldKeepPumpAForHandleFollow  external_comm_task.o
    0x08003cf4   0x00000050   Code   RO         7215    i.ExternalComm_StopAllWork  external_comm_task.o
    0x08003d44   0x00000048   Code   RO         7216    i.ExternalComm_StopOutputForLinkSilent  external_comm_task.o
    0x08003d8c   0x00000008   Code   RO         7104    i.ExternalComm_WriteBE16  external_comm_protocol.o
    0x08003d94   0x00000008   Code   RO         7217    i.ExternalComm_WriteBE16  external_comm_task.o
    0x08003d9c   0x0000006c   Code   RO         7218    i.ExternalComm_WriteBusinessPage  external_comm_task.o
    0x08003e08   0x0000002c   Code   RO         7219    i.ExternalComm_WriteCurrentPage  external_comm_task.o
    0x08003e34   0x0000006c   Code   RO         7220    i.ExternalComm_WriteNavPage  external_comm_task.o
    0x08003ea0   0x0000003c   Code   RO         7221    i.ExternalComm_WriteRxChunk  external_comm_task.o
    0x08003edc   0x0000079c   Code   RO         6306    i.FootControlTask   sscFOOT.o
    0x08004678   0x00000018   Code   RO         6307    i.Foot_ClearHandleOrOverloadAlarm  sscFOOT.o
    0x08004690   0x00000070   Code   RO         6308    i.Foot_EnsureFootControlMode  sscFOOT.o
    0x08004700   0x00000404   Code   RO         6309    i.Foot_ParseDataS   sscFOOT.o
    0x08004b04   0x00000028   Code   RO         6310    i.Foot_Queue_Init   sscFOOT.o
    0x08004b2c   0x00000030   Code   RO         6311    i.Foot_SaveFootControlMode  sscFOOT.o
    0x08004b5c   0x0000004c   Code   RO         6312    i.Foot_SendMessage  sscFOOT.o
    0x08004ba8   0x00000020   Code   RO         6313    i.Foot_ShouldIgnoreSinglePedalReleaseGlitch  sscFOOT.o
    0x08004bc8   0x00000030   Code   RO         6314    i.Foot_StartPumpAInjection  sscFOOT.o
    0x08004bf8   0x00000030   Code   RO         6315    i.Foot_StartPumpBInjection  sscFOOT.o
    0x08004c28   0x00000010   Code   RO         6316    i.Foot_StopPumpAInjection  sscFOOT.o
    0x08004c38   0x00000010   Code   RO         6317    i.Foot_StopPumpBInjection  sscFOOT.o
    0x08004c48   0x000000e4   Code   RO         8349    i.FreqActive        Pubinterface.o
    0x08004d2c   0x000000ac   Code   RO          444    i.HAL_DMA_Abort     stm32f4xx_hal_dma.o
    0x08004dd8   0x00000028   Code   RO          445    i.HAL_DMA_Abort_IT  stm32f4xx_hal_dma.o
    0x08004e00   0x00000070   Code   RO          446    i.HAL_DMA_DeInit    stm32f4xx_hal_dma.o
    0x08004e70   0x00000006   Code   RO          447    i.HAL_DMA_GetError  stm32f4xx_hal_dma.o
    0x08004e76   0x00000002   PAD
    0x08004e78   0x00000240   Code   RO          449    i.HAL_DMA_IRQHandler  stm32f4xx_hal_dma.o
    0x080050b8   0x000000ec   Code   RO          450    i.HAL_DMA_Init      stm32f4xx_hal_dma.o
    0x080051a4   0x00000092   Code   RO          454    i.HAL_DMA_Start_IT  stm32f4xx_hal_dma.o
    0x08005236   0x00000002   PAD
    0x08005238   0x00000028   Code   RO           11    i.HAL_Delay         stm32f4xx_hal.o
    0x08005260   0x0000015c   Code   RO          935    i.HAL_GPIO_DeInit   stm32f4xx_hal_gpio.o
    0x080053bc   0x00000044   Code   RO         7560    i.HAL_GPIO_EXTI_Callback  handlekey.o
    0x08005400   0x0000001c   Code   RO          937    i.HAL_GPIO_EXTI_IRQHandler  stm32f4xx_hal_gpio.o
    0x0800541c   0x000001e4   Code   RO          938    i.HAL_GPIO_Init     stm32f4xx_hal_gpio.o
    0x08005600   0x00000010   Code   RO          940    i.HAL_GPIO_ReadPin  stm32f4xx_hal_gpio.o
    0x08005610   0x00000014   Code   RO          941    i.HAL_GPIO_TogglePin  stm32f4xx_hal_gpio.o
    0x08005624   0x0000000c   Code   RO          942    i.HAL_GPIO_WritePin  stm32f4xx_hal_gpio.o
    0x08005630   0x0000000c   Code   RO           17    i.HAL_GetTick       stm32f4xx_hal.o
    0x0800563c   0x0000003c   Code   RO         1003    i.HAL_I2C_DeInit    stm32f4xx_hal_i2c.o
    0x08005678   0x00000006   Code   RO         1009    i.HAL_I2C_GetError  stm32f4xx_hal_i2c.o
    0x0800567e   0x00000008   Code   RO         1011    i.HAL_I2C_GetState  stm32f4xx_hal_i2c.o
    0x08005686   0x00000002   PAD
    0x08005688   0x000001d0   Code   RO         1012    i.HAL_I2C_Init      stm32f4xx_hal_i2c.o
    0x08005858   0x000001b8   Code   RO         1013    i.HAL_I2C_IsDeviceReady  stm32f4xx_hal_i2c.o
    0x08005a10   0x00000308   Code   RO         1030    i.HAL_I2C_Mem_Read  stm32f4xx_hal_i2c.o
    0x08005d18   0x00000164   Code   RO         1033    i.HAL_I2C_Mem_Write  stm32f4xx_hal_i2c.o
    0x08005e7c   0x0000006c   Code   RO         9594    i.HAL_I2C_MspDeInit  i2c.o
    0x08005ee8   0x0000013c   Code   RO         9595    i.HAL_I2C_MspInit   i2c.o
    0x08006024   0x00000018   Code   RO           23    i.HAL_IncTick       stm32f4xx_hal.o
    0x0800603c   0x0000003c   Code   RO           24    i.HAL_Init          stm32f4xx_hal.o
    0x08006078   0x000000b4   Code   RO         5710    i.HAL_InitTick      stm32f4xx_hal_timebase_tim.o
    0x0800612c   0x00000054   Code   RO         5686    i.HAL_MspInit       stm32f4xx_hal_msp.o
    0x08006180   0x0000002c   Code   RO          296    i.HAL_NVIC_DisableIRQ  stm32f4xx_hal_cortex.o
    0x080061ac   0x00000028   Code   RO          297    i.HAL_NVIC_EnableIRQ  stm32f4xx_hal_cortex.o
    0x080061d4   0x0000007c   Code   RO          303    i.HAL_NVIC_SetPriority  stm32f4xx_hal_cortex.o
    0x08006250   0x00000028   Code   RO          304    i.HAL_NVIC_SetPriorityGrouping  stm32f4xx_hal_cortex.o
    0x08006278   0x00000184   Code   RO         1737    i.HAL_RCC_ClockConfig  stm32f4xx_hal_rcc.o
    0x080063fc   0x00000044   Code   RO         1741    i.HAL_RCC_GetClockConfig  stm32f4xx_hal_rcc.o
    0x08006440   0x0000000c   Code   RO         1742    i.HAL_RCC_GetHCLKFreq  stm32f4xx_hal_rcc.o
    0x0800644c   0x00000020   Code   RO         1744    i.HAL_RCC_GetPCLK1Freq  stm32f4xx_hal_rcc.o
    0x0800646c   0x00000020   Code   RO         1745    i.HAL_RCC_GetPCLK2Freq  stm32f4xx_hal_rcc.o
    0x0800648c   0x000000b0   Code   RO         1746    i.HAL_RCC_GetSysClockFreq  stm32f4xx_hal_rcc.o
    0x0800653c   0x000004b0   Code   RO         1846    i.HAL_RCC_OscConfig  stm32f4xx_hal_rcc_ex.o
    0x080069ec   0x00000002   Code   RO         2627    i.HAL_TIMEx_BreakCallback  stm32f4xx_hal_tim_ex.o
    0x080069ee   0x00000002   Code   RO         2628    i.HAL_TIMEx_CommutCallback  stm32f4xx_hal_tim_ex.o
    0x080069f0   0x000000b4   Code   RO         2646    i.HAL_TIMEx_MasterConfigSynchronization  stm32f4xx_hal_tim_ex.o
    0x08006aa4   0x00000066   Code   RO         1912    i.HAL_TIM_Base_Init  stm32f4xx_hal_tim.o
    0x08006b0a   0x00000002   PAD
    0x08006b0c   0x000000b4   Code   RO         5980    i.HAL_TIM_Base_MspInit  tim.o
    0x08006bc0   0x0000009c   Code   RO         1915    i.HAL_TIM_Base_Start  stm32f4xx_hal_tim.o
    0x08006c5c   0x000000a8   Code   RO         1917    i.HAL_TIM_Base_Start_IT  stm32f4xx_hal_tim.o
    0x08006d04   0x00000002   Code   RO         1946    i.HAL_TIM_IC_CaptureCallback  stm32f4xx_hal_tim.o
    0x08006d06   0x0000016c   Code   RO         1960    i.HAL_TIM_IRQHandler  stm32f4xx_hal_tim.o
    0x08006e72   0x00000002   Code   RO         1963    i.HAL_TIM_OC_DelayElapsedCallback  stm32f4xx_hal_tim.o
    0x08006e74   0x00000002   Code   RO         1990    i.HAL_TIM_PWM_PulseFinishedCallback  stm32f4xx_hal_tim.o
    0x08006e76   0x00000002   PAD
    0x08006e78   0x00000028   Code   RO         5611    i.HAL_TIM_PeriodElapsedCallback  main.o
    0x08006ea0   0x00000002   Code   RO         2003    i.HAL_TIM_TriggerCallback  stm32f4xx_hal_tim.o
    0x08006ea2   0x00000002   Code   RO         2906    i.HAL_UARTEx_RxEventCallback  stm32f4xx_hal_uart.o
    0x08006ea4   0x0000011a   Code   RO         2907    i.HAL_UART_Abort    stm32f4xx_hal_uart.o
    0x08006fbe   0x0000008a   Code   RO         2918    i.HAL_UART_DMAStop  stm32f4xx_hal_uart.o
    0x08007048   0x0000003e   Code   RO         2919    i.HAL_UART_DeInit   stm32f4xx_hal_uart.o
    0x08007086   0x00000002   Code   RO         2920    i.HAL_UART_ErrorCallback  stm32f4xx_hal_uart.o
    0x08007088   0x000002e8   Code   RO         2923    i.HAL_UART_IRQHandler  stm32f4xx_hal_uart.o
    0x08007370   0x00000076   Code   RO         2924    i.HAL_UART_Init     stm32f4xx_hal_uart.o
    0x080073e6   0x00000002   PAD
    0x080073e8   0x000001b4   Code   RO         6033    i.HAL_UART_MspDeInit  usart.o
    0x0800759c   0x000007e8   Code   RO         6034    i.HAL_UART_MspInit  usart.o
    0x08007d84   0x0000002c   Code   RO         2928    i.HAL_UART_Receive_DMA  stm32f4xx_hal_uart.o
    0x08007db0   0x00000002   Code   RO         2930    i.HAL_UART_RxCpltCallback  stm32f4xx_hal_uart.o
    0x08007db2   0x00000002   Code   RO         2931    i.HAL_UART_RxHalfCpltCallback  stm32f4xx_hal_uart.o
    0x08007db4   0x000000be   Code   RO         2932    i.HAL_UART_Transmit  stm32f4xx_hal_uart.o
    0x08007e72   0x00000002   Code   RO         2935    i.HAL_UART_TxCpltCallback  stm32f4xx_hal_uart.o
    0x08007e74   0x00000016   Code   RO         7561    i.HANDLEKEYTaskFunc  handlekey.o
    0x08007e8a   0x00000002   PAD
    0x08007e8c   0x0000007c   Code   RO         6418    i.HANDLEKeyBehavior  sscKEYBH.o
    0x08007f08   0x0000000a   Code   RO         7691    i.HANDLESCANTaskFunc  handlescan.o
    0x08007f12   0x000000c0   Code   RO         6419    i.HMIkeyBehanior    sscKEYBH.o
    0x08007fd2   0x00000002   PAD
    0x08007fd4   0x00000034   Code   RO         7562    i.HandleKeyScan_Init  handlekey.o
    0x08008008   0x0000004c   Code   RO         7567    i.HandleKey_ScanRunKeys  handlekey.o
    0x08008054   0x00000028   Code   RO         7570    i.HandleRunKey_ApplyHandleMode  handlekey.o
    0x0800807c   0x0000003e   Code   RO         7571    i.HandleRunKey_DebouncePressed  handlekey.o
    0x080080ba   0x00000002   PAD
    0x080080bc   0x00000050   Code   RO         7572    i.HandleRunKey_IsChannelReady  handlekey.o
    0x0800810c   0x00000012   Code   RO         7573    i.HandleRunKey_IsSupportedModel  handlekey.o
    0x0800811e   0x00000002   PAD
    0x08008120   0x0000006c   Code   RO         7574    i.HandleRunKey_PrepareRunChannel  handlekey.o
    0x0800818c   0x00000080   Code   RO         7575    i.HandleRunKey_Process  handlekey.o
    0x0800820c   0x0000004c   Code   RO         7576    i.HandleRunKey_SetMotorRun  handlekey.o
    0x08008258   0x0000009c   Code   RO         8350    i.HandleSwitchActive  Pubinterface.o
    0x080082f4   0x00000564   Code   RO         7692    i.HandlescanA_Fun_SSC  handlescan.o
    0x08008858   0x00000564   Code   RO         7693    i.HandlescanB_Fun_SSC  handlescan.o
    0x08008dbc   0x00000034   Code   RO         7694    i.HandlescanTaskInit  handlescan.o
    0x08008df0   0x0000018c   Code   RO         7695    i.Handlescan_ApplyRfidToolResult  handlescan.o
    0x08008f7c   0x00000014   Code   RO         7696    i.Handlescan_BeepOnceIfNoAlarm  handlescan.o
    0x08008f90   0x00000010   Code   RO         7697    i.Handlescan_BuildDefaultInjectionFlow  handlescan.o
    0x08008fa0   0x00000028   Code   RO         7698    i.Handlescan_BuildRfidReductionRatio  handlescan.o
    0x08008fc8   0x00000014   Code   RO         7699    i.Handlescan_ClampDefaultSpeed  handlescan.o
    0x08008fdc   0x00000068   Code   RO         7700    i.Handlescan_ClearChannelAlarm  handlescan.o
    0x08009044   0x00000020   Code   RO         7701    i.Handlescan_ClearChannelState  handlescan.o
    0x08009064   0x0000004c   Code   RO         7702    i.Handlescan_ClearRecognizeMessage  handlescan.o
    0x080090b0   0x0000000c   Code   RO         7703    i.Handlescan_ClearToolSpecValues  handlescan.o
    0x080090bc   0x00000022   Code   RO         7704    i.Handlescan_CombineHandleAlarm  handlescan.o
    0x080090de   0x00000002   Code   RO         7705    i.Handlescan_DebugTrace  handlescan.o
    0x080090e0   0x00000002   Code   RO         7706    i.Handlescan_DebugTraceHandleName  handlescan.o
    0x080090e2   0x00000002   Code   RO         7707    i.Handlescan_DebugTraceI2cDetail  handlescan.o
    0x080090e4   0x00000008   Code   RO         7708    i.Handlescan_DebugTraceToolInfo  handlescan.o
    0x080090ec   0x00000098   Code   RO         7709    i.Handlescan_EnterRetryOrFail  handlescan.o
    0x08009184   0x00000018   Code   RO         7710    i.Handlescan_FindHandleTypeConfig  handlescan.o
    0x0800919c   0x00000018   Code   RO         7711    i.Handlescan_FindToolTypeConfig  handlescan.o
    0x080091b4   0x0000002c   Code   RO         7712    i.Handlescan_FindTypeConfig  handlescan.o
    0x080091e0   0x00000010   Code   RO         7713    i.Handlescan_Fun    handlescan.o
    0x080091f0   0x0000000e   Code   RO         7714    i.Handlescan_GetChannelHandleAlarm  handlescan.o
    0x080091fe   0x00000002   PAD
    0x08009200   0x00000050   Code   RO         7715    i.Handlescan_GetPeerActiveHandleAlarm  handlescan.o
    0x08009250   0x0000001a   Code   RO         7716    i.Handlescan_GetToolSource  handlescan.o
    0x0800926a   0x00000002   PAD
    0x0800926c   0x00000020   Code   RO         7717    i.Handlescan_HandleRunningPlugAlarm  handlescan.o
    0x0800928c   0x0000000c   Code   RO         7718    i.Handlescan_IsHandleVerifyAlarm  handlescan.o
    0x08009298   0x0000002e   Code   RO         7719    i.Handlescan_MapVerifyStatusToAlarm  handlescan.o
    0x080092c6   0x00000006   Code   RO         7720    i.Handlescan_ParseInitialDirection  handlescan.o
    0x080092cc   0x00000016   Code   RO         7721    i.Handlescan_ParseRfidDirection  handlescan.o
    0x080092e2   0x00000032   Code   RO         7722    i.Handlescan_PrepareRfidBaseRecognizeMessage  handlescan.o
    0x08009314   0x00000088   Code   RO         7723    i.Handlescan_ProcessOnlineRfidResult  handlescan.o
    0x0800939c   0x000000b8   Code   RO         7724    i.Handlescan_ProcessRfidWait  handlescan.o
    0x08009454   0x0000003e   Code   RO         7725    i.Handlescan_RaiseAlarm  handlescan.o
    0x08009492   0x00000002   PAD
    0x08009494   0x00000050   Code   RO         7726    i.Handlescan_RaiseTransientHandleAlarm  handlescan.o
    0x080094e4   0x0000000e   Code   RO         7727    i.Handlescan_ReadUint16BE  handlescan.o
    0x080094f2   0x0000000e   Code   RO         7728    i.Handlescan_ReadUint16LE  handlescan.o
    0x08009500   0x0000004c   Code   RO         7729    i.Handlescan_RequestOnlineRfidMonitor  handlescan.o
    0x0800954c   0x0000000e   Code   RO         7730    i.Handlescan_ResetVerifyRetry  handlescan.o
    0x0800955a   0x00000018   Code   RO         7731    i.Handlescan_RfidSpeedToWorkSpeed  handlescan.o
    0x08009572   0x00000002   PAD
    0x08009574   0x00000028   Code   RO         7732    i.Handlescan_ShouldDeferRecognition  handlescan.o
    0x0800959c   0x00000040   Code   RO         7733    i.Handlescan_ShouldUseTransientHandleAlarm  handlescan.o
    0x080095dc   0x00000044   Code   RO         7734    i.Handlescan_StartRfidWait  handlescan.o
    0x08009620   0x00000012   Code   RO         7735    i.Handlescan_TenthToUint8  handlescan.o
    0x08009632   0x00000014   Code   RO         7736    i.Handlescan_ToRfidSource  handlescan.o
    0x08009646   0x000000a0   Code   RO         7737    i.Handlescan_UpdateInitialInfoMessage  handlescan.o
    0x080096e6   0x00000046   Code   RO         7738    i.Handlescan_UpdateRecognizeMessage  handlescan.o
    0x0800972c   0x00000014   Code   RO         7739    i.Handlescan_UpdateToolSpecValues  handlescan.o
    0x08009740   0x00000048   Code   RO         7740    i.Handlescan_UpdateTransientScreenAlarm  handlescan.o
    0x08009788   0x00000004   Code   RO         5762    i.HardFault_Handler  stm32f4xx_it.o
    0x0800978c   0x00000008   Code   RO         9040    i.Hardware_BoardGpioInit  hw_bootstrap.o
    0x08009794   0x00000008   Code   RO         9041    i.Hardware_PostInit  hw_bootstrap.o
    0x0800979c   0x00000010   Code   RO         8351    i.HmiExitActive     Pubinterface.o
    0x080097ac   0x0000003e   Code   RO         1056    i.I2C_IsAcknowledgeFailed  stm32f4xx_hal_i2c.o
    0x080097ea   0x00000002   PAD
    0x080097ec   0x00000160   Code   RO         1067    i.I2C_RequestMemoryRead  stm32f4xx_hal_i2c.o
    0x0800994c   0x000000e0   Code   RO         1068    i.I2C_RequestMemoryWrite  stm32f4xx_hal_i2c.o
    0x08009a2c   0x00000066   Code   RO         1076    i.I2C_WaitOnBTFFlagUntilTimeout  stm32f4xx_hal_i2c.o
    0x08009a92   0x000000be   Code   RO         1077    i.I2C_WaitOnFlagUntilTimeout  stm32f4xx_hal_i2c.o
    0x08009b50   0x000000fa   Code   RO         1078    i.I2C_WaitOnMasterAddressFlagUntilTimeout  stm32f4xx_hal_i2c.o
    0x08009c4a   0x0000008a   Code   RO         1079    i.I2C_WaitOnRXNEFlagUntilTimeout  stm32f4xx_hal_i2c.o
    0x08009cd4   0x00000066   Code   RO         1082    i.I2C_WaitOnTXEFlagUntilTimeout  stm32f4xx_hal_i2c.o
    0x08009d3a   0x00000002   PAD
    0x08009d3c   0x0000001c   Code   RO         9713    i.IIC_Init          iic.o
    0x08009d58   0x00000008   Code   RO         9880    i.IwdgTaskFunc      iwdg.o
    0x08009d60   0x00000034   Code   RO         9881    i.IwdgTaskInit      iwdg.o
    0x08009d94   0x00000002   Code   RO         9883    i.Iwdg_Reset        iwdg.o
    0x08009d96   0x00000042   Code   RO         6420    i.JTKeyBehavior     sscKEYBH.o
    0x08009dd8   0x00000044   Code   RO         9094    i.Kernel_QueueCreateNamed  kernel_scheduler.o
    0x08009e1c   0x0000003c   Code   RO         9095    i.Kernel_QueueReceiveNamed  kernel_scheduler.o
    0x08009e58   0x00000040   Code   RO         9096    i.Kernel_QueueSendNamed  kernel_scheduler.o
    0x08009e98   0x00000008   Code   RO         9070    i.Kernel_Scheduler_Start  kernel_entry.o
    0x08009ea0   0x00000014   Code   RO         9097    i.Kernel_TaskCreateNamed  kernel_scheduler.o
    0x08009eb4   0x00000014   Code   RO         9098    i.Kernel_TaskStart  kernel_scheduler.o
    0x08009ec8   0x000000e4   Code   RO         9100    i.Kernel_TraceEnsureQueueFormats  kernel_scheduler.o
    0x08009fac   0x00000034   Code   RO         9101    i.Kernel_TraceNameQueue  kernel_scheduler.o
    0x08009fe0   0x00000054   Code   RO         9102    i.Kernel_TraceQueueEvent  kernel_scheduler.o
    0x0800a034   0x0000008c   Code   RO         6421    i.KeyBehaviors      sscKEYBH.o
    0x0800a0c0   0x0000000a   Code   RO         6422    i.KeyBehaviorsTask  sscKEYBH.o
    0x0800a0ca   0x00000002   PAD
    0x0800a0cc   0x00000028   Code   RO         6423    i.KeyBehivQueue_Init  sscKEYBH.o
    0x0800a0f4   0x00000034   Code   RO         9922    i.LCD_Disappear_Number  lcd.o
    0x0800a128   0x000000b0   Code   RO         9923    i.LCD_Disappear_Picture  lcd.o
    0x0800a1d8   0x00000030   Code   RO         9924    i.LCD_ForceShow_Which_Map  lcd.o
    0x0800a208   0x00000254   Code   RO         9926    i.LCD_IntegratedCutterData_Update  lcd.o
    0x0800a45c   0x00000034   Code   RO         9927    i.LCD_Show_2byte_Number  lcd.o
    0x0800a490   0x00000040   Code   RO         9928    i.LCD_Show_4byte_Number  lcd.o
    0x0800a4d0   0x00000034   Code   RO         9929    i.LCD_Show_Number   lcd.o
    0x0800a504   0x00000224   Code   RO         9930    i.LCD_Show_Picture  lcd.o
    0x0800a728   0x00000058   Code   RO         9931    i.LCD_Show_Which_Map  lcd.o
    0x0800a780   0x00000018   Code   RO         8015    i.LEDTaskFunc       sysrunled.o
    0x0800a798   0x0000002c   Code   RO         8016    i.LEDTaskInit       sysrunled.o
    0x0800a7c4   0x00000108   Code   RO         6217    i.MOTORRUN          sscDrive.o
    0x0800a8cc   0x00000012   Code   RO         6218    i.MOTORRUNTask      sscDrive.o
    0x0800a8de   0x0000000a   Code   RO         8113    i.MOTORUARTTaskFunc  motoruartdata.o
    0x0800a8e8   0x000000b8   Code   RO         5496    i.MX_DMA_Init       dma.o
    0x0800a9a0   0x00000008   Code   RO         5526    i.MX_FREERTOS_Init  freertos.o
    0x0800a9a8   0x00000134   Code   RO         5553    i.MX_GPIO_Init      gpio.o
    0x0800aadc   0x0000003c   Code   RO         9606    i.MX_I2C2_Init      i2c.o
    0x0800ab18   0x0000003c   Code   RO         9607    i.MX_I2C3_Init      i2c.o
    0x0800ab54   0x0000000c   Code   RO         9608    i.MX_I2C_Init       i2c.o
    0x0800ab60   0x0000004c   Code   RO         5981    i.MX_TIM10_Init     tim.o
    0x0800abac   0x0000004c   Code   RO         5982    i.MX_TIM14_Init     tim.o
    0x0800abf8   0x00000058   Code   RO         5983    i.MX_TIM7_Init      tim.o
    0x0800ac50   0x00000038   Code   RO         6035    i.MX_UART10_Init    usart.o
    0x0800ac88   0x0000003c   Code   RO         6036    i.MX_UART4_Init     usart.o
    0x0800acc4   0x00000038   Code   RO         6037    i.MX_UART5_Init     usart.o
    0x0800acfc   0x00000038   Code   RO         6038    i.MX_UART7_Init     usart.o
    0x0800ad34   0x00000038   Code   RO         6039    i.MX_UART8_Init     usart.o
    0x0800ad6c   0x00000038   Code   RO         6040    i.MX_USART1_UART_Init  usart.o
    0x0800ada4   0x00000038   Code   RO         6041    i.MX_USART2_UART_Init  usart.o
    0x0800addc   0x0000003c   Code   RO         6042    i.MX_USART3_UART_Init  usart.o
    0x0800ae18   0x0000003c   Code   RO         6043    i.MX_USART6_UART_Init  usart.o
    0x0800ae54   0x00000004   Code   RO         5763    i.MemManage_Handler  stm32f4xx_it.o
    0x0800ae58   0x00000012   Code   RO         6219    i.MotorDrive_BuildBrushlessRunType  sscDrive.o
    0x0800ae6a   0x0000000e   Code   RO         6220    i.MotorDrive_BuildCommandFrequency  sscDrive.o
    0x0800ae78   0x00000012   Code   RO         6221    i.MotorDrive_IsBrushedTool  sscDrive.o
    0x0800ae8a   0x00000002   PAD
    0x0800ae8c   0x00000064   Code   RO         6222    i.MotorStart        sscDrive.o
    0x0800aef0   0x00000010   Code   RO         6223    i.MotorStops        sscDrive.o
    0x0800af00   0x00000034   Code   RO         8114    i.MotorUartData_Init  motoruartdata.o
    0x0800af34   0x00000048   Code   RO         8115    i.MotorUart_ClearDriverAlarmIfOwned  motoruartdata.o
    0x0800af7c   0x00000038   Code   RO         8116    i.MotorUart_MapDriverErrorToAlarm  motoruartdata.o
    0x0800afb4   0x00000028   Code   RO         8117    i.MotorUart_SetAlarm  motoruartdata.o
    0x0800afdc   0x00000050   Code   RO         8118    i.MotorUart_SetDriverAlarm  motoruartdata.o
    0x0800b02c   0x00000030   Code   RO         8119    i.MotorUart_StopAllWork  motoruartdata.o
    0x0800b05c   0x0000004c   Code   RO         8059    i.Motor_ErrorEmergencyStop_Ctrl  motor.o
    0x0800b0a8   0x00000004   Code   RO         5764    i.NMI_Handler       stm32f4xx_it.o
    0x0800b0ac   0x0000000a   Code   RO         6499    i.PUMPABehaviorTask  sscPUMPA.o
    0x0800b0b6   0x00000002   PAD
    0x0800b0b8   0x00000028   Code   RO         6500    i.PUMPAQueue_Init   sscPUMPA.o
    0x0800b0e0   0x00000034   Code   RO         6501    i.PUMPA_ApplyPressureClosedLoop  sscPUMPA.o
    0x0800b114   0x00000008   Code   RO         6502    i.PUMPA_GetPressureSource  sscPUMPA.o
    0x0800b11c   0x00000002   Code   RO         6503    i.PUMPA_PauseByPressureLimit  sscPUMPA.o
    0x0800b11e   0x00000002   PAD
    0x0800b120   0x00000754   Code   RO         8352    i.PUMPActive        Pubinterface.o
    0x0800b874   0x000001b8   Code   RO         6504    i.PUMPAehaviors     sscPUMPA.o
    0x0800ba2c   0x0000000a   Code   RO         6584    i.PUMPBBehaviorTask  sscPUMPB.o
    0x0800ba36   0x00000002   PAD
    0x0800ba38   0x00000028   Code   RO         6585    i.PUMPBQueue_Init   sscPUMPB.o
    0x0800ba60   0x0000002c   Code   RO         6586    i.PUMPB_ApplyPressureClosedLoop  sscPUMPB.o
    0x0800ba8c   0x00000008   Code   RO         6587    i.PUMPB_GetPressureSource  sscPUMPB.o
    0x0800ba94   0x00000002   Code   RO         6588    i.PUMPB_PauseByPressureLimit  sscPUMPB.o
    0x0800ba96   0x00000002   PAD
    0x0800ba98   0x000001b8   Code   RO         6589    i.PUMPBehaviors     sscPUMPB.o
    0x0800bc50   0x000003b8   Code   RO         8192    i.PedalRecv_Scan    pedal.o
    0x0800c008   0x00000010   Code   RO         8194    i.Pedal_ReadHValue  pedal.o
    0x0800c018   0x00000010   Code   RO         8195    i.Pedal_ReadHValue_Left  pedal.o
    0x0800c028   0x00000010   Code   RO         8196    i.Pedal_ReadLValue  pedal.o
    0x0800c038   0x00000010   Code   RO         8197    i.Pedal_ReadLValue_Left  pedal.o
    0x0800c048   0x00000010   Code   RO         8198    i.Pedal_ReadMValue  pedal.o
    0x0800c058   0x00000010   Code   RO         8199    i.Pedal_ReadMValue_Left  pedal.o
    0x0800c068   0x00000010   Code   RO         8201    i.Pedal_StorageHValue  pedal.o
    0x0800c078   0x00000010   Code   RO         8202    i.Pedal_StorageHValue_Left  pedal.o
    0x0800c088   0x00000010   Code   RO         8203    i.Pedal_StorageLValue  pedal.o
    0x0800c098   0x00000010   Code   RO         8204    i.Pedal_StorageLValue_Left  pedal.o
    0x0800c0a8   0x00000010   Code   RO         8205    i.Pedal_StorageMValue  pedal.o
    0x0800c0b8   0x00000010   Code   RO         8206    i.Pedal_StorageMValue_Left  pedal.o
    0x0800c0c8   0x00000154   Code   RO         8353    i.PlanerGridH       Pubinterface.o
    0x0800c21c   0x00000150   Code   RO         8354    i.PlugORunPLUGActive  Pubinterface.o
    0x0800c36c   0x00000028   Code   RO         6424    i.PlugunPLUGActive  sscKEYBH.o
    0x0800c394   0x0000003c   Code   RO         8355    i.Pubinterface_ApplyChannelDefaultInjectionFlow  Pubinterface.o
    0x0800c3d0   0x00000002   Code   RO         8356    i.Pubinterface_BuildSpeedAlarmThreshold  Pubinterface.o
    0x0800c3d2   0x00000002   PAD
    0x0800c3d4   0x00000114   Code   RO         8357    i.Pubinterface_CheckSpeedThresholdAlarm  Pubinterface.o
    0x0800c4e8   0x0000005c   Code   RO         8358    i.Pubinterface_ClearSelectedChannelDisplay  Pubinterface.o
    0x0800c544   0x00000024   Code   RO         8359    i.Pubinterface_GetChannelDefaultInjectionFlow  Pubinterface.o
    0x0800c568   0x00000010   Code   RO         8360    i.Pubinterface_GetCurrentDefaultInjectionFlow  Pubinterface.o
    0x0800c578   0x00000048   Code   RO         8361    i.Pubinterface_GetCurrentDefaultMotorSpeed  Pubinterface.o
    0x0800c5c0   0x00000010   Code   RO         8362    i.Pubinterface_GetInjectionPumpStartFlow  Pubinterface.o
    0x0800c5d0   0x00000018   Code   RO         8363    i.Pubinterface_GetPumpDisplaySpeed  Pubinterface.o
    0x0800c5e8   0x00000034   Code   RO         8364    i.Pubinterface_GetPumpSpeedMax  Pubinterface.o
    0x0800c61c   0x0000000c   Code   RO         8365    i.Pubinterface_GetPumpSpeedMin  Pubinterface.o
    0x0800c628   0x0000002c   Code   RO         8366    i.Pubinterface_GetPumpStartSpeed  Pubinterface.o
    0x0800c654   0x00000060   Code   RO         8367    i.Pubinterface_GetToolSpecForChannel  Pubinterface.o
    0x0800c6b4   0x0000000e   Code   RO         8368    i.Pubinterface_IsCommonSocketReservedModel  Pubinterface.o
    0x0800c6c2   0x0000001e   Code   RO         8369    i.Pubinterface_IsHandleControlReservedModel  Pubinterface.o
    0x0800c6e0   0x00000016   Code   RO         8370    i.Pubinterface_IsHandleVerifyAlarm  Pubinterface.o
    0x0800c6f6   0x00000012   Code   RO         8371    i.Pubinterface_IsOscDirectionSupportedModel  Pubinterface.o
    0x0800c708   0x00000012   Code   RO         8372    i.Pubinterface_IsSplitToolSpecDisplayModel  Pubinterface.o
    0x0800c71a   0x00000002   PAD
    0x0800c71c   0x00000070   Code   RO         8373    i.Pubinterface_LoadChannelMemory  Pubinterface.o
    0x0800c78c   0x0000005a   Code   RO         8374    i.Pubinterface_MapHandleModelToUiType  Pubinterface.o
    0x0800c7e6   0x00000002   PAD
    0x0800c7e8   0x000000a4   Code   RO         8375    i.Pubinterface_RefreshControlModeDisplay  Pubinterface.o
    0x0800c88c   0x00000024   Code   RO         8376    i.Pubinterface_RefreshExternalCommDisplay  Pubinterface.o
    0x0800c8b0   0x00000054   Code   RO         8377    i.Pubinterface_RefreshOnlineHandleDisplay  Pubinterface.o
    0x0800c904   0x00000014   Code   RO         8378    i.Pubinterface_RefreshPumpADisplay  Pubinterface.o
    0x0800c918   0x00000014   Code   RO         8379    i.Pubinterface_RefreshPumpBDisplay  Pubinterface.o
    0x0800c92c   0x0000017c   Code   RO         8380    i.Pubinterface_RefreshSelectedChannelDisplay  Pubinterface.o
    0x0800caa8   0x00000078   Code   RO         8381    i.Pubinterface_RefreshToolDisplay  Pubinterface.o
    0x0800cb20   0x000000d4   Code   RO         8382    i.Pubinterface_SaveRecognizeToMemory  Pubinterface.o
    0x0800cbf4   0x00000024   Code   RO         8383    i.Pubinterface_SendDirectionDisplay  Pubinterface.o
    0x0800cc18   0x00000030   Code   RO         8384    i.Pubinterface_SendHandleDisplay  Pubinterface.o
    0x0800cc48   0x0000006e   Code   RO         8385    i.Pubinterface_SendPumpDisplay  Pubinterface.o
    0x0800ccb6   0x00000002   PAD
    0x0800ccb8   0x000000e8   Code   RO         8386    i.Pubinterface_SetHandleInjectionPumpRun  Pubinterface.o
    0x0800cda0   0x00000044   Code   RO         8387    i.Pubinterface_ShouldAutoSelectPluggedChannel  Pubinterface.o
    0x0800cde4   0x0000001c   Code   RO         8388    i.Pubinterface_UpdatePumpAOutputSpeed  Pubinterface.o
    0x0800ce00   0x0000001c   Code   RO         8389    i.Pubinterface_UpdatePumpBOutputSpeed  Pubinterface.o
    0x0800ce1c   0x00000042   Code   RO         6815    i.PumpGeardisplay   sscUIDP.o
    0x0800ce5e   0x0000003e   Code   RO         8776    i.PumpLegacy_ApplyPressureLimit  pump.o
    0x0800ce9c   0x00000008   Code   RO         8777    i.PumpLegacy_GetPressureSourceA  pump.o
    0x0800cea4   0x0000006a   Code   RO         8834    i.PumpPressureControl_Apply  pump_pressure_control.o
    0x0800cf0e   0x0000001a   Code   RO         8835    i.PumpPressureControl_BuildStopX10  pump_pressure_control.o
    0x0800cf28   0x0000000a   Code   RO         8836    i.PumpPressureControl_BuildThresholdX10  pump_pressure_control.o
    0x0800cf32   0x0000002c   Code   RO         8837    i.PumpPressureControl_ShouldForceStop  pump_pressure_control.o
    0x0800cf5e   0x00000026   Code   RO         8779    i.PumpTaskDelayMs   pump.o
    0x0800cf84   0x00000050   Code   RO         6505    i.Pump_SetSpeedS_A  sscPUMPA.o
    0x0800cfd4   0x00000050   Code   RO         6590    i.Pump_SetSpeedS_B  sscPUMPB.o
    0x0800d024   0x00000098   Code   RO         8780    i.Pump_SetSpeed_A   pump.o
    0x0800d0bc   0x00000028   Code   RO         6653    i.RFIDQueue_Init    sscRFID.o
    0x0800d0e4   0x00000022   Code   RO         6655    i.Rfid_ChannelToIndex  sscRFID.o
    0x0800d106   0x00000044   Code   RO         6656    i.Rfid_ChecksumMatches  sscRFID.o
    0x0800d14a   0x00000002   PAD
    0x0800d14c   0x00000040   Code   RO         6658    i.Rfid_CopyLastResult  sscRFID.o
    0x0800d18c   0x00000038   Code   RO         6659    i.Rfid_GetFrameSource  sscRFID.o
    0x0800d1c4   0x00000016   Code   RO         6660    i.Rfid_GetPayloadLength  sscRFID.o
    0x0800d1da   0x00000016   Code   RO         6661    i.Rfid_GetPayloadOffset  sscRFID.o
    0x0800d1f0   0x00000012   Code   RO         6662    i.Rfid_IsSourceValid  sscRFID.o
    0x0800d202   0x0000000e   Code   RO         6663    i.Rfid_LegacyTypeToSource  sscRFID.o
    0x0800d210   0x0000002e   Code   RO         6664    i.Rfid_LengthMatches  sscRFID.o
    0x0800d23e   0x000000f8   Code   RO         6665    i.Rfid_ParseReceivedFrame  sscRFID.o
    0x0800d336   0x00000002   PAD
    0x0800d338   0x000000c4   Code   RO         6666    i.Rfid_ReceiveRequestMessage  sscRFID.o
    0x0800d3fc   0x00000078   Code   RO         6667    i.Rfid_RequestToolRead  sscRFID.o
    0x0800d474   0x0000002c   Code   RO         6668    i.Rfid_SendReadCommand  sscRFID.o
    0x0800d4a0   0x000000f4   Code   RO         6669    i.Rfid_UpdateParsedCache  sscRFID.o
    0x0800d594   0x0000000a   Code   RO         8865    i.SCREENKEYTaskFunc  screenkey.o
    0x0800d59e   0x000000c0   Code   RO         6425    i.SCREENKeyBehanior  sscKEYBH.o
    0x0800d65e   0x00000002   PAD
    0x0800d660   0x000000a8   Code   RO        10715    i.SEGGER_RTT_ConfigDownBuffer  SEGGER_RTT.o
    0x0800d708   0x000000a8   Code   RO        10716    i.SEGGER_RTT_ConfigUpBuffer  SEGGER_RTT.o
    0x0800d7b0   0x00000038   Code   RO        10721    i.SEGGER_RTT_Read   SEGGER_RTT.o
    0x0800d7e8   0x00000098   Code   RO        10722    i.SEGGER_RTT_ReadNoLock  SEGGER_RTT.o
    0x0800d880   0x00000048   Code   RO        10730    i.SEGGER_RTT_Write  SEGGER_RTT.o
    0x0800d8c8   0x00000084   Code   RO        10731    i.SEGGER_RTT_WriteNoLock  SEGGER_RTT.o
    0x0800d94c   0x00000010   Code   RO         8866    i.ScreenKey_LegacyEventPost  screenkey.o
    0x0800d95c   0x00000010   Code   RO         8867    i.ScreenKey_LegacyEventTake  screenkey.o
    0x0800d96c   0x000000ec   Code   RO         8868    i.ScreenKey_PostLegacyAction  screenkey.o
    0x0800da58   0x00000340   Code   RO         8869    i.ScreenKey_Scan    screenkey.o
    0x0800dd98   0x00000034   Code   RO         8870    i.ScreenKey_ScanInit  screenkey.o
    0x0800ddcc   0x00000048   Code   RO         6147    i.SendAlarmMessage  sscBEEP.o
    0x0800de14   0x00000064   Code   RO         6148    i.SendAlarmMessageTimed  sscBEEP.o
    0x0800de78   0x00000048   Code   RO         6149    i.SendKeyBeepMessage  sscBEEP.o
    0x0800dec0   0x0000003c   Code   RO         6426    i.SendKeyBehMessage  sscKEYBH.o
    0x0800defc   0x00000018   Code   RO         6671    i.SendKeyRFIDMessageAup  sscRFID.o
    0x0800df14   0x00000018   Code   RO         6673    i.SendKeyRFIDMessageBup  sscRFID.o
    0x0800df2c   0x00000050   Code   RO         6506    i.SendPumpAMessage  sscPUMPA.o
    0x0800df7c   0x00000050   Code   RO         6591    i.SendPumpBMessage  sscPUMPB.o
    0x0800dfcc   0x000000ac   Code   RO         6816    i.SendUIDSMessage   sscUIDP.o
    0x0800e078   0x00000090   Code   RO        10003    i.SimUartTaskFunc   soft_uart.o
    0x0800e108   0x00000048   Code   RO        10004    i.SimUartTask_Init  soft_uart.o
    0x0800e150   0x00000098   Code   RO        10011    i.SimUart_HandleExti  soft_uart.o
    0x0800e1e8   0x00000108   Code   RO        10012    i.SimUart_InitAll   soft_uart.o
    0x0800e2f0   0x0000003c   Code   RO        10017    i.SimUart_TimerIrqHandler  soft_uart.o
    0x0800e32c   0x00000010   Code   RO        10018    i.SoftUart_ChannelValid  soft_uart.o
    0x0800e33c   0x0000002c   Code   RO        10019    i.SoftUart_DisableExti  soft_uart.o
    0x0800e368   0x00000034   Code   RO        10020    i.SoftUart_EnableExti  soft_uart.o
    0x0800e39c   0x00000038   Code   RO        10021    i.SoftUart_FinishReceive  soft_uart.o
    0x0800e3d4   0x00000020   Code   RO        10022    i.SoftUart_GetChannel  soft_uart.o
    0x0800e3f4   0x00000028   Code   RO        10023    i.SoftUart_GetTimerClockHz  soft_uart.o
    0x0800e41c   0x00000060   Code   RO        10024    i.SoftUart_InitChannelGpio  soft_uart.o
    0x0800e47c   0x0000009c   Code   RO        10025    i.SoftUart_InitRxTimer  soft_uart.o
    0x0800e518   0x000000a4   Code   RO        10026    i.SoftUart_InitTimingBase  soft_uart.o
    0x0800e5bc   0x000000c4   Code   RO        10027    i.SoftUart_ProcessSample  soft_uart.o
    0x0800e680   0x0000000e   Code   RO        10028    i.SoftUart_ReadRx   soft_uart.o
    0x0800e68e   0x00000014   Code   RO        10029    i.SoftUart_RearmExtiLines  soft_uart.o
    0x0800e6a2   0x00000054   Code   RO        10030    i.SoftUart_RingPopTask  soft_uart.o
    0x0800e6f6   0x00000052   Code   RO        10031    i.SoftUart_RingPushFromIsr  soft_uart.o
    0x0800e748   0x00000038   Code   RO        10032    i.SoftUart_StartSampleTimer  soft_uart.o
    0x0800e780   0x00000020   Code   RO        10033    i.SoftUart_StopSampleTimer  soft_uart.o
    0x0800e7a0   0x0000002c   Code   RO        10034    i.SoftUart_TestForwardChannelSelected  soft_uart.o
    0x0800e7cc   0x00000028   Code   RO        10035    i.SoftUart_TestForwardFrame  soft_uart.o
    0x0800e7f4   0x00000012   Code   RO        10036    i.SoftUart_WriteTx  soft_uart.o
    0x0800e806   0x00000002   PAD
    0x0800e808   0x00000214   Code   RO         8390    i.SpeedActive       Pubinterface.o
    0x0800ea1c   0x000000b4   Code   RO         6674    i.SplitType_AutoModeGetData_Task  sscRFID.o
    0x0800ead0   0x00000034   Code   RO         6150    i.SscBeepControlTask_Init  sscBEEP.o
    0x0800eb04   0x00000030   Code   RO         6224    i.SscDriveMotorTask_Init  sscDrive.o
    0x0800eb34   0x00000060   Code   RO         6318    i.SscFootControlTask_Init  sscFOOT.o
    0x0800eb94   0x00000038   Code   RO         6427    i.SscKeyBehaviorTask_Init  sscKEYBH.o
    0x0800ebcc   0x00000038   Code   RO         6507    i.SscPumpATask_Init  sscPUMPA.o
    0x0800ec04   0x00000038   Code   RO         6592    i.SscPumpBTask_Init  sscPUMPB.o
    0x0800ec3c   0x0000003c   Code   RO         6675    i.SscRadioFreq_Init  sscRFID.o
    0x0800ec78   0x0000003c   Code   RO         6676    i.SscSplitTypeAutoModeGetData_Init  sscRFID.o
    0x0800ecb4   0x0000003c   Code   RO         6817    i.SscUIDisplayTask_Init  sscUIDP.o
    0x0800ecf0   0x00000016   Code   RO         3280    i.SysTick_Handler   cmsis_os2.o
    0x0800ed06   0x00000002   PAD
    0x0800ed08   0x000000b8   Code   RO         5612    i.SystemClock_Config  main.o
    0x0800edc0   0x00000014   Code   RO         5943    i.SystemInit        system_stm32f4xx.o
    0x0800edd4   0x00000008   Code   RO         5765    i.TIM1_TRG_COM_TIM11_IRQHandler  stm32f4xx_it.o
    0x0800eddc   0x00000010   Code   RO         5766    i.TIM1_UP_TIM10_IRQHandler  stm32f4xx_it.o
    0x0800edec   0x00000010   Code   RO         5767    i.TIM6_DAC_IRQHandler  stm32f4xx_it.o
    0x0800edfc   0x00000010   Code   RO         5768    i.TIM8_TRG_COM_TIM14_IRQHandler  stm32f4xx_it.o
    0x0800ee0c   0x000000e8   Code   RO         2005    i.TIM_Base_SetConfig  stm32f4xx_hal_tim.o
    0x0800eef4   0x00000078   Code   RO         8391    i.ToolPosActive     Pubinterface.o
    0x0800ef6c   0x00000050   Code   RO         6225    i.ToolPosMay        sscDrive.o
    0x0800efbc   0x000000b0   Code   RO        12295    i.Tracealyzer_RecorderInit  tracealyzer_recorder.o
    0x0800f06c   0x00000080   Code   RO        12299    i.Tracealyzer_RecorderTryStartStreaming  tracealyzer_recorder.o
    0x0800f0ec   0x0000000e   Code   RO        11640    i.TzCtrl            trcKernelPort.o
    0x0800f0fa   0x00000002   PAD
    0x0800f0fc   0x00000010   Code   RO         5769    i.UART4_IRQHandler  stm32f4xx_it.o
    0x0800f10c   0x00000010   Code   RO         5770    i.UART5_IRQHandler  stm32f4xx_it.o
    0x0800f11c   0x00000010   Code   RO         5771    i.UART7_IRQHandler  stm32f4xx_it.o
    0x0800f12c   0x00000014   Code   RO         2937    i.UART_DMAAbortOnError  stm32f4xx_hal_uart.o
    0x0800f140   0x00000050   Code   RO         2938    i.UART_DMAError     stm32f4xx_hal_uart.o
    0x0800f190   0x000000b4   Code   RO         2939    i.UART_DMAReceiveCplt  stm32f4xx_hal_uart.o
    0x0800f244   0x00000024   Code   RO         2941    i.UART_DMARxHalfCplt  stm32f4xx_hal_uart.o
    0x0800f268   0x0000006c   Code   RO         2947    i.UART_EndRxTransfer  stm32f4xx_hal_uart.o
    0x0800f2d4   0x00000020   Code   RO         2948    i.UART_EndTransmit_IT  stm32f4xx_hal_uart.o
    0x0800f2f4   0x00000026   Code   RO         2949    i.UART_EndTxTransfer  stm32f4xx_hal_uart.o
    0x0800f31a   0x000000fc   Code   RO         2950    i.UART_Receive_IT   stm32f4xx_hal_uart.o
    0x0800f416   0x00000002   PAD
    0x0800f418   0x00000244   Code   RO         2951    i.UART_SetConfig    stm32f4xx_hal_uart.o
    0x0800f65c   0x000000c8   Code   RO         2952    i.UART_Start_Receive_DMA  stm32f4xx_hal_uart.o
    0x0800f724   0x00000060   Code   RO         2954    i.UART_Transmit_IT  stm32f4xx_hal_uart.o
    0x0800f784   0x0000008c   Code   RO         2955    i.UART_WaitOnFlagUntilTimeout  stm32f4xx_hal_uart.o
    0x0800f810   0x000000b6   Code   RO         6818    i.UIAIARMDP         sscUIDP.o
    0x0800f8c6   0x000000ec   Code   RO         6819    i.UICONTROLDP       sscUIDP.o
    0x0800f9b2   0x000000f8   Code   RO         6820    i.UIDIRDP           sscUIDP.o
    0x0800faaa   0x00000002   PAD
    0x0800faac   0x0000026c   Code   RO         6821    i.UIDISPLAYBehavior  sscUIDP.o
    0x0800fd18   0x0000000a   Code   RO         6822    i.UIDISPLAYBehaviorTask  sscUIDP.o
    0x0800fd22   0x00000002   PAD
    0x0800fd24   0x00000028   Code   RO         6823    i.UIDPQueue_Init    sscUIDP.o
    0x0800fd4c   0x0000001c   Code   RO         6824    i.UIDP_IsPumpTypeKnown  sscUIDP.o
    0x0800fd68   0x0000003c   Code   RO         6825    i.UIDP_PumpButtonPicture  sscUIDP.o
    0x0800fda4   0x000000de   Code   RO         6826    i.UIDP_PumpGearFromValue  sscUIDP.o
    0x0800fe82   0x00000002   PAD
    0x0800fe84   0x00000048   Code   RO         6827    i.UIDP_PumpGearPicture  sscUIDP.o
    0x0800fecc   0x00000032   Code   RO         6828    i.UIDP_PumpTypePicture  sscUIDP.o
    0x0800fefe   0x00000042   Code   RO         6829    i.UIFREQDP          sscUIDP.o
    0x0800ff40   0x000001cc   Code   RO         6830    i.UIHANDLEDP        sscUIDP.o
    0x0801010c   0x00000088   Code   RO         6831    i.UIMANUALBUTTONDP  sscUIDP.o
    0x08010194   0x0000001c   Code   RO         6832    i.UIORALDP          sscUIDP.o
    0x080101b0   0x0000003e   Code   RO         6833    i.UIPUMPABUTTONDP   sscUIDP.o
    0x080101ee   0x0000015a   Code   RO         6834    i.UIPUMPADP         sscUIDP.o
    0x08010348   0x0000003e   Code   RO         6835    i.UIPUMPBBUTTONDP   sscUIDP.o
    0x08010386   0x00000164   Code   RO         6836    i.UIPUMPBDP         sscUIDP.o
    0x080104ea   0x00000002   PAD
    0x080104ec   0x00000088   Code   RO         6837    i.UISPEEDDP         sscUIDP.o
    0x08010574   0x0000004e   Code   RO         6838    i.UITOOLDP          sscUIDP.o
    0x080105c2   0x00000036   Code   RO         6839    i.UITOOLSPECDP      sscUIDP.o
    0x080105f8   0x0000002e   Code   RO         6840    i.UITOUCHDP         sscUIDP.o
    0x08010626   0x00000002   PAD
    0x08010628   0x00000344   Code   RO        12364    i.UI_FootPedalCalibration_Fun  UI_FootPedalCalibration.o
    0x0801096c   0x0000005e   Code   RO        12393    i.UI_Start_Fun      UI_Start.o
    0x080109ca   0x00000002   PAD
    0x080109cc   0x00000010   Code   RO         5772    i.USART1_IRQHandler  stm32f4xx_it.o
    0x080109dc   0x00000010   Code   RO         5773    i.USART2_IRQHandler  stm32f4xx_it.o
    0x080109ec   0x00000010   Code   RO         5774    i.USART3_IRQHandler  stm32f4xx_it.o
    0x080109fc   0x00000010   Code   RO         5775    i.USART6_IRQHandler  stm32f4xx_it.o
    0x08010a0c   0x00000014   Code   RO        10292    i.Uart1_DMAConfiguration  uart1.o
    0x08010a20   0x00000064   Code   RO        10293    i.Uart1_DMARecvDataPeek  uart1.o
    0x08010a84   0x00000034   Code   RO        10294    i.Uart1_DMAReset    uart1.o
    0x08010ab8   0x00000008   Code   RO        10296    i.Uart1_Init        uart1.o
    0x08010ac0   0x00000014   Code   RO        10297    i.Uart1_SendPacket  uart1.o
    0x08010ad4   0x00000014   Code   RO        10357    i.Uart2_DMAConfiguration  uart2.o
    0x08010ae8   0x00000064   Code   RO        10358    i.Uart2_DMARecvDataPeek  uart2.o
    0x08010b4c   0x00000034   Code   RO        10359    i.Uart2_DMAReset    uart2.o
    0x08010b80   0x00000008   Code   RO        10361    i.Uart2_Init        uart2.o
    0x08010b88   0x00000014   Code   RO        10362    i.Uart2_SendPacket  uart2.o
    0x08010b9c   0x00000014   Code   RO        10418    i.Uart3_DMAConfiguration  uart3.o
    0x08010bb0   0x00000030   Code   RO        10419    i.Uart3_DMARecvDataPeek  uart3.o
    0x08010be0   0x00000020   Code   RO        10420    i.Uart3_DMAReset    uart3.o
    0x08010c00   0x00000008   Code   RO        10422    i.Uart3_Init        uart3.o
    0x08010c08   0x00000014   Code   RO        10423    i.Uart3_SendPacket  uart3.o
    0x08010c1c   0x00000014   Code   RO        10478    i.Uart4_DMAConfiguration  uart4.o
    0x08010c30   0x0000005c   Code   RO        10479    i.Uart4_DMARecvDataPeek  uart4.o
    0x08010c8c   0x00000034   Code   RO        10480    i.Uart4_DMAReset    uart4.o
    0x08010cc0   0x00000008   Code   RO        10482    i.Uart4_Init        uart4.o
    0x08010cc8   0x00000014   Code   RO        10483    i.Uart4_SendPacket  uart4.o
    0x08010cdc   0x00000014   Code   RO        10539    i.Uart5_DMAConfiguration  uart5.o
    0x08010cf0   0x00000008   Code   RO        10543    i.Uart5_Init        uart5.o
    0x08010cf8   0x00000014   Code   RO        10544    i.Uart5_SendPacket  uart5.o
    0x08010d0c   0x00000014   Code   RO        10600    i.Uart6_DMAConfiguration  uart6.o
    0x08010d20   0x00000064   Code   RO        10601    i.Uart6_DMARecvDataPeek  uart6.o
    0x08010d84   0x00000034   Code   RO        10602    i.Uart6_DMAReset    uart6.o
    0x08010db8   0x00000008   Code   RO        10604    i.Uart6_Init        uart6.o
    0x08010dc0   0x00000014   Code   RO        10605    i.Uart6_SendPacket  uart6.o
    0x08010dd4   0x00000018   Code   RO        10664    i.Uart7_Init        uart7.o
    0x08010dec   0x00000050   Code   RO        10665    i.Uart7_SendPacket  uart7.o
    0x08010e3c   0x00000004   Code   RO         5776    i.UsageFault_Handler  stm32f4xx_it.o
    0x08010e40   0x000000b4   Code   RO         8928    i.Userparser_Init   userparser.o
    0x08010ef4   0x00000018   Code   RO         8929    i.Userparser_PubinterfaceInit  userparser.o
    0x08010f0c   0x0000000a   Code   RO         8392    i.WorkAlarm_Clear   Pubinterface.o
    0x08010f16   0x00000002   PAD
    0x08010f18   0x00000020   Code   RO         8393    i.WorkAlarm_ClearIf  Pubinterface.o
    0x08010f38   0x00000020   Code   RO         8394    i.WorkAlarm_Is      Pubinterface.o
    0x08010f58   0x00000018   Code   RO         8395    i.WorkAlarm_Set     Pubinterface.o
    0x08010f70   0x00000010   Code   RO         8396    i.WorkMessageInit   Pubinterface.o
    0x08010f80   0x0000006c   Code   RO        10735    i._DoInit           SEGGER_RTT.o
    0x08010fec   0x0000001c   Code   RO        10736    i._GetAvailWriteSpace  SEGGER_RTT.o
    0x08011008   0x00000072   Code   RO        10738    i._WriteBlocking    SEGGER_RTT.o
    0x0801107a   0x0000004c   Code   RO        10739    i._WriteNoCheck     SEGGER_RTT.o
    0x080110c6   0x00000002   PAD
    0x080110c8   0x00000010   Code   RO          310    i.__NVIC_GetPriorityGrouping  stm32f4xx_hal_cortex.o
    0x080110d8   0x00000028   Code   RO          311    i.__NVIC_SetPriority  stm32f4xx_hal_cortex.o
    0x08011100   0x00000006   Code   RO        11227    i.__get_PRIMASK     trcEvent.o
    0x08011106   0x00000006   Code   RO        11780    i.__get_PRIMASK     trcObject.o
    0x0801110c   0x00000006   Code   RO        11081    i.__set_PRIMASK     trcEntryTable.o
    0x08011112   0x00000006   Code   RO        11228    i.__set_PRIMASK     trcEvent.o
    0x08011118   0x00000006   Code   RO        11781    i.__set_PRIMASK     trcObject.o
    0x0801111e   0x00000006   Code   RO        12041    i.__set_PRIMASK     trcStreamingRecorder.o
    0x08011124   0x00000100   Code   RO         5372    i.app_task_create_named  app_task.o
    0x08011224   0x0000002e   Code   RO         5373    i.app_task_start    app_task.o
    0x08011252   0x00000058   Code   RO         5613    i.main              main.o
    0x080112aa   0x00000002   PAD
    0x080112ac   0x0000007c   Code   RO         4791    i.prvAddCurrentTaskToDelayedList  tasks.o
    0x08011328   0x000000d8   Code   RO         4792    i.prvAddNewTaskToReadyList  tasks.o
    0x08011400   0x00000074   Code   RO         5179    i.prvCheckForValidListAndQueue  timers.o
    0x08011474   0x00000048   Code   RO         4793    i.prvCheckTasksWaitingTermination  tasks.o
    0x080114bc   0x0000002a   Code   RO         4358    i.prvCopyDataFromQueue  queue.o
    0x080114e6   0x0000007e   Code   RO         4359    i.prvCopyDataToQueue  queue.o
    0x08011564   0x00000050   Code   RO         4794    i.prvDeleteTCB      tasks.o
    0x080115b4   0x00000020   Code   RO        11082    i.prvEntryIndexInitialize  trcEntryTable.o
    0x080115d4   0x00000050   Code   RO        11083    i.prvEntryIndexTake  trcEntryTable.o
    0x08011624   0x00000014   Code   RO         4360    i.prvGetDisinheritPriorityAfterTimeout  queue.o
    0x08011638   0x00000028   Code   RO         5180    i.prvGetNextExpireTime  timers.o
    0x08011660   0x0000007c   Code   RO         4188    i.prvHeapInit       heap_4.o
    0x080116dc   0x00000028   Code   RO         4795    i.prvIdleTask       tasks.o
    0x08011704   0x0000001e   Code   RO         4361    i.prvInitialiseMutex  queue.o
    0x08011722   0x00000002   PAD
    0x08011724   0x0000007c   Code   RO         4362    i.prvInitialiseNewQueue  queue.o
    0x080117a0   0x000000be   Code   RO         4796    i.prvInitialiseNewTask  tasks.o
    0x0801185e   0x00000002   PAD
    0x08011860   0x00000068   Code   RO         4797    i.prvInitialiseTaskLists  tasks.o
    0x080118c8   0x00000068   Code   RO         4189    i.prvInsertBlockIntoFreeList  heap_4.o
    0x08011930   0x00000058   Code   RO         5182    i.prvInsertTimerInActiveList  timers.o
    0x08011988   0x00000004   Code   RO        12042    i.prvIs64bit        trcStreamingRecorder.o
    0x0801198c   0x0000001a   Code   RO         4363    i.prvIsQueueEmpty   queue.o
    0x080119a6   0x0000001e   Code   RO         4364    i.prvIsQueueFull    queue.o
    0x080119c4   0x00000046   Code   RO        12043    i.prvIsValidCommand  trcStreamingRecorder.o
    0x08011a0a   0x00000022   Code   RO        12044    i.prvProcessCommand  trcStreamingRecorder.o
    0x08011a2c   0x0000007c   Code   RO         5183    i.prvProcessExpiredTimer  timers.o
    0x08011aa8   0x0000016c   Code   RO         5184    i.prvProcessReceivedCommands  timers.o
    0x08011c14   0x00000074   Code   RO         5185    i.prvProcessTimerOrBlockTask  timers.o
    0x08011c88   0x00000034   Code   RO         4799    i.prvResetNextTaskUnblockTime  tasks.o
    0x08011cbc   0x0000002c   Code   RO         5186    i.prvSampleTimeNow  timers.o
    0x08011ce8   0x00000030   Code   RO        12045    i.prvSetRecorderDisabled  trcStreamingRecorder.o
    0x08011d18   0x00000084   Code   RO        12046    i.prvSetRecorderEnabled  trcStreamingRecorder.o
    0x08011d9c   0x000000ac   Code   RO         5187    i.prvSwitchTimerLists  timers.o
    0x08011e48   0x00000040   Code   RO         4268    i.prvTaskExitError  port.o
    0x08011e88   0x0000001a   Code   RO         5188    i.prvTimerTask      timers.o
    0x08011ea2   0x00000002   PAD
    0x08011ea4   0x00000218   Code   RO        11167    i.prvTraceErrorGetDescription  trcError.o
    0x080120bc   0x000000ac   Code   RO        11168    i.prvTraceErrorPrint  trcError.o
    0x08012168   0x00000120   Code   RO        11782    i.prvTraceObjectSendNameEvent  trcObject.o
    0x08012288   0x0000009c   Code   RO        12047    i.prvTraceStoreEntryTable  trcStreamingRecorder.o
    0x08012324   0x00000024   Code   RO        12048    i.prvTraceStoreHeader  trcStreamingRecorder.o
    0x08012348   0x000000c4   Code   RO        12049    i.prvTraceStoreStartEvent  trcStreamingRecorder.o
    0x0801240c   0x0000002c   Code   RO        12050    i.prvTraceStoreTimestampInfo  trcStreamingRecorder.o
    0x08012438   0x000001b4   Code   RO        11868    i.prvTraceVPrintF   trcPrint.o
    0x080125ec   0x0000007e   Code   RO         4365    i.prvUnlockQueue    queue.o
    0x0801266a   0x00000010   Code   RO        12051    i.prvVerifySizeAlignment  trcStreamingRecorder.o
    0x0801267a   0x00000002   PAD
    0x0801267c   0x0000001c   Code   RO         8397    i.pumpMessageInit   Pubinterface.o
    0x08012698   0x00000174   Code   RO         4190    i.pvPortMalloc      heap_4.o
    0x0801280c   0x00000020   Code   RO         4802    i.pvTaskIncrementMutexHeldCount  tasks.o
    0x0801282c   0x0000002c   Code   RO         4269    i.pxPortInitialiseStack  port.o
    0x08012858   0x00000028   Code   RO         4137    i.uxListRemove      list.o
    0x08012880   0x00000018   Code   RO         3354    i.vApplicationGetIdleTaskMemory  cmsis_os2.o
    0x08012898   0x00000018   Code   RO         3355    i.vApplicationGetTimerTaskMemory  cmsis_os2.o
    0x080128b0   0x0000001a   Code   RO         4138    i.vListInitialise   list.o
    0x080128ca   0x00000006   Code   RO         4139    i.vListInitialiseItem  list.o
    0x080128d0   0x00000034   Code   RO         4140    i.vListInsert       list.o
    0x08012904   0x00000018   Code   RO         4141    i.vListInsertEnd    list.o
    0x0801291c   0x00000054   Code   RO         4271    i.vPortEnterCritical  port.o
    0x08012970   0x0000003c   Code   RO         4272    i.vPortExitCritical  port.o
    0x080129ac   0x000000d0   Code   RO         4191    i.vPortFree         heap_4.o
    0x08012a7c   0x00000028   Code   RO         4273    i.vPortSetupTimerInterrupt  port.o
    0x08012aa4   0x00000078   Code   RO         4274    i.vPortValidateInterruptPriority  port.o
    0x08012b1c   0x00000038   Code   RO         4371    i.vQueueAddToRegistry  queue.o
    0x08012b54   0x0000004a   Code   RO         4375    i.vQueueWaitForMessageRestricted  queue.o
    0x08012b9e   0x00000002   PAD
    0x08012ba0   0x00000064   Code   RO         4812    i.vTaskDelay        tasks.o
    0x08012c04   0x000000dc   Code   RO         4813    i.vTaskDelayUntil   tasks.o
    0x08012ce0   0x00000018   Code   RO         4817    i.vTaskInternalSetTimeOutState  tasks.o
    0x08012cf8   0x0000000c   Code   RO         4818    i.vTaskMissedYield  tasks.o
    0x08012d04   0x00000038   Code   RO         4820    i.vTaskPlaceOnEventList  tasks.o
    0x08012d3c   0x00000050   Code   RO         4821    i.vTaskPlaceOnEventListRestricted  tasks.o
    0x08012d8c   0x000000e0   Code   RO         4823    i.vTaskPriorityDisinheritAfterTimeout  tasks.o
    0x08012e6c   0x000000cc   Code   RO         4829    i.vTaskStartScheduler  tasks.o
    0x08012f38   0x00000010   Code   RO         4831    i.vTaskSuspendAll   tasks.o
    0x08012f48   0x0000009c   Code   RO         4832    i.vTaskSwitchContext  tasks.o
    0x08012fe4   0x00000190   Code   RO         4275    i.xPortStartScheduler  port.o
    0x08013174   0x00000034   Code   RO         4276    i.xPortSysTickHandler  port.o
    0x080131a8   0x0000002a   Code   RO         4379    i.xQueueCreateMutexStatic  queue.o
    0x080131d2   0x0000009e   Code   RO         4380    i.xQueueGenericCreate  queue.o
    0x08013270   0x00000132   Code   RO         4381    i.xQueueGenericCreateStatic  queue.o
    0x080133a2   0x00000002   PAD
    0x080133a4   0x00000098   Code   RO         4382    i.xQueueGenericReset  queue.o
    0x0801343c   0x000002c4   Code   RO         4383    i.xQueueGenericSend  queue.o
    0x08013700   0x00000168   Code   RO         4384    i.xQueueGenericSendFromISR  queue.o
    0x08013868   0x000002a0   Code   RO         4393    i.xQueueReceive     queue.o
    0x08013b08   0x000002f0   Code   RO         4395    i.xQueueSemaphoreTake  queue.o
    0x08013df8   0x0000008c   Code   RO         4834    i.xTaskCheckForTimeOut  tasks.o
    0x08013e84   0x000000ba   Code   RO         4836    i.xTaskCreateStatic  tasks.o
    0x08013f3e   0x00000002   PAD
    0x08013f40   0x00000020   Code   RO         4840    i.xTaskGetSchedulerState  tasks.o
    0x08013f60   0x0000000c   Code   RO         4841    i.xTaskGetTickCount  tasks.o
    0x08013f6c   0x00000180   Code   RO         4843    i.xTaskIncrementTick  tasks.o
    0x080140ec   0x000000b8   Code   RO         4846    i.xTaskPriorityDisinherit  tasks.o
    0x080141a4   0x000000b8   Code   RO         4847    i.xTaskPriorityInherit  tasks.o
    0x0801425c   0x000000a0   Code   RO         4848    i.xTaskRemoveFromEventList  tasks.o
    0x080142fc   0x0000010c   Code   RO         4849    i.xTaskResumeAll    tasks.o
    0x08014408   0x00000078   Code   RO         5197    i.xTimerCreateTimerTask  timers.o
    0x08014480   0x0000015c   Code   RO         5198    i.xTimerGenericCommand  timers.o
    0x080145dc   0x00000028   Code   RO        10940    i.xTraceCounterInitialize  trcCounter.o
    0x08014604   0x0000001c   Code   RO        11007    i.xTraceDiagnosticsAdd  trcDiagnostics.o
    0x08014620   0x0000007c   Code   RO        11008    i.xTraceDiagnosticsCheckStatus  trcDiagnostics.o
    0x0801469c   0x0000000e   Code   RO        11011    i.xTraceDiagnosticsIncrease  trcDiagnostics.o
    0x080146aa   0x00000002   PAD
    0x080146ac   0x00000034   Code   RO        11012    i.xTraceDiagnosticsInitialize  trcDiagnostics.o
    0x080146e0   0x00000020   Code   RO        11014    i.xTraceDiagnosticsSetIfHigher  trcDiagnostics.o
    0x08014700   0x0000000a   Code   RO        12054    i.xTraceDisable     trcStreamingRecorder.o
    0x0801470a   0x00000002   PAD
    0x0801470c   0x000000a4   Code   RO        12055    i.xTraceEnable      trcStreamingRecorder.o
    0x080147b0   0x00000078   Code   RO        11084    i.xTraceEntryCreate  trcEntryTable.o
    0x08014828   0x00000060   Code   RO        11085    i.xTraceEntryDelete  trcEntryTable.o
    0x08014888   0x00000034   Code   RO        11086    i.xTraceEntryFind   trcEntryTable.o
    0x080148bc   0x0000001c   Code   RO        11087    i.xTraceEntryGetAtIndex  trcEntryTable.o
    0x080148d8   0x00000018   Code   RO        11088    i.xTraceEntryGetCount  trcEntryTable.o
    0x080148f0   0x00000014   Code   RO        11089    i.xTraceEntryIndexTableInitialize  trcEntryTable.o
    0x08014904   0x00000048   Code   RO        11090    i.xTraceEntrySetSymbol  trcEntryTable.o
    0x0801494c   0x00000088   Code   RO        11091    i.xTraceEntryTableInitialize  trcEntryTable.o
    0x080149d4   0x0000008c   Code   RO        11169    i.xTraceError       trcError.o
    0x08014a60   0x00000028   Code   RO        11171    i.xTraceErrorGetLast  trcError.o
    0x08014a88   0x00000034   Code   RO        11172    i.xTraceErrorInitialize  trcError.o
    0x08014abc   0x00000028   Code   RO        11229    i.xTraceEventAddData  trcEvent.o
    0x08014ae4   0x00000098   Code   RO        11230    i.xTraceEventBeginRawOffline  trcEvent.o
    0x08014b7c   0x000000a0   Code   RO        11231    i.xTraceEventBeginRawOfflineBlocking  trcEvent.o
    0x08014c1c   0x000000c4   Code   RO        11233    i.xTraceEventCreate1  trcEvent.o
    0x08014ce0   0x000000c8   Code   RO        11234    i.xTraceEventCreate2  trcEvent.o
    0x08014da8   0x000000cc   Code   RO        11235    i.xTraceEventCreate3  trcEvent.o
    0x08014e74   0x000000d8   Code   RO        11237    i.xTraceEventCreate5  trcEvent.o
    0x08014f4c   0x000000e4   Code   RO        11238    i.xTraceEventCreate6  trcEvent.o
    0x08015030   0x00000038   Code   RO        11239    i.xTraceEventEndOffline  trcEvent.o
    0x08015068   0x0000004c   Code   RO        11240    i.xTraceEventEndOfflineBlocking  trcEvent.o
    0x080150b4   0x00000064   Code   RO        11241    i.xTraceEventInitialize  trcEvent.o
    0x08015118   0x00000028   Code   RO        11416    i.xTraceExtensionInitialize  trcExtension.o
    0x08015140   0x0000005c   Code   RO        11457    i.xTraceHardwarePortInitCortexM  trcHardwarePort.o
    0x0801519c   0x000000e4   Code   RO        12057    i.xTraceHeaderInitialize  trcStreamingRecorder.o
    0x08015280   0x0000003e   Code   RO        11481    i.xTraceHeapAlloc   trcHeap.o
    0x080152be   0x00000036   Code   RO        11482    i.xTraceHeapCreate  trcHeap.o
    0x080152f4   0x00000032   Code   RO        11483    i.xTraceHeapFree    trcHeap.o
    0x08015326   0x00000002   PAD
    0x08015328   0x00000050   Code   RO        11520    i.xTraceISRInitialize  trcISR.o
    0x08015378   0x00000180   Code   RO        12058    i.xTraceInitialize  trcStreamingRecorder.o
    0x080154f8   0x00000080   Code   RO        11648    i.xTraceKernelPortEnable  trcKernelPort.o
    0x08015578   0x0000000c   Code   RO        11649    i.xTraceKernelPortGetSystemHeapHandle  trcKernelPort.o
    0x08015584   0x00000024   Code   RO        11650    i.xTraceKernelPortInitialize  trcKernelPort.o
    0x080155a8   0x00000026   Code   RO        11783    i.xTraceObjectRegister  trcObject.o
    0x080155ce   0x00000002   PAD
    0x080155d0   0x000001ac   Code   RO        11784    i.xTraceObjectRegisterInternal  trcObject.o
    0x0801577c   0x00000020   Code   RO        11785    i.xTraceObjectRegisterWithoutHandle  trcObject.o
    0x0801579c   0x00000040   Code   RO        11786    i.xTraceObjectSetName  trcObject.o
    0x080157dc   0x00000052   Code   RO        11787    i.xTraceObjectSetNameWithoutHandle  trcObject.o
    0x0801582e   0x00000028   Code   RO        11790    i.xTraceObjectUnregister  trcObject.o
    0x08015856   0x00000044   Code   RO        11791    i.xTraceObjectUnregisterWithoutHandle  trcObject.o
    0x0801589a   0x00000002   PAD
    0x0801589c   0x00000044   Code   RO        11870    i.xTracePrint       trcPrint.o
    0x080158e0   0x00000034   Code   RO        11872    i.xTracePrintF      trcPrint.o
    0x08015914   0x0000002c   Code   RO        11873    i.xTracePrintInitialize  trcPrint.o
    0x08015940   0x00000020   Code   RO        12007    i.xTraceStaticBufferInitialize  trcStaticBuffer.o
    0x08015960   0x00000014   Code   RO        10886    i.xTraceStreamPortInitialize  trcStreamPort.o
    0x08015974   0x00000058   Code   RO        10887    i.xTraceStreamPortOnEnable  trcStreamPort.o
    0x080159cc   0x00000154   Code   RO        12171    i.xTraceStringRegister  trcString.o
    0x08015b20   0x00000034   Code   RO        12200    i.xTraceTaskInitialize  trcTask.o
    0x08015b54   0x00000084   Code   RO        12203    i.xTraceTaskSwitch  trcTask.o
    0x08015bd8   0x00000054   Code   RO        12258    i.xTraceTimestampInitialize  trcTimestamp.o
    0x08015c2c   0x0000008c   Code   RO        12059    i.xTraceTzCtrl      trcStreamingRecorder.o
    0x08015cb8   0x00000068   Code   RO        11874    i.xTraceVPrintF     trcPrint.o
    0x08015d20   0x00000048   Code   RO        11173    i.xTraceWarning     trcError.o
    0x08015d68   0x00000150   Code   RO        12476    x$fpl$dadd          fz_wm.l(daddsub_clz.o)
    0x08015eb8   0x0000005a   Code   RO        12482    x$fpl$dfixu         fz_wm.l(dfixu.o)
    0x08015f12   0x00000026   Code   RO        12486    x$fpl$dfltu         fz_wm.l(dflt_clz.o)
    0x08015f38   0x00000154   Code   RO        12492    x$fpl$dmul          fz_wm.l(dmul.o)
    0x0801608c   0x0000009c   Code   RO        12499    x$fpl$dnaninf       fz_wm.l(dnaninf.o)
    0x08016128   0x0000000c   Code   RO        12501    x$fpl$dretinf       fz_wm.l(dretinf.o)
    0x08016134   0x000001d4   Code   RO        12478    x$fpl$dsub          fz_wm.l(daddsub_clz.o)
    0x08016308   0x0000000a   Code   RO        12606    x$fpl$fpinit        fz_wm.l(fpinit.o)
    0x08016312   0x00000000   Code   RO        12503    x$fpl$usenofp       fz_wm.l(usenofp.o)
    0x08016312   0x00000008   Data   RO          456    .constdata          stm32f4xx_hal_dma.o
    0x0801631a   0x00000018   Data   RO         5944    .constdata          system_stm32f4xx.o
    0x08016332   0x000000dc   Data   RO         6842    .constdata          sscUIDP.o
    0x0801640e   0x00000008   Data   RO         7105    .constdata          external_comm_protocol.o
    0x08016416   0x00000004   Data   RO         7223    .constdata          external_comm_task.o
    0x0801641a   0x00000002   PAD
    0x0801641c   0x000000d8   Data   RO         7742    .constdata          handlescan.o
    0x080164f4   0x0000000c   Data   RO         8060    .constdata          motor.o
    0x08016500   0x00000062   Data   RO         9933    .constdata          lcd.o
    0x08016562   0x00000002   PAD
    0x08016564   0x000000fe   Data   RO         7743    .conststring        handlescan.o
    0x08016662   0x00000002   PAD
    0x08016664   0x00000020   Data   RO        12662    Region$$Table       anon$$obj.o


    Execution Region RW_IRAM1 (Base: 0x20000000, Size: 0x00020da0, Max: 0x00050000, ABSOLUTE, COMPRESSED[0x00000220])

    Base Addr    Size         Type   Attr      Idx    E Section Name        Object

    0x20000000   0x00000009   Data   RW           31    .data               stm32f4xx_hal.o
    0x20000009   0x00000003   PAD
    0x2000000c   0x00000020   Data   RW         4197    .data               heap_4.o
    0x2000002c   0x0000000c   Data   RW         4277    .data               port.o
    0x20000038   0x0000003c   Data   RW         4852    .data               tasks.o
    0x20000074   0x00000014   Data   RW         5206    .data               timers.o
    0x20000088   0x00000014   Data   RW         5376    .data               app_task.o
    0x2000009c   0x00000004   Data   RW         5945    .data               system_stm32f4xx.o
    0x200000a0   0x0000000a   Data   RW         6152    .data               sscBEEP.o
    0x200000aa   0x00000013   Data   RW         6227    .data               sscDrive.o
    0x200000bd   0x00000003   PAD
    0x200000c0   0x00000025   Data   RW         6320    .data               sscFOOT.o
    0x200000e5   0x00000003   PAD
    0x200000e8   0x00000004   Data   RW         6429    .data               sscKEYBH.o
    0x200000ec   0x00000009   Data   RW         6509    .data               sscPUMPA.o
    0x200000f5   0x00000003   PAD
    0x200000f8   0x00000009   Data   RW         6594    .data               sscPUMPB.o
    0x20000101   0x00000003   PAD
    0x20000104   0x0000003d   Data   RW         6678    .data               sscRFID.o
    0x20000141   0x00000003   PAD
    0x20000144   0x00000006   Data   RW         6843    .data               sscUIDP.o
    0x2000014a   0x00000200   Data   RW         6994    .data               common.o
    0x2000034a   0x00000016   Data   RW         7224    .data               external_comm_task.o
    0x20000360   0x00000011   Data   RW         7578    .data               handlekey.o
    0x20000371   0x00000001   PAD
    0x20000372   0x00000023   Data   RW         7744    .data               handlescan.o
    0x20000395   0x00000002   Data   RW         8121    .data               motoruartdata.o
    0x20000397   0x00000060   Data   RW         8208    .data               pedal.o
    0x200003f7   0x0000000e   Data   RW         8399    .data               Pubinterface.o
    0x20000405   0x00000001   PAD
    0x20000406   0x00000035   Data   RW         8782    .data               pump.o
    0x2000043b   0x00000001   Data   RW         8872    .data               screenkey.o
    0x2000043c   0x00000010   Data   RW         9103    .data               kernel_scheduler.o
    0x2000044c   0x00000006   Data   RW         9934    .data               lcd.o
    0x20000452   0x00000002   PAD
    0x20000454   0x000002a1   Data   RW        10045    .data               soft_uart.o
    0x200006f5   0x00000001   PAD
    0x200006f6   0x00000004   Data   RW        10299    .data               uart1.o
    0x200006fa   0x00000004   Data   RW        10364    .data               uart2.o
    0x200006fe   0x00000004   Data   RW        10485    .data               uart4.o
    0x20000702   0x00000004   Data   RW        10607    .data               uart6.o
    0x20000706   0x00000002   PAD
    0x20000708   0x00000008   Data   RW        10667    .data               uart7.o
    0x20000710   0x00000004   Data   RW        10888    .data               trcStreamPort.o
    0x20000714   0x00000004   Data   RW        10943    .data               trcCounter.o
    0x20000718   0x00000004   Data   RW        11016    .data               trcDiagnostics.o
    0x2000071c   0x00000008   Data   RW        11092    .data               trcEntryTable.o
    0x20000724   0x00000004   Data   RW        11174    .data               trcError.o
    0x20000728   0x00000004   Data   RW        11242    .data               trcEvent.o
    0x2000072c   0x00000004   Data   RW        11417    .data               trcExtension.o
    0x20000730   0x00000004   Data   RW        11523    .data               trcISR.o
    0x20000734   0x00000004   Data   RW        11653    .data               trcKernelPort.o
    0x20000738   0x00000004   Data   RW        11875    .data               trcPrint.o
    0x2000073c   0x00000004   Data   RW        12008    .data               trcStaticBuffer.o
    0x20000740   0x0000000c   Data   RW        12061    .data               trcStreamingRecorder.o
    0x2000074c   0x00000004   Data   RW        12205    .data               trcTask.o
    0x20000750   0x00000004   Data   RW        12259    .data               trcTimestamp.o
    0x20000754   0x00000010   Data   RW        12300    .data               tracealyzer_recorder.o
    0x20000764   0x00000007   Data   RW        12365    .data               UI_FootPedalCalibration.o
    0x2000076b   0x00000001   PAD
    0x2000076c   0x000006b8   Zero   RW         3356    .bss                cmsis_os2.o
    0x20000e24   0x00003c00   Zero   RW         4196    .bss                heap_4.o
    0x20004a24   0x00000040   Zero   RW         4397    .bss                queue.o
    0x20004a64   0x000004c4   Zero   RW         4851    .bss                tasks.o
    0x20004f28   0x00000118   Zero   RW         5205    .bss                timers.o
    0x20005040   0x00000050   Zero   RW         5375    .bss                app_task.o
    0x20005090   0x00000048   Zero   RW         5713    .bss                stm32f4xx_hal_timebase_tim.o
    0x200050d8   0x000000d8   Zero   RW         5984    .bss                tim.o
    0x200051b0   0x000005e8   Zero   RW         6044    .bss                usart.o
    0x20005798   0x00001090   Zero   RW         6151    .bss                sscBEEP.o
    0x20006828   0x00001090   Zero   RW         6226    .bss                sscDrive.o
    0x200078b8   0x0000214a   Zero   RW         6319    .bss                sscFOOT.o
    0x20009a02   0x00000002   PAD
    0x20009a04   0x00001090   Zero   RW         6428    .bss                sscKEYBH.o
    0x2000aa94   0x00001090   Zero   RW         6508    .bss                sscPUMPA.o
    0x2000bb24   0x00001090   Zero   RW         6593    .bss                sscPUMPB.o
    0x2000cbb4   0x00002150   Zero   RW         6677    .bss                sscRFID.o
    0x2000ed04   0x000010a8   Zero   RW         6841    .bss                sscUIDP.o
    0x2000fdac   0x000014ca   Zero   RW         7222    .bss                external_comm_task.o
    0x20011276   0x00000002   PAD
    0x20011278   0x00001090   Zero   RW         7577    .bss                handlekey.o
    0x20012308   0x00001110   Zero   RW         7741    .bss                handlescan.o
    0x20013418   0x00001090   Zero   RW         8017    .bss                sysrunled.o
    0x200144a8   0x00001090   Zero   RW         8120    .bss                motoruartdata.o
    0x20015538   0x000010aa   Zero   RW         8207    .bss                pedal.o
    0x200165e2   0x00000002   PAD
    0x200165e4   0x00000178   Zero   RW         8398    .bss                Pubinterface.o
    0x2001675c   0x00001090   Zero   RW         8871    .bss                screenkey.o
    0x200177ec   0x00000018   Zero   RW         9193    .bss                at24cs32.o
    0x20017804   0x000001f0   Zero   RW         9347    .bss                at24cs32_crc_verify.o
    0x200179f4   0x000000a8   Zero   RW         9609    .bss                i2c.o
    0x20017a9c   0x00001090   Zero   RW         9884    .bss                iwdg.o
    0x20018b2c   0x0000000b   Zero   RW         9932    .bss                lcd.o
    0x20018b37   0x00000001   PAD
    0x20018b38   0x000010bc   Zero   RW        10044    .bss                soft_uart.o
    0x20019bf4   0x000000ff   Zero   RW        10298    .bss                uart1.o
    0x20019cf3   0x00000096   Zero   RW        10363    .bss                uart2.o
    0x20019d89   0x00000096   Zero   RW        10424    .bss                uart3.o
    0x20019e1f   0x00000096   Zero   RW        10484    .bss                uart4.o
    0x20019eb5   0x00000096   Zero   RW        10545    .bss                uart5.o
    0x20019f4b   0x00000096   Zero   RW        10606    .bss                uart6.o
    0x20019fe1   0x00000003   PAD
    0x20019fe4   0x000000f8   Zero   RW        10740    .bss                SEGGER_RTT.o
    0x2001a0dc   0x0000105c   Zero   RW        11652    .bss                trcKernelPort.o
    0x2001b138   0x00005604   Zero   RW        12060    .bss                trcStreamingRecorder.o
    0x2002073c   0x00000060   Zero   RW        12536    .bss                c_w.l(libspace.o)
    0x2002079c   0x00000004   PAD
    0x200207a0   0x00000200   Zero   RW         3265    HEAP                startup_stm32f413xx.o
    0x200209a0   0x00000400   Zero   RW         3264    STACK               startup_stm32f413xx.o


==============================================================================

Image component sizes


      Code (inc. data)   RO Data    RW Data    ZI Data      Debug   Object Name

         0          0          0          0          0        536   OneWireI.o
      8208        590          0         14        376      67121   Pubinterface.o
      1074         58          0          0        248      13370   SEGGER_RTT.o
       836         26          0          7          0       1266   UI_FootPedalCalibration.o
        94          0          0          0          0        675   UI_Start.o
         8          0          0          0          0        589   app_bootstrap.o
      1780        192          0         20         80      20582   app_task.o
      1338         76          0          0         24      19304   at24cs32.o
       494         12          0          0        496       5944   at24cs32_crc_verify.o
       608         24          0          0          0       2303   board.o
       310         46          0          0          0       6596   bsp_uart.o
        70         18          0          0       1720      92660   cmsis_os2.o
       114         10          0        512          0       3013   common.o
         0          0          0          0          0      13824   croutine.o
        62          6          0          0          0       1246   delay.o
       184          6          0          0          0        974   dma.o
         8          0          0          0          0        586   eeprom.o
         0          0          0          0          0      16340   event_groups.o
       550         18          8          0          0       9725   external_comm_protocol.o
      5680        480          4         22       5322      57118   external_comm_task.o
         8          0          0          0          0        551   freertos.o
       308         12          0          0          0       1207   gpio.o
       746         94          0         17       4240      11482   handlekey.o
      5286        346        470         35       4368      47530   handlescan.o
       808         90          0         32      15360      19147   heap_4.o
        16          0          0          0          0       1177   hw_bootstrap.o
       556         74          0          0        168       4388   i2c.o
        48          4          0          0          0       1199   iic.o
        62         26          0          0       4240       2000   iwdg.o
         8          0          0          0          0        601   kernel_entry.o
       596        186          0         16          0       7313   kernel_scheduler.o
      1676         76         98          6         11       8489   lcd.o
       148          0          0          0          0       3994   list.o
       318         20          0          0          0       5708   main.o
       168          4         12          0          0       1490   motor.o
       590         98          0          2       4240      13857   motoruartdata.o
      1144         56          0         96       4266      11456   pedal.o
      1054         90          0         12          0      13045   port.o
       260         22          0         53          0       4158   pump.o
       186          0          0          0          0       3418   pump_pressure_control.o
      3804        106          0          0         64      23926   queue.o
      1162        108          0          1       4240       5208   screenkey.o
      2536        172          0        673       4284      28053   soft_uart.o
       642        154          0         10       4240       7871   sscBEEP.o
       576         66          0         19       4240      14872   sscDrive.o
      3532        282          0         37       8522      12720   sscFOOT.o
       920        186          0          4       4240       7823   sscKEYBH.o
       768        142          0          9       4240       7426   sscPUMPA.o
       760        142          0          9       4240       7195   sscPUMPB.o
      1594        186          0         61       8528      17154   sscRFID.o
      3896        194        220          6       4264      21731   sscUIDP.o
        64         26        472          0       1536        912   startup_stm32f413xx.o
       136         24          0          9          0     719426   stm32f4xx_hal.o
       304         28          0          0          0      34780   stm32f4xx_hal_cortex.o
      1554         16          8          0          0       9178   stm32f4xx_hal_dma.o
       908         82          0          0          0       5441   stm32f4xx_hal_gpio.o
      3530         58          0          0          0      16165   stm32f4xx_hal_i2c.o
        84          6          0          0          0        978   stm32f4xx_hal_msp.o
       708         70          0          0          0       5189   stm32f4xx_hal_rcc.o
      1200         24          0          0          0       2124   stm32f4xx_hal_rcc_ex.o
      1030        106          0          0          0       7504   stm32f4xx_hal_tim.o
       184         30          0          0          0       2817   stm32f4xx_hal_tim_ex.o
       180         20          0          0         72       1659   stm32f4xx_hal_timebase_tim.o
      3350         34          0          0          0      20992   stm32f4xx_hal_uart.o
       344        102          0          0          0      16591   stm32f4xx_it.o
        68         24          0          0       4240       2168   sysrunled.o
        20          6         24          4          0       1323   system_stm32f4xx.o
      3552        404          0         60       1220      32535   tasks.o
       420         42          0          0        216       3184   tim.o
      1558        128          0         20        280      14475   timers.o
       304         88          0         16          0       3454   tracealyzer_recorder.o
        40         10          0          4          0       1406   trcCounter.o
       250         28          0          4          0       4375   trcDiagnostics.o
       666         66          0          8          0      15366   trcEntryTable.o
      1012        562          0          4          0       5435   trcError.o
      1640        198          0          4          0      19628   trcEvent.o
        40         10          0          4          0       1728   trcExtension.o
        92         16          0          0          0        696   trcHardwarePort.o
       166          0          0          0          0       3206   trcHeap.o
        80          8          0          4          0       2899   trcISR.o
       190         48          0          4       4188       3820   trcKernelPort.o
      1052         46          0          0          0       9552   trcObject.o
       704         64          0          4          0       5533   trcPrint.o
        32         10          0          4          0       2306   trcStaticBuffer.o
       108         26          0          4          0       2340   trcStreamPort.o
      1668        102          0         12      22020      18353   trcStreamingRecorder.o
       340         22          0          0          0       1507   trcString.o
       184         24          0          4          0       4876   trcTask.o
        84          8          0          4          0       3295   trcTimestamp.o
       200         30          0          4        255       3988   uart1.o
       200         30          0          4        150       3984   uart2.o
       128         14          0          0        150       3892   uart3.o
       192         30          0          4        150       3980   uart4.o
        48          6          0          0        150       2668   uart5.o
       200         30          0          4        150       3984   uart6.o
       104         16          0          8          0       2256   uart7.o
      2976        260          0          0       1512       9614   usart.o
       204          0          0          0          0       1322   userparser.o

    ----------------------------------------------------------------------
     87832       7480       1354       1900     132560    1692865   Object Totals
         0          0         32          0          0          0   (incl. Generated)
       140          0          6         26         10          0   (incl. Padding)

    ----------------------------------------------------------------------

      Code (inc. data)   RO Data    RW Data    ZI Data      Debug   Library Member Name

        90          0          0          0          0          0   __dczerorl2.o
         8          0          0          0          0         68   __main.o
         0          0          0          0          0          0   __rtentry.o
        12          0          0          0          0          0   __rtentry2.o
         6          0          0          0          0          0   __rtentry4.o
        52          8          0          0          0          0   __scatter.o
        28          0          0          0          0          0   __scatter_zi.o
        16          0          0          0          0         68   aeabi_memset.o
        18          0          0          0          0         80   exit.o
         6          0          0          0          0        152   heapauxi.o
         0          0          0          0          0          0   indicate_semi.o
         2          0          0          0          0          0   libinit.o
         6          0          0          0          0          0   libinit2.o
         2          0          0          0          0          0   libshutdown.o
         2          0          0          0          0          0   libshutdown2.o
         8          4          0          0         96         68   libspace.o
       238          0          0          0          0        100   lludivv7m.o
        88          0          0          0          0         76   memcmp.o
        68          0          0          0          0         68   rt_memclr.o
        78          0          0          0          0         80   rt_memclr_w.o
       138          0          0          0          0         68   rt_memcpy_v6.o
       100          0          0          0          0         80   rt_memcpy_w.o
         2          0          0          0          0          0   rtexit.o
        10          0          0          0          0          0   rtexit2.o
        72          0          0          0          0         80   strcpy.o
        12          4          0          0          0         68   sys_exit.o
        74          0          0          0          0         80   sys_stackheap_outer.o
         2          0          0          0          0         68   use_no_semi.o
       804         16          0          0          0        368   daddsub_clz.o
        90          4          0          0          0        140   dfixu.o
        38          0          0          0          0        116   dflt_clz.o
       340         12          0          0          0        152   dmul.o
       156          4          0          0          0        140   dnaninf.o
        12          0          0          0          0        116   dretinf.o
        10          0          0          0          0        116   fpinit.o
         0          0          0          0          0          0   usenofp.o

    ----------------------------------------------------------------------
      2594         52          0          0        100       2352   Library Totals
         6          0          0          0          4          0   (incl. Padding)

    ----------------------------------------------------------------------

      Code (inc. data)   RO Data    RW Data    ZI Data      Debug   Library Name

      1138         16          0          0         96       1204   c_w.l
      1450         36          0          0          0       1148   fz_wm.l

    ----------------------------------------------------------------------
      2594         52          0          0        100       2352   Library Totals

    ----------------------------------------------------------------------

==============================================================================


      Code (inc. data)   RO Data    RW Data    ZI Data      Debug   

     90426       7532       1354       1900     132660    1611645   Grand Totals
     90426       7532       1354        544     132660    1611645   ELF Image Totals (compressed)
     90426       7532       1354        544          0          0   ROM Totals

==============================================================================

    Total RO  Size (Code + RO Data)                91780 (  89.63kB)
    Total RW  Size (RW Data + ZI Data)            134560 ( 131.41kB)
    Total ROM Size (Code + RO Data + RW Data)      92324 (  90.16kB)

==============================================================================

