<!doctype html public "-//w3c//dtd html 4.0 transitional//en">
<html><head>
<title>Static Call Graph - [.\build\MainCtrlF413MXOs\MainCtrlF413MXOs.axf]</title></head>
<body><HR>
<H1>Static Call Graph for image .\build\MainCtrlF413MXOs\MainCtrlF413MXOs.axf</H1><HR>
<BR><P>#&#060CALLGRAPH&#062# ARM Linker, 5060750: Last Updated: Mon Jun 08 17:06:53 2026
<BR><P>
<H3>Maximum Stack Usage =        616 bytes + Unknown(Functions without stacksize, Cycles, Untraceable Function Pointers)</H3><H3>
Call chain for Maximum Stack Depth:</H3>
MOTORUARTTaskFunc &rArr; BrushlessMotorUartData_ReceiveData &rArr; MotorUart_SetDriverAlarm &rArr; MotorUart_SetAlarm &rArr; SendUIDSMessage &rArr; Kernel_QueueSendNamed &rArr; xQueueGenericSend &rArr; prvCopyDataToQueue &rArr; xTaskPriorityDisinherit &rArr; xTraceEventCreate2 &rArr; SEGGER_RTT_Write &rArr; SEGGER_RTT_WriteNoLock &rArr; _WriteNoCheck
<P>
<H3>
Functions with no stack information
</H3><UL>
 <LI><a href="#[a1]">__user_initial_stackheap</a>
</UL>
</UL>
<P>
<H3>
Mutually Recursive functions
</H3> <LI><a href="#[1f]">ADC_IRQHandler</a>&nbsp;&nbsp;&nbsp;&rArr;&nbsp;&nbsp;&nbsp;<a href="#[1f]">ADC_IRQHandler</a><BR>
</UL>
<P>
<H3>
Function Pointers
</H3><UL>
 <LI><a href="#[1f]">ADC_IRQHandler</a> from startup_stm32f413xx.o(.text) referenced from startup_stm32f413xx.o(RESET)
 <LI><a href="#[7e]">AUTOMODEGETDATATaskFunc</a> from sscRFID.o(i.AUTOMODEGETDATATaskFunc) referenced from sscRFID.o(i.SscSplitTypeAutoModeGetData_Init)
 <LI><a href="#[83]">AppTaskWorker</a> from app_task.o(i.AppTaskWorker) referenced from app_task.o(i.app_task_create_named)
 <LI><a href="#[77]">BeepControlTask</a> from sscBEEP.o(i.BeepControlTask) referenced from sscBEEP.o(i.SscBeepControlTask_Init)
 <LI><a href="#[7]">BusFault_Handler</a> from stm32f4xx_it.o(i.BusFault_Handler) referenced from startup_stm32f413xx.o(RESET)
 <LI><a href="#[21]">CAN1_RX0_IRQHandler</a> from startup_stm32f413xx.o(.text) referenced from startup_stm32f413xx.o(RESET)
 <LI><a href="#[22]">CAN1_RX1_IRQHandler</a> from startup_stm32f413xx.o(.text) referenced from startup_stm32f413xx.o(RESET)
 <LI><a href="#[23]">CAN1_SCE_IRQHandler</a> from startup_stm32f413xx.o(.text) referenced from startup_stm32f413xx.o(RESET)
 <LI><a href="#[20]">CAN1_TX_IRQHandler</a> from startup_stm32f413xx.o(.text) referenced from startup_stm32f413xx.o(RESET)
 <LI><a href="#[4d]">CAN2_RX0_IRQHandler</a> from startup_stm32f413xx.o(.text) referenced from startup_stm32f413xx.o(RESET)
 <LI><a href="#[4e]">CAN2_RX1_IRQHandler</a> from startup_stm32f413xx.o(.text) referenced from startup_stm32f413xx.o(RESET)
 <LI><a href="#[4f]">CAN2_SCE_IRQHandler</a> from startup_stm32f413xx.o(.text) referenced from startup_stm32f413xx.o(RESET)
 <LI><a href="#[4c]">CAN2_TX_IRQHandler</a> from startup_stm32f413xx.o(.text) referenced from startup_stm32f413xx.o(RESET)
 <LI><a href="#[58]">CAN3_RX0_IRQHandler</a> from startup_stm32f413xx.o(.text) referenced from startup_stm32f413xx.o(RESET)
 <LI><a href="#[59]">CAN3_RX1_IRQHandler</a> from startup_stm32f413xx.o(.text) referenced from startup_stm32f413xx.o(RESET)
 <LI><a href="#[5a]">CAN3_SCE_IRQHandler</a> from startup_stm32f413xx.o(.text) referenced from startup_stm32f413xx.o(RESET)
 <LI><a href="#[57]">CAN3_TX_IRQHandler</a> from startup_stm32f413xx.o(.text) referenced from startup_stm32f413xx.o(RESET)
 <LI><a href="#[4a]">DFSDM1_FLT0_IRQHandler</a> from startup_stm32f413xx.o(.text) referenced from startup_stm32f413xx.o(RESET)
 <LI><a href="#[4b]">DFSDM1_FLT1_IRQHandler</a> from startup_stm32f413xx.o(.text) referenced from startup_stm32f413xx.o(RESET)
 <LI><a href="#[68]">DFSDM2_FLT0_IRQHandler</a> from startup_stm32f413xx.o(.text) referenced from startup_stm32f413xx.o(RESET)
 <LI><a href="#[69]">DFSDM2_FLT1_IRQHandler</a> from startup_stm32f413xx.o(.text) referenced from startup_stm32f413xx.o(RESET)
 <LI><a href="#[6a]">DFSDM2_FLT2_IRQHandler</a> from startup_stm32f413xx.o(.text) referenced from startup_stm32f413xx.o(RESET)
 <LI><a href="#[6b]">DFSDM2_FLT3_IRQHandler</a> from startup_stm32f413xx.o(.text) referenced from startup_stm32f413xx.o(RESET)
 <LI><a href="#[18]">DMA1_Stream0_IRQHandler</a> from stm32f4xx_it.o(i.DMA1_Stream0_IRQHandler) referenced from startup_stm32f413xx.o(RESET)
 <LI><a href="#[19]">DMA1_Stream1_IRQHandler</a> from stm32f4xx_it.o(i.DMA1_Stream1_IRQHandler) referenced from startup_stm32f413xx.o(RESET)
 <LI><a href="#[1a]">DMA1_Stream2_IRQHandler</a> from stm32f4xx_it.o(i.DMA1_Stream2_IRQHandler) referenced from startup_stm32f413xx.o(RESET)
 <LI><a href="#[1b]">DMA1_Stream3_IRQHandler</a> from stm32f4xx_it.o(i.DMA1_Stream3_IRQHandler) referenced from startup_stm32f413xx.o(RESET)
 <LI><a href="#[1c]">DMA1_Stream4_IRQHandler</a> from startup_stm32f413xx.o(.text) referenced from startup_stm32f413xx.o(RESET)
 <LI><a href="#[1d]">DMA1_Stream5_IRQHandler</a> from stm32f4xx_it.o(i.DMA1_Stream5_IRQHandler) referenced from startup_stm32f413xx.o(RESET)
 <LI><a href="#[1e]">DMA1_Stream6_IRQHandler</a> from startup_stm32f413xx.o(.text) referenced from startup_stm32f413xx.o(RESET)
 <LI><a href="#[3c]">DMA1_Stream7_IRQHandler</a> from startup_stm32f413xx.o(.text) referenced from startup_stm32f413xx.o(RESET)
 <LI><a href="#[45]">DMA2_Stream0_IRQHandler</a> from startup_stm32f413xx.o(.text) referenced from startup_stm32f413xx.o(RESET)
 <LI><a href="#[46]">DMA2_Stream1_IRQHandler</a> from stm32f4xx_it.o(i.DMA2_Stream1_IRQHandler) referenced from startup_stm32f413xx.o(RESET)
 <LI><a href="#[47]">DMA2_Stream2_IRQHandler</a> from stm32f4xx_it.o(i.DMA2_Stream2_IRQHandler) referenced from startup_stm32f413xx.o(RESET)
 <LI><a href="#[48]">DMA2_Stream3_IRQHandler</a> from startup_stm32f413xx.o(.text) referenced from startup_stm32f413xx.o(RESET)
 <LI><a href="#[49]">DMA2_Stream4_IRQHandler</a> from startup_stm32f413xx.o(.text) referenced from startup_stm32f413xx.o(RESET)
 <LI><a href="#[51]">DMA2_Stream5_IRQHandler</a> from startup_stm32f413xx.o(.text) referenced from startup_stm32f413xx.o(RESET)
 <LI><a href="#[52]">DMA2_Stream6_IRQHandler</a> from startup_stm32f413xx.o(.text) referenced from startup_stm32f413xx.o(RESET)
 <LI><a href="#[53]">DMA2_Stream7_IRQHandler</a> from startup_stm32f413xx.o(.text) referenced from startup_stm32f413xx.o(RESET)
 <LI><a href="#[a]">DebugMon_Handler</a> from stm32f4xx_it.o(i.DebugMon_Handler) referenced from startup_stm32f413xx.o(RESET)
 <LI><a href="#[13]">EXTI0_IRQHandler</a> from startup_stm32f413xx.o(.text) referenced from startup_stm32f413xx.o(RESET)
 <LI><a href="#[35]">EXTI15_10_IRQHandler</a> from stm32f4xx_it.o(i.EXTI15_10_IRQHandler) referenced from startup_stm32f413xx.o(RESET)
 <LI><a href="#[14]">EXTI1_IRQHandler</a> from stm32f4xx_it.o(i.EXTI1_IRQHandler) referenced from startup_stm32f413xx.o(RESET)
 <LI><a href="#[15]">EXTI2_IRQHandler</a> from startup_stm32f413xx.o(.text) referenced from startup_stm32f413xx.o(RESET)
 <LI><a href="#[16]">EXTI3_IRQHandler</a> from startup_stm32f413xx.o(.text) referenced from startup_stm32f413xx.o(RESET)
 <LI><a href="#[17]">EXTI4_IRQHandler</a> from stm32f4xx_it.o(i.EXTI4_IRQHandler) referenced from startup_stm32f413xx.o(RESET)
 <LI><a href="#[24]">EXTI9_5_IRQHandler</a> from stm32f4xx_it.o(i.EXTI9_5_IRQHandler) referenced from startup_stm32f413xx.o(RESET)
 <LI><a href="#[6e]">ExternalCommTaskFunc</a> from external_comm_task.o(i.ExternalCommTaskFunc) referenced from external_comm_task.o(i.ExternalComm_Init)
 <LI><a href="#[11]">FLASH_IRQHandler</a> from startup_stm32f413xx.o(.text) referenced from startup_stm32f413xx.o(RESET)
 <LI><a href="#[66]">FMPI2C1_ER_IRQHandler</a> from startup_stm32f413xx.o(.text) referenced from startup_stm32f413xx.o(RESET)
 <LI><a href="#[65]">FMPI2C1_EV_IRQHandler</a> from startup_stm32f413xx.o(.text) referenced from startup_stm32f413xx.o(RESET)
 <LI><a href="#[5c]">FPU_IRQHandler</a> from startup_stm32f413xx.o(.text) referenced from startup_stm32f413xx.o(RESET)
 <LI><a href="#[3d]">FSMC_IRQHandler</a> from startup_stm32f413xx.o(.text) referenced from startup_stm32f413xx.o(RESET)
 <LI><a href="#[7a]">FootControlTask</a> from sscFOOT.o(i.FootControlTask) referenced from sscFOOT.o(i.SscFootControlTask_Init)
 <LI><a href="#[79]">Foot_ParseDataS</a> from sscFOOT.o(i.Foot_ParseDataS) referenced from sscFOOT.o(i.SscFootControlTask_Init)
 <LI><a href="#[70]">HANDLEKEYTaskFunc</a> from handlekey.o(i.HANDLEKEYTaskFunc) referenced from handlekey.o(i.HandleKeyScan_Init)
 <LI><a href="#[71]">HANDLESCANTaskFunc</a> from handlescan.o(i.HANDLESCANTaskFunc) referenced from handlescan.o(i.HandlescanTaskInit)
 <LI><a href="#[5]">HardFault_Handler</a> from stm32f4xx_it.o(i.HardFault_Handler) referenced from startup_stm32f413xx.o(RESET)
 <LI><a href="#[2d]">I2C1_ER_IRQHandler</a> from startup_stm32f413xx.o(.text) referenced from startup_stm32f413xx.o(RESET)
 <LI><a href="#[2c]">I2C1_EV_IRQHandler</a> from startup_stm32f413xx.o(.text) referenced from startup_stm32f413xx.o(RESET)
 <LI><a href="#[2f]">I2C2_ER_IRQHandler</a> from startup_stm32f413xx.o(.text) referenced from startup_stm32f413xx.o(RESET)
 <LI><a href="#[2e]">I2C2_EV_IRQHandler</a> from startup_stm32f413xx.o(.text) referenced from startup_stm32f413xx.o(RESET)
 <LI><a href="#[56]">I2C3_ER_IRQHandler</a> from startup_stm32f413xx.o(.text) referenced from startup_stm32f413xx.o(RESET)
 <LI><a href="#[55]">I2C3_EV_IRQHandler</a> from startup_stm32f413xx.o(.text) referenced from startup_stm32f413xx.o(RESET)
 <LI><a href="#[72]">IwdgTaskFunc</a> from iwdg.o(i.IwdgTaskFunc) referenced from iwdg.o(i.IwdgTaskInit)
 <LI><a href="#[7b]">KeyBehaviorsTask</a> from sscKEYBH.o(i.KeyBehaviorsTask) referenced from sscKEYBH.o(i.SscKeyBehaviorTask_Init)
 <LI><a href="#[73]">LEDTaskFunc</a> from sysrunled.o(i.LEDTaskFunc) referenced from sysrunled.o(i.LEDTaskInit)
 <LI><a href="#[67]">LPTIM1_IRQHandler</a> from startup_stm32f413xx.o(.text) referenced from startup_stm32f413xx.o(RESET)
 <LI><a href="#[78]">MOTORRUNTask</a> from sscDrive.o(i.MOTORRUNTask) referenced from sscDrive.o(i.SscDriveMotorTask_Init)
 <LI><a href="#[74]">MOTORUARTTaskFunc</a> from motoruartdata.o(i.MOTORUARTTaskFunc) referenced from motoruartdata.o(i.MotorUartData_Init)
 <LI><a href="#[6]">MemManage_Handler</a> from stm32f4xx_it.o(i.MemManage_Handler) referenced from startup_stm32f413xx.o(RESET)
 <LI><a href="#[4]">NMI_Handler</a> from stm32f4xx_it.o(i.NMI_Handler) referenced from startup_stm32f413xx.o(RESET)
 <LI><a href="#[50]">OTG_FS_IRQHandler</a> from startup_stm32f413xx.o(.text) referenced from startup_stm32f413xx.o(RESET)
 <LI><a href="#[37]">OTG_FS_WKUP_IRQHandler</a> from startup_stm32f413xx.o(.text) referenced from startup_stm32f413xx.o(RESET)
 <LI><a href="#[7c]">PUMPABehaviorTask</a> from sscPUMPA.o(i.PUMPABehaviorTask) referenced from sscPUMPA.o(i.SscPumpATask_Init)
 <LI><a href="#[7d]">PUMPBBehaviorTask</a> from sscPUMPB.o(i.PUMPBBehaviorTask) referenced from sscPUMPB.o(i.SscPumpBTask_Init)
 <LI><a href="#[e]">PVD_IRQHandler</a> from startup_stm32f413xx.o(.text) referenced from startup_stm32f413xx.o(RESET)
 <LI><a href="#[b]">PendSV_Handler</a> from port.o(.emb_text) referenced from startup_stm32f413xx.o(RESET)
 <LI><a href="#[64]">QUADSPI_IRQHandler</a> from startup_stm32f413xx.o(.text) referenced from startup_stm32f413xx.o(RESET)
 <LI><a href="#[12]">RCC_IRQHandler</a> from startup_stm32f413xx.o(.text) referenced from startup_stm32f413xx.o(RESET)
 <LI><a href="#[5b]">RNG_IRQHandler</a> from startup_stm32f413xx.o(.text) referenced from startup_stm32f413xx.o(RESET)
 <LI><a href="#[36]">RTC_Alarm_IRQHandler</a> from startup_stm32f413xx.o(.text) referenced from startup_stm32f413xx.o(RESET)
 <LI><a href="#[10]">RTC_WKUP_IRQHandler</a> from startup_stm32f413xx.o(.text) referenced from startup_stm32f413xx.o(RESET)
 <LI><a href="#[3]">Reset_Handler</a> from startup_stm32f413xx.o(.text) referenced from startup_stm32f413xx.o(RESET)
 <LI><a href="#[61]">SAI1_IRQHandler</a> from startup_stm32f413xx.o(.text) referenced from startup_stm32f413xx.o(RESET)
 <LI><a href="#[75]">SCREENKEYTaskFunc</a> from screenkey.o(i.SCREENKEYTaskFunc) referenced from screenkey.o(i.ScreenKey_ScanInit)
 <LI><a href="#[3e]">SDIO_IRQHandler</a> from startup_stm32f413xx.o(.text) referenced from startup_stm32f413xx.o(RESET)
 <LI><a href="#[30]">SPI1_IRQHandler</a> from startup_stm32f413xx.o(.text) referenced from startup_stm32f413xx.o(RESET)
 <LI><a href="#[31]">SPI2_IRQHandler</a> from startup_stm32f413xx.o(.text) referenced from startup_stm32f413xx.o(RESET)
 <LI><a href="#[40]">SPI3_IRQHandler</a> from startup_stm32f413xx.o(.text) referenced from startup_stm32f413xx.o(RESET)
 <LI><a href="#[5f]">SPI4_IRQHandler</a> from startup_stm32f413xx.o(.text) referenced from startup_stm32f413xx.o(RESET)
 <LI><a href="#[60]">SPI5_IRQHandler</a> from startup_stm32f413xx.o(.text) referenced from startup_stm32f413xx.o(RESET)
 <LI><a href="#[9]">SVC_Handler</a> from port.o(.emb_text) referenced from startup_stm32f413xx.o(RESET)
 <LI><a href="#[76]">SimUartTaskFunc</a> from soft_uart.o(i.SimUartTaskFunc) referenced from soft_uart.o(i.SimUartTask_Init)
 <LI><a href="#[c]">SysTick_Handler</a> from cmsis_os2.o(i.SysTick_Handler) referenced from startup_stm32f413xx.o(RESET)
 <LI><a href="#[6c]">SystemInit</a> from system_stm32f4xx.o(i.SystemInit) referenced from startup_stm32f413xx.o(.text)
 <LI><a href="#[f]">TAMP_STAMP_IRQHandler</a> from startup_stm32f413xx.o(.text) referenced from startup_stm32f413xx.o(RESET)
 <LI><a href="#[25]">TIM1_BRK_TIM9_IRQHandler</a> from startup_stm32f413xx.o(.text) referenced from startup_stm32f413xx.o(RESET)
 <LI><a href="#[28]">TIM1_CC_IRQHandler</a> from startup_stm32f413xx.o(.text) referenced from startup_stm32f413xx.o(RESET)
 <LI><a href="#[27]">TIM1_TRG_COM_TIM11_IRQHandler</a> from stm32f4xx_it.o(i.TIM1_TRG_COM_TIM11_IRQHandler) referenced from startup_stm32f413xx.o(RESET)
 <LI><a href="#[26]">TIM1_UP_TIM10_IRQHandler</a> from stm32f4xx_it.o(i.TIM1_UP_TIM10_IRQHandler) referenced from startup_stm32f413xx.o(RESET)
 <LI><a href="#[29]">TIM2_IRQHandler</a> from startup_stm32f413xx.o(.text) referenced from startup_stm32f413xx.o(RESET)
 <LI><a href="#[2a]">TIM3_IRQHandler</a> from startup_stm32f413xx.o(.text) referenced from startup_stm32f413xx.o(RESET)
 <LI><a href="#[2b]">TIM4_IRQHandler</a> from startup_stm32f413xx.o(.text) referenced from startup_stm32f413xx.o(RESET)
 <LI><a href="#[3f]">TIM5_IRQHandler</a> from startup_stm32f413xx.o(.text) referenced from startup_stm32f413xx.o(RESET)
 <LI><a href="#[43]">TIM6_DAC_IRQHandler</a> from stm32f4xx_it.o(i.TIM6_DAC_IRQHandler) referenced from startup_stm32f413xx.o(RESET)
 <LI><a href="#[44]">TIM7_IRQHandler</a> from startup_stm32f413xx.o(.text) referenced from startup_stm32f413xx.o(RESET)
 <LI><a href="#[38]">TIM8_BRK_TIM12_IRQHandler</a> from startup_stm32f413xx.o(.text) referenced from startup_stm32f413xx.o(RESET)
 <LI><a href="#[3b]">TIM8_CC_IRQHandler</a> from startup_stm32f413xx.o(.text) referenced from startup_stm32f413xx.o(RESET)
 <LI><a href="#[3a]">TIM8_TRG_COM_TIM14_IRQHandler</a> from stm32f4xx_it.o(i.TIM8_TRG_COM_TIM14_IRQHandler) referenced from startup_stm32f413xx.o(RESET)
 <LI><a href="#[39]">TIM8_UP_TIM13_IRQHandler</a> from startup_stm32f413xx.o(.text) referenced from startup_stm32f413xx.o(RESET)
 <LI><a href="#[87]">TzCtrl</a> from trcKernelPort.o(i.TzCtrl) referenced from trcKernelPort.o(i.xTraceKernelPortEnable)
 <LI><a href="#[63]">UART10_IRQHandler</a> from startup_stm32f413xx.o(.text) referenced from startup_stm32f413xx.o(RESET)
 <LI><a href="#[41]">UART4_IRQHandler</a> from stm32f4xx_it.o(i.UART4_IRQHandler) referenced from startup_stm32f413xx.o(RESET)
 <LI><a href="#[42]">UART5_IRQHandler</a> from stm32f4xx_it.o(i.UART5_IRQHandler) referenced from startup_stm32f413xx.o(RESET)
 <LI><a href="#[5d]">UART7_IRQHandler</a> from stm32f4xx_it.o(i.UART7_IRQHandler) referenced from startup_stm32f413xx.o(RESET)
 <LI><a href="#[5e]">UART8_IRQHandler</a> from startup_stm32f413xx.o(.text) referenced from startup_stm32f413xx.o(RESET)
 <LI><a href="#[62]">UART9_IRQHandler</a> from startup_stm32f413xx.o(.text) referenced from startup_stm32f413xx.o(RESET)
 <LI><a href="#[6f]">UART_DMAAbortOnError</a> from stm32f4xx_hal_uart.o(i.UART_DMAAbortOnError) referenced from stm32f4xx_hal_uart.o(i.HAL_UART_IRQHandler)
 <LI><a href="#[82]">UART_DMAError</a> from stm32f4xx_hal_uart.o(i.UART_DMAError) referenced from stm32f4xx_hal_uart.o(i.UART_Start_Receive_DMA)
 <LI><a href="#[80]">UART_DMAReceiveCplt</a> from stm32f4xx_hal_uart.o(i.UART_DMAReceiveCplt) referenced from stm32f4xx_hal_uart.o(i.UART_Start_Receive_DMA)
 <LI><a href="#[81]">UART_DMARxHalfCplt</a> from stm32f4xx_hal_uart.o(i.UART_DMARxHalfCplt) referenced from stm32f4xx_hal_uart.o(i.UART_Start_Receive_DMA)
 <LI><a href="#[7f]">UIDISPLAYBehaviorTask</a> from sscUIDP.o(i.UIDISPLAYBehaviorTask) referenced from sscUIDP.o(i.SscUIDisplayTask_Init)
 <LI><a href="#[32]">USART1_IRQHandler</a> from stm32f4xx_it.o(i.USART1_IRQHandler) referenced from startup_stm32f413xx.o(RESET)
 <LI><a href="#[33]">USART2_IRQHandler</a> from stm32f4xx_it.o(i.USART2_IRQHandler) referenced from startup_stm32f413xx.o(RESET)
 <LI><a href="#[34]">USART3_IRQHandler</a> from stm32f4xx_it.o(i.USART3_IRQHandler) referenced from startup_stm32f413xx.o(RESET)
 <LI><a href="#[54]">USART6_IRQHandler</a> from stm32f4xx_it.o(i.USART6_IRQHandler) referenced from startup_stm32f413xx.o(RESET)
 <LI><a href="#[8]">UsageFault_Handler</a> from stm32f4xx_it.o(i.UsageFault_Handler) referenced from startup_stm32f413xx.o(RESET)
 <LI><a href="#[d]">WWDG_IRQHandler</a> from startup_stm32f413xx.o(.text) referenced from startup_stm32f413xx.o(RESET)
 <LI><a href="#[88]">__main</a> from __main.o(!!!main) referenced from startup_stm32f413xx.o(.text)
 <LI><a href="#[85]">prvIdleTask</a> from tasks.o(i.prvIdleTask) referenced from tasks.o(i.vTaskStartScheduler)
 <LI><a href="#[84]">prvTaskExitError</a> from port.o(i.prvTaskExitError) referenced from port.o(i.pxPortInitialiseStack)
 <LI><a href="#[86]">prvTimerTask</a> from timers.o(i.prvTimerTask) referenced from timers.o(i.xTimerCreateTimerTask)
</UL>
<P>
<H3>
Global Symbols
</H3>
<P><STRONG><a name="[88]"></a>__main</STRONG> (Thumb, 8 bytes, Stack size 0 bytes, __main.o(!!!main))
<BR><BR>[Calls]<UL><LI><a href="#[8a]">&gt;&gt;</a>&nbsp;&nbsp;&nbsp;__rt_entry
<LI><a href="#[89]">&gt;&gt;</a>&nbsp;&nbsp;&nbsp;__scatterload
</UL>

<P><STRONG><a name="[89]"></a>__scatterload</STRONG> (Thumb, 0 bytes, Stack size unknown bytes, __scatter.o(!!!scatter))
<BR><BR>[Called By]<UL><LI><a href="#[88]">&gt;&gt;</a>&nbsp;&nbsp;&nbsp;__main
</UL>

<P><STRONG><a name="[8b]"></a>__scatterload_rt2</STRONG> (Thumb, 44 bytes, Stack size unknown bytes, __scatter.o(!!!scatter), UNUSED)
<BR><BR>[Calls]<UL><LI><a href="#[8a]">&gt;&gt;</a>&nbsp;&nbsp;&nbsp;__rt_entry
</UL>

<P><STRONG><a name="[3ba]"></a>__scatterload_rt2_thumb_only</STRONG> (Thumb, 0 bytes, Stack size unknown bytes, __scatter.o(!!!scatter), UNUSED)

<P><STRONG><a name="[3bb]"></a>__scatterload_null</STRONG> (Thumb, 0 bytes, Stack size unknown bytes, __scatter.o(!!!scatter), UNUSED)

<P><STRONG><a name="[3bc]"></a>__decompress</STRONG> (Thumb, 90 bytes, Stack size unknown bytes, __dczerorl2.o(!!dczerorl2), UNUSED)

<P><STRONG><a name="[3bd]"></a>__decompress1</STRONG> (Thumb, 0 bytes, Stack size unknown bytes, __dczerorl2.o(!!dczerorl2), UNUSED)

<P><STRONG><a name="[3be]"></a>__scatterload_zeroinit</STRONG> (Thumb, 28 bytes, Stack size unknown bytes, __scatter_zi.o(!!handler_zi), UNUSED)

<P><STRONG><a name="[91]"></a>__rt_lib_init</STRONG> (Thumb, 0 bytes, Stack size unknown bytes, libinit.o(.ARM.Collect$$libinit$$00000000))
<BR><BR>[Called By]<UL><LI><a href="#[90]">&gt;&gt;</a>&nbsp;&nbsp;&nbsp;__rt_entry_li
</UL>

<P><STRONG><a name="[8c]"></a>__rt_lib_init_fp_1</STRONG> (Thumb, 0 bytes, Stack size unknown bytes, libinit2.o(.ARM.Collect$$libinit$$00000001))
<BR><BR>[Calls]<UL><LI><a href="#[8d]">&gt;&gt;</a>&nbsp;&nbsp;&nbsp;_fp_init
</UL>

<P><STRONG><a name="[3bf]"></a>__rt_lib_init_alloca_1</STRONG> (Thumb, 0 bytes, Stack size unknown bytes, libinit2.o(.ARM.Collect$$libinit$$0000002E))

<P><STRONG><a name="[3c0]"></a>__rt_lib_init_argv_1</STRONG> (Thumb, 0 bytes, Stack size unknown bytes, libinit2.o(.ARM.Collect$$libinit$$0000002C))

<P><STRONG><a name="[3c1]"></a>__rt_lib_init_atexit_1</STRONG> (Thumb, 0 bytes, Stack size unknown bytes, libinit2.o(.ARM.Collect$$libinit$$0000001B))

<P><STRONG><a name="[3c2]"></a>__rt_lib_init_clock_1</STRONG> (Thumb, 0 bytes, Stack size unknown bytes, libinit2.o(.ARM.Collect$$libinit$$00000021))

<P><STRONG><a name="[3c3]"></a>__rt_lib_init_cpp_1</STRONG> (Thumb, 0 bytes, Stack size unknown bytes, libinit2.o(.ARM.Collect$$libinit$$00000032))

<P><STRONG><a name="[3c4]"></a>__rt_lib_init_exceptions_1</STRONG> (Thumb, 0 bytes, Stack size unknown bytes, libinit2.o(.ARM.Collect$$libinit$$00000030))

<P><STRONG><a name="[3c5]"></a>__rt_lib_init_fp_trap_1</STRONG> (Thumb, 0 bytes, Stack size unknown bytes, libinit2.o(.ARM.Collect$$libinit$$0000001F))

<P><STRONG><a name="[3c6]"></a>__rt_lib_init_getenv_1</STRONG> (Thumb, 0 bytes, Stack size unknown bytes, libinit2.o(.ARM.Collect$$libinit$$00000023))

<P><STRONG><a name="[3c7]"></a>__rt_lib_init_heap_1</STRONG> (Thumb, 0 bytes, Stack size unknown bytes, libinit2.o(.ARM.Collect$$libinit$$0000000A))

<P><STRONG><a name="[3c8]"></a>__rt_lib_init_lc_collate_1</STRONG> (Thumb, 0 bytes, Stack size unknown bytes, libinit2.o(.ARM.Collect$$libinit$$00000011))

<P><STRONG><a name="[3c9]"></a>__rt_lib_init_lc_ctype_1</STRONG> (Thumb, 0 bytes, Stack size unknown bytes, libinit2.o(.ARM.Collect$$libinit$$00000013))

<P><STRONG><a name="[3ca]"></a>__rt_lib_init_lc_monetary_1</STRONG> (Thumb, 0 bytes, Stack size unknown bytes, libinit2.o(.ARM.Collect$$libinit$$00000015))

<P><STRONG><a name="[3cb]"></a>__rt_lib_init_lc_numeric_1</STRONG> (Thumb, 0 bytes, Stack size unknown bytes, libinit2.o(.ARM.Collect$$libinit$$00000017))

<P><STRONG><a name="[3cc]"></a>__rt_lib_init_lc_time_1</STRONG> (Thumb, 0 bytes, Stack size unknown bytes, libinit2.o(.ARM.Collect$$libinit$$00000019))

<P><STRONG><a name="[3cd]"></a>__rt_lib_init_preinit_1</STRONG> (Thumb, 0 bytes, Stack size unknown bytes, libinit2.o(.ARM.Collect$$libinit$$00000004))

<P><STRONG><a name="[3ce]"></a>__rt_lib_init_rand_1</STRONG> (Thumb, 0 bytes, Stack size unknown bytes, libinit2.o(.ARM.Collect$$libinit$$0000000E))

<P><STRONG><a name="[3cf]"></a>__rt_lib_init_return</STRONG> (Thumb, 0 bytes, Stack size unknown bytes, libinit2.o(.ARM.Collect$$libinit$$00000033))

<P><STRONG><a name="[3d0]"></a>__rt_lib_init_signal_1</STRONG> (Thumb, 0 bytes, Stack size unknown bytes, libinit2.o(.ARM.Collect$$libinit$$0000001D))

<P><STRONG><a name="[3d1]"></a>__rt_lib_init_stdio_1</STRONG> (Thumb, 0 bytes, Stack size unknown bytes, libinit2.o(.ARM.Collect$$libinit$$00000025))

<P><STRONG><a name="[3d2]"></a>__rt_lib_init_user_alloc_1</STRONG> (Thumb, 0 bytes, Stack size unknown bytes, libinit2.o(.ARM.Collect$$libinit$$0000000C))

<P><STRONG><a name="[96]"></a>__rt_lib_shutdown</STRONG> (Thumb, 0 bytes, Stack size unknown bytes, libshutdown.o(.ARM.Collect$$libshutdown$$00000000))
<BR><BR>[Called By]<UL><LI><a href="#[95]">&gt;&gt;</a>&nbsp;&nbsp;&nbsp;__rt_exit_ls
</UL>

<P><STRONG><a name="[3d3]"></a>__rt_lib_shutdown_cpp_1</STRONG> (Thumb, 0 bytes, Stack size unknown bytes, libshutdown2.o(.ARM.Collect$$libshutdown$$00000002))

<P><STRONG><a name="[3d4]"></a>__rt_lib_shutdown_fp_trap_1</STRONG> (Thumb, 0 bytes, Stack size unknown bytes, libshutdown2.o(.ARM.Collect$$libshutdown$$00000007))

<P><STRONG><a name="[3d5]"></a>__rt_lib_shutdown_heap_1</STRONG> (Thumb, 0 bytes, Stack size unknown bytes, libshutdown2.o(.ARM.Collect$$libshutdown$$0000000F))

<P><STRONG><a name="[3d6]"></a>__rt_lib_shutdown_return</STRONG> (Thumb, 0 bytes, Stack size unknown bytes, libshutdown2.o(.ARM.Collect$$libshutdown$$00000010))

<P><STRONG><a name="[3d7]"></a>__rt_lib_shutdown_signal_1</STRONG> (Thumb, 0 bytes, Stack size unknown bytes, libshutdown2.o(.ARM.Collect$$libshutdown$$0000000A))

<P><STRONG><a name="[3d8]"></a>__rt_lib_shutdown_stdio_1</STRONG> (Thumb, 0 bytes, Stack size unknown bytes, libshutdown2.o(.ARM.Collect$$libshutdown$$00000004))

<P><STRONG><a name="[3d9]"></a>__rt_lib_shutdown_user_alloc_1</STRONG> (Thumb, 0 bytes, Stack size unknown bytes, libshutdown2.o(.ARM.Collect$$libshutdown$$0000000C))

<P><STRONG><a name="[8a]"></a>__rt_entry</STRONG> (Thumb, 0 bytes, Stack size unknown bytes, __rtentry.o(.ARM.Collect$$rtentry$$00000000))
<BR><BR>[Called By]<UL><LI><a href="#[88]">&gt;&gt;</a>&nbsp;&nbsp;&nbsp;__main
<LI><a href="#[8b]">&gt;&gt;</a>&nbsp;&nbsp;&nbsp;__scatterload_rt2
</UL>

<P><STRONG><a name="[3da]"></a>__rt_entry_presh_1</STRONG> (Thumb, 0 bytes, Stack size unknown bytes, __rtentry2.o(.ARM.Collect$$rtentry$$00000002))

<P><STRONG><a name="[8e]"></a>__rt_entry_sh</STRONG> (Thumb, 0 bytes, Stack size unknown bytes, __rtentry4.o(.ARM.Collect$$rtentry$$00000004))
<BR><BR>[Stack]<UL><LI>Max Depth = 8 + Unknown Stack Size
<LI>Call Chain = __rt_entry_sh &rArr; __user_setup_stackheap
</UL>
<BR>[Calls]<UL><LI><a href="#[8f]">&gt;&gt;</a>&nbsp;&nbsp;&nbsp;__user_setup_stackheap
</UL>

<P><STRONG><a name="[90]"></a>__rt_entry_li</STRONG> (Thumb, 0 bytes, Stack size unknown bytes, __rtentry2.o(.ARM.Collect$$rtentry$$0000000A))
<BR><BR>[Calls]<UL><LI><a href="#[91]">&gt;&gt;</a>&nbsp;&nbsp;&nbsp;__rt_lib_init
</UL>

<P><STRONG><a name="[3db]"></a>__rt_entry_postsh_1</STRONG> (Thumb, 0 bytes, Stack size unknown bytes, __rtentry2.o(.ARM.Collect$$rtentry$$00000009))

<P><STRONG><a name="[92]"></a>__rt_entry_main</STRONG> (Thumb, 0 bytes, Stack size unknown bytes, __rtentry2.o(.ARM.Collect$$rtentry$$0000000D))
<BR><BR>[Stack]<UL><LI>Max Depth = 496 + Unknown Stack Size
<LI>Call Chain = __rt_entry_main &rArr; main &rArr; App_Bootstrap_Init &rArr; Userparser_Init &rArr; UI_Start_Fun &rArr; ScreenKey_Scan &rArr; ScreenKey_PostLegacyAction &rArr; SendKeyBeepMessage &rArr; Kernel_QueueSendNamed &rArr; xQueueGenericSend &rArr; prvCopyDataToQueue &rArr; xTaskPriorityDisinherit &rArr; xTraceEventCreate2 &rArr; SEGGER_RTT_Write &rArr; SEGGER_RTT_WriteNoLock &rArr; _WriteNoCheck
</UL>
<BR>[Calls]<UL><LI><a href="#[93]">&gt;&gt;</a>&nbsp;&nbsp;&nbsp;main
<LI><a href="#[94]">&gt;&gt;</a>&nbsp;&nbsp;&nbsp;exit
</UL>

<P><STRONG><a name="[3dc]"></a>__rt_entry_postli_1</STRONG> (Thumb, 0 bytes, Stack size unknown bytes, __rtentry2.o(.ARM.Collect$$rtentry$$0000000C))

<P><STRONG><a name="[a2]"></a>__rt_exit</STRONG> (Thumb, 0 bytes, Stack size unknown bytes, rtexit.o(.ARM.Collect$$rtexit$$00000000))
<BR><BR>[Called By]<UL><LI><a href="#[94]">&gt;&gt;</a>&nbsp;&nbsp;&nbsp;exit
</UL>

<P><STRONG><a name="[95]"></a>__rt_exit_ls</STRONG> (Thumb, 0 bytes, Stack size unknown bytes, rtexit2.o(.ARM.Collect$$rtexit$$00000003))
<BR><BR>[Calls]<UL><LI><a href="#[96]">&gt;&gt;</a>&nbsp;&nbsp;&nbsp;__rt_lib_shutdown
</UL>

<P><STRONG><a name="[3dd]"></a>__rt_exit_prels_1</STRONG> (Thumb, 0 bytes, Stack size unknown bytes, rtexit2.o(.ARM.Collect$$rtexit$$00000002))

<P><STRONG><a name="[97]"></a>__rt_exit_exit</STRONG> (Thumb, 0 bytes, Stack size unknown bytes, rtexit2.o(.ARM.Collect$$rtexit$$00000004))
<BR><BR>[Calls]<UL><LI><a href="#[98]">&gt;&gt;</a>&nbsp;&nbsp;&nbsp;_sys_exit
</UL>

<P><STRONG><a name="[9]"></a>SVC_Handler</STRONG> (Thumb, 28 bytes, Stack size 0 bytes, port.o(.emb_text))
<BR>[Address Reference Count : 1]<UL><LI> startup_stm32f413xx.o(RESET)
</UL>
<P><STRONG><a name="[379]"></a>__asm___6_port_c_39a90d8d__prvStartFirstTask</STRONG> (Thumb, 36 bytes, Stack size 0 bytes, port.o(.emb_text))
<BR><BR>[Called By]<UL><LI><a href="#[376]">&gt;&gt;</a>&nbsp;&nbsp;&nbsp;xPortStartScheduler
</UL>

<P><STRONG><a name="[378]"></a>__asm___6_port_c_39a90d8d__prvEnableVFP</STRONG> (Thumb, 16 bytes, Stack size 0 bytes, port.o(.emb_text))
<BR><BR>[Called By]<UL><LI><a href="#[376]">&gt;&gt;</a>&nbsp;&nbsp;&nbsp;xPortStartScheduler
</UL>

<P><STRONG><a name="[b]"></a>PendSV_Handler</STRONG> (Thumb, 88 bytes, Stack size 0 bytes, port.o(.emb_text))
<BR><BR>[Stack]<UL><LI>Max Depth = 152<LI>Call Chain = PendSV_Handler &rArr; vTaskSwitchContext &rArr; xTraceTaskSwitch &rArr; xTraceEventCreate2 &rArr; SEGGER_RTT_Write &rArr; SEGGER_RTT_WriteNoLock &rArr; _WriteNoCheck
</UL>
<BR>[Calls]<UL><LI><a href="#[99]">&gt;&gt;</a>&nbsp;&nbsp;&nbsp;vTaskSwitchContext
</UL>
<BR>[Address Reference Count : 1]<UL><LI> startup_stm32f413xx.o(RESET)
</UL>
<P><STRONG><a name="[36f]"></a>vPortGetIPSR</STRONG> (Thumb, 6 bytes, Stack size 0 bytes, port.o(.emb_text))
<BR><BR>[Called By]<UL><LI><a href="#[36e]">&gt;&gt;</a>&nbsp;&nbsp;&nbsp;vPortValidateInterruptPriority
</UL>

<P><STRONG><a name="[3]"></a>Reset_Handler</STRONG> (Thumb, 8 bytes, Stack size 0 bytes, startup_stm32f413xx.o(.text))
<BR>[Address Reference Count : 1]<UL><LI> startup_stm32f413xx.o(RESET)
</UL>
<P><STRONG><a name="[1f]"></a>ADC_IRQHandler</STRONG> (Thumb, 0 bytes, Stack size 0 bytes, startup_stm32f413xx.o(.text))
<BR><BR>[Calls]<UL><LI><a href="#[1f]">&gt;&gt;</a>&nbsp;&nbsp;&nbsp;ADC_IRQHandler
</UL>
<BR>[Called By]<UL><LI><a href="#[1f]">&gt;&gt;</a>&nbsp;&nbsp;&nbsp;ADC_IRQHandler
</UL>
<BR>[Address Reference Count : 1]<UL><LI> startup_stm32f413xx.o(RESET)
</UL>
<P><STRONG><a name="[21]"></a>CAN1_RX0_IRQHandler</STRONG> (Thumb, 0 bytes, Stack size 0 bytes, startup_stm32f413xx.o(.text))
<BR>[Address Reference Count : 1]<UL><LI> startup_stm32f413xx.o(RESET)
</UL>
<P><STRONG><a name="[22]"></a>CAN1_RX1_IRQHandler</STRONG> (Thumb, 0 bytes, Stack size 0 bytes, startup_stm32f413xx.o(.text))
<BR>[Address Reference Count : 1]<UL><LI> startup_stm32f413xx.o(RESET)
</UL>
<P><STRONG><a name="[23]"></a>CAN1_SCE_IRQHandler</STRONG> (Thumb, 0 bytes, Stack size 0 bytes, startup_stm32f413xx.o(.text))
<BR>[Address Reference Count : 1]<UL><LI> startup_stm32f413xx.o(RESET)
</UL>
<P><STRONG><a name="[20]"></a>CAN1_TX_IRQHandler</STRONG> (Thumb, 0 bytes, Stack size 0 bytes, startup_stm32f413xx.o(.text))
<BR>[Address Reference Count : 1]<UL><LI> startup_stm32f413xx.o(RESET)
</UL>
<P><STRONG><a name="[4d]"></a>CAN2_RX0_IRQHandler</STRONG> (Thumb, 0 bytes, Stack size 0 bytes, startup_stm32f413xx.o(.text))
<BR>[Address Reference Count : 1]<UL><LI> startup_stm32f413xx.o(RESET)
</UL>
<P><STRONG><a name="[4e]"></a>CAN2_RX1_IRQHandler</STRONG> (Thumb, 0 bytes, Stack size 0 bytes, startup_stm32f413xx.o(.text))
<BR>[Address Reference Count : 1]<UL><LI> startup_stm32f413xx.o(RESET)
</UL>
<P><STRONG><a name="[4f]"></a>CAN2_SCE_IRQHandler</STRONG> (Thumb, 0 bytes, Stack size 0 bytes, startup_stm32f413xx.o(.text))
<BR>[Address Reference Count : 1]<UL><LI> startup_stm32f413xx.o(RESET)
</UL>
<P><STRONG><a name="[4c]"></a>CAN2_TX_IRQHandler</STRONG> (Thumb, 0 bytes, Stack size 0 bytes, startup_stm32f413xx.o(.text))
<BR>[Address Reference Count : 1]<UL><LI> startup_stm32f413xx.o(RESET)
</UL>
<P><STRONG><a name="[58]"></a>CAN3_RX0_IRQHandler</STRONG> (Thumb, 0 bytes, Stack size 0 bytes, startup_stm32f413xx.o(.text))
<BR>[Address Reference Count : 1]<UL><LI> startup_stm32f413xx.o(RESET)
</UL>
<P><STRONG><a name="[59]"></a>CAN3_RX1_IRQHandler</STRONG> (Thumb, 0 bytes, Stack size 0 bytes, startup_stm32f413xx.o(.text))
<BR>[Address Reference Count : 1]<UL><LI> startup_stm32f413xx.o(RESET)
</UL>
<P><STRONG><a name="[5a]"></a>CAN3_SCE_IRQHandler</STRONG> (Thumb, 0 bytes, Stack size 0 bytes, startup_stm32f413xx.o(.text))
<BR>[Address Reference Count : 1]<UL><LI> startup_stm32f413xx.o(RESET)
</UL>
<P><STRONG><a name="[57]"></a>CAN3_TX_IRQHandler</STRONG> (Thumb, 0 bytes, Stack size 0 bytes, startup_stm32f413xx.o(.text))
<BR>[Address Reference Count : 1]<UL><LI> startup_stm32f413xx.o(RESET)
</UL>
<P><STRONG><a name="[4a]"></a>DFSDM1_FLT0_IRQHandler</STRONG> (Thumb, 0 bytes, Stack size 0 bytes, startup_stm32f413xx.o(.text))
<BR>[Address Reference Count : 1]<UL><LI> startup_stm32f413xx.o(RESET)
</UL>
<P><STRONG><a name="[4b]"></a>DFSDM1_FLT1_IRQHandler</STRONG> (Thumb, 0 bytes, Stack size 0 bytes, startup_stm32f413xx.o(.text))
<BR>[Address Reference Count : 1]<UL><LI> startup_stm32f413xx.o(RESET)
</UL>
<P><STRONG><a name="[68]"></a>DFSDM2_FLT0_IRQHandler</STRONG> (Thumb, 0 bytes, Stack size 0 bytes, startup_stm32f413xx.o(.text))
<BR>[Address Reference Count : 1]<UL><LI> startup_stm32f413xx.o(RESET)
</UL>
<P><STRONG><a name="[69]"></a>DFSDM2_FLT1_IRQHandler</STRONG> (Thumb, 0 bytes, Stack size 0 bytes, startup_stm32f413xx.o(.text))
<BR>[Address Reference Count : 1]<UL><LI> startup_stm32f413xx.o(RESET)
</UL>
<P><STRONG><a name="[6a]"></a>DFSDM2_FLT2_IRQHandler</STRONG> (Thumb, 0 bytes, Stack size 0 bytes, startup_stm32f413xx.o(.text))
<BR>[Address Reference Count : 1]<UL><LI> startup_stm32f413xx.o(RESET)
</UL>
<P><STRONG><a name="[6b]"></a>DFSDM2_FLT3_IRQHandler</STRONG> (Thumb, 0 bytes, Stack size 0 bytes, startup_stm32f413xx.o(.text))
<BR>[Address Reference Count : 1]<UL><LI> startup_stm32f413xx.o(RESET)
</UL>
<P><STRONG><a name="[1c]"></a>DMA1_Stream4_IRQHandler</STRONG> (Thumb, 0 bytes, Stack size 0 bytes, startup_stm32f413xx.o(.text))
<BR>[Address Reference Count : 1]<UL><LI> startup_stm32f413xx.o(RESET)
</UL>
<P><STRONG><a name="[1e]"></a>DMA1_Stream6_IRQHandler</STRONG> (Thumb, 0 bytes, Stack size 0 bytes, startup_stm32f413xx.o(.text))
<BR>[Address Reference Count : 1]<UL><LI> startup_stm32f413xx.o(RESET)
</UL>
<P><STRONG><a name="[3c]"></a>DMA1_Stream7_IRQHandler</STRONG> (Thumb, 0 bytes, Stack size 0 bytes, startup_stm32f413xx.o(.text))
<BR>[Address Reference Count : 1]<UL><LI> startup_stm32f413xx.o(RESET)
</UL>
<P><STRONG><a name="[45]"></a>DMA2_Stream0_IRQHandler</STRONG> (Thumb, 0 bytes, Stack size 0 bytes, startup_stm32f413xx.o(.text))
<BR>[Address Reference Count : 1]<UL><LI> startup_stm32f413xx.o(RESET)
</UL>
<P><STRONG><a name="[48]"></a>DMA2_Stream3_IRQHandler</STRONG> (Thumb, 0 bytes, Stack size 0 bytes, startup_stm32f413xx.o(.text))
<BR>[Address Reference Count : 1]<UL><LI> startup_stm32f413xx.o(RESET)
</UL>
<P><STRONG><a name="[49]"></a>DMA2_Stream4_IRQHandler</STRONG> (Thumb, 0 bytes, Stack size 0 bytes, startup_stm32f413xx.o(.text))
<BR>[Address Reference Count : 1]<UL><LI> startup_stm32f413xx.o(RESET)
</UL>
<P><STRONG><a name="[51]"></a>DMA2_Stream5_IRQHandler</STRONG> (Thumb, 0 bytes, Stack size 0 bytes, startup_stm32f413xx.o(.text))
<BR>[Address Reference Count : 1]<UL><LI> startup_stm32f413xx.o(RESET)
</UL>
<P><STRONG><a name="[52]"></a>DMA2_Stream6_IRQHandler</STRONG> (Thumb, 0 bytes, Stack size 0 bytes, startup_stm32f413xx.o(.text))
<BR>[Address Reference Count : 1]<UL><LI> startup_stm32f413xx.o(RESET)
</UL>
<P><STRONG><a name="[53]"></a>DMA2_Stream7_IRQHandler</STRONG> (Thumb, 0 bytes, Stack size 0 bytes, startup_stm32f413xx.o(.text))
<BR>[Address Reference Count : 1]<UL><LI> startup_stm32f413xx.o(RESET)
</UL>
<P><STRONG><a name="[13]"></a>EXTI0_IRQHandler</STRONG> (Thumb, 0 bytes, Stack size 0 bytes, startup_stm32f413xx.o(.text))
<BR>[Address Reference Count : 1]<UL><LI> startup_stm32f413xx.o(RESET)
</UL>
<P><STRONG><a name="[15]"></a>EXTI2_IRQHandler</STRONG> (Thumb, 0 bytes, Stack size 0 bytes, startup_stm32f413xx.o(.text))
<BR>[Address Reference Count : 1]<UL><LI> startup_stm32f413xx.o(RESET)
</UL>
<P><STRONG><a name="[16]"></a>EXTI3_IRQHandler</STRONG> (Thumb, 0 bytes, Stack size 0 bytes, startup_stm32f413xx.o(.text))
<BR>[Address Reference Count : 1]<UL><LI> startup_stm32f413xx.o(RESET)
</UL>
<P><STRONG><a name="[11]"></a>FLASH_IRQHandler</STRONG> (Thumb, 0 bytes, Stack size 0 bytes, startup_stm32f413xx.o(.text))
<BR>[Address Reference Count : 1]<UL><LI> startup_stm32f413xx.o(RESET)
</UL>
<P><STRONG><a name="[66]"></a>FMPI2C1_ER_IRQHandler</STRONG> (Thumb, 0 bytes, Stack size 0 bytes, startup_stm32f413xx.o(.text))
<BR>[Address Reference Count : 1]<UL><LI> startup_stm32f413xx.o(RESET)
</UL>
<P><STRONG><a name="[65]"></a>FMPI2C1_EV_IRQHandler</STRONG> (Thumb, 0 bytes, Stack size 0 bytes, startup_stm32f413xx.o(.text))
<BR>[Address Reference Count : 1]<UL><LI> startup_stm32f413xx.o(RESET)
</UL>
<P><STRONG><a name="[5c]"></a>FPU_IRQHandler</STRONG> (Thumb, 0 bytes, Stack size 0 bytes, startup_stm32f413xx.o(.text))
<BR>[Address Reference Count : 1]<UL><LI> startup_stm32f413xx.o(RESET)
</UL>
<P><STRONG><a name="[3d]"></a>FSMC_IRQHandler</STRONG> (Thumb, 0 bytes, Stack size 0 bytes, startup_stm32f413xx.o(.text))
<BR>[Address Reference Count : 1]<UL><LI> startup_stm32f413xx.o(RESET)
</UL>
<P><STRONG><a name="[2d]"></a>I2C1_ER_IRQHandler</STRONG> (Thumb, 0 bytes, Stack size 0 bytes, startup_stm32f413xx.o(.text))
<BR>[Address Reference Count : 1]<UL><LI> startup_stm32f413xx.o(RESET)
</UL>
<P><STRONG><a name="[2c]"></a>I2C1_EV_IRQHandler</STRONG> (Thumb, 0 bytes, Stack size 0 bytes, startup_stm32f413xx.o(.text))
<BR>[Address Reference Count : 1]<UL><LI> startup_stm32f413xx.o(RESET)
</UL>
<P><STRONG><a name="[2f]"></a>I2C2_ER_IRQHandler</STRONG> (Thumb, 0 bytes, Stack size 0 bytes, startup_stm32f413xx.o(.text))
<BR>[Address Reference Count : 1]<UL><LI> startup_stm32f413xx.o(RESET)
</UL>
<P><STRONG><a name="[2e]"></a>I2C2_EV_IRQHandler</STRONG> (Thumb, 0 bytes, Stack size 0 bytes, startup_stm32f413xx.o(.text))
<BR>[Address Reference Count : 1]<UL><LI> startup_stm32f413xx.o(RESET)
</UL>
<P><STRONG><a name="[56]"></a>I2C3_ER_IRQHandler</STRONG> (Thumb, 0 bytes, Stack size 0 bytes, startup_stm32f413xx.o(.text))
<BR>[Address Reference Count : 1]<UL><LI> startup_stm32f413xx.o(RESET)
</UL>
<P><STRONG><a name="[55]"></a>I2C3_EV_IRQHandler</STRONG> (Thumb, 0 bytes, Stack size 0 bytes, startup_stm32f413xx.o(.text))
<BR>[Address Reference Count : 1]<UL><LI> startup_stm32f413xx.o(RESET)
</UL>
<P><STRONG><a name="[67]"></a>LPTIM1_IRQHandler</STRONG> (Thumb, 0 bytes, Stack size 0 bytes, startup_stm32f413xx.o(.text))
<BR>[Address Reference Count : 1]<UL><LI> startup_stm32f413xx.o(RESET)
</UL>
<P><STRONG><a name="[50]"></a>OTG_FS_IRQHandler</STRONG> (Thumb, 0 bytes, Stack size 0 bytes, startup_stm32f413xx.o(.text))
<BR>[Address Reference Count : 1]<UL><LI> startup_stm32f413xx.o(RESET)
</UL>
<P><STRONG><a name="[37]"></a>OTG_FS_WKUP_IRQHandler</STRONG> (Thumb, 0 bytes, Stack size 0 bytes, startup_stm32f413xx.o(.text))
<BR>[Address Reference Count : 1]<UL><LI> startup_stm32f413xx.o(RESET)
</UL>
<P><STRONG><a name="[e]"></a>PVD_IRQHandler</STRONG> (Thumb, 0 bytes, Stack size 0 bytes, startup_stm32f413xx.o(.text))
<BR>[Address Reference Count : 1]<UL><LI> startup_stm32f413xx.o(RESET)
</UL>
<P><STRONG><a name="[64]"></a>QUADSPI_IRQHandler</STRONG> (Thumb, 0 bytes, Stack size 0 bytes, startup_stm32f413xx.o(.text))
<BR>[Address Reference Count : 1]<UL><LI> startup_stm32f413xx.o(RESET)
</UL>
<P><STRONG><a name="[12]"></a>RCC_IRQHandler</STRONG> (Thumb, 0 bytes, Stack size 0 bytes, startup_stm32f413xx.o(.text))
<BR>[Address Reference Count : 1]<UL><LI> startup_stm32f413xx.o(RESET)
</UL>
<P><STRONG><a name="[5b]"></a>RNG_IRQHandler</STRONG> (Thumb, 0 bytes, Stack size 0 bytes, startup_stm32f413xx.o(.text))
<BR>[Address Reference Count : 1]<UL><LI> startup_stm32f413xx.o(RESET)
</UL>
<P><STRONG><a name="[36]"></a>RTC_Alarm_IRQHandler</STRONG> (Thumb, 0 bytes, Stack size 0 bytes, startup_stm32f413xx.o(.text))
<BR>[Address Reference Count : 1]<UL><LI> startup_stm32f413xx.o(RESET)
</UL>
<P><STRONG><a name="[10]"></a>RTC_WKUP_IRQHandler</STRONG> (Thumb, 0 bytes, Stack size 0 bytes, startup_stm32f413xx.o(.text))
<BR>[Address Reference Count : 1]<UL><LI> startup_stm32f413xx.o(RESET)
</UL>
<P><STRONG><a name="[61]"></a>SAI1_IRQHandler</STRONG> (Thumb, 0 bytes, Stack size 0 bytes, startup_stm32f413xx.o(.text))
<BR>[Address Reference Count : 1]<UL><LI> startup_stm32f413xx.o(RESET)
</UL>
<P><STRONG><a name="[3e]"></a>SDIO_IRQHandler</STRONG> (Thumb, 0 bytes, Stack size 0 bytes, startup_stm32f413xx.o(.text))
<BR>[Address Reference Count : 1]<UL><LI> startup_stm32f413xx.o(RESET)
</UL>
<P><STRONG><a name="[30]"></a>SPI1_IRQHandler</STRONG> (Thumb, 0 bytes, Stack size 0 bytes, startup_stm32f413xx.o(.text))
<BR>[Address Reference Count : 1]<UL><LI> startup_stm32f413xx.o(RESET)
</UL>
<P><STRONG><a name="[31]"></a>SPI2_IRQHandler</STRONG> (Thumb, 0 bytes, Stack size 0 bytes, startup_stm32f413xx.o(.text))
<BR>[Address Reference Count : 1]<UL><LI> startup_stm32f413xx.o(RESET)
</UL>
<P><STRONG><a name="[40]"></a>SPI3_IRQHandler</STRONG> (Thumb, 0 bytes, Stack size 0 bytes, startup_stm32f413xx.o(.text))
<BR>[Address Reference Count : 1]<UL><LI> startup_stm32f413xx.o(RESET)
</UL>
<P><STRONG><a name="[5f]"></a>SPI4_IRQHandler</STRONG> (Thumb, 0 bytes, Stack size 0 bytes, startup_stm32f413xx.o(.text))
<BR>[Address Reference Count : 1]<UL><LI> startup_stm32f413xx.o(RESET)
</UL>
<P><STRONG><a name="[60]"></a>SPI5_IRQHandler</STRONG> (Thumb, 0 bytes, Stack size 0 bytes, startup_stm32f413xx.o(.text))
<BR>[Address Reference Count : 1]<UL><LI> startup_stm32f413xx.o(RESET)
</UL>
<P><STRONG><a name="[f]"></a>TAMP_STAMP_IRQHandler</STRONG> (Thumb, 0 bytes, Stack size 0 bytes, startup_stm32f413xx.o(.text))
<BR>[Address Reference Count : 1]<UL><LI> startup_stm32f413xx.o(RESET)
</UL>
<P><STRONG><a name="[25]"></a>TIM1_BRK_TIM9_IRQHandler</STRONG> (Thumb, 0 bytes, Stack size 0 bytes, startup_stm32f413xx.o(.text))
<BR>[Address Reference Count : 1]<UL><LI> startup_stm32f413xx.o(RESET)
</UL>
<P><STRONG><a name="[28]"></a>TIM1_CC_IRQHandler</STRONG> (Thumb, 0 bytes, Stack size 0 bytes, startup_stm32f413xx.o(.text))
<BR>[Address Reference Count : 1]<UL><LI> startup_stm32f413xx.o(RESET)
</UL>
<P><STRONG><a name="[29]"></a>TIM2_IRQHandler</STRONG> (Thumb, 0 bytes, Stack size 0 bytes, startup_stm32f413xx.o(.text))
<BR>[Address Reference Count : 1]<UL><LI> startup_stm32f413xx.o(RESET)
</UL>
<P><STRONG><a name="[2a]"></a>TIM3_IRQHandler</STRONG> (Thumb, 0 bytes, Stack size 0 bytes, startup_stm32f413xx.o(.text))
<BR>[Address Reference Count : 1]<UL><LI> startup_stm32f413xx.o(RESET)
</UL>
<P><STRONG><a name="[2b]"></a>TIM4_IRQHandler</STRONG> (Thumb, 0 bytes, Stack size 0 bytes, startup_stm32f413xx.o(.text))
<BR>[Address Reference Count : 1]<UL><LI> startup_stm32f413xx.o(RESET)
</UL>
<P><STRONG><a name="[3f]"></a>TIM5_IRQHandler</STRONG> (Thumb, 0 bytes, Stack size 0 bytes, startup_stm32f413xx.o(.text))
<BR>[Address Reference Count : 1]<UL><LI> startup_stm32f413xx.o(RESET)
</UL>
<P><STRONG><a name="[44]"></a>TIM7_IRQHandler</STRONG> (Thumb, 0 bytes, Stack size 0 bytes, startup_stm32f413xx.o(.text))
<BR>[Address Reference Count : 1]<UL><LI> startup_stm32f413xx.o(RESET)
</UL>
<P><STRONG><a name="[38]"></a>TIM8_BRK_TIM12_IRQHandler</STRONG> (Thumb, 0 bytes, Stack size 0 bytes, startup_stm32f413xx.o(.text))
<BR>[Address Reference Count : 1]<UL><LI> startup_stm32f413xx.o(RESET)
</UL>
<P><STRONG><a name="[3b]"></a>TIM8_CC_IRQHandler</STRONG> (Thumb, 0 bytes, Stack size 0 bytes, startup_stm32f413xx.o(.text))
<BR>[Address Reference Count : 1]<UL><LI> startup_stm32f413xx.o(RESET)
</UL>
<P><STRONG><a name="[39]"></a>TIM8_UP_TIM13_IRQHandler</STRONG> (Thumb, 0 bytes, Stack size 0 bytes, startup_stm32f413xx.o(.text))
<BR>[Address Reference Count : 1]<UL><LI> startup_stm32f413xx.o(RESET)
</UL>
<P><STRONG><a name="[63]"></a>UART10_IRQHandler</STRONG> (Thumb, 0 bytes, Stack size 0 bytes, startup_stm32f413xx.o(.text))
<BR>[Address Reference Count : 1]<UL><LI> startup_stm32f413xx.o(RESET)
</UL>
<P><STRONG><a name="[5e]"></a>UART8_IRQHandler</STRONG> (Thumb, 0 bytes, Stack size 0 bytes, startup_stm32f413xx.o(.text))
<BR>[Address Reference Count : 1]<UL><LI> startup_stm32f413xx.o(RESET)
</UL>
<P><STRONG><a name="[62]"></a>UART9_IRQHandler</STRONG> (Thumb, 0 bytes, Stack size 0 bytes, startup_stm32f413xx.o(.text))
<BR>[Address Reference Count : 1]<UL><LI> startup_stm32f413xx.o(RESET)
</UL>
<P><STRONG><a name="[d]"></a>WWDG_IRQHandler</STRONG> (Thumb, 0 bytes, Stack size 0 bytes, startup_stm32f413xx.o(.text))
<BR>[Address Reference Count : 1]<UL><LI> startup_stm32f413xx.o(RESET)
</UL>
<P><STRONG><a name="[a1]"></a>__user_initial_stackheap</STRONG> (Thumb, 0 bytes, Stack size unknown bytes, startup_stm32f413xx.o(.text))
<BR><BR>[Called By]<UL><LI><a href="#[8f]">&gt;&gt;</a>&nbsp;&nbsp;&nbsp;__user_setup_stackheap
</UL>

<P><STRONG><a name="[dc]"></a>__aeabi_uldivmod</STRONG> (Thumb, 0 bytes, Stack size 48 bytes, lludivv7m.o(.text))
<BR><BR>[Stack]<UL><LI>Max Depth = 48<LI>Call Chain = __aeabi_uldivmod
</UL>
<BR>[Called By]<UL><LI><a href="#[1d0]">&gt;&gt;</a>&nbsp;&nbsp;&nbsp;HAL_RCC_GetSysClockFreq
<LI><a href="#[1eb]">&gt;&gt;</a>&nbsp;&nbsp;&nbsp;UART_SetConfig
<LI><a href="#[db]">&gt;&gt;</a>&nbsp;&nbsp;&nbsp;AppTaskTrace_GetRuntimeParts
<LI><a href="#[27c]">&gt;&gt;</a>&nbsp;&nbsp;&nbsp;PumpPressureControl_Apply
<LI><a href="#[2b1]">&gt;&gt;</a>&nbsp;&nbsp;&nbsp;PumpPressureControl_BuildStopX10
</UL>

<P><STRONG><a name="[3de]"></a>_ll_udiv</STRONG> (Thumb, 238 bytes, Stack size 48 bytes, lludivv7m.o(.text), UNUSED)

<P><STRONG><a name="[c7]"></a>memcmp</STRONG> (Thumb, 88 bytes, Stack size 8 bytes, memcmp.o(.text))
<BR><BR>[Stack]<UL><LI>Max Depth = 8<LI>Call Chain = memcmp
</UL>
<BR>[Called By]<UL><LI><a href="#[1aa]">&gt;&gt;</a>&nbsp;&nbsp;&nbsp;Foot_SendMessage
<LI><a href="#[11e]">&gt;&gt;</a>&nbsp;&nbsp;&nbsp;SendUIDSMessage
<LI><a href="#[2c2]">&gt;&gt;</a>&nbsp;&nbsp;&nbsp;Rfid_UpdateParsedCache
<LI><a href="#[c4]">&gt;&gt;</a>&nbsp;&nbsp;&nbsp;AT24CS32_VerifyCrc_ByBus
</UL>

<P><STRONG><a name="[329]"></a>strcpy</STRONG> (Thumb, 72 bytes, Stack size 12 bytes, strcpy.o(.text))
<BR><BR>[Stack]<UL><LI>Max Depth = 12<LI>Call Chain = strcpy
</UL>
<BR>[Called By]<UL><LI><a href="#[2c5]">&gt;&gt;</a>&nbsp;&nbsp;&nbsp;_DoInit
</UL>

<P><STRONG><a name="[b1]"></a>__aeabi_memcpy</STRONG> (Thumb, 0 bytes, Stack size 0 bytes, rt_memcpy_v6.o(.text))
<BR><BR>[Called By]<UL><LI><a href="#[33a]">&gt;&gt;</a>&nbsp;&nbsp;&nbsp;prvCopyDataToQueue
<LI><a href="#[339]">&gt;&gt;</a>&nbsp;&nbsp;&nbsp;prvCopyDataFromQueue
<LI><a href="#[1aa]">&gt;&gt;</a>&nbsp;&nbsp;&nbsp;Foot_SendMessage
<LI><a href="#[2b8]">&gt;&gt;</a>&nbsp;&nbsp;&nbsp;Rfid_ParseReceivedFrame
<LI><a href="#[230]">&gt;&gt;</a>&nbsp;&nbsp;&nbsp;Rfid_CopyLastResult
<LI><a href="#[2c2]">&gt;&gt;</a>&nbsp;&nbsp;&nbsp;Rfid_UpdateParsedCache
<LI><a href="#[79]">&gt;&gt;</a>&nbsp;&nbsp;&nbsp;Foot_ParseDataS
<LI><a href="#[170]">&gt;&gt;</a>&nbsp;&nbsp;&nbsp;ExternalComm_WriteNavPage
<LI><a href="#[16e]">&gt;&gt;</a>&nbsp;&nbsp;&nbsp;ExternalComm_WriteBusinessPage
<LI><a href="#[147]">&gt;&gt;</a>&nbsp;&nbsp;&nbsp;ExternalCommProtocol_Parse
<LI><a href="#[144]">&gt;&gt;</a>&nbsp;&nbsp;&nbsp;ExternalCommProtocol_BuildFrame
<LI><a href="#[c4]">&gt;&gt;</a>&nbsp;&nbsp;&nbsp;AT24CS32_VerifyCrc_ByBus
<LI><a href="#[ae]">&gt;&gt;</a>&nbsp;&nbsp;&nbsp;AT24CS32_ReadAuthPages_ByBus
<LI><a href="#[cc]">&gt;&gt;</a>&nbsp;&nbsp;&nbsp;AT24CS32_WritePage_ByI2C
<LI><a href="#[2c8]">&gt;&gt;</a>&nbsp;&nbsp;&nbsp;SEGGER_RTT_ReadNoLock
<LI><a href="#[2cc]">&gt;&gt;</a>&nbsp;&nbsp;&nbsp;_WriteNoCheck
<LI><a href="#[2cd]">&gt;&gt;</a>&nbsp;&nbsp;&nbsp;_WriteBlocking
</UL>

<P><STRONG><a name="[9a]"></a>__rt_memcpy</STRONG> (Thumb, 138 bytes, Stack size 0 bytes, rt_memcpy_v6.o(.text), UNUSED)
<BR><BR>[Calls]<UL><LI><a href="#[9b]">&gt;&gt;</a>&nbsp;&nbsp;&nbsp;__aeabi_memcpy4
</UL>

<P><STRONG><a name="[3df]"></a>_memcpy_lastbytes</STRONG> (Thumb, 0 bytes, Stack size unknown bytes, rt_memcpy_v6.o(.text), UNUSED)

<P><STRONG><a name="[9b]"></a>__aeabi_memcpy4</STRONG> (Thumb, 0 bytes, Stack size 8 bytes, rt_memcpy_w.o(.text), UNUSED)
<BR><BR>[Called By]<UL><LI><a href="#[9a]">&gt;&gt;</a>&nbsp;&nbsp;&nbsp;__rt_memcpy
</UL>

<P><STRONG><a name="[3e0]"></a>__aeabi_memcpy8</STRONG> (Thumb, 0 bytes, Stack size 8 bytes, rt_memcpy_w.o(.text), UNUSED)

<P><STRONG><a name="[3e1]"></a>__rt_memcpy_w</STRONG> (Thumb, 100 bytes, Stack size 8 bytes, rt_memcpy_w.o(.text), UNUSED)

<P><STRONG><a name="[3e2]"></a>_memcpy_lastbytes_aligned</STRONG> (Thumb, 0 bytes, Stack size unknown bytes, rt_memcpy_w.o(.text), UNUSED)

<P><STRONG><a name="[9c]"></a>__aeabi_memset</STRONG> (Thumb, 16 bytes, Stack size 0 bytes, aeabi_memset.o(.text))
<BR><BR>[Calls]<UL><LI><a href="#[9d]">&gt;&gt;</a>&nbsp;&nbsp;&nbsp;_memset
</UL>
<BR>[Called By]<UL><LI><a href="#[340]">&gt;&gt;</a>&nbsp;&nbsp;&nbsp;prvInitialiseNewTask
</UL>

<P><STRONG><a name="[c5]"></a>__aeabi_memclr</STRONG> (Thumb, 0 bytes, Stack size 0 bytes, rt_memclr.o(.text))
<BR><BR>[Called By]<UL><LI><a href="#[2b8]">&gt;&gt;</a>&nbsp;&nbsp;&nbsp;Rfid_ParseReceivedFrame
<LI><a href="#[230]">&gt;&gt;</a>&nbsp;&nbsp;&nbsp;Rfid_CopyLastResult
<LI><a href="#[170]">&gt;&gt;</a>&nbsp;&nbsp;&nbsp;ExternalComm_WriteNavPage
<LI><a href="#[16e]">&gt;&gt;</a>&nbsp;&nbsp;&nbsp;ExternalComm_WriteBusinessPage
<LI><a href="#[c4]">&gt;&gt;</a>&nbsp;&nbsp;&nbsp;AT24CS32_VerifyCrc_ByBus
<LI><a href="#[323]">&gt;&gt;</a>&nbsp;&nbsp;&nbsp;Uart6_DMAReset
<LI><a href="#[31e]">&gt;&gt;</a>&nbsp;&nbsp;&nbsp;Uart4_DMAReset
<LI><a href="#[31b]">&gt;&gt;</a>&nbsp;&nbsp;&nbsp;Uart3_DMAReset
<LI><a href="#[318]">&gt;&gt;</a>&nbsp;&nbsp;&nbsp;Uart2_DMAReset
<LI><a href="#[315]">&gt;&gt;</a>&nbsp;&nbsp;&nbsp;Uart1_DMAReset
</UL>

<P><STRONG><a name="[9e]"></a>__rt_memclr</STRONG> (Thumb, 68 bytes, Stack size 0 bytes, rt_memclr.o(.text), UNUSED)
<BR><BR>[Calls]<UL><LI><a href="#[9f]">&gt;&gt;</a>&nbsp;&nbsp;&nbsp;_memset_w
</UL>

<P><STRONG><a name="[9d]"></a>_memset</STRONG> (Thumb, 0 bytes, Stack size unknown bytes, rt_memclr.o(.text))
<BR><BR>[Called By]<UL><LI><a href="#[9c]">&gt;&gt;</a>&nbsp;&nbsp;&nbsp;__aeabi_memset
</UL>

<P><STRONG><a name="[a4]"></a>__aeabi_memclr4</STRONG> (Thumb, 0 bytes, Stack size 4 bytes, rt_memclr_w.o(.text))
<BR><BR>[Stack]<UL><LI>Max Depth = 4<LI>Call Chain = __aeabi_memclr4
</UL>
<BR>[Called By]<UL><LI><a href="#[264]">&gt;&gt;</a>&nbsp;&nbsp;&nbsp;MX_GPIO_Init
<LI><a href="#[1ea]">&gt;&gt;</a>&nbsp;&nbsp;&nbsp;HAL_UART_MspInit
<LI><a href="#[2f5]">&gt;&gt;</a>&nbsp;&nbsp;&nbsp;SystemClock_Config
<LI><a href="#[252]">&gt;&gt;</a>&nbsp;&nbsp;&nbsp;LCD_IntegratedCutterData_Update
<LI><a href="#[cf]">&gt;&gt;</a>&nbsp;&nbsp;&nbsp;SplitType_AutoModeGetData_Task
<LI><a href="#[29c]">&gt;&gt;</a>&nbsp;&nbsp;&nbsp;PlugORunPLUGActive
<LI><a href="#[79]">&gt;&gt;</a>&nbsp;&nbsp;&nbsp;Foot_ParseDataS
<LI><a href="#[212]">&gt;&gt;</a>&nbsp;&nbsp;&nbsp;Handlescan_PrepareRfidBaseRecognizeMessage
<LI><a href="#[21f]">&gt;&gt;</a>&nbsp;&nbsp;&nbsp;Handlescan_ApplyRfidToolResult
<LI><a href="#[29d]">&gt;&gt;</a>&nbsp;&nbsp;&nbsp;Pubinterface_SaveRecognizeToMemory
<LI><a href="#[117]">&gt;&gt;</a>&nbsp;&nbsp;&nbsp;ControlMessageInit
<LI><a href="#[28e]">&gt;&gt;</a>&nbsp;&nbsp;&nbsp;PedalRecv_Scan
<LI><a href="#[f9]">&gt;&gt;</a>&nbsp;&nbsp;&nbsp;BrushlessMotorUartData_ReceiveData
<LI><a href="#[a3]">&gt;&gt;</a>&nbsp;&nbsp;&nbsp;AT24CS32_ClearLastDebugInfo
<LI><a href="#[2de]">&gt;&gt;</a>&nbsp;&nbsp;&nbsp;SoftUart_InitChannelGpio
<LI><a href="#[1bd]">&gt;&gt;</a>&nbsp;&nbsp;&nbsp;HAL_I2C_MspInit
<LI><a href="#[f4]">&gt;&gt;</a>&nbsp;&nbsp;&nbsp;Board_GPIOConfiguration
<LI><a href="#[2c3]">&gt;&gt;</a>&nbsp;&nbsp;&nbsp;ScreenKey_Scan
<LI><a href="#[328]">&gt;&gt;</a>&nbsp;&nbsp;&nbsp;pumpMessageInit
<LI><a href="#[327]">&gt;&gt;</a>&nbsp;&nbsp;&nbsp;WorkMessageInit
<LI><a href="#[119]">&gt;&gt;</a>&nbsp;&nbsp;&nbsp;ChannelrecognizeMessageInit
<LI><a href="#[118]">&gt;&gt;</a>&nbsp;&nbsp;&nbsp;ChannelMemoryMessageInit
</UL>

<P><STRONG><a name="[3e3]"></a>__aeabi_memclr8</STRONG> (Thumb, 0 bytes, Stack size 4 bytes, rt_memclr_w.o(.text), UNUSED)

<P><STRONG><a name="[3e4]"></a>__rt_memclr_w</STRONG> (Thumb, 78 bytes, Stack size 4 bytes, rt_memclr_w.o(.text), UNUSED)

<P><STRONG><a name="[9f]"></a>_memset_w</STRONG> (Thumb, 0 bytes, Stack size unknown bytes, rt_memclr_w.o(.text), UNUSED)
<BR><BR>[Called By]<UL><LI><a href="#[9e]">&gt;&gt;</a>&nbsp;&nbsp;&nbsp;__rt_memclr
</UL>

<P><STRONG><a name="[3e5]"></a>__use_two_region_memory</STRONG> (Thumb, 2 bytes, Stack size 0 bytes, heapauxi.o(.text), UNUSED)

<P><STRONG><a name="[3e6]"></a>__rt_heap_escrow$2region</STRONG> (Thumb, 2 bytes, Stack size 0 bytes, heapauxi.o(.text), UNUSED)

<P><STRONG><a name="[3e7]"></a>__rt_heap_expand$2region</STRONG> (Thumb, 2 bytes, Stack size 0 bytes, heapauxi.o(.text), UNUSED)

<P><STRONG><a name="[8f]"></a>__user_setup_stackheap</STRONG> (Thumb, 74 bytes, Stack size 8 bytes, sys_stackheap_outer.o(.text))
<BR><BR>[Stack]<UL><LI>Max Depth = 8 + Unknown Stack Size
<LI>Call Chain = __user_setup_stackheap
</UL>
<BR>[Calls]<UL><LI><a href="#[a1]">&gt;&gt;</a>&nbsp;&nbsp;&nbsp;__user_initial_stackheap
<LI><a href="#[a0]">&gt;&gt;</a>&nbsp;&nbsp;&nbsp;__user_perproc_libspace
</UL>
<BR>[Called By]<UL><LI><a href="#[8e]">&gt;&gt;</a>&nbsp;&nbsp;&nbsp;__rt_entry_sh
</UL>

<P><STRONG><a name="[94]"></a>exit</STRONG> (Thumb, 18 bytes, Stack size 8 bytes, exit.o(.text))
<BR><BR>[Stack]<UL><LI>Max Depth = 8 + Unknown Stack Size
<LI>Call Chain = exit
</UL>
<BR>[Calls]<UL><LI><a href="#[a2]">&gt;&gt;</a>&nbsp;&nbsp;&nbsp;__rt_exit
</UL>
<BR>[Called By]<UL><LI><a href="#[92]">&gt;&gt;</a>&nbsp;&nbsp;&nbsp;__rt_entry_main
</UL>

<P><STRONG><a name="[3e8]"></a>__user_libspace</STRONG> (Thumb, 8 bytes, Stack size 0 bytes, libspace.o(.text), UNUSED)

<P><STRONG><a name="[a0]"></a>__user_perproc_libspace</STRONG> (Thumb, 0 bytes, Stack size 0 bytes, libspace.o(.text))
<BR><BR>[Called By]<UL><LI><a href="#[8f]">&gt;&gt;</a>&nbsp;&nbsp;&nbsp;__user_setup_stackheap
</UL>

<P><STRONG><a name="[3e9]"></a>__user_perthread_libspace</STRONG> (Thumb, 0 bytes, Stack size 0 bytes, libspace.o(.text), UNUSED)

<P><STRONG><a name="[98]"></a>_sys_exit</STRONG> (Thumb, 8 bytes, Stack size 0 bytes, sys_exit.o(.text))
<BR><BR>[Called By]<UL><LI><a href="#[97]">&gt;&gt;</a>&nbsp;&nbsp;&nbsp;__rt_exit_exit
</UL>

<P><STRONG><a name="[3ea]"></a>__I$use$semihosting</STRONG> (Thumb, 0 bytes, Stack size 0 bytes, use_no_semi.o(.text), UNUSED)

<P><STRONG><a name="[3eb]"></a>__use_no_semihosting_swi</STRONG> (Thumb, 2 bytes, Stack size 0 bytes, use_no_semi.o(.text), UNUSED)

<P><STRONG><a name="[3ec]"></a>__semihosting_library_function</STRONG> (Thumb, 0 bytes, Stack size unknown bytes, indicate_semi.o(.text), UNUSED)

<P><STRONG><a name="[a3]"></a>AT24CS32_ClearLastDebugInfo</STRONG> (Thumb, 12 bytes, Stack size 8 bytes, at24cs32.o(i.AT24CS32_ClearLastDebugInfo))
<BR><BR>[Stack]<UL><LI>Max Depth = 12<LI>Call Chain = AT24CS32_ClearLastDebugInfo &rArr; __aeabi_memclr4
</UL>
<BR>[Calls]<UL><LI><a href="#[a4]">&gt;&gt;</a>&nbsp;&nbsp;&nbsp;__aeabi_memclr4
</UL>
<BR>[Called By]<UL><LI><a href="#[21d]">&gt;&gt;</a>&nbsp;&nbsp;&nbsp;HandlescanB_Fun_SSC
<LI><a href="#[203]">&gt;&gt;</a>&nbsp;&nbsp;&nbsp;HandlescanA_Fun_SSC
</UL>

<P><STRONG><a name="[ca]"></a>AT24CS32_PageChecksum</STRONG> (Thumb, 32 bytes, Stack size 0 bytes, at24cs32.o(i.AT24CS32_PageChecksum))
<BR><BR>[Called By]<UL><LI><a href="#[b9]">&gt;&gt;</a>&nbsp;&nbsp;&nbsp;AT24CS32_VerifyPageChecksum
<LI><a href="#[cc]">&gt;&gt;</a>&nbsp;&nbsp;&nbsp;AT24CS32_WritePage_ByI2C
</UL>

<P><STRONG><a name="[b4]"></a>AT24CS32_ReadBytes_I2C2</STRONG> (Thumb, 22 bytes, Stack size 16 bytes, at24cs32.o(i.AT24CS32_ReadBytes_I2C2))
<BR><BR>[Stack]<UL><LI>Max Depth = 192<LI>Call Chain = AT24CS32_ReadBytes_I2C2 &rArr; AT24CS32_ReadBytes_ByI2C &rArr; AT24CS32_MemRead &rArr; HAL_I2C_Mem_Read &rArr; I2C_RequestMemoryRead &rArr; I2C_WaitOnMasterAddressFlagUntilTimeout
</UL>
<BR>[Calls]<UL><LI><a href="#[b2]">&gt;&gt;</a>&nbsp;&nbsp;&nbsp;AT24CS32_ReadBytes_ByI2C
</UL>
<BR>[Called By]<UL><LI><a href="#[203]">&gt;&gt;</a>&nbsp;&nbsp;&nbsp;HandlescanA_Fun_SSC
<LI><a href="#[b6]">&gt;&gt;</a>&nbsp;&nbsp;&nbsp;AT24CS32_ReadPageRaw_ByBus
</UL>

<P><STRONG><a name="[b5]"></a>AT24CS32_ReadBytes_I2C3</STRONG> (Thumb, 22 bytes, Stack size 16 bytes, at24cs32.o(i.AT24CS32_ReadBytes_I2C3))
<BR><BR>[Stack]<UL><LI>Max Depth = 192<LI>Call Chain = AT24CS32_ReadBytes_I2C3 &rArr; AT24CS32_ReadBytes_ByI2C &rArr; AT24CS32_MemRead &rArr; HAL_I2C_Mem_Read &rArr; I2C_RequestMemoryRead &rArr; I2C_WaitOnMasterAddressFlagUntilTimeout
</UL>
<BR>[Calls]<UL><LI><a href="#[b2]">&gt;&gt;</a>&nbsp;&nbsp;&nbsp;AT24CS32_ReadBytes_ByI2C
</UL>
<BR>[Called By]<UL><LI><a href="#[21d]">&gt;&gt;</a>&nbsp;&nbsp;&nbsp;HandlescanB_Fun_SSC
<LI><a href="#[b6]">&gt;&gt;</a>&nbsp;&nbsp;&nbsp;AT24CS32_ReadPageRaw_ByBus
</UL>

<P><STRONG><a name="[b0]"></a>AT24CS32_ReadPage_I2C2</STRONG> (Thumb, 18 bytes, Stack size 16 bytes, at24cs32.o(i.AT24CS32_ReadPage_I2C2))
<BR><BR>[Stack]<UL><LI>Max Depth = 184<LI>Call Chain = AT24CS32_ReadPage_I2C2 &rArr; AT24CS32_ReadPage_ByI2C &rArr; AT24CS32_MemRead &rArr; HAL_I2C_Mem_Read &rArr; I2C_RequestMemoryRead &rArr; I2C_WaitOnMasterAddressFlagUntilTimeout
</UL>
<BR>[Calls]<UL><LI><a href="#[b7]">&gt;&gt;</a>&nbsp;&nbsp;&nbsp;AT24CS32_ReadPage_ByI2C
</UL>
<BR>[Called By]<UL><LI><a href="#[18b]">&gt;&gt;</a>&nbsp;&nbsp;&nbsp;ExternalComm_ReadCurrentPage
<LI><a href="#[203]">&gt;&gt;</a>&nbsp;&nbsp;&nbsp;HandlescanA_Fun_SSC
<LI><a href="#[ae]">&gt;&gt;</a>&nbsp;&nbsp;&nbsp;AT24CS32_ReadAuthPages_ByBus
</UL>

<P><STRONG><a name="[af]"></a>AT24CS32_ReadPage_I2C3</STRONG> (Thumb, 18 bytes, Stack size 16 bytes, at24cs32.o(i.AT24CS32_ReadPage_I2C3))
<BR><BR>[Stack]<UL><LI>Max Depth = 184<LI>Call Chain = AT24CS32_ReadPage_I2C3 &rArr; AT24CS32_ReadPage_ByI2C &rArr; AT24CS32_MemRead &rArr; HAL_I2C_Mem_Read &rArr; I2C_RequestMemoryRead &rArr; I2C_WaitOnMasterAddressFlagUntilTimeout
</UL>
<BR>[Calls]<UL><LI><a href="#[b7]">&gt;&gt;</a>&nbsp;&nbsp;&nbsp;AT24CS32_ReadPage_ByI2C
</UL>
<BR>[Called By]<UL><LI><a href="#[18b]">&gt;&gt;</a>&nbsp;&nbsp;&nbsp;ExternalComm_ReadCurrentPage
<LI><a href="#[21d]">&gt;&gt;</a>&nbsp;&nbsp;&nbsp;HandlescanB_Fun_SSC
<LI><a href="#[ae]">&gt;&gt;</a>&nbsp;&nbsp;&nbsp;AT24CS32_ReadAuthPages_ByBus
</UL>

<P><STRONG><a name="[bb]"></a>AT24CS32_ReadSerialNumber_I2C2</STRONG> (Thumb, 14 bytes, Stack size 8 bytes, at24cs32.o(i.AT24CS32_ReadSerialNumber_I2C2))
<BR><BR>[Stack]<UL><LI>Max Depth = 168<LI>Call Chain = AT24CS32_ReadSerialNumber_I2C2 &rArr; AT24CS32_ReadSerialNumber_ByI2C &rArr; AT24CS32_MemRead &rArr; HAL_I2C_Mem_Read &rArr; I2C_RequestMemoryRead &rArr; I2C_WaitOnMasterAddressFlagUntilTimeout
</UL>
<BR>[Calls]<UL><LI><a href="#[ba]">&gt;&gt;</a>&nbsp;&nbsp;&nbsp;AT24CS32_ReadSerialNumber_ByI2C
</UL>
<BR>[Called By]<UL><LI><a href="#[c4]">&gt;&gt;</a>&nbsp;&nbsp;&nbsp;AT24CS32_VerifyCrc_ByBus
</UL>

<P><STRONG><a name="[bc]"></a>AT24CS32_ReadSerialNumber_I2C3</STRONG> (Thumb, 14 bytes, Stack size 8 bytes, at24cs32.o(i.AT24CS32_ReadSerialNumber_I2C3))
<BR><BR>[Stack]<UL><LI>Max Depth = 168<LI>Call Chain = AT24CS32_ReadSerialNumber_I2C3 &rArr; AT24CS32_ReadSerialNumber_ByI2C &rArr; AT24CS32_MemRead &rArr; HAL_I2C_Mem_Read &rArr; I2C_RequestMemoryRead &rArr; I2C_WaitOnMasterAddressFlagUntilTimeout
</UL>
<BR>[Calls]<UL><LI><a href="#[ba]">&gt;&gt;</a>&nbsp;&nbsp;&nbsp;AT24CS32_ReadSerialNumber_ByI2C
</UL>
<BR>[Called By]<UL><LI><a href="#[c4]">&gt;&gt;</a>&nbsp;&nbsp;&nbsp;AT24CS32_VerifyCrc_ByBus
</UL>

<P><STRONG><a name="[c8]"></a>AT24CS32_VerifyCrc_I2C2</STRONG> (Thumb, 14 bytes, Stack size 8 bytes, at24cs32_crc_verify.o(i.AT24CS32_VerifyCrc_I2C2))
<BR><BR>[Stack]<UL><LI>Max Depth = 280<LI>Call Chain = AT24CS32_VerifyCrc_I2C2 &rArr; AT24CS32_VerifyCrc_ByBus &rArr; AT24CS32_ReadAuthPages_ByBus &rArr; AT24CS32_ReadPage_I2C3 &rArr; AT24CS32_ReadPage_ByI2C &rArr; AT24CS32_MemRead &rArr; HAL_I2C_Mem_Read &rArr; I2C_RequestMemoryRead &rArr; I2C_WaitOnMasterAddressFlagUntilTimeout
</UL>
<BR>[Calls]<UL><LI><a href="#[c4]">&gt;&gt;</a>&nbsp;&nbsp;&nbsp;AT24CS32_VerifyCrc_ByBus
</UL>
<BR>[Called By]<UL><LI><a href="#[203]">&gt;&gt;</a>&nbsp;&nbsp;&nbsp;HandlescanA_Fun_SSC
</UL>

<P><STRONG><a name="[c9]"></a>AT24CS32_VerifyCrc_I2C3</STRONG> (Thumb, 14 bytes, Stack size 8 bytes, at24cs32_crc_verify.o(i.AT24CS32_VerifyCrc_I2C3))
<BR><BR>[Stack]<UL><LI>Max Depth = 280<LI>Call Chain = AT24CS32_VerifyCrc_I2C3 &rArr; AT24CS32_VerifyCrc_ByBus &rArr; AT24CS32_ReadAuthPages_ByBus &rArr; AT24CS32_ReadPage_I2C3 &rArr; AT24CS32_ReadPage_ByI2C &rArr; AT24CS32_MemRead &rArr; HAL_I2C_Mem_Read &rArr; I2C_RequestMemoryRead &rArr; I2C_WaitOnMasterAddressFlagUntilTimeout
</UL>
<BR>[Calls]<UL><LI><a href="#[c4]">&gt;&gt;</a>&nbsp;&nbsp;&nbsp;AT24CS32_VerifyCrc_ByBus
</UL>
<BR>[Called By]<UL><LI><a href="#[21d]">&gt;&gt;</a>&nbsp;&nbsp;&nbsp;HandlescanB_Fun_SSC
</UL>

<P><STRONG><a name="[b9]"></a>AT24CS32_VerifyPageChecksum</STRONG> (Thumb, 38 bytes, Stack size 16 bytes, at24cs32.o(i.AT24CS32_VerifyPageChecksum))
<BR><BR>[Stack]<UL><LI>Max Depth = 16<LI>Call Chain = AT24CS32_VerifyPageChecksum
</UL>
<BR>[Calls]<UL><LI><a href="#[ca]">&gt;&gt;</a>&nbsp;&nbsp;&nbsp;AT24CS32_PageChecksum
</UL>
<BR>[Called By]<UL><LI><a href="#[c4]">&gt;&gt;</a>&nbsp;&nbsp;&nbsp;AT24CS32_VerifyCrc_ByBus
<LI><a href="#[b7]">&gt;&gt;</a>&nbsp;&nbsp;&nbsp;AT24CS32_ReadPage_ByI2C
</UL>

<P><STRONG><a name="[cd]"></a>AT24CS32_WritePage_I2C2</STRONG> (Thumb, 18 bytes, Stack size 16 bytes, at24cs32.o(i.AT24CS32_WritePage_I2C2))
<BR><BR>[Stack]<UL><LI>Max Depth = 224<LI>Call Chain = AT24CS32_WritePage_I2C2 &rArr; AT24CS32_WritePage_ByI2C &rArr; AT24CS32_MemWrite &rArr; HAL_I2C_Mem_Write &rArr; I2C_RequestMemoryWrite &rArr; I2C_WaitOnMasterAddressFlagUntilTimeout
</UL>
<BR>[Calls]<UL><LI><a href="#[cc]">&gt;&gt;</a>&nbsp;&nbsp;&nbsp;AT24CS32_WritePage_ByI2C
</UL>
<BR>[Called By]<UL><LI><a href="#[198]">&gt;&gt;</a>&nbsp;&nbsp;&nbsp;ExternalComm_WriteCurrentPage
</UL>

<P><STRONG><a name="[ce]"></a>AT24CS32_WritePage_I2C3</STRONG> (Thumb, 18 bytes, Stack size 16 bytes, at24cs32.o(i.AT24CS32_WritePage_I2C3))
<BR><BR>[Stack]<UL><LI>Max Depth = 224<LI>Call Chain = AT24CS32_WritePage_I2C3 &rArr; AT24CS32_WritePage_ByI2C &rArr; AT24CS32_MemWrite &rArr; HAL_I2C_Mem_Write &rArr; I2C_RequestMemoryWrite &rArr; I2C_WaitOnMasterAddressFlagUntilTimeout
</UL>
<BR>[Calls]<UL><LI><a href="#[cc]">&gt;&gt;</a>&nbsp;&nbsp;&nbsp;AT24CS32_WritePage_ByI2C
</UL>
<BR>[Called By]<UL><LI><a href="#[198]">&gt;&gt;</a>&nbsp;&nbsp;&nbsp;ExternalComm_WriteCurrentPage
</UL>

<P><STRONG><a name="[d7]"></a>AppTaskScheduler_Init</STRONG> (Thumb, 74 bytes, Stack size 8 bytes, app_task.o(i.AppTaskScheduler_Init))
<BR><BR>[Stack]<UL><LI>Max Depth = 384<LI>Call Chain = AppTaskScheduler_Init &rArr; xQueueCreateMutexStatic &rArr; xQueueGenericCreateStatic &rArr; prvInitialiseNewQueue &rArr; xTraceObjectRegisterWithoutHandle &rArr; xTraceObjectRegister &rArr; xTraceObjectRegisterInternal &rArr; xTraceObjectSetName &rArr; prvTraceObjectSendNameEvent &rArr; xTraceEventEndOffline &rArr; SEGGER_RTT_Write &rArr; SEGGER_RTT_WriteNoLock &rArr; _WriteNoCheck
</UL>
<BR>[Calls]<UL><LI><a href="#[d8]">&gt;&gt;</a>&nbsp;&nbsp;&nbsp;xQueueCreateMutexStatic
</UL>
<BR>[Called By]<UL><LI><a href="#[245]">&gt;&gt;</a>&nbsp;&nbsp;&nbsp;Kernel_Scheduler_Start
</UL>

<P><STRONG><a name="[eb]"></a>App_Bootstrap_Init</STRONG> (Thumb, 8 bytes, Stack size 8 bytes, app_bootstrap.o(i.App_Bootstrap_Init))
<BR><BR>[Stack]<UL><LI>Max Depth = 496 + Unknown Stack Size
<LI>Call Chain = App_Bootstrap_Init &rArr; Userparser_Init &rArr; UI_Start_Fun &rArr; ScreenKey_Scan &rArr; ScreenKey_PostLegacyAction &rArr; SendKeyBeepMessage &rArr; Kernel_QueueSendNamed &rArr; xQueueGenericSend &rArr; prvCopyDataToQueue &rArr; xTaskPriorityDisinherit &rArr; xTraceEventCreate2 &rArr; SEGGER_RTT_Write &rArr; SEGGER_RTT_WriteNoLock &rArr; _WriteNoCheck
</UL>
<BR>[Calls]<UL><LI><a href="#[ec]">&gt;&gt;</a>&nbsp;&nbsp;&nbsp;Userparser_Init
</UL>
<BR>[Called By]<UL><LI><a href="#[93]">&gt;&gt;</a>&nbsp;&nbsp;&nbsp;main
</UL>

<P><STRONG><a name="[ed]"></a>AutoIdentifyActive</STRONG> (Thumb, 66 bytes, Stack size 8 bytes, Pubinterface.o(i.AutoIdentifyActive))
<BR><BR>[Stack]<UL><LI>Max Depth = 288<LI>Call Chain = AutoIdentifyActive &rArr; SendKeyRFIDMessageBup &rArr; Rfid_RequestToolRead &rArr; Kernel_QueueSendNamed &rArr; xQueueGenericSend &rArr; prvCopyDataToQueue &rArr; xTaskPriorityDisinherit &rArr; xTraceEventCreate2 &rArr; SEGGER_RTT_Write &rArr; SEGGER_RTT_WriteNoLock &rArr; _WriteNoCheck
</UL>
<BR>[Calls]<UL><LI><a href="#[ef]">&gt;&gt;</a>&nbsp;&nbsp;&nbsp;SendKeyRFIDMessageBup
<LI><a href="#[ee]">&gt;&gt;</a>&nbsp;&nbsp;&nbsp;SendKeyRFIDMessageAup
</UL>
<BR>[Called By]<UL><LI><a href="#[24b]">&gt;&gt;</a>&nbsp;&nbsp;&nbsp;SCREENKeyBehanior
</UL>

<P><STRONG><a name="[f4]"></a>Board_GPIOConfiguration</STRONG> (Thumb, 584 bytes, Stack size 32 bytes, board.o(i.Board_GPIOConfiguration))
<BR><BR>[Stack]<UL><LI>Max Depth = 80<LI>Call Chain = Board_GPIOConfiguration &rArr; HAL_NVIC_SetPriority &rArr; __NVIC_SetPriority
</UL>
<BR>[Calls]<UL><LI><a href="#[f8]">&gt;&gt;</a>&nbsp;&nbsp;&nbsp;HAL_NVIC_EnableIRQ
<LI><a href="#[f7]">&gt;&gt;</a>&nbsp;&nbsp;&nbsp;HAL_NVIC_SetPriority
<LI><a href="#[f5]">&gt;&gt;</a>&nbsp;&nbsp;&nbsp;HAL_GPIO_WritePin
<LI><a href="#[f6]">&gt;&gt;</a>&nbsp;&nbsp;&nbsp;HAL_GPIO_Init
<LI><a href="#[a4]">&gt;&gt;</a>&nbsp;&nbsp;&nbsp;__aeabi_memclr4
</UL>
<BR>[Called By]<UL><LI><a href="#[239]">&gt;&gt;</a>&nbsp;&nbsp;&nbsp;Hardware_BoardGpioInit
</UL>

<P><STRONG><a name="[f9]"></a>BrushlessMotorUartData_ReceiveData</STRONG> (Thumb, 226 bytes, Stack size 296 bytes, motoruartdata.o(i.BrushlessMotorUartData_ReceiveData))
<BR><BR>[Stack]<UL><LI>Max Depth = 608<LI>Call Chain = BrushlessMotorUartData_ReceiveData &rArr; MotorUart_SetDriverAlarm &rArr; MotorUart_SetAlarm &rArr; SendUIDSMessage &rArr; Kernel_QueueSendNamed &rArr; xQueueGenericSend &rArr; prvCopyDataToQueue &rArr; xTaskPriorityDisinherit &rArr; xTraceEventCreate2 &rArr; SEGGER_RTT_Write &rArr; SEGGER_RTT_WriteNoLock &rArr; _WriteNoCheck
</UL>
<BR>[Calls]<UL><LI><a href="#[fb]">&gt;&gt;</a>&nbsp;&nbsp;&nbsp;Common_Crc16
<LI><a href="#[fc]">&gt;&gt;</a>&nbsp;&nbsp;&nbsp;Common_CopyData
<LI><a href="#[ff]">&gt;&gt;</a>&nbsp;&nbsp;&nbsp;Pump_SetSpeed_A
<LI><a href="#[fa]">&gt;&gt;</a>&nbsp;&nbsp;&nbsp;Uart1_DMARecvDataPeek
<LI><a href="#[100]">&gt;&gt;</a>&nbsp;&nbsp;&nbsp;MotorUart_StopAllWork
<LI><a href="#[fe]">&gt;&gt;</a>&nbsp;&nbsp;&nbsp;MotorUart_SetDriverAlarm
<LI><a href="#[fd]">&gt;&gt;</a>&nbsp;&nbsp;&nbsp;MotorUart_ClearDriverAlarmIfOwned
<LI><a href="#[a4]">&gt;&gt;</a>&nbsp;&nbsp;&nbsp;__aeabi_memclr4
</UL>
<BR>[Called By]<UL><LI><a href="#[74]">&gt;&gt;</a>&nbsp;&nbsp;&nbsp;MOTORUARTTaskFunc
</UL>

<P><STRONG><a name="[101]"></a>BrushlessMotor_Stop</STRONG> (Thumb, 88 bytes, Stack size 32 bytes, motor.o(i.BrushlessMotor_Stop))
<BR><BR>[Stack]<UL><LI>Max Depth = 144<LI>Call Chain = BrushlessMotor_Stop &rArr; Uart1_SendPacket &rArr; Bsp_UartTransmit &rArr; HAL_UART_Transmit &rArr; UART_WaitOnFlagUntilTimeout
</UL>
<BR>[Calls]<UL><LI><a href="#[102]">&gt;&gt;</a>&nbsp;&nbsp;&nbsp;Uart1_SendPacket
<LI><a href="#[103]">&gt;&gt;</a>&nbsp;&nbsp;&nbsp;Delay_ms
</UL>
<BR>[Called By]<UL><LI><a href="#[276]">&gt;&gt;</a>&nbsp;&nbsp;&nbsp;Motor_ErrorEmergencyStop_Ctrl
</UL>

<P><STRONG><a name="[108]"></a>Bsp_UartAbort</STRONG> (Thumb, 26 bytes, Stack size 16 bytes, bsp_uart.o(i.Bsp_UartAbort))
<BR><BR>[Stack]<UL><LI>Max Depth = 40<LI>Call Chain = Bsp_UartAbort &rArr; HAL_UART_Abort &rArr; HAL_DMA_Abort
</UL>
<BR>[Calls]<UL><LI><a href="#[10a]">&gt;&gt;</a>&nbsp;&nbsp;&nbsp;HAL_UART_Abort
<LI><a href="#[109]">&gt;&gt;</a>&nbsp;&nbsp;&nbsp;Bsp_UartHandle
</UL>
<BR>[Called By]<UL><LI><a href="#[2b3]">&gt;&gt;</a>&nbsp;&nbsp;&nbsp;Uart7_SendPacket
</UL>

<P><STRONG><a name="[10b]"></a>Bsp_UartDeInit</STRONG> (Thumb, 26 bytes, Stack size 16 bytes, bsp_uart.o(i.Bsp_UartDeInit))
<BR><BR>[Stack]<UL><LI>Max Depth = 52<LI>Call Chain = Bsp_UartDeInit &rArr; HAL_UART_DeInit &rArr; HAL_UART_MspDeInit &rArr; HAL_GPIO_DeInit
</UL>
<BR>[Calls]<UL><LI><a href="#[10c]">&gt;&gt;</a>&nbsp;&nbsp;&nbsp;HAL_UART_DeInit
<LI><a href="#[109]">&gt;&gt;</a>&nbsp;&nbsp;&nbsp;Bsp_UartHandle
</UL>
<BR>[Called By]<UL><LI><a href="#[2b3]">&gt;&gt;</a>&nbsp;&nbsp;&nbsp;Uart7_SendPacket
</UL>

<P><STRONG><a name="[10d]"></a>Bsp_UartDmaStop</STRONG> (Thumb, 26 bytes, Stack size 16 bytes, bsp_uart.o(i.Bsp_UartDmaStop))
<BR><BR>[Stack]<UL><LI>Max Depth = 48<LI>Call Chain = Bsp_UartDmaStop &rArr; HAL_UART_DMAStop &rArr; HAL_DMA_Abort
</UL>
<BR>[Calls]<UL><LI><a href="#[10e]">&gt;&gt;</a>&nbsp;&nbsp;&nbsp;HAL_UART_DMAStop
<LI><a href="#[109]">&gt;&gt;</a>&nbsp;&nbsp;&nbsp;Bsp_UartHandle
</UL>
<BR>[Called By]<UL><LI><a href="#[323]">&gt;&gt;</a>&nbsp;&nbsp;&nbsp;Uart6_DMAReset
<LI><a href="#[31e]">&gt;&gt;</a>&nbsp;&nbsp;&nbsp;Uart4_DMAReset
<LI><a href="#[31b]">&gt;&gt;</a>&nbsp;&nbsp;&nbsp;Uart3_DMAReset
<LI><a href="#[318]">&gt;&gt;</a>&nbsp;&nbsp;&nbsp;Uart2_DMAReset
<LI><a href="#[315]">&gt;&gt;</a>&nbsp;&nbsp;&nbsp;Uart1_DMAReset
</UL>

<P><STRONG><a name="[109]"></a>Bsp_UartHandle</STRONG> (Thumb, 58 bytes, Stack size 0 bytes, bsp_uart.o(i.Bsp_UartHandle))
<BR><BR>[Called By]<UL><LI><a href="#[114]">&gt;&gt;</a>&nbsp;&nbsp;&nbsp;Bsp_UartTransmit
<LI><a href="#[113]">&gt;&gt;</a>&nbsp;&nbsp;&nbsp;Bsp_UartRxDmaRemain
<LI><a href="#[111]">&gt;&gt;</a>&nbsp;&nbsp;&nbsp;Bsp_UartReceiveDma
<LI><a href="#[10f]">&gt;&gt;</a>&nbsp;&nbsp;&nbsp;Bsp_UartInit
<LI><a href="#[10d]">&gt;&gt;</a>&nbsp;&nbsp;&nbsp;Bsp_UartDmaStop
<LI><a href="#[10b]">&gt;&gt;</a>&nbsp;&nbsp;&nbsp;Bsp_UartDeInit
<LI><a href="#[108]">&gt;&gt;</a>&nbsp;&nbsp;&nbsp;Bsp_UartAbort
</UL>

<P><STRONG><a name="[10f]"></a>Bsp_UartInit</STRONG> (Thumb, 30 bytes, Stack size 16 bytes, bsp_uart.o(i.Bsp_UartInit))
<BR><BR>[Stack]<UL><LI>Max Depth = 112<LI>Call Chain = Bsp_UartInit &rArr; HAL_UART_Init &rArr; UART_SetConfig &rArr; __aeabi_uldivmod
</UL>
<BR>[Calls]<UL><LI><a href="#[110]">&gt;&gt;</a>&nbsp;&nbsp;&nbsp;HAL_UART_Init
<LI><a href="#[109]">&gt;&gt;</a>&nbsp;&nbsp;&nbsp;Bsp_UartHandle
</UL>
<BR>[Called By]<UL><LI><a href="#[2b3]">&gt;&gt;</a>&nbsp;&nbsp;&nbsp;Uart7_SendPacket
</UL>

<P><STRONG><a name="[111]"></a>Bsp_UartReceiveDma</STRONG> (Thumb, 38 bytes, Stack size 24 bytes, bsp_uart.o(i.Bsp_UartReceiveDma))
<BR><BR>[Stack]<UL><LI>Max Depth = 116<LI>Call Chain = Bsp_UartReceiveDma &rArr; HAL_UART_Receive_DMA &rArr; UART_Start_Receive_DMA &rArr; HAL_DMA_Start_IT &rArr; DMA_SetConfig
</UL>
<BR>[Calls]<UL><LI><a href="#[112]">&gt;&gt;</a>&nbsp;&nbsp;&nbsp;HAL_UART_Receive_DMA
<LI><a href="#[109]">&gt;&gt;</a>&nbsp;&nbsp;&nbsp;Bsp_UartHandle
</UL>
<BR>[Called By]<UL><LI><a href="#[323]">&gt;&gt;</a>&nbsp;&nbsp;&nbsp;Uart6_DMAReset
<LI><a href="#[322]">&gt;&gt;</a>&nbsp;&nbsp;&nbsp;Uart6_DMAConfiguration
<LI><a href="#[320]">&gt;&gt;</a>&nbsp;&nbsp;&nbsp;Uart5_DMAConfiguration
<LI><a href="#[31e]">&gt;&gt;</a>&nbsp;&nbsp;&nbsp;Uart4_DMAReset
<LI><a href="#[31d]">&gt;&gt;</a>&nbsp;&nbsp;&nbsp;Uart4_DMAConfiguration
<LI><a href="#[31b]">&gt;&gt;</a>&nbsp;&nbsp;&nbsp;Uart3_DMAReset
<LI><a href="#[31a]">&gt;&gt;</a>&nbsp;&nbsp;&nbsp;Uart3_DMAConfiguration
<LI><a href="#[318]">&gt;&gt;</a>&nbsp;&nbsp;&nbsp;Uart2_DMAReset
<LI><a href="#[317]">&gt;&gt;</a>&nbsp;&nbsp;&nbsp;Uart2_DMAConfiguration
<LI><a href="#[315]">&gt;&gt;</a>&nbsp;&nbsp;&nbsp;Uart1_DMAReset
<LI><a href="#[314]">&gt;&gt;</a>&nbsp;&nbsp;&nbsp;Uart1_DMAConfiguration
</UL>

<P><STRONG><a name="[113]"></a>Bsp_UartRxDmaRemain</STRONG> (Thumb, 30 bytes, Stack size 4 bytes, bsp_uart.o(i.Bsp_UartRxDmaRemain))
<BR><BR>[Stack]<UL><LI>Max Depth = 4<LI>Call Chain = Bsp_UartRxDmaRemain
</UL>
<BR>[Calls]<UL><LI><a href="#[109]">&gt;&gt;</a>&nbsp;&nbsp;&nbsp;Bsp_UartHandle
</UL>
<BR>[Called By]<UL><LI><a href="#[2e8]">&gt;&gt;</a>&nbsp;&nbsp;&nbsp;Uart3_DMARecvDataPeek
<LI><a href="#[1a9]">&gt;&gt;</a>&nbsp;&nbsp;&nbsp;Uart4_DMARecvDataPeek
<LI><a href="#[182]">&gt;&gt;</a>&nbsp;&nbsp;&nbsp;Uart2_DMARecvDataPeek
<LI><a href="#[fa]">&gt;&gt;</a>&nbsp;&nbsp;&nbsp;Uart1_DMARecvDataPeek
<LI><a href="#[2cf]">&gt;&gt;</a>&nbsp;&nbsp;&nbsp;Uart6_DMARecvDataPeek
</UL>

<P><STRONG><a name="[114]"></a>Bsp_UartTransmit</STRONG> (Thumb, 42 bytes, Stack size 24 bytes, bsp_uart.o(i.Bsp_UartTransmit))
<BR><BR>[Stack]<UL><LI>Max Depth = 96<LI>Call Chain = Bsp_UartTransmit &rArr; HAL_UART_Transmit &rArr; UART_WaitOnFlagUntilTimeout
</UL>
<BR>[Calls]<UL><LI><a href="#[115]">&gt;&gt;</a>&nbsp;&nbsp;&nbsp;HAL_UART_Transmit
<LI><a href="#[109]">&gt;&gt;</a>&nbsp;&nbsp;&nbsp;Bsp_UartHandle
</UL>
<BR>[Called By]<UL><LI><a href="#[102]">&gt;&gt;</a>&nbsp;&nbsp;&nbsp;Uart1_SendPacket
<LI><a href="#[2c1]">&gt;&gt;</a>&nbsp;&nbsp;&nbsp;Uart3_SendPacket
<LI><a href="#[2b4]">&gt;&gt;</a>&nbsp;&nbsp;&nbsp;Uart5_SendPacket
<LI><a href="#[2b3]">&gt;&gt;</a>&nbsp;&nbsp;&nbsp;Uart7_SendPacket
<LI><a href="#[1ac]">&gt;&gt;</a>&nbsp;&nbsp;&nbsp;Uart4_SendPacket
<LI><a href="#[193]">&gt;&gt;</a>&nbsp;&nbsp;&nbsp;Uart2_SendPacket
<LI><a href="#[2d4]">&gt;&gt;</a>&nbsp;&nbsp;&nbsp;SoftUart_TestForwardFrame
<LI><a href="#[24f]">&gt;&gt;</a>&nbsp;&nbsp;&nbsp;Uart6_SendPacket
</UL>

<P><STRONG><a name="[7]"></a>BusFault_Handler</STRONG> (Thumb, 4 bytes, Stack size 0 bytes, stm32f4xx_it.o(i.BusFault_Handler))
<BR>[Address Reference Count : 1]<UL><LI> startup_stm32f413xx.o(RESET)
</UL>
<P><STRONG><a name="[116]"></a>ChannelFlagMessageInit</STRONG> (Thumb, 8 bytes, Stack size 8 bytes, Pubinterface.o(i.ChannelFlagMessageInit))
<BR><BR>[Stack]<UL><LI>Max Depth = 20<LI>Call Chain = ChannelFlagMessageInit &rArr; ControlMessageInit &rArr; __aeabi_memclr4
</UL>
<BR>[Calls]<UL><LI><a href="#[117]">&gt;&gt;</a>&nbsp;&nbsp;&nbsp;ControlMessageInit
</UL>
<BR>[Called By]<UL><LI><a href="#[326]">&gt;&gt;</a>&nbsp;&nbsp;&nbsp;Userparser_PubinterfaceInit
</UL>

<P><STRONG><a name="[118]"></a>ChannelMemoryMessageInit</STRONG> (Thumb, 20 bytes, Stack size 8 bytes, Pubinterface.o(i.ChannelMemoryMessageInit))
<BR><BR>[Stack]<UL><LI>Max Depth = 12<LI>Call Chain = ChannelMemoryMessageInit &rArr; __aeabi_memclr4
</UL>
<BR>[Calls]<UL><LI><a href="#[a4]">&gt;&gt;</a>&nbsp;&nbsp;&nbsp;__aeabi_memclr4
</UL>
<BR>[Called By]<UL><LI><a href="#[326]">&gt;&gt;</a>&nbsp;&nbsp;&nbsp;Userparser_PubinterfaceInit
</UL>

<P><STRONG><a name="[119]"></a>ChannelrecognizeMessageInit</STRONG> (Thumb, 20 bytes, Stack size 8 bytes, Pubinterface.o(i.ChannelrecognizeMessageInit))
<BR><BR>[Stack]<UL><LI>Max Depth = 12<LI>Call Chain = ChannelrecognizeMessageInit &rArr; __aeabi_memclr4
</UL>
<BR>[Calls]<UL><LI><a href="#[a4]">&gt;&gt;</a>&nbsp;&nbsp;&nbsp;__aeabi_memclr4
</UL>
<BR>[Called By]<UL><LI><a href="#[326]">&gt;&gt;</a>&nbsp;&nbsp;&nbsp;Userparser_PubinterfaceInit
</UL>

<P><STRONG><a name="[fc]"></a>Common_CopyData</STRONG> (Thumb, 28 bytes, Stack size 8 bytes, common.o(i.Common_CopyData))
<BR><BR>[Stack]<UL><LI>Max Depth = 8<LI>Call Chain = Common_CopyData
</UL>
<BR>[Called By]<UL><LI><a href="#[2e8]">&gt;&gt;</a>&nbsp;&nbsp;&nbsp;Uart3_DMARecvDataPeek
<LI><a href="#[1a9]">&gt;&gt;</a>&nbsp;&nbsp;&nbsp;Uart4_DMARecvDataPeek
<LI><a href="#[182]">&gt;&gt;</a>&nbsp;&nbsp;&nbsp;Uart2_DMARecvDataPeek
<LI><a href="#[28e]">&gt;&gt;</a>&nbsp;&nbsp;&nbsp;PedalRecv_Scan
<LI><a href="#[fa]">&gt;&gt;</a>&nbsp;&nbsp;&nbsp;Uart1_DMARecvDataPeek
<LI><a href="#[f9]">&gt;&gt;</a>&nbsp;&nbsp;&nbsp;BrushlessMotorUartData_ReceiveData
<LI><a href="#[2cf]">&gt;&gt;</a>&nbsp;&nbsp;&nbsp;Uart6_DMARecvDataPeek
<LI><a href="#[2c3]">&gt;&gt;</a>&nbsp;&nbsp;&nbsp;ScreenKey_Scan
</UL>

<P><STRONG><a name="[fb]"></a>Common_Crc16</STRONG> (Thumb, 50 bytes, Stack size 16 bytes, common.o(i.Common_Crc16))
<BR><BR>[Stack]<UL><LI>Max Depth = 16<LI>Call Chain = Common_Crc16
</UL>
<BR>[Called By]<UL><LI><a href="#[147]">&gt;&gt;</a>&nbsp;&nbsp;&nbsp;ExternalCommProtocol_Parse
<LI><a href="#[144]">&gt;&gt;</a>&nbsp;&nbsp;&nbsp;ExternalCommProtocol_BuildFrame
<LI><a href="#[28e]">&gt;&gt;</a>&nbsp;&nbsp;&nbsp;PedalRecv_Scan
<LI><a href="#[f9]">&gt;&gt;</a>&nbsp;&nbsp;&nbsp;BrushlessMotorUartData_ReceiveData
</UL>

<P><STRONG><a name="[253]"></a>Common_Memset</STRONG> (Thumb, 26 bytes, Stack size 8 bytes, common.o(i.Common_Memset))
<BR><BR>[Stack]<UL><LI>Max Depth = 8<LI>Call Chain = Common_Memset
</UL>
<BR>[Called By]<UL><LI><a href="#[252]">&gt;&gt;</a>&nbsp;&nbsp;&nbsp;LCD_IntegratedCutterData_Update
<LI><a href="#[28e]">&gt;&gt;</a>&nbsp;&nbsp;&nbsp;PedalRecv_Scan
<LI><a href="#[2c3]">&gt;&gt;</a>&nbsp;&nbsp;&nbsp;ScreenKey_Scan
</UL>

<P><STRONG><a name="[11a]"></a>ControlArbitration_EnterExternalControl</STRONG> (Thumb, 88 bytes, Stack size 24 bytes, Pubinterface.o(i.ControlArbitration_EnterExternalControl))
<BR><BR>[Stack]<UL><LI>Max Depth = 352<LI>Call Chain = ControlArbitration_EnterExternalControl &rArr; ControlArbitration_StopMotionOutput &rArr; Pubinterface_RefreshPumpBDisplay &rArr; Pubinterface_SendPumpDisplay &rArr; SendUIDSMessage &rArr; Kernel_QueueSendNamed &rArr; xQueueGenericSend &rArr; prvCopyDataToQueue &rArr; xTaskPriorityDisinherit &rArr; xTraceEventCreate2 &rArr; SEGGER_RTT_Write &rArr; SEGGER_RTT_WriteNoLock &rArr; _WriteNoCheck
</UL>
<BR>[Calls]<UL><LI><a href="#[11e]">&gt;&gt;</a>&nbsp;&nbsp;&nbsp;SendUIDSMessage
<LI><a href="#[11f]">&gt;&gt;</a>&nbsp;&nbsp;&nbsp;Pubinterface_RefreshControlModeDisplay
<LI><a href="#[11c]">&gt;&gt;</a>&nbsp;&nbsp;&nbsp;ControlArbitration_TryEnter
<LI><a href="#[120]">&gt;&gt;</a>&nbsp;&nbsp;&nbsp;Pubinterface_RefreshExternalCommDisplay
<LI><a href="#[11d]">&gt;&gt;</a>&nbsp;&nbsp;&nbsp;ControlArbitration_StopMotionOutput
<LI><a href="#[11b]">&gt;&gt;</a>&nbsp;&nbsp;&nbsp;ControlArbitration_IsOwner
</UL>
<BR>[Called By]<UL><LI><a href="#[158]">&gt;&gt;</a>&nbsp;&nbsp;&nbsp;ExternalComm_ApplyExternalAuth
</UL>

<P><STRONG><a name="[123]"></a>ControlArbitration_Exit</STRONG> (Thumb, 16 bytes, Stack size 0 bytes, Pubinterface.o(i.ControlArbitration_Exit))
<BR><BR>[Called By]<UL><LI><a href="#[121]">&gt;&gt;</a>&nbsp;&nbsp;&nbsp;ControlArbitration_ExitLocalControlIfIdle
<LI><a href="#[12a]">&gt;&gt;</a>&nbsp;&nbsp;&nbsp;ControlArbitration_ReleaseExternalControl
</UL>

<P><STRONG><a name="[121]"></a>ControlArbitration_ExitLocalControlIfIdle</STRONG> (Thumb, 28 bytes, Stack size 8 bytes, Pubinterface.o(i.ControlArbitration_ExitLocalControlIfIdle))
<BR><BR>[Stack]<UL><LI>Max Depth = 16<LI>Call Chain = ControlArbitration_ExitLocalControlIfIdle &rArr; ControlArbitration_IsMotorBusy
</UL>
<BR>[Calls]<UL><LI><a href="#[122]">&gt;&gt;</a>&nbsp;&nbsp;&nbsp;ControlArbitration_IsMotorBusy
<LI><a href="#[123]">&gt;&gt;</a>&nbsp;&nbsp;&nbsp;ControlArbitration_Exit
</UL>
<BR>[Called By]<UL><LI><a href="#[1f5]">&gt;&gt;</a>&nbsp;&nbsp;&nbsp;PUMPActive
<LI><a href="#[130]">&gt;&gt;</a>&nbsp;&nbsp;&nbsp;ControlTypeActive
<LI><a href="#[1f1]">&gt;&gt;</a>&nbsp;&nbsp;&nbsp;HANDLEKeyBehavior
<LI><a href="#[7a]">&gt;&gt;</a>&nbsp;&nbsp;&nbsp;FootControlTask
<LI><a href="#[201]">&gt;&gt;</a>&nbsp;&nbsp;&nbsp;HandleRunKey_SetMotorRun
</UL>

<P><STRONG><a name="[197]"></a>ControlArbitration_ForceRelease</STRONG> (Thumb, 8 bytes, Stack size 0 bytes, Pubinterface.o(i.ControlArbitration_ForceRelease))
<BR><BR>[Called By]<UL><LI><a href="#[156]">&gt;&gt;</a>&nbsp;&nbsp;&nbsp;ExternalComm_StopAllWork
</UL>

<P><STRONG><a name="[126]"></a>ControlArbitration_IsBusyByOther</STRONG> (Thumb, 46 bytes, Stack size 8 bytes, Pubinterface.o(i.ControlArbitration_IsBusyByOther))
<BR><BR>[Stack]<UL><LI>Max Depth = 24<LI>Call Chain = ControlArbitration_IsBusyByOther &rArr; ControlArbitration_ReleaseLocalOwnerIfMotorIdle &rArr; ControlArbitration_IsMotorBusy
</UL>
<BR>[Calls]<UL><LI><a href="#[127]">&gt;&gt;</a>&nbsp;&nbsp;&nbsp;ControlArbitration_ReleaseLocalOwnerIfMotorIdle
<LI><a href="#[122]">&gt;&gt;</a>&nbsp;&nbsp;&nbsp;ControlArbitration_IsMotorBusy
</UL>
<BR>[Called By]<UL><LI><a href="#[19b]">&gt;&gt;</a>&nbsp;&nbsp;&nbsp;Foot_EnsureFootControlMode
<LI><a href="#[12b]">&gt;&gt;</a>&nbsp;&nbsp;&nbsp;ControlArbitration_ShouldBlockLocalKey
<LI><a href="#[7a]">&gt;&gt;</a>&nbsp;&nbsp;&nbsp;FootControlTask
<LI><a href="#[70]">&gt;&gt;</a>&nbsp;&nbsp;&nbsp;HANDLEKEYTaskFunc
<LI><a href="#[1fc]">&gt;&gt;</a>&nbsp;&nbsp;&nbsp;HandleRunKey_Process
</UL>

<P><STRONG><a name="[15f]"></a>ControlArbitration_IsExternalActive</STRONG> (Thumb, 22 bytes, Stack size 0 bytes, Pubinterface.o(i.ControlArbitration_IsExternalActive))
<BR><BR>[Called By]<UL><LI><a href="#[19b]">&gt;&gt;</a>&nbsp;&nbsp;&nbsp;Foot_EnsureFootControlMode
<LI><a href="#[15a]">&gt;&gt;</a>&nbsp;&nbsp;&nbsp;ExternalComm_ResetLinkWatchdog
[...]
</UL>
<BR>[Calls]<UL><LI><a href="#[111]">&gt;&gt;</a>&nbsp;&nbsp;&nbsp;Bsp_UartReceiveDma
</UL>
<BR>[Called By]<UL><LI><a href="#[316]">&gt;&gt;</a>&nbsp;&nbsp;&nbsp;Uart1_Init
</UL>

<P><STRONG><a name="[315]"></a>Uart1_DMAReset</STRONG> (Thumb, 40 bytes, Stack size 8 bytes, uart1.o(i.Uart1_DMAReset))
<BR><BR>[Stack]<UL><LI>Max Depth = 124<LI>Call Chain = Uart1_DMAReset &rArr; Bsp_UartReceiveDma &rArr; HAL_UART_Receive_DMA &rArr; UART_Start_Receive_DMA &rArr; HAL_DMA_Start_IT &rArr; DMA_SetConfig
</UL>
<BR>[Calls]<UL><LI><a href="#[111]">&gt;&gt;</a>&nbsp;&nbsp;&nbsp;Bsp_UartReceiveDma
<LI><a href="#[10d]">&gt;&gt;</a>&nbsp;&nbsp;&nbsp;Bsp_UartDmaStop
<LI><a href="#[c5]">&gt;&gt;</a>&nbsp;&nbsp;&nbsp;__aeabi_memclr
</UL>
<BR>[Called By]<UL><LI><a href="#[fa]">&gt;&gt;</a>&nbsp;&nbsp;&nbsp;Uart1_DMARecvDataPeek
</UL>

<P><STRONG><a name="[317]"></a>Uart2_DMAConfiguration</STRONG> (Thumb, 14 bytes, Stack size 8 bytes, uart2.o(i.Uart2_DMAConfiguration))
<BR><BR>[Stack]<UL><LI>Max Depth = 124<LI>Call Chain = Uart2_DMAConfiguration &rArr; Bsp_UartReceiveDma &rArr; HAL_UART_Receive_DMA &rArr; UART_Start_Receive_DMA &rArr; HAL_DMA_Start_IT &rArr; DMA_SetConfig
</UL>
<BR>[Calls]<UL><LI><a href="#[111]">&gt;&gt;</a>&nbsp;&nbsp;&nbsp;Bsp_UartReceiveDma
</UL>
<BR>[Called By]<UL><LI><a href="#[319]">&gt;&gt;</a>&nbsp;&nbsp;&nbsp;Uart2_Init
</UL>

<P><STRONG><a name="[318]"></a>Uart2_DMAReset</STRONG> (Thumb, 40 bytes, Stack size 8 bytes, uart2.o(i.Uart2_DMAReset))
<BR><BR>[Stack]<UL><LI>Max Depth = 124<LI>Call Chain = Uart2_DMAReset &rArr; Bsp_UartReceiveDma &rArr; HAL_UART_Receive_DMA &rArr; UART_Start_Receive_DMA &rArr; HAL_DMA_Start_IT &rArr; DMA_SetConfig
</UL>
<BR>[Calls]<UL><LI><a href="#[111]">&gt;&gt;</a>&nbsp;&nbsp;&nbsp;Bsp_UartReceiveDma
<LI><a href="#[10d]">&gt;&gt;</a>&nbsp;&nbsp;&nbsp;Bsp_UartDmaStop
<LI><a href="#[c5]">&gt;&gt;</a>&nbsp;&nbsp;&nbsp;__aeabi_memclr
</UL>
<BR>[Called By]<UL><LI><a href="#[182]">&gt;&gt;</a>&nbsp;&nbsp;&nbsp;Uart2_DMARecvDataPeek
</UL>

<P><STRONG><a name="[31a]"></a>Uart3_DMAConfiguration</STRONG> (Thumb, 14 bytes, Stack size 8 bytes, uart3.o(i.Uart3_DMAConfiguration))
<BR><BR>[Stack]<UL><LI>Max Depth = 124<LI>Call Chain = Uart3_DMAConfiguration &rArr; Bsp_UartReceiveDma &rArr; HAL_UART_Receive_DMA &rArr; UART_Start_Receive_DMA &rArr; HAL_DMA_Start_IT &rArr; DMA_SetConfig
</UL>
<BR>[Calls]<UL><LI><a href="#[111]">&gt;&gt;</a>&nbsp;&nbsp;&nbsp;Bsp_UartReceiveDma
</UL>
<BR>[Called By]<UL><LI><a href="#[31c]">&gt;&gt;</a>&nbsp;&nbsp;&nbsp;Uart3_Init
</UL>

<P><STRONG><a name="[31b]"></a>Uart3_DMAReset</STRONG> (Thumb, 28 bytes, Stack size 8 bytes, uart3.o(i.Uart3_DMAReset))
<BR><BR>[Stack]<UL><LI>Max Depth = 124<LI>Call Chain = Uart3_DMAReset &rArr; Bsp_UartReceiveDma &rArr; HAL_UART_Receive_DMA &rArr; UART_Start_Receive_DMA &rArr; HAL_DMA_Start_IT &rArr; DMA_SetConfig
</UL>
<BR>[Calls]<UL><LI><a href="#[111]">&gt;&gt;</a>&nbsp;&nbsp;&nbsp;Bsp_UartReceiveDma
<LI><a href="#[10d]">&gt;&gt;</a>&nbsp;&nbsp;&nbsp;Bsp_UartDmaStop
<LI><a href="#[c5]">&gt;&gt;</a>&nbsp;&nbsp;&nbsp;__aeabi_memclr
</UL>
<BR>[Called By]<UL><LI><a href="#[2e8]">&gt;&gt;</a>&nbsp;&nbsp;&nbsp;Uart3_DMARecvDataPeek
</UL>

<P><STRONG><a name="[31d]"></a>Uart4_DMAConfiguration</STRONG> (Thumb, 14 bytes, Stack size 8 bytes, uart4.o(i.Uart4_DMAConfiguration))
<BR><BR>[Stack]<UL><LI>Max Depth = 124<LI>Call Chain = Uart4_DMAConfiguration &rArr; Bsp_UartReceiveDma &rArr; HAL_UART_Receive_DMA &rArr; UART_Start_Receive_DMA &rArr; HAL_DMA_Start_IT &rArr; DMA_SetConfig
</UL>
<BR>[Calls]<UL><LI><a href="#[111]">&gt;&gt;</a>&nbsp;&nbsp;&nbsp;Bsp_UartReceiveDma
</UL>
<BR>[Called By]<UL><LI><a href="#[31f]">&gt;&gt;</a>&nbsp;&nbsp;&nbsp;Uart4_Init
</UL>

<P><STRONG><a name="[31e]"></a>Uart4_DMAReset</STRONG> (Thumb, 40 bytes, Stack size 8 bytes, uart4.o(i.Uart4_DMAReset))
<BR><BR>[Stack]<UL><LI>Max Depth = 124<LI>Call Chain = Uart4_DMAReset &rArr; Bsp_UartReceiveDma &rArr; HAL_UART_Receive_DMA &rArr; UART_Start_Receive_DMA &rArr; HAL_DMA_Start_IT &rArr; DMA_SetConfig
</UL>
<BR>[Calls]<UL><LI><a href="#[111]">&gt;&gt;</a>&nbsp;&nbsp;&nbsp;Bsp_UartReceiveDma
<LI><a href="#[10d]">&gt;&gt;</a>&nbsp;&nbsp;&nbsp;Bsp_UartDmaStop
<LI><a href="#[c5]">&gt;&gt;</a>&nbsp;&nbsp;&nbsp;__aeabi_memclr
</UL>
<BR>[Called By]<UL><LI><a href="#[1a9]">&gt;&gt;</a>&nbsp;&nbsp;&nbsp;Uart4_DMARecvDataPeek
</UL>

<P><STRONG><a name="[320]"></a>Uart5_DMAConfiguration</STRONG> (Thumb, 14 bytes, Stack size 8 bytes, uart5.o(i.Uart5_DMAConfiguration))
<BR><BR>[Stack]<UL><LI>Max Depth = 124<LI>Call Chain = Uart5_DMAConfiguration &rArr; Bsp_UartReceiveDma &rArr; HAL_UART_Receive_DMA &rArr; UART_Start_Receive_DMA &rArr; HAL_DMA_Start_IT &rArr; DMA_SetConfig
</UL>
<BR>[Calls]<UL><LI><a href="#[111]">&gt;&gt;</a>&nbsp;&nbsp;&nbsp;Bsp_UartReceiveDma
</UL>
<BR>[Called By]<UL><LI><a href="#[321]">&gt;&gt;</a>&nbsp;&nbsp;&nbsp;Uart5_Init
</UL>

<P><STRONG><a name="[322]"></a>Uart6_DMAConfiguration</STRONG> (Thumb, 14 bytes, Stack size 8 bytes, uart6.o(i.Uart6_DMAConfiguration))
<BR><BR>[Stack]<UL><LI>Max Depth = 124<LI>Call Chain = Uart6_DMAConfiguration &rArr; Bsp_UartReceiveDma &rArr; HAL_UART_Receive_DMA &rArr; UART_Start_Receive_DMA &rArr; HAL_DMA_Start_IT &rArr; DMA_SetConfig
</UL>
<BR>[Calls]<UL><LI><a href="#[111]">&gt;&gt;</a>&nbsp;&nbsp;&nbsp;Bsp_UartReceiveDma
</UL>
<BR>[Called By]<UL><LI><a href="#[324]">&gt;&gt;</a>&nbsp;&nbsp;&nbsp;Uart6_Init
</UL>

<P><STRONG><a name="[323]"></a>Uart6_DMAReset</STRONG> (Thumb, 40 bytes, Stack size 8 bytes, uart6.o(i.Uart6_DMAReset))
<BR><BR>[Stack]<UL><LI>Max Depth = 124<LI>Call Chain = Uart6_DMAReset &rArr; Bsp_UartReceiveDma &rArr; HAL_UART_Receive_DMA &rArr; UART_Start_Receive_DMA &rArr; HAL_DMA_Start_IT &rArr; DMA_SetConfig
</UL>
<BR>[Calls]<UL><LI><a href="#[111]">&gt;&gt;</a>&nbsp;&nbsp;&nbsp;Bsp_UartReceiveDma
<LI><a href="#[10d]">&gt;&gt;</a>&nbsp;&nbsp;&nbsp;Bsp_UartDmaStop
<LI><a href="#[c5]">&gt;&gt;</a>&nbsp;&nbsp;&nbsp;__aeabi_memclr
</UL>
<BR>[Called By]<UL><LI><a href="#[2cf]">&gt;&gt;</a>&nbsp;&nbsp;&nbsp;Uart6_DMARecvDataPeek
</UL>

<P><STRONG><a name="[2c5]"></a>_DoInit</STRONG> (Thumb, 72 bytes, Stack size 8 bytes, SEGGER_RTT.o(i._DoInit))
<BR><BR>[Stack]<UL><LI>Max Depth = 20<LI>Call Chain = _DoInit &rArr; strcpy
</UL>
<BR>[Calls]<UL><LI><a href="#[329]">&gt;&gt;</a>&nbsp;&nbsp;&nbsp;strcpy
</UL>
<BR>[Called By]<UL><LI><a href="#[2c9]">&gt;&gt;</a>&nbsp;&nbsp;&nbsp;SEGGER_RTT_Write
<LI><a href="#[2c8]">&gt;&gt;</a>&nbsp;&nbsp;&nbsp;SEGGER_RTT_ReadNoLock
<LI><a href="#[2c6]">&gt;&gt;</a>&nbsp;&nbsp;&nbsp;SEGGER_RTT_ConfigUpBuffer
<LI><a href="#[2c4]">&gt;&gt;</a>&nbsp;&nbsp;&nbsp;SEGGER_RTT_ConfigDownBuffer
</UL>

<P><STRONG><a name="[2cb]"></a>_GetAvailWriteSpace</STRONG> (Thumb, 28 bytes, Stack size 8 bytes, SEGGER_RTT.o(i._GetAvailWriteSpace))
<BR><BR>[Stack]<UL><LI>Max Depth = 8<LI>Call Chain = _GetAvailWriteSpace
</UL>
<BR>[Called By]<UL><LI><a href="#[2ca]">&gt;&gt;</a>&nbsp;&nbsp;&nbsp;SEGGER_RTT_WriteNoLock
</UL>

<P><STRONG><a name="[2cd]"></a>_WriteBlocking</STRONG> (Thumb, 114 bytes, Stack size 32 bytes, SEGGER_RTT.o(i._WriteBlocking))
<BR><BR>[Stack]<UL><LI>Max Depth = 32<LI>Call Chain = _WriteBlocking
</UL>
<BR>[Calls]<UL><LI><a href="#[b1]">&gt;&gt;</a>&nbsp;&nbsp;&nbsp;__aeabi_memcpy
</UL>
<BR>[Called By]<UL><LI><a href="#[2ca]">&gt;&gt;</a>&nbsp;&nbsp;&nbsp;SEGGER_RTT_WriteNoLock
</UL>

<P><STRONG><a name="[2cc]"></a>_WriteNoCheck</STRONG> (Thumb, 76 bytes, Stack size 32 bytes, SEGGER_RTT.o(i._WriteNoCheck))
<BR><BR>[Stack]<UL><LI>Max Depth = 32<LI>Call Chain = _WriteNoCheck
</UL>
<BR>[Calls]<UL><LI><a href="#[b1]">&gt;&gt;</a>&nbsp;&nbsp;&nbsp;__aeabi_memcpy
</UL>
<BR>[Called By]<UL><LI><a href="#[2ca]">&gt;&gt;</a>&nbsp;&nbsp;&nbsp;SEGGER_RTT_WriteNoLock
</UL>

<P><STRONG><a name="[38e]"></a>__set_PRIMASK</STRONG> (Thumb, 6 bytes, Stack size 0 bytes, trcEntryTable.o(i.__set_PRIMASK))
<BR><BR>[Called By]<UL><LI><a href="#[390]">&gt;&gt;</a>&nbsp;&nbsp;&nbsp;xTraceEntryDelete
<LI><a href="#[38d]">&gt;&gt;</a>&nbsp;&nbsp;&nbsp;xTraceEntryCreate
</UL>

<P><STRONG><a name="[392]"></a>prvEntryIndexInitialize</STRONG> (Thumb, 28 bytes, Stack size 0 bytes, trcEntryTable.o(i.prvEntryIndexInitialize))
<BR><BR>[Called By]<UL><LI><a href="#[391]">&gt;&gt;</a>&nbsp;&nbsp;&nbsp;xTraceEntryIndexTableInitialize
</UL>

<P><STRONG><a name="[38f]"></a>prvEntryIndexTake</STRONG> (Thumb, 74 bytes, Stack size 8 bytes, trcEntryTable.o(i.prvEntryIndexTake))
<BR><BR>[Stack]<UL><LI>Max Depth = 8<LI>Call Chain = prvEntryIndexTake
</UL>
<BR>[Called By]<UL><LI><a href="#[38d]">&gt;&gt;</a>&nbsp;&nbsp;&nbsp;xTraceEntryCreate
</UL>

<P><STRONG><a name="[359]"></a>prvTraceErrorGetDescription</STRONG> (Thumb, 126 bytes, Stack size 0 bytes, trcError.o(i.prvTraceErrorGetDescription))
<BR><BR>[Called By]<UL><LI><a href="#[2f8]">&gt;&gt;</a>&nbsp;&nbsp;&nbsp;xTraceErrorGetLast
<LI><a href="#[358]">&gt;&gt;</a>&nbsp;&nbsp;&nbsp;prvTraceErrorPrint
</UL>

<P><STRONG><a name="[358]"></a>prvTraceErrorPrint</STRONG> (Thumb, 130 bytes, Stack size 16 bytes, trcError.o(i.prvTraceErrorPrint))
<BR><BR>[Stack]<UL><LI>Max Depth = 288<LI>Call Chain = prvTraceErrorPrint &rArr; xTracePrintF &rArr; xTraceVPrintF &rArr; prvTraceVPrintF &rArr; xTraceStringRegister &rArr; xTraceEventEndOffline &rArr; SEGGER_RTT_Write &rArr; SEGGER_RTT_WriteNoLock &rArr; _WriteNoCheck
</UL>
<BR>[Calls]<UL><LI><a href="#[da]">&gt;&gt;</a>&nbsp;&nbsp;&nbsp;xTraceStringRegister
<LI><a href="#[35b]">&gt;&gt;</a>&nbsp;&nbsp;&nbsp;xTracePrintF
<LI><a href="#[35a]">&gt;&gt;</a>&nbsp;&nbsp;&nbsp;xTracePrint
<LI><a href="#[359]">&gt;&gt;</a>&nbsp;&nbsp;&nbsp;prvTraceErrorGetDescription
</UL>
<BR>[Called By]<UL><LI><a href="#[395]">&gt;&gt;</a>&nbsp;&nbsp;&nbsp;xTraceError
<LI><a href="#[386]">&gt;&gt;</a>&nbsp;&nbsp;&nbsp;xTraceWarning
</UL>

<P><STRONG><a name="[396]"></a>__get_PRIMASK</STRONG> (Thumb, 6 bytes, Stack size 0 bytes, trcEvent.o(i.__get_PRIMASK))
<BR><BR>[Called By]<UL><LI><a href="#[37e]">&gt;&gt;</a>&nbsp;&nbsp;&nbsp;xTraceEventCreate3
<LI><a href="#[333]">&gt;&gt;</a>&nbsp;&nbsp;&nbsp;xTraceEventCreate1
<LI><a href="#[e1]">&gt;&gt;</a>&nbsp;&nbsp;&nbsp;xTraceEventCreate2
<LI><a href="#[e0]">&gt;&gt;</a>&nbsp;&nbsp;&nbsp;xTraceEventCreate6
<LI><a href="#[249]">&gt;&gt;</a>&nbsp;&nbsp;&nbsp;xTraceEventCreate5
<LI><a href="#[361]">&gt;&gt;</a>&nbsp;&nbsp;&nbsp;xTraceEventBeginRawOfflineBlocking
<LI><a href="#[35d]">&gt;&gt;</a>&nbsp;&nbsp;&nbsp;xTraceEventBeginRawOffline
</UL>

<P><STRONG><a name="[397]"></a>__set_PRIMASK</STRONG> (Thumb, 6 bytes, Stack size 0 bytes, trcEvent.o(i.__set_PRIMASK))
<BR><BR>[Called By]<UL><LI><a href="#[37e]">&gt;&gt;</a>&nbsp;&nbsp;&nbsp;xTraceEventCreate3
<LI><a href="#[333]">&gt;&gt;</a>&nbsp;&nbsp;&nbsp;xTraceEventCreate1
<LI><a href="#[e1]">&gt;&gt;</a>&nbsp;&nbsp;&nbsp;xTraceEventCreate2
<LI><a href="#[e0]">&gt;&gt;</a>&nbsp;&nbsp;&nbsp;xTraceEventCreate6
<LI><a href="#[249]">&gt;&gt;</a>&nbsp;&nbsp;&nbsp;xTraceEventCreate5
<LI><a href="#[362]">&gt;&gt;</a>&nbsp;&nbsp;&nbsp;xTraceEventEndOfflineBlocking
<LI><a href="#[35f]">&gt;&gt;</a>&nbsp;&nbsp;&nbsp;xTraceEventEndOffline
<LI><a href="#[361]">&gt;&gt;</a>&nbsp;&nbsp;&nbsp;xTraceEventBeginRawOfflineBlocking
<LI><a href="#[35d]">&gt;&gt;</a>&nbsp;&nbsp;&nbsp;xTraceEventBeginRawOffline
</UL>

<P><STRONG><a name="[87]"></a>TzCtrl</STRONG> (Thumb, 14 bytes, Stack size 0 bytes, trcKernelPort.o(i.TzCtrl))
<BR><BR>[Stack]<UL><LI>Max Depth = 320<LI>Call Chain = TzCtrl &rArr; xTraceTzCtrl &rArr; xTraceDiagnosticsCheckStatus &rArr; xTraceWarning &rArr; prvTraceErrorPrint &rArr; xTracePrintF &rArr; xTraceVPrintF &rArr; prvTraceVPrintF &rArr; xTraceStringRegister &rArr; xTraceEventEndOffline &rArr; SEGGER_RTT_Write &rArr; SEGGER_RTT_WriteNoLock &rArr; _WriteNoCheck
</UL>
<BR>[Calls]<UL><LI><a href="#[e6]">&gt;&gt;</a>&nbsp;&nbsp;&nbsp;vTaskDelay
<LI><a href="#[2fa]">&gt;&gt;</a>&nbsp;&nbsp;&nbsp;xTraceTzCtrl
</UL>
<BR>[Address Reference Count : 1]<UL><LI> trcKernelPort.o(i.xTraceKernelPortEnable)
</UL>
<P><STRONG><a name="[3ac]"></a>__get_PRIMASK</STRONG> (Thumb, 6 bytes, Stack size 0 bytes, trcObject.o(i.__get_PRIMASK))
<BR><BR>[Called By]<UL><LI><a href="#[248]">&gt;&gt;</a>&nbsp;&nbsp;&nbsp;xTraceObjectSetNameWithoutHandle
<LI><a href="#[384]">&gt;&gt;</a>&nbsp;&nbsp;&nbsp;xTraceObjectUnregisterWithoutHandle
<LI><a href="#[39d]">&gt;&gt;</a>&nbsp;&nbsp;&nbsp;xTraceObjectRegisterInternal
</UL>

<P><STRONG><a name="[3ad]"></a>__set_PRIMASK</STRONG> (Thumb, 6 bytes, Stack size 0 bytes, trcObject.o(i.__set_PRIMASK))
<BR><BR>[Called By]<UL><LI><a href="#[248]">&gt;&gt;</a>&nbsp;&nbsp;&nbsp;xTraceObjectSetNameWithoutHandle
<LI><a href="#[384]">&gt;&gt;</a>&nbsp;&nbsp;&nbsp;xTraceObjectUnregisterWithoutHandle
<LI><a href="#[39d]">&gt;&gt;</a>&nbsp;&nbsp;&nbsp;xTraceObjectRegisterInternal
</UL>

<P><STRONG><a name="[364]"></a>prvTraceVPrintF</STRONG> (Thumb, 404 bytes, Stack size 64 bytes, trcPrint.o(i.prvTraceVPrintF))
<BR><BR>[Stack]<UL><LI>Max Depth = 208<LI>Call Chain = prvTraceVPrintF &rArr; xTraceStringRegister &rArr; xTraceEventEndOffline &rArr; SEGGER_RTT_Write &rArr; SEGGER_RTT_WriteNoLock &rArr; _WriteNoCheck
</UL>
<BR>[Calls]<UL><LI><a href="#[da]">&gt;&gt;</a>&nbsp;&nbsp;&nbsp;xTraceStringRegister
<LI><a href="#[35f]">&gt;&gt;</a>&nbsp;&nbsp;&nbsp;xTraceEventEndOffline
<LI><a href="#[35d]">&gt;&gt;</a>&nbsp;&nbsp;&nbsp;xTraceEventBeginRawOffline
<LI><a href="#[35e]">&gt;&gt;</a>&nbsp;&nbsp;&nbsp;xTraceEventAddData
</UL>
<BR>[Called By]<UL><LI><a href="#[35a]">&gt;&gt;</a>&nbsp;&nbsp;&nbsp;xTracePrint
<LI><a href="#[3b1]">&gt;&gt;</a>&nbsp;&nbsp;&nbsp;xTraceVPrintF
</UL>

<P><STRONG><a name="[352]"></a>__set_PRIMASK</STRONG> (Thumb, 6 bytes, Stack size 0 bytes, trcStreamingRecorder.o(i.__set_PRIMASK))
<BR><BR>[Called By]<UL><LI><a href="#[347]">&gt;&gt;</a>&nbsp;&nbsp;&nbsp;prvSetRecorderEnabled
<LI><a href="#[348]">&gt;&gt;</a>&nbsp;&nbsp;&nbsp;prvSetRecorderDisabled
</UL>

<P><STRONG><a name="[39b]"></a>prvIs64bit</STRONG> (Thumb, 4 bytes, Stack size 0 bytes, trcStreamingRecorder.o(i.prvIs64bit))
<BR><BR>[Called By]<UL><LI><a href="#[399]">&gt;&gt;</a>&nbsp;&nbsp;&nbsp;xTraceHeaderInitialize
</UL>

<P><STRONG><a name="[38c]"></a>prvIsValidCommand</STRONG> (Thumb, 70 bytes, Stack size 0 bytes, trcStreamingRecorder.o(i.prvIsValidCommand))
<BR><BR>[Called By]<UL><LI><a href="#[2fa]">&gt;&gt;</a>&nbsp;&nbsp;&nbsp;xTraceTzCtrl
<LI><a href="#[2f9]">&gt;&gt;</a>&nbsp;&nbsp;&nbsp;xTraceEnable
</UL>

<P><STRONG><a name="[346]"></a>prvProcessCommand</STRONG> (Thumb, 34 bytes, Stack size 8 bytes, trcStreamingRecorder.o(i.prvProcessCommand))
<BR><BR>[Stack]<UL><LI>Max Depth = 168<LI>Call Chain = prvProcessCommand &rArr; prvSetRecorderEnabled &rArr; prvTraceStoreEntryTable &rArr; xTraceEventEndOfflineBlocking &rArr; SEGGER_RTT_Write &rArr; SEGGER_RTT_WriteNoLock &rArr; _WriteNoCheck
</UL>
<BR>[Calls]<UL><LI><a href="#[347]">&gt;&gt;</a>&nbsp;&nbsp;&nbsp;prvSetRecorderEnabled
<LI><a href="#[348]">&gt;&gt;</a>&nbsp;&nbsp;&nbsp;prvSetRecorderDisabled
</UL>
<BR>[Called By]<UL><LI><a href="#[2fa]">&gt;&gt;</a>&nbsp;&nbsp;&nbsp;xTraceTzCtrl
<LI><a href="#[2f9]">&gt;&gt;</a>&nbsp;&nbsp;&nbsp;xTraceEnable
</UL>

<P><STRONG><a name="[348]"></a>prvSetRecorderDisabled</STRONG> (Thumb, 44 bytes, Stack size 8 bytes, trcStreamingRecorder.o(i.prvSetRecorderDisabled))
<BR><BR>[Stack]<UL><LI>Max Depth = 8<LI>Call Chain = prvSetRecorderDisabled
</UL>
<BR>[Calls]<UL><LI><a href="#[352]">&gt;&gt;</a>&nbsp;&nbsp;&nbsp;__set_PRIMASK
</UL>
<BR>[Called By]<UL><LI><a href="#[389]">&gt;&gt;</a>&nbsp;&nbsp;&nbsp;xTraceDisable
<LI><a href="#[346]">&gt;&gt;</a>&nbsp;&nbsp;&nbsp;prvProcessCommand
</UL>

<P><STRONG><a name="[347]"></a>prvSetRecorderEnabled</STRONG> (Thumb, 118 bytes, Stack size 16 bytes, trcStreamingRecorder.o(i.prvSetRecorderEnabled))
<BR><BR>[Stack]<UL><LI>Max Depth = 160<LI>Call Chain = prvSetRecorderEnabled &rArr; prvTraceStoreEntryTable &rArr; xTraceEventEndOfflineBlocking &rArr; SEGGER_RTT_Write &rArr; SEGGER_RTT_WriteNoLock &rArr; _WriteNoCheck
</UL>
<BR>[Calls]<UL><LI><a href="#[354]">&gt;&gt;</a>&nbsp;&nbsp;&nbsp;prvTraceStoreTimestampInfo
<LI><a href="#[356]">&gt;&gt;</a>&nbsp;&nbsp;&nbsp;prvTraceStoreStartEvent
<LI><a href="#[353]">&gt;&gt;</a>&nbsp;&nbsp;&nbsp;prvTraceStoreHeader
<LI><a href="#[355]">&gt;&gt;</a>&nbsp;&nbsp;&nbsp;prvTraceStoreEntryTable
<LI><a href="#[352]">&gt;&gt;</a>&nbsp;&nbsp;&nbsp;__set_PRIMASK
</UL>
<BR>[Called By]<UL><LI><a href="#[346]">&gt;&gt;</a>&nbsp;&nbsp;&nbsp;prvProcessCommand
</UL>

<P><STRONG><a name="[355]"></a>prvTraceStoreEntryTable</STRONG> (Thumb, 156 bytes, Stack size 24 bytes, trcStreamingRecorder.o(i.prvTraceStoreEntryTable))
<BR><BR>[Stack]<UL><LI>Max Depth = 144<LI>Call Chain = prvTraceStoreEntryTable &rArr; xTraceEventEndOfflineBlocking &rArr; SEGGER_RTT_Write &rArr; SEGGER_RTT_WriteNoLock &rArr; _WriteNoCheck
</UL>
<BR>[Calls]<UL><LI><a href="#[362]">&gt;&gt;</a>&nbsp;&nbsp;&nbsp;xTraceEventEndOfflineBlocking
<LI><a href="#[361]">&gt;&gt;</a>&nbsp;&nbsp;&nbsp;xTraceEventBeginRawOfflineBlocking
<LI><a href="#[35e]">&gt;&gt;</a>&nbsp;&nbsp;&nbsp;xTraceEventAddData
<LI><a href="#[360]">&gt;&gt;</a>&nbsp;&nbsp;&nbsp;xTraceEntryGetCount
<LI><a href="#[363]">&gt;&gt;</a>&nbsp;&nbsp;&nbsp;xTraceEntryGetAtIndex
</UL>
<BR>[Called By]<UL><LI><a href="#[347]">&gt;&gt;</a>&nbsp;&nbsp;&nbsp;prvSetRecorderEnabled
</UL>

<P><STRONG><a name="[353]"></a>prvTraceStoreHeader</STRONG> (Thumb, 32 bytes, Stack size 8 bytes, trcStreamingRecorder.o(i.prvTraceStoreHeader))
<BR><BR>[Stack]<UL><LI>Max Depth = 128<LI>Call Chain = prvTraceStoreHeader &rArr; xTraceEventEndOfflineBlocking &rArr; SEGGER_RTT_Write &rArr; SEGGER_RTT_WriteNoLock &rArr; _WriteNoCheck
</UL>
<BR>[Calls]<UL><LI><a href="#[362]">&gt;&gt;</a>&nbsp;&nbsp;&nbsp;xTraceEventEndOfflineBlocking
<LI><a href="#[361]">&gt;&gt;</a>&nbsp;&nbsp;&nbsp;xTraceEventBeginRawOfflineBlocking
<LI><a href="#[35e]">&gt;&gt;</a>&nbsp;&nbsp;&nbsp;xTraceEventAddData
</UL>
<BR>[Called By]<UL><LI><a href="#[347]">&gt;&gt;</a>&nbsp;&nbsp;&nbsp;prvSetRecorderEnabled
</UL>

<P><STRONG><a name="[356]"></a>prvTraceStoreStartEvent</STRONG> (Thumb, 180 bytes, Stack size 16 bytes, trcStreamingRecorder.o(i.prvTraceStoreStartEvent))
<BR><BR>[Stack]<UL><LI>Max Depth = 128<LI>Call Chain = prvTraceStoreStartEvent &rArr; xTraceEventEndOffline &rArr; SEGGER_RTT_Write &rArr; SEGGER_RTT_WriteNoLock &rArr; _WriteNoCheck
</UL>
<BR>[Calls]<UL><LI><a href="#[35f]">&gt;&gt;</a>&nbsp;&nbsp;&nbsp;xTraceEventEndOffline
<LI><a href="#[35d]">&gt;&gt;</a>&nbsp;&nbsp;&nbsp;xTraceEventBeginRawOffline
</UL>
<BR>[Called By]<UL><LI><a href="#[347]">&gt;&gt;</a>&nbsp;&nbsp;&nbsp;prvSetRecorderEnabled
</UL>

<P><STRONG><a name="[354]"></a>prvTraceStoreTimestampInfo</STRONG> (Thumb, 38 bytes, Stack size 8 bytes, trcStreamingRecorder.o(i.prvTraceStoreTimestampInfo))
<BR><BR>[Stack]<UL><LI>Max Depth = 128<LI>Call Chain = prvTraceStoreTimestampInfo &rArr; xTraceEventEndOfflineBlocking &rArr; SEGGER_RTT_Write &rArr; SEGGER_RTT_WriteNoLock &rArr; _WriteNoCheck
</UL>
<BR>[Calls]<UL><LI><a href="#[362]">&gt;&gt;</a>&nbsp;&nbsp;&nbsp;xTraceEventEndOfflineBlocking
<LI><a href="#[361]">&gt;&gt;</a>&nbsp;&nbsp;&nbsp;xTraceEventBeginRawOfflineBlocking
<LI><a href="#[35e]">&gt;&gt;</a>&nbsp;&nbsp;&nbsp;xTraceEventAddData
</UL>
<BR>[Called By]<UL><LI><a href="#[347]">&gt;&gt;</a>&nbsp;&nbsp;&nbsp;prvSetRecorderEnabled
</UL>

<P><STRONG><a name="[3b9]"></a>_dadd1</STRONG> (Thumb, 0 bytes, Stack size unknown bytes, daddsub_clz.o(x$fpl$dadd), UNUSED)
<BR><BR>[Called By]<UL><LI><a href="#[3b8]">&gt;&gt;</a>&nbsp;&nbsp;&nbsp;_dsub
</UL>

<P><STRONG><a name="[3b3]"></a>_dsub1</STRONG> (Thumb, 0 bytes, Stack size unknown bytes, daddsub_clz.o(x$fpl$dsub), UNUSED)
<BR><BR>[Called By]<UL><LI><a href="#[3b2]">&gt;&gt;</a>&nbsp;&nbsp;&nbsp;_dadd
</UL>
<P>
<H3>
Undefined Global Symbols
</H3><HR></body></html>
